30.6043 	WARNING 	Font Manager failed to load file /System/Library/PrivateFrameworks/FontServices.framework/Resources/Reserved/PingFangUI.ttc
30.8030 	WARNING 	Font Manager failed to load file /System/Library/PrivateFrameworks/FontServices.framework/Resources/Reserved/PingFangUI.ttc
34.9295 	INFO 	Loaded monitor calibration from ['2025_08_07 12:17']
35.3173 	INFO 	Using renderer 'Apple M2' for graphics
35.3173 	INFO 	OpenGL version supported by driver is 2..
35.4033 	EXP 	Created window1 = Window(allowGUI=True, allowStencil=False, autoLog=True, backendConf=UNKNOWN, backgroundFit=<method-wrapper '__getattribute__' of attributeSetter object at 0x152596830>, backgroundImage=<method-wrapper '__getattribute__' of attributeSetter object at 0x152596890>, bitsMode=UNKNOWN, blendMode='avg', bpc=(8, 8, 8), color=array([0, 0, 0]), colorSpace='rgb', depthBits=8, fullscr=True, gamma=None, gammaErrorPolicy='raise', infoMsg=UNKNOWN, lms=UNKNOWN, monitor=<psychopy.monitors.calibTools.Monitor object at 0x15263bf40>, multiSample=False, name='window1', numSamples=2, pos=[np.float64(0.0), np.float64(0.0)], screen=0, size=array([2880, 1800]), stencilBits=0, stereo=False, title='PsychoPy', units='height', useFBO=True, useRetina=True, viewOri=0.0, viewPos=None, viewScale=None, waitBlanking=True, winType='pyglet')
35.4034 	EXP 	window1: backgroundImage = ''
35.4034 	EXP 	window1: backgroundFit = 'none'
35.9978 	EXP 	window1: Attempting to measure frame rate of screen (0) ...
35.9978 	EXP 	window1: recordFrameIntervals = False
36.2490 	EXP 	window1: recordFrameIntervals = True
37.0956 	WARNING 	Couldn't measure a consistent frame rate!
  - Is your graphics card set to sync to vertical blank?
  - Are you running other processes on your computer?

39.5180 	INFO 	keyboard.Keyboard is using ptb backend.
39.8351 	INFO 	Created stream for speaker device: MacBook Pro Speakers (1.0)
39.9022 	EXP 	animal words: status = STARTED
39.9175 	EXP 	Created start_l_rect = Rect(__class__=<class 'psychopy.visual.rect.Rect'>, anchor=('center', 'center'), autoDraw=False, autoLog=True, closeShape=True, color=method-wrapper(...), colorSpace='rgb', contrast=None, depth=0.0, draggable=False, fillColor=array([1, 1, 1]), fillColorSpace='rgb', fillRGB=array([1, 1, 1]), interpolate=True, lineColor=array([1., 1., 1.]), lineColorSpace='rgb', lineRGB=array([1, 1, 1]), lineWidth=1.0, name='start_l_rect', opacity=1, ori=0.0, pos=array([-0.4,  0. ]), size=array([0.5, 0.5]), units='height', vertices=ndarray(...), win=Window(...))
39.9227 	EXP 	Created start_r_rect = Rect(__class__=<class 'psychopy.visual.rect.Rect'>, anchor=('center', 'center'), autoDraw=False, autoLog=True, closeShape=True, color=method-wrapper(...), colorSpace='rgb', contrast=None, depth=-1.0, draggable=False, fillColor=array([1, 1, 1]), fillColorSpace='rgb', fillRGB=array([1, 1, 1]), interpolate=True, lineColor=array([1., 1., 1.]), lineColorSpace='rgb', lineRGB=array([1, 1, 1]), lineWidth=1.0, name='start_r_rect', opacity=1, ori=0.0, pos=array([0.4, 0. ]), size=array([0.5, 0.5]), units='height', vertices=ndarray(...), win=Window(...))
39.9713 	EXP 	Created start_l_image = ImageStim(__class__=<class 'psychopy.visual.image.ImageStim'>, anchor=('center', 'center'), autoLog=True, color=array([1., 1., 1.]), colorSpace='rgb', contrast=1.0, depth=-2.0, draggable=False, flipHoriz=np.False_, flipVert=np.False_, image='default.png', interpolate=True, mask=None, maskParams=None, name='start_l_image', opacity=1, ori=0.0, pos=array([-0.4,  0. ]), size=array([0.5, 0.5]), texRes=128.0, units='height', win=Window(...))
39.9816 	EXP 	Created start_r_image = ImageStim(__class__=<class 'psychopy.visual.image.ImageStim'>, anchor=('center', 'center'), autoLog=True, color=array([1., 1., 1.]), colorSpace='rgb', contrast=1.0, depth=-3.0, draggable=False, flipHoriz=np.False_, flipVert=np.False_, image='default.png', interpolate=True, mask=None, maskParams=None, name='start_r_image', opacity=1, ori=0.0, pos=array([0.4, 0. ]), size=array([0.5, 0.5]), texRes=128.0, units='height', win=Window(...))
39.9962 	EXP 	Created star = ShapeStim(__class__=<class 'psychopy.visual.shape.ShapeStim'>, anchor=('center', 'center'), autoDraw=False, autoLog=True, closeShape=True, color=method-wrapper(...), colorSpace='rgb', contrast=None, depth=-4.0, draggable=False, fillColor=array([ 1,  1, -1]), fillColorSpace='rgb', fillRGB=array([ 1,  1, -1]), interpolate=True, lineColor=array([ 1.,  1., -1.]), lineColorSpace='rgb', lineRGB=array([ 1,  1, -1]), lineWidth=1.0, name='star', opacity=1, ori=0.0, pos=array([0., 0.]), size=array([0.15, 0.15]), units='height', vertices=ndarray(...), win=Window(...), windingRule=None)
40.0010 	EXP 	Created right_rectangle = Rect(__class__=<class 'psychopy.visual.rect.Rect'>, anchor=('center', 'center'), autoDraw=False, autoLog=True, closeShape=True, color=method-wrapper(...), colorSpace='rgb', contrast=None, depth=0.0, draggable=False, fillColor=array([1, 1, 1]), fillColorSpace='rgb', fillRGB=array([1, 1, 1]), interpolate=True, lineColor=array([1., 1., 1.]), lineColorSpace='rgb', lineRGB=array([1, 1, 1]), lineWidth=1.0, name='right_rectangle', opacity=1, ori=0.0, pos=array([0.4, 0. ]), size=array([0.5, 0.5]), units='height', vertices=ndarray(...), win=Window(...))
40.0057 	EXP 	Created left_rectangle = Rect(__class__=<class 'psychopy.visual.rect.Rect'>, anchor=('center', 'center'), autoDraw=False, autoLog=True, closeShape=True, color=method-wrapper(...), colorSpace='rgb', contrast=None, depth=-1.0, draggable=False, fillColor=array([1, 1, 1]), fillColorSpace='rgb', fillRGB=array([1, 1, 1]), interpolate=True, lineColor=array([1., 1., 1.]), lineColorSpace='rgb', lineRGB=array([1, 1, 1]), lineWidth=1.0, name='left_rectangle', opacity=1, ori=0.0, pos=array([-0.4,  0. ]), size=array([0.5, 0.5]), units='height', vertices=ndarray(...), win=Window(...))
40.0151 	EXP 	Created left_image = ImageStim(__class__=<class 'psychopy.visual.image.ImageStim'>, anchor=('center', 'center'), autoLog=True, color=array([1., 1., 1.]), colorSpace='rgb', contrast=1.0, depth=-2.0, draggable=False, flipHoriz=np.False_, flipVert=np.False_, image='default.png', interpolate=True, mask=None, maskParams=None, name='left_image', opacity=1, ori=0.0, pos=array([-0.4,  0. ]), size=array([0.5, 0.5]), texRes=128.0, units='height', win=Window(...))
40.0243 	EXP 	Created right_image = ImageStim(__class__=<class 'psychopy.visual.image.ImageStim'>, anchor=('center', 'center'), autoLog=True, color=array([1., 1., 1.]), colorSpace='rgb', contrast=1.0, depth=-3.0, draggable=False, flipHoriz=np.False_, flipVert=np.False_, image='default.png', interpolate=True, mask=None, maskParams=None, name='right_image', opacity=1, ori=0.0, pos=array([0.4, 0. ]), size=array([0.5, 0.5]), texRes=128.0, units='height', win=Window(...))
40.0244 	EXP 	trial_sound: sampleRate = 44100
40.0244 	EXP 	trial_sound: channels = None
40.0275 	EXP 	Sound trial_sound set volume 1.000
0.0798 	EXP 	Imported trials.csv as conditions, 4 conditions, 4 params
0.0838 	EXP 	New trial (rep=0, index=0): <Trial 0 (0 in rep 0) data={'l_image': 'stimuli/dog.png', 'r_image': 'stimuli/pig.png', 'target_sound': 'stimuli/dog.wav', 'correct': 'stimuli/dog.png', 'thisN': 0, 'thisTrialN': 0, 'thisRepN': 0}>
0.1413 	WARNING 	t of last frame was 99.75ms (=1/10)
0.1413 	EXP 	start_l_image: image = 'stimuli/dog.png'
0.1413 	EXP 	start_r_image: image = 'stimuli/pig.png'
0.1413 	EXP 	start_l_rect: autoDraw = True
0.1413 	EXP 	start_r_rect: autoDraw = True
0.1413 	EXP 	start_l_image: autoDraw = True
0.1413 	EXP 	start_r_image: autoDraw = True
0.1413 	EXP 	star: autoDraw = True
0.5408 	DATA 	Mouse: Left button down, pos=(716,484)
0.5926 	EXP 	trial_sound: sampleRate = 48000
0.6113 	INFO 	Resampled audio from 48000Hz to 44100Hz using method 'default'.
0.6123 	EXP 	Sound trial_sound reached end of file
0.6128 	EXP 	Playing sound trial_sound on speaker MacBook Pro Speakers
0.6131 	DATA 	Mouse:  Left button up, pos=(716,484)
0.6189 	WARNING 	t of last frame was 72.72ms (=1/13)
0.6189 	EXP 	start_l_rect: autoDraw = False
0.6189 	EXP 	start_r_rect: autoDraw = False
0.6189 	EXP 	start_l_image: autoDraw = False
0.6189 	EXP 	start_r_image: autoDraw = False
0.6189 	EXP 	star: autoDraw = False
0.6189 	EXP 	left_image: image = 'stimuli/dog.png'
0.6189 	EXP 	right_image: image = 'stimuli/pig.png'
0.6189 	EXP 	right_rectangle: autoDraw = True
0.6189 	EXP 	left_rectangle: autoDraw = True
0.6189 	EXP 	left_image: autoDraw = True
0.6189 	EXP 	right_image: autoDraw = True
2.2002 	EXP 	Sound trial_sound stopped
2.3882 	DATA 	Mouse: Left button down, pos=(376,400)
2.3953 	EXP 	New trial (rep=0, index=1): <Trial 1 (1 in rep 0) data={'l_image': 'stimuli/penguin.png', 'r_image': 'stimuli/tiger.png', 'target_sound': 'stimuli/tiger.wav', 'correct': 'stimuli/tiger.png', 'thisN': 1, 'thisTrialN': 1, 'thisRepN': 0}>
2.4363 	WARNING 	t of last frame was 43.34ms (=1/23)
2.4363 	EXP 	right_rectangle: autoDraw = False
2.4363 	EXP 	left_rectangle: autoDraw = False
2.4363 	EXP 	left_image: autoDraw = False
2.4363 	EXP 	right_image: autoDraw = False
2.4363 	EXP 	start_l_image: image = 'stimuli/penguin.png'
2.4363 	EXP 	start_r_image: image = 'stimuli/tiger.png'
2.4363 	EXP 	start_l_rect: autoDraw = True
2.4363 	EXP 	start_r_rect: autoDraw = True
2.4363 	EXP 	start_l_image: autoDraw = True
2.4363 	EXP 	start_r_image: autoDraw = True
2.4363 	EXP 	star: autoDraw = True
2.5056 	DATA 	Mouse:  Left button up, pos=(376,400)
3.1234 	DATA 	Mouse: Left button down, pos=(736,457)
3.1527 	EXP 	trial_sound: sampleRate = 48000
3.1667 	INFO 	Resampled audio from 48000Hz to 44100Hz using method 'default'.
3.1675 	EXP 	Sound trial_sound reached end of file
3.1723 	EXP 	Playing sound trial_sound on speaker MacBook Pro Speakers
3.1729 	WARNING 	t of last frame was 50.69ms (=1/19)
3.1729 	EXP 	start_l_rect: autoDraw = False
3.1729 	EXP 	start_r_rect: autoDraw = False
3.1729 	EXP 	start_l_image: autoDraw = False
3.1729 	EXP 	start_r_image: autoDraw = False
3.1729 	EXP 	star: autoDraw = False
3.1729 	EXP 	left_image: image = 'stimuli/penguin.png'
3.1729 	EXP 	right_image: image = 'stimuli/tiger.png'
3.1729 	EXP 	right_rectangle: autoDraw = True
3.1729 	EXP 	left_rectangle: autoDraw = True
3.1729 	EXP 	left_image: autoDraw = True
3.1729 	EXP 	right_image: autoDraw = True
3.2043 	DATA 	Mouse:  Left button up, pos=(736,457)
4.7581 	EXP 	Sound trial_sound stopped
4.7877 	DATA 	Mouse: Left button down, pos=(1028,449)
4.7943 	EXP 	New trial (rep=0, index=2): <Trial 2 (2 in rep 0) data={'l_image': 'stimuli/pig.png', 'r_image': 'stimuli/dog.png', 'target_sound': 'stimuli/pig.wav', 'correct': 'stimuli/pig.png', 'thisN': 2, 'thisTrialN': 2, 'thisRepN': 0}>
4.8306 	WARNING 	Multiple dropped frames have occurred - I'll stop bothering you about them!
4.8305 	EXP 	right_rectangle: autoDraw = False
4.8305 	EXP 	left_rectangle: autoDraw = False
4.8305 	EXP 	left_image: autoDraw = False
4.8305 	EXP 	right_image: autoDraw = False
4.8305 	EXP 	start_l_image: image = 'stimuli/pig.png'
4.8305 	EXP 	start_r_image: image = 'stimuli/dog.png'
4.8305 	EXP 	start_l_rect: autoDraw = True
4.8305 	EXP 	start_r_rect: autoDraw = True
4.8305 	EXP 	start_l_image: autoDraw = True
4.8305 	EXP 	start_r_image: autoDraw = True
4.8305 	EXP 	star: autoDraw = True
4.9058 	DATA 	Mouse:  Left button up, pos=(1028,449)
5.6724 	DATA 	Mouse: Left button down, pos=(747,450)
5.7009 	EXP 	trial_sound: sampleRate = 48000
5.7088 	INFO 	Resampled audio from 48000Hz to 44100Hz using method 'default'.
5.7094 	EXP 	Sound trial_sound reached end of file
5.7219 	EXP 	Playing sound trial_sound on speaker MacBook Pro Speakers
5.7138 	EXP 	start_l_rect: autoDraw = False
5.7138 	EXP 	start_r_rect: autoDraw = False
5.7138 	EXP 	start_l_image: autoDraw = False
5.7138 	EXP 	start_r_image: autoDraw = False
5.7138 	EXP 	star: autoDraw = False
5.7138 	EXP 	left_image: image = 'stimuli/pig.png'
5.7138 	EXP 	right_image: image = 'stimuli/dog.png'
5.7138 	EXP 	right_rectangle: autoDraw = True
5.7138 	EXP 	left_rectangle: autoDraw = True
5.7138 	EXP 	left_image: autoDraw = True
5.7138 	EXP 	right_image: autoDraw = True
5.7548 	DATA 	Mouse:  Left button up, pos=(747,450)
7.0224 	DATA 	Mouse: Left button down, pos=(459,465)
7.0305 	EXP 	Sound trial_sound paused
7.0309 	EXP 	New trial (rep=0, index=3): <Trial 3 (3 in rep 0) data={'l_image': 'stimuli/tiger.png', 'r_image': 'stimuli/penguin.png', 'target_sound': 'stimuli/penguin.wav', 'correct': 'stimuli/penguin.png', 'thisN': 3, 'thisTrialN': 3, 'thisRepN': 0}>
7.0643 	EXP 	right_rectangle: autoDraw = False
7.0643 	EXP 	left_rectangle: autoDraw = False
7.0643 	EXP 	left_image: autoDraw = False
7.0643 	EXP 	right_image: autoDraw = False
7.0643 	EXP 	start_l_image: image = 'stimuli/tiger.png'
7.0643 	EXP 	start_r_image: image = 'stimuli/penguin.png'
7.0643 	EXP 	start_l_rect: autoDraw = True
7.0643 	EXP 	start_r_rect: autoDraw = True
7.0643 	EXP 	start_l_image: autoDraw = True
7.0643 	EXP 	start_r_image: autoDraw = True
7.0643 	EXP 	star: autoDraw = True
7.1391 	DATA 	Mouse:  Left button up, pos=(459,465)
7.9709 	DATA 	Mouse: Left button down, pos=(714,494)
8.0061 	EXP 	trial_sound: sampleRate = 48000
8.0163 	INFO 	Resampled audio from 48000Hz to 44100Hz using method 'default'.
8.0170 	EXP 	Sound trial_sound reached end of file
8.0256 	EXP 	Playing sound trial_sound on speaker MacBook Pro Speakers
8.0217 	EXP 	start_l_rect: autoDraw = False
8.0217 	EXP 	start_r_rect: autoDraw = False
8.0217 	EXP 	start_l_image: autoDraw = False
8.0217 	EXP 	start_r_image: autoDraw = False
8.0217 	EXP 	star: autoDraw = False
8.0217 	EXP 	left_image: image = 'stimuli/tiger.png'
8.0217 	EXP 	right_image: image = 'stimuli/penguin.png'
8.0217 	EXP 	right_rectangle: autoDraw = True
8.0217 	EXP 	left_rectangle: autoDraw = True
8.0217 	EXP 	left_image: autoDraw = True
8.0217 	EXP 	right_image: autoDraw = True
8.0708 	DATA 	Mouse:  Left button up, pos=(714,494)
9.0552 	DATA 	Mouse: Left button down, pos=(1096,397)
9.0706 	EXP 	Sound trial_sound paused
9.0760 	EXP 	right_rectangle: autoDraw = False
9.0760 	EXP 	left_rectangle: autoDraw = False
9.0760 	EXP 	left_image: autoDraw = False
9.0760 	EXP 	right_image: autoDraw = False
9.0762 	EXP 	animal words: status = STOPPED
9.0838 	INFO 	saved data to '/Users/tiaragajjar/Desktop/lab/solo porject/data/11_animal words_2025-11-18_19h33.54.886.csv'
9.0886 	INFO 	saved data to /Users/tiaragajjar/Desktop/lab/solo porject/data/11_animal words_2025-11-18_19h33.54.886.psydat
9.6205 	WARNING 	Stopping key buffers but this could be dangerous ifother keyboards rely on the same.
