30.5998 	WARNING 	Font Manager failed to load file /System/Library/PrivateFrameworks/FontServices.framework/Resources/Reserved/PingFangUI.ttc
30.6847 	WARNING 	Font Manager failed to load file /System/Library/PrivateFrameworks/FontServices.framework/Resources/Reserved/PingFangUI.ttc
38.3300 	INFO 	Loaded monitor calibration from ['2025_08_07 12:17']
38.6928 	INFO 	Using renderer 'Apple M2' for graphics
38.6928 	INFO 	OpenGL version supported by driver is 2..
38.7824 	EXP 	Created window1 = Window(allowGUI=True, allowStencil=False, autoLog=True, backendConf=UNKNOWN, backgroundFit=<method-wrapper '__getattribute__' of attributeSetter object at 0x1569d2830>, backgroundImage=<method-wrapper '__getattribute__' of attributeSetter object at 0x1569d2890>, bitsMode=UNKNOWN, blendMode='avg', bpc=(8, 8, 8), color=array([0, 0, 0]), colorSpace='rgb', depthBits=8, fullscr=True, gamma=None, gammaErrorPolicy='raise', infoMsg=UNKNOWN, lms=UNKNOWN, monitor=<psychopy.monitors.calibTools.Monitor object at 0x156a5c0d0>, multiSample=False, name='window1', numSamples=2, pos=[np.float64(0.0), np.float64(0.0)], screen=0, size=array([2880, 1800]), stencilBits=0, stereo=False, title='PsychoPy', units='height', useFBO=True, useRetina=True, viewOri=0.0, viewPos=None, viewScale=None, waitBlanking=True, winType='pyglet')
38.7826 	EXP 	window1: backgroundImage = ''
38.7826 	EXP 	window1: backgroundFit = 'none'
39.3786 	EXP 	window1: Attempting to measure frame rate of screen (0) ...
39.3786 	EXP 	window1: recordFrameIntervals = False
39.6388 	EXP 	window1: recordFrameIntervals = True
40.4847 	WARNING 	Couldn't measure a consistent frame rate!
  - Is your graphics card set to sync to vertical blank?
  - Are you running other processes on your computer?

43.0304 	INFO 	keyboard.Keyboard is using ptb backend.
43.3285 	INFO 	Created stream for speaker device: MacBook Pro Speakers (1.0)
43.3947 	EXP 	animal words: status = STARTED
43.4106 	EXP 	Created start_l_rect = Rect(__class__=<class 'psychopy.visual.rect.Rect'>, anchor=('center', 'center'), autoDraw=False, autoLog=True, closeShape=True, color=method-wrapper(...), colorSpace='rgb', contrast=None, depth=0.0, draggable=False, fillColor=array([1, 1, 1]), fillColorSpace='rgb', fillRGB=array([1, 1, 1]), interpolate=True, lineColor=array([1., 1., 1.]), lineColorSpace='rgb', lineRGB=array([1, 1, 1]), lineWidth=1.0, name='start_l_rect', opacity=1, ori=0.0, pos=array([-0.4,  0. ]), size=array([0.5, 0.5]), units='height', vertices=ndarray(...), win=Window(...))
43.4173 	EXP 	Created start_r_rect = Rect(__class__=<class 'psychopy.visual.rect.Rect'>, anchor=('center', 'center'), autoDraw=False, autoLog=True, closeShape=True, color=method-wrapper(...), colorSpace='rgb', contrast=None, depth=-1.0, draggable=False, fillColor=array([1, 1, 1]), fillColorSpace='rgb', fillRGB=array([1, 1, 1]), interpolate=True, lineColor=array([1., 1., 1.]), lineColorSpace='rgb', lineRGB=array([1, 1, 1]), lineWidth=1.0, name='start_r_rect', opacity=1, ori=0.0, pos=array([0.4, 0. ]), size=array([0.5, 0.5]), units='height', vertices=ndarray(...), win=Window(...))
43.4675 	EXP 	Created start_l_image = ImageStim(__class__=<class 'psychopy.visual.image.ImageStim'>, anchor=('center', 'center'), autoLog=True, color=array([1., 1., 1.]), colorSpace='rgb', contrast=1.0, depth=-2.0, draggable=False, flipHoriz=np.False_, flipVert=np.False_, image='default.png', interpolate=True, mask=None, maskParams=None, name='start_l_image', opacity=1, ori=0.0, pos=array([-0.4,  0. ]), size=array([0.5, 0.5]), texRes=128.0, units='height', win=Window(...))
43.4787 	EXP 	Created start_r_image = ImageStim(__class__=<class 'psychopy.visual.image.ImageStim'>, anchor=('center', 'center'), autoLog=True, color=array([1., 1., 1.]), colorSpace='rgb', contrast=1.0, depth=-3.0, draggable=False, flipHoriz=np.False_, flipVert=np.False_, image='default.png', interpolate=True, mask=None, maskParams=None, name='start_r_image', opacity=1, ori=0.0, pos=array([0.4, 0. ]), size=array([0.5, 0.5]), texRes=128.0, units='height', win=Window(...))
43.4920 	EXP 	Created star = ShapeStim(__class__=<class 'psychopy.visual.shape.ShapeStim'>, anchor=('center', 'center'), autoDraw=False, autoLog=True, closeShape=True, color=method-wrapper(...), colorSpace='rgb', contrast=None, depth=-4.0, draggable=False, fillColor=array([ 1,  1, -1]), fillColorSpace='rgb', fillRGB=array([ 1,  1, -1]), interpolate=True, lineColor=array([ 1.,  1., -1.]), lineColorSpace='rgb', lineRGB=array([ 1,  1, -1]), lineWidth=1.0, name='star', opacity=1, ori=0.0, pos=array([0., 0.]), size=array([0.15, 0.15]), units='height', vertices=ndarray(...), win=Window(...), windingRule=None)
43.4967 	EXP 	Created right_rectangle = Rect(__class__=<class 'psychopy.visual.rect.Rect'>, anchor=('center', 'center'), autoDraw=False, autoLog=True, closeShape=True, color=method-wrapper(...), colorSpace='rgb', contrast=None, depth=0.0, draggable=False, fillColor=array([1, 1, 1]), fillColorSpace='rgb', fillRGB=array([1, 1, 1]), interpolate=True, lineColor=array([1., 1., 1.]), lineColorSpace='rgb', lineRGB=array([1, 1, 1]), lineWidth=1.0, name='right_rectangle', opacity=1, ori=0.0, pos=array([0.4, 0. ]), size=array([0.5, 0.5]), units='height', vertices=ndarray(...), win=Window(...))
43.5012 	EXP 	Created left_rectangle = Rect(__class__=<class 'psychopy.visual.rect.Rect'>, anchor=('center', 'center'), autoDraw=False, autoLog=True, closeShape=True, color=method-wrapper(...), colorSpace='rgb', contrast=None, depth=-1.0, draggable=False, fillColor=array([1, 1, 1]), fillColorSpace='rgb', fillRGB=array([1, 1, 1]), interpolate=True, lineColor=array([1., 1., 1.]), lineColorSpace='rgb', lineRGB=array([1, 1, 1]), lineWidth=1.0, name='left_rectangle', opacity=1, ori=0.0, pos=array([-0.4,  0. ]), size=array([0.5, 0.5]), units='height', vertices=ndarray(...), win=Window(...))
43.5104 	EXP 	Created left_image = ImageStim(__class__=<class 'psychopy.visual.image.ImageStim'>, anchor=('center', 'center'), autoLog=True, color=array([1., 1., 1.]), colorSpace='rgb', contrast=1.0, depth=-2.0, draggable=False, flipHoriz=np.False_, flipVert=np.False_, image='default.png', interpolate=True, mask=None, maskParams=None, name='left_image', opacity=1, ori=0.0, pos=array([-0.4,  0. ]), size=array([0.5, 0.5]), texRes=128.0, units='height', win=Window(...))
43.5209 	EXP 	Created right_image = ImageStim(__class__=<class 'psychopy.visual.image.ImageStim'>, anchor=('center', 'center'), autoLog=True, color=array([1., 1., 1.]), colorSpace='rgb', contrast=1.0, depth=-3.0, draggable=False, flipHoriz=np.False_, flipVert=np.False_, image='default.png', interpolate=True, mask=None, maskParams=None, name='right_image', opacity=1, ori=0.0, pos=array([0.4, 0. ]), size=array([0.5, 0.5]), texRes=128.0, units='height', win=Window(...))
43.5210 	EXP 	trial_sound: sampleRate = 44100
43.5210 	EXP 	trial_sound: channels = None
43.5243 	EXP 	Sound trial_sound set volume 1.000
0.0688 	EXP 	Imported trials.csv as conditions, 4 conditions, 4 params
0.0728 	EXP 	New trial (rep=0, index=0): <Trial 0 (0 in rep 0) data={'l_image': 'stimuli/dog.png', 'r_image': 'stimuli/pig.png', 'target_sound': 'stimuli/dog.wav', 'correct': 'stimuli/dog.png', 'thisN': 0, 'thisTrialN': 0, 'thisRepN': 0}>
0.1260 	WARNING 	t of last frame was 95.76ms (=1/10)
0.1260 	EXP 	start_l_image: image = 'stimuli/dog.png'
0.1260 	EXP 	start_r_image: image = 'stimuli/pig.png'
0.1260 	EXP 	start_l_rect: autoDraw = True
0.1260 	EXP 	start_r_rect: autoDraw = True
0.1260 	EXP 	start_l_image: autoDraw = True
0.1260 	EXP 	start_r_image: autoDraw = True
0.1260 	EXP 	star: autoDraw = True
1.0157 	DATA 	Mouse: Left button down, pos=(731,468)
1.0582 	EXP 	trial_sound: sampleRate = 48000
1.0788 	INFO 	Resampled audio from 48000Hz to 44100Hz using method 'default'.
1.0794 	EXP 	Sound trial_sound reached end of file
1.0816 	EXP 	Playing sound trial_sound on speaker MacBook Pro Speakers
1.0855 	WARNING 	t of last frame was 70.60ms (=1/14)
1.0855 	EXP 	start_l_rect: autoDraw = False
1.0855 	EXP 	start_r_rect: autoDraw = False
1.0855 	EXP 	start_l_image: autoDraw = False
1.0855 	EXP 	start_r_image: autoDraw = False
1.0855 	EXP 	star: autoDraw = False
1.0855 	EXP 	left_image: image = 'stimuli/dog.png'
1.0855 	EXP 	right_image: image = 'stimuli/pig.png'
1.0855 	EXP 	right_rectangle: autoDraw = True
1.0855 	EXP 	left_rectangle: autoDraw = True
1.0855 	EXP 	left_image: autoDraw = True
1.0855 	EXP 	right_image: autoDraw = True
1.0988 	DATA 	Mouse:  Left button up, pos=(731,468)
2.6775 	EXP 	Sound trial_sound stopped
3.1650 	DATA 	Mouse: Left button down, pos=(492,451)
3.1722 	EXP 	New trial (rep=0, index=1): <Trial 1 (1 in rep 0) data={'l_image': 'stimuli/penguin.png', 'r_image': 'stimuli/tiger.png', 'target_sound': 'stimuli/tiger.wav', 'correct': 'stimuli/tiger.png', 'thisN': 1, 'thisTrialN': 1, 'thisRepN': 0}>
3.2165 	WARNING 	t of last frame was 46.55ms (=1/21)
3.2165 	EXP 	right_rectangle: autoDraw = False
3.2165 	EXP 	left_rectangle: autoDraw = False
3.2165 	EXP 	left_image: autoDraw = False
3.2165 	EXP 	right_image: autoDraw = False
3.2165 	EXP 	start_l_image: image = 'stimuli/penguin.png'
3.2165 	EXP 	start_r_image: image = 'stimuli/tiger.png'
3.2165 	EXP 	start_l_rect: autoDraw = True
3.2165 	EXP 	start_r_rect: autoDraw = True
3.2165 	EXP 	start_l_image: autoDraw = True
3.2165 	EXP 	start_r_image: autoDraw = True
3.2165 	EXP 	star: autoDraw = True
3.2990 	DATA 	Mouse:  Left button up, pos=(492,451)
3.8442 	WARNING 	t of last frame was 25.40ms (=1/39)
3.9148 	DATA 	Mouse: Left button down, pos=(733,464)
3.9495 	EXP 	trial_sound: sampleRate = 48000
3.9584 	INFO 	Resampled audio from 48000Hz to 44100Hz using method 'default'.
3.9594 	EXP 	Sound trial_sound reached end of file
3.9695 	EXP 	Playing sound trial_sound on speaker MacBook Pro Speakers
3.9640 	WARNING 	Multiple dropped frames have occurred - I'll stop bothering you about them!
3.9640 	EXP 	start_l_rect: autoDraw = False
3.9640 	EXP 	start_r_rect: autoDraw = False
3.9640 	EXP 	start_l_image: autoDraw = False
3.9640 	EXP 	start_r_image: autoDraw = False
3.9640 	EXP 	star: autoDraw = False
3.9640 	EXP 	left_image: image = 'stimuli/penguin.png'
3.9640 	EXP 	right_image: image = 'stimuli/tiger.png'
3.9640 	EXP 	right_rectangle: autoDraw = True
3.9640 	EXP 	left_rectangle: autoDraw = True
3.9640 	EXP 	left_image: autoDraw = True
3.9640 	EXP 	right_image: autoDraw = True
4.0144 	DATA 	Mouse:  Left button up, pos=(733,464)
5.5531 	EXP 	Sound trial_sound stopped
5.8812 	DATA 	Mouse: Left button down, pos=(1106,499)
5.8879 	EXP 	New trial (rep=0, index=2): <Trial 2 (2 in rep 0) data={'l_image': 'stimuli/pig.png', 'r_image': 'stimuli/dog.png', 'target_sound': 'stimuli/pig.wav', 'correct': 'stimuli/pig.png', 'thisN': 2, 'thisTrialN': 2, 'thisRepN': 0}>
5.9241 	EXP 	right_rectangle: autoDraw = False
5.9241 	EXP 	left_rectangle: autoDraw = False
5.9241 	EXP 	left_image: autoDraw = False
5.9241 	EXP 	right_image: autoDraw = False
5.9241 	EXP 	start_l_image: image = 'stimuli/pig.png'
5.9241 	EXP 	start_r_image: image = 'stimuli/dog.png'
5.9241 	EXP 	start_l_rect: autoDraw = True
5.9241 	EXP 	start_r_rect: autoDraw = True
5.9241 	EXP 	start_l_image: autoDraw = True
5.9241 	EXP 	start_r_image: autoDraw = True
5.9241 	EXP 	star: autoDraw = True
5.9989 	DATA 	Mouse:  Left button up, pos=(1106,499)
6.6338 	DATA 	Mouse: Left button down, pos=(740,449)
6.6607 	EXP 	trial_sound: sampleRate = 48000
6.6702 	INFO 	Resampled audio from 48000Hz to 44100Hz using method 'default'.
6.6708 	EXP 	Sound trial_sound reached end of file
6.6833 	EXP 	Playing sound trial_sound on speaker MacBook Pro Speakers
6.6753 	EXP 	start_l_rect: autoDraw = False
6.6753 	EXP 	start_r_rect: autoDraw = False
6.6753 	EXP 	start_l_image: autoDraw = False
6.6753 	EXP 	start_r_image: autoDraw = False
6.6753 	EXP 	star: autoDraw = False
6.6753 	EXP 	left_image: image = 'stimuli/pig.png'
6.6753 	EXP 	right_image: image = 'stimuli/dog.png'
6.6753 	EXP 	right_rectangle: autoDraw = True
6.6753 	EXP 	left_rectangle: autoDraw = True
6.6753 	EXP 	left_image: autoDraw = True
6.6753 	EXP 	right_image: autoDraw = True
6.7311 	DATA 	Mouse:  Left button up, pos=(740,449)
8.2674 	EXP 	Sound trial_sound stopped
8.3973 	DATA 	Mouse: Left button down, pos=(448,511)
8.4044 	EXP 	New trial (rep=0, index=3): <Trial 3 (3 in rep 0) data={'l_image': 'stimuli/tiger.png', 'r_image': 'stimuli/penguin.png', 'target_sound': 'stimuli/penguin.wav', 'correct': 'stimuli/penguin.png', 'thisN': 3, 'thisTrialN': 3, 'thisRepN': 0}>
8.4428 	EXP 	right_rectangle: autoDraw = False
8.4428 	EXP 	left_rectangle: autoDraw = False
8.4428 	EXP 	left_image: autoDraw = False
8.4428 	EXP 	right_image: autoDraw = False
8.4428 	EXP 	start_l_image: image = 'stimuli/tiger.png'
8.4428 	EXP 	start_r_image: image = 'stimuli/penguin.png'
8.4428 	EXP 	start_l_rect: autoDraw = True
8.4428 	EXP 	start_r_rect: autoDraw = True
8.4428 	EXP 	start_l_image: autoDraw = True
8.4428 	EXP 	start_r_image: autoDraw = True
8.4428 	EXP 	star: autoDraw = True
8.5151 	DATA 	Mouse:  Left button up, pos=(448,511)
9.2980 	DATA 	Mouse: Left button down, pos=(734,482)
9.4147 	DATA 	Mouse:  Left button up, pos=(735,482)
10.3822 	DATA 	Mouse: Left button down, pos=(735,481)
10.4981 	DATA 	Mouse:  Left button up, pos=(735,481)
10.9978 	DATA 	Mouse: Left button down, pos=(736,448)
11.0394 	EXP 	trial_sound: sampleRate = 48000
11.0501 	INFO 	Resampled audio from 48000Hz to 44100Hz using method 'default'.
11.0511 	EXP 	Sound trial_sound reached end of file
11.0523 	EXP 	Playing sound trial_sound on speaker MacBook Pro Speakers
11.0561 	EXP 	start_l_rect: autoDraw = False
11.0561 	EXP 	start_r_rect: autoDraw = False
11.0561 	EXP 	start_l_image: autoDraw = False
11.0561 	EXP 	start_r_image: autoDraw = False
11.0561 	EXP 	star: autoDraw = False
11.0561 	EXP 	left_image: image = 'stimuli/tiger.png'
11.0561 	EXP 	right_image: image = 'stimuli/penguin.png'
11.0561 	EXP 	right_rectangle: autoDraw = True
11.0561 	EXP 	left_rectangle: autoDraw = True
11.0561 	EXP 	left_image: autoDraw = True
11.0561 	EXP 	right_image: autoDraw = True
11.0808 	DATA 	Mouse:  Left button up, pos=(736,448)
12.4319 	DATA 	Mouse: Left button down, pos=(1071,575)
12.4476 	EXP 	Sound trial_sound paused
12.4532 	EXP 	right_rectangle: autoDraw = False
12.4532 	EXP 	left_rectangle: autoDraw = False
12.4532 	EXP 	left_image: autoDraw = False
12.4532 	EXP 	right_image: autoDraw = False
12.4534 	EXP 	animal words: status = STOPPED
12.4718 	INFO 	saved data to '/Users/tiaragajjar/Desktop/lab/solo porject/data/13_animal words_2025-11-18_19h35.55.050.csv'
12.4760 	INFO 	saved data to /Users/tiaragajjar/Desktop/lab/solo porject/data/13_animal words_2025-11-18_19h35.55.050.psydat
13.0020 	WARNING 	Stopping key buffers but this could be dangerous ifother keyboards rely on the same.
