29.7843 	WARNING 	Font Manager failed to load file /System/Library/PrivateFrameworks/FontServices.framework/Resources/Reserved/PingFangUI.ttc
29.9525 	WARNING 	Font Manager failed to load file /System/Library/PrivateFrameworks/FontServices.framework/Resources/Reserved/PingFangUI.ttc
37.9083 	INFO 	Loaded monitor calibration from ['2025_08_07 12:17']
37.9324 	WARNING 	User requested fullscreen with size [1024  768], but screen is actually [1440, 900]. Using actual size
38.2208 	INFO 	Using renderer 'Apple M2' for graphics
38.2208 	INFO 	OpenGL version supported by driver is 2..
38.3048 	EXP 	Created window1 = Window(allowGUI=False, allowStencil=False, autoLog=True, backendConf=UNKNOWN, backgroundFit=<method-wrapper '__getattribute__' of attributeSetter object at 0x152851d20>, backgroundImage=<method-wrapper '__getattribute__' of attributeSetter object at 0x152851cc0>, bitsMode=UNKNOWN, blendMode='avg', bpc=(8, 8, 8), color=array([0, 0, 0]), colorSpace='rgb', depthBits=8, fullscr=True, gamma=None, gammaErrorPolicy='raise', infoMsg=UNKNOWN, lms=UNKNOWN, monitor=<psychopy.monitors.calibTools.Monitor object at 0x152825de0>, multiSample=False, name='window1', numSamples=2, pos=[np.float64(0.0), np.float64(0.0)], screen=0, size=array([2880, 1800]), stencilBits=0, stereo=False, title='PsychoPy', units='height', useFBO=True, useRetina=True, viewOri=0.0, viewPos=None, viewScale=None, waitBlanking=True, winType='pyglet')
38.3050 	EXP 	window1: backgroundImage = ''
38.3050 	EXP 	window1: backgroundFit = 'none'
38.8645 	EXP 	window1: Attempting to measure frame rate of screen (0) ...
38.8646 	EXP 	window1: recordFrameIntervals = False
39.1109 	EXP 	window1: recordFrameIntervals = True
39.9447 	WARNING 	Couldn't measure a consistent frame rate!
  - Is your graphics card set to sync to vertical blank?
  - Are you running other processes on your computer?

42.6400 	INFO 	keyboard.Keyboard is using ptb backend.
43.1573 	INFO 	keyboard.Keyboard is using ptb backend.
43.1574 	EXP 	adaptive staircase procedure : status = STARTED
43.1702 	EXP 	Created fixation = ShapeStim(__class__=<class 'psychopy.visual.shape.ShapeStim'>, anchor=('center', 'center'), autoDraw=False, autoLog=True, closeShape=True, color=method-wrapper(...), colorSpace='rgb', contrast=None, depth=-1.0, draggable=False, fillColor=array([1, 1, 1]), fillColorSpace='rgb', fillRGB=array([1, 1, 1]), interpolate=True, lineColor=array([1., 1., 1.]), lineColorSpace='rgb', lineRGB=array([1, 1, 1]), lineWidth=1.0, name='fixation', opacity=1, ori=0.0, pos=array([0., 0.]), size=array([0.1, 0.1]), units='height', vertices=ndarray(...), win=Window(...), windingRule=None)
43.1753 	EXP 	Created grating = GratingStim(__class__=<class 'psychopy.visual.grating.GratingStim'>, anchor='center', autoDraw=False, autoLog=True, blendmode='avg', color=array([0.5, 0.5, 0.5]), colorSpace='rgb', contrast=0.5, depth=-2.0, draggable=False, interpolate=True, mask='gauss', maskParams=None, name='grating', opacity=1, ori=1.0, phase=array([0., 0.]), pos=array([0., 0.]), rgbPedestal=array([0., 0., 0.]), sf=array([8., 8.]), size=array([0.3, 0.3]), tex='sin', texRes=128.0, units='height', win=Window(...))
0.0119 	WARNING 	Increasing number of minimum required reversals to the number of step sizes, (4).
0.0241 	EXP 	grating: ori = np.float64(10.0)
0.0241 	EXP 	fixation: autoDraw = True
0.5055 	INFO 	Keyboard events cleared
0.5054 	EXP 	grating: autoDraw = True
0.5054 	EXP 	grating: tex = 'sin'
0.5243 	EXP 	fixation: autoDraw = False
0.8027 	EXP 	grating: autoDraw = False
1.9971 	EXP 	Device response: <KeyPress from None: t=1.6224124170003051, value=right, duration=None>
1.9977 	EXP 	Device response: <KeyPress from None: t=1.6224124170003051, value=right, duration=0.12977295800010324>
2.1210 	WARNING 	t of last frame was 484.40ms (=1/2)
2.1210 	EXP 	fixation: autoDraw = False
2.1210 	EXP 	grating: autoDraw = False
2.1210 	EXP 	grating: ori = np.float64(-8.0)
2.1210 	EXP 	fixation: autoDraw = True
2.1218 	EXP 	Device response: <KeyPress from None: t=2.0538835840015963, value=right, duration=None>
2.1694 	EXP 	Device response: <KeyPress from None: t=2.0538835840015963, value=right, duration=0.10424145800061524>
2.4930 	INFO 	Keyboard events cleared
2.4928 	EXP 	grating: autoDraw = True
2.5217 	EXP 	Device response: <KeyPress from None: t=2.5198779170023045, value=right, duration=None>
2.5301 	EXP 	fixation: autoDraw = False
2.5301 	EXP 	grating: autoDraw = False
2.5301 	EXP 	grating: ori = np.float64(-9.0)
2.5301 	EXP 	fixation: autoDraw = True
2.6381 	EXP 	Device response: <KeyPress from None: t=2.5198779170023045, value=right, duration=0.10821295799905783>
3.0198 	INFO 	Keyboard events cleared
3.0195 	EXP 	grating: autoDraw = True
3.0258 	EXP 	fixation: autoDraw = False
3.3080 	EXP 	grating: autoDraw = False
12.1749 	EXP 	Device response: <KeyPress from None: t=12.172108334001678, value=left, duration=None>
12.1847 	EXP 	fixation: autoDraw = False
12.1847 	EXP 	grating: autoDraw = False
12.1847 	EXP 	grating: ori = np.float64(-9.0)
12.1847 	EXP 	fixation: autoDraw = True
12.3046 	EXP 	Device response: <KeyPress from None: t=12.172108334001678, value=left, duration=0.12647804099833593>
12.6699 	INFO 	Keyboard events cleared
12.6696 	EXP 	grating: autoDraw = True
12.6758 	EXP 	fixation: autoDraw = False
12.9576 	EXP 	grating: autoDraw = False
13.9547 	EXP 	Device response: <KeyPress from None: t=13.94536566700117, value=left, duration=None>
13.9650 	EXP 	fixation: autoDraw = False
13.9650 	EXP 	grating: autoDraw = False
13.9650 	EXP 	grating: ori = np.float64(-9.0)
13.9650 	EXP 	fixation: autoDraw = True
13.9860 	WARNING 	t of last frame was 21.05ms (=1/47)
14.0596 	EXP 	Device response: <KeyPress from None: t=13.94536566700117, value=left, duration=0.11227362499994342>
14.4529 	INFO 	Keyboard events cleared
14.4527 	EXP 	grating: autoDraw = True
14.4584 	EXP 	fixation: autoDraw = False
14.7418 	EXP 	grating: autoDraw = False
15.0876 	EXP 	Device response: <KeyPress from None: t=15.075148250001803, value=left, duration=None>
15.0964 	EXP 	fixation: autoDraw = False
15.0964 	EXP 	grating: autoDraw = False
15.0964 	EXP 	grating: ori = np.float64(-8.0)
15.0964 	EXP 	fixation: autoDraw = True
15.1932 	EXP 	Device response: <KeyPress from None: t=15.075148250001803, value=left, duration=0.11643104199902155>
15.5865 	INFO 	Keyboard events cleared
15.5862 	EXP 	grating: autoDraw = True
15.5923 	EXP 	fixation: autoDraw = False
15.8746 	EXP 	grating: autoDraw = False
16.2043 	EXP 	Device response: <KeyPress from None: t=16.191147500001534, value=left, duration=None>
16.2136 	EXP 	fixation: autoDraw = False
16.2136 	EXP 	grating: autoDraw = False
16.2136 	EXP 	grating: ori = np.float64(8.0)
16.2136 	EXP 	fixation: autoDraw = True
16.3214 	EXP 	Device response: <KeyPress from None: t=16.191147500001534, value=left, duration=0.12430008400042425>
16.7028 	INFO 	Keyboard events cleared
16.7025 	EXP 	grating: autoDraw = True
16.7088 	EXP 	fixation: autoDraw = False
16.9911 	EXP 	grating: autoDraw = False
17.4417 	EXP 	Device response: <KeyPress from None: t=17.437165167000785, value=right, duration=None>
17.4514 	EXP 	fixation: autoDraw = False
17.4514 	EXP 	grating: autoDraw = False
17.4514 	EXP 	grating: ori = np.float64(-8.0)
17.4514 	EXP 	fixation: autoDraw = True
17.5541 	EXP 	Device response: <KeyPress from None: t=17.437165167000785, value=right, duration=0.10824662500090199>
17.9422 	INFO 	Keyboard events cleared
17.9420 	EXP 	fixation: autoDraw = False
17.9420 	EXP 	grating: autoDraw = True
18.2363 	EXP 	grating: autoDraw = False
18.6374 	EXP 	Device response: <KeyPress from None: t=18.635169417000725, value=left, duration=None>
18.6467 	EXP 	fixation: autoDraw = False
18.6467 	EXP 	grating: autoDraw = False
18.6467 	EXP 	grating: ori = np.float64(7.0)
18.6467 	EXP 	fixation: autoDraw = True
18.7206 	EXP 	Device response: <KeyPress from None: t=18.635169417000725, value=left, duration=0.08413766699959524>
19.1362 	INFO 	Keyboard events cleared
19.1360 	EXP 	grating: autoDraw = True
19.1416 	EXP 	fixation: autoDraw = False
19.4242 	EXP 	grating: autoDraw = False
19.7547 	EXP 	Device response: <KeyPress from None: t=19.749275500002113, value=right, duration=None>
19.7644 	EXP 	fixation: autoDraw = False
19.7644 	EXP 	grating: autoDraw = False
19.7644 	EXP 	grating: ori = np.float64(-7.0)
19.7644 	EXP 	fixation: autoDraw = True
19.7864 	WARNING 	t of last frame was 21.99ms (=1/45)
19.8547 	EXP 	Device response: <KeyPress from None: t=19.749275500002113, value=right, duration=0.1001948339981027>
20.2532 	INFO 	Keyboard events cleared
20.2529 	EXP 	grating: autoDraw = True
20.2593 	EXP 	fixation: autoDraw = False
20.5396 	EXP 	grating: autoDraw = False
20.9254 	EXP 	Device response: <KeyPress from None: t=20.922182166999846, value=left, duration=None>
20.9349 	EXP 	fixation: autoDraw = False
20.9349 	EXP 	grating: autoDraw = False
20.9349 	EXP 	grating: ori = np.float64(7.0)
20.9349 	EXP 	fixation: autoDraw = True
21.0209 	EXP 	Device response: <KeyPress from None: t=20.922182166999846, value=left, duration=0.09229620800033445>
21.4195 	INFO 	Keyboard events cleared
21.4191 	EXP 	grating: autoDraw = True
21.4254 	EXP 	fixation: autoDraw = False
21.7075 	EXP 	grating: autoDraw = False
22.0081 	EXP 	Device response: <KeyPress from None: t=22.00506620899978, value=right, duration=None>
22.0180 	EXP 	fixation: autoDraw = False
22.0180 	EXP 	grating: autoDraw = False
22.0180 	EXP 	grating: ori = np.float64(6.0)
22.0180 	EXP 	fixation: autoDraw = True
22.1217 	EXP 	Device response: <KeyPress from None: t=22.00506620899978, value=right, duration=0.10827545800202643>
22.5030 	INFO 	Keyboard events cleared
22.5028 	EXP 	grating: autoDraw = True
22.5076 	EXP 	fixation: autoDraw = False
22.8018 	EXP 	grating: autoDraw = False
23.1046 	EXP 	Device response: <KeyPress from None: t=23.095022459001484, value=right, duration=None>
23.1139 	EXP 	fixation: autoDraw = False
23.1139 	EXP 	grating: autoDraw = False
23.1139 	EXP 	grating: ori = np.float64(-6.0)
23.1139 	EXP 	fixation: autoDraw = True
23.2043 	EXP 	Device response: <KeyPress from None: t=23.095022459001484, value=right, duration=0.10439687499820138>
23.6028 	INFO 	Keyboard events cleared
23.6026 	EXP 	grating: autoDraw = True
23.6073 	EXP 	fixation: autoDraw = False
23.8907 	EXP 	grating: autoDraw = False
24.3718 	EXP 	Device response: <KeyPress from None: t=24.35766487500223, value=left, duration=None>
24.3820 	EXP 	fixation: autoDraw = False
24.3820 	EXP 	grating: autoDraw = False
24.3820 	EXP 	grating: ori = np.float64(6.0)
24.3820 	EXP 	fixation: autoDraw = True
24.4706 	EXP 	Device response: <KeyPress from None: t=24.35766487500223, value=left, duration=0.10363137499734876>
24.8698 	INFO 	Keyboard events cleared
24.8695 	EXP 	grating: autoDraw = True
24.8752 	EXP 	fixation: autoDraw = False
25.1574 	EXP 	grating: autoDraw = False
25.5380 	EXP 	Device response: <KeyPress from None: t=25.531963875000656, value=right, duration=None>
25.5475 	EXP 	fixation: autoDraw = False
25.5475 	EXP 	grating: autoDraw = False
25.5475 	EXP 	grating: ori = np.float64(-5.0)
25.5475 	EXP 	fixation: autoDraw = True
25.6374 	EXP 	Device response: <KeyPress from None: t=25.531963875000656, value=right, duration=0.09620387500035577>
26.0365 	INFO 	Keyboard events cleared
26.0362 	EXP 	grating: autoDraw = True
26.0423 	EXP 	fixation: autoDraw = False
26.3242 	EXP 	grating: autoDraw = False
26.6877 	EXP 	Device response: <KeyPress from None: t=26.67389825000282, value=left, duration=None>
26.6967 	EXP 	fixation: autoDraw = False
26.6967 	EXP 	grating: autoDraw = False
26.6967 	EXP 	grating: ori = np.float64(5.0)
26.6967 	EXP 	fixation: autoDraw = True
26.7708 	EXP 	Device response: <KeyPress from None: t=26.67389825000282, value=left, duration=0.08422345899816719>
27.1865 	INFO 	Keyboard events cleared
27.1862 	EXP 	grating: autoDraw = True
27.1926 	EXP 	fixation: autoDraw = False
27.4866 	EXP 	grating: autoDraw = False
27.7206 	EXP 	Device response: <KeyPress from None: t=27.71290874999977, value=right, duration=None>
27.7294 	EXP 	fixation: autoDraw = False
27.7294 	EXP 	grating: autoDraw = False
27.7294 	EXP 	grating: ori = np.float64(5.0)
27.7294 	EXP 	fixation: autoDraw = True
27.8044 	EXP 	Device response: <KeyPress from None: t=27.71290874999977, value=right, duration=0.08023358400168945>
28.2198 	INFO 	Keyboard events cleared
28.2195 	EXP 	grating: autoDraw = True
28.2257 	EXP 	fixation: autoDraw = False
28.5066 	EXP 	grating: autoDraw = False
28.8047 	EXP 	Device response: <KeyPress from None: t=28.791785000001255, value=right, duration=None>
28.8141 	EXP 	fixation: autoDraw = False
28.8141 	EXP 	grating: autoDraw = False
28.8141 	EXP 	grating: ori = np.float64(-4.0)
28.8141 	EXP 	fixation: autoDraw = True
28.8881 	EXP 	Device response: <KeyPress from None: t=28.791785000001255, value=right, duration=0.09237933400072507>
29.3029 	INFO 	Keyboard events cleared
29.3027 	EXP 	grating: autoDraw = True
29.3081 	EXP 	fixation: autoDraw = False
29.5902 	EXP 	grating: autoDraw = False
29.9706 	EXP 	Device response: <KeyPress from None: t=29.96591654200165, value=left, duration=None>
29.9792 	EXP 	fixation: autoDraw = False
29.9792 	EXP 	grating: autoDraw = False
29.9792 	EXP 	grating: ori = np.float64(4.0)
29.9792 	EXP 	fixation: autoDraw = True
30.0544 	EXP 	Device response: <KeyPress from None: t=29.96591654200165, value=left, duration=0.08419633299854468>
30.4697 	INFO 	Keyboard events cleared
30.4694 	EXP 	grating: autoDraw = True
30.4753 	EXP 	fixation: autoDraw = False
30.7565 	EXP 	grating: autoDraw = False
30.9374 	EXP 	Device response: <KeyPress from None: t=30.92780008400223, value=right, duration=None>
30.9456 	EXP 	fixation: autoDraw = False
30.9456 	EXP 	grating: autoDraw = False
30.9456 	EXP 	grating: ori = np.float64(4.0)
30.9456 	EXP 	fixation: autoDraw = True
31.0253 	EXP 	Device response: <KeyPress from None: t=30.92780008400223, value=right, duration=0.09228241600067122>
31.4364 	INFO 	Keyboard events cleared
31.4361 	EXP 	grating: autoDraw = True
31.4423 	EXP 	fixation: autoDraw = False
31.7243 	EXP 	grating: autoDraw = False
38.1923 	EXP 	Device response: <KeyPress from None: t=38.187706875, value=right, duration=None>
38.2021 	EXP 	fixation: autoDraw = False
38.2021 	EXP 	grating: autoDraw = False
38.2021 	EXP 	grating: ori = np.float64(3.0)
38.2021 	EXP 	fixation: autoDraw = True
38.2705 	EXP 	Device response: <KeyPress from None: t=38.187706875, value=right, duration=0.07849012500082608>
38.6952 	INFO 	Keyboard events cleared
38.6950 	EXP 	fixation: autoDraw = False
38.6950 	EXP 	grating: autoDraw = True
38.9918 	EXP 	grating: autoDraw = False
39.1704 	EXP 	Device response: <KeyPress from None: t=39.16593133400238, value=right, duration=None>
39.1793 	EXP 	fixation: autoDraw = False
39.1793 	EXP 	grating: autoDraw = False
39.1793 	EXP 	grating: ori = np.float64(-3.0)
39.1793 	EXP 	fixation: autoDraw = True
39.2544 	EXP 	Device response: <KeyPress from None: t=39.16593133400238, value=right, duration=0.07211808300053235>
39.6694 	INFO 	Keyboard events cleared
39.6692 	EXP 	grating: autoDraw = True
39.6747 	EXP 	fixation: autoDraw = False
39.9579 	EXP 	grating: autoDraw = False
40.4211 	EXP 	Device response: <KeyPress from None: t=40.415913459000876, value=left, duration=None>
40.4308 	EXP 	fixation: autoDraw = False
40.4308 	EXP 	grating: autoDraw = False
40.4308 	EXP 	grating: ori = np.float64(-3.0)
40.4308 	EXP 	fixation: autoDraw = True
40.5426 	EXP 	Device response: <KeyPress from None: t=40.415913459000876, value=left, duration=0.12415141599922208>
40.9199 	INFO 	Keyboard events cleared
40.9197 	EXP 	grating: autoDraw = True
40.9261 	EXP 	fixation: autoDraw = False
41.2082 	EXP 	grating: autoDraw = False
41.4715 	EXP 	Device response: <KeyPress from None: t=41.46782120900025, value=left, duration=None>
41.4811 	EXP 	fixation: autoDraw = False
41.4811 	EXP 	grating: autoDraw = False
41.4811 	EXP 	grating: ori = np.float64(-2.0)
41.4811 	EXP 	fixation: autoDraw = True
41.5025 	WARNING 	t of last frame was 21.36ms (=1/46)
41.6208 	EXP 	Device response: <KeyPress from None: t=41.46782120900025, value=left, duration=0.1401917080002022>
41.9697 	INFO 	Keyboard events cleared
41.9694 	EXP 	grating: autoDraw = True
41.9760 	EXP 	fixation: autoDraw = False
42.2581 	EXP 	grating: autoDraw = False
42.7543 	EXP 	Device response: <KeyPress from None: t=42.752758042002824, value=left, duration=None>
42.7605 	EXP 	fixation: autoDraw = False
42.7605 	EXP 	grating: autoDraw = False
42.7605 	EXP 	grating: ori = np.float64(2.0)
42.7605 	EXP 	fixation: autoDraw = True
42.8539 	EXP 	Device response: <KeyPress from None: t=42.752758042002824, value=left, duration=0.09229512499950943>
43.2528 	INFO 	Keyboard events cleared
43.2525 	EXP 	grating: autoDraw = True
43.2581 	EXP 	fixation: autoDraw = False
43.5400 	EXP 	grating: autoDraw = False
43.9546 	EXP 	Device response: <KeyPress from None: t=43.9415867500029, value=right, duration=None>
43.9642 	EXP 	fixation: autoDraw = False
43.9642 	EXP 	grating: autoDraw = False
43.9642 	EXP 	grating: ori = np.float64(2.0)
43.9642 	EXP 	fixation: autoDraw = True
44.0378 	EXP 	Device response: <KeyPress from None: t=43.9415867500029, value=right, duration=0.08852570899762213>
44.4527 	INFO 	Keyboard events cleared
44.4525 	EXP 	grating: autoDraw = True
44.4580 	EXP 	fixation: autoDraw = False
44.7414 	EXP 	grating: autoDraw = False
45.3589 	EXP 	Device response: <KeyPress from None: t=45.35570437500064, value=right, duration=None>
45.3681 	EXP 	fixation: autoDraw = False
45.3681 	EXP 	grating: autoDraw = False
45.3681 	EXP 	grating: ori = np.float64(1.0)
45.3681 	EXP 	fixation: autoDraw = True
45.4541 	EXP 	Device response: <KeyPress from None: t=45.35570437500064, value=right, duration=0.08834183400176698>
45.8595 	INFO 	Keyboard events cleared
45.8593 	EXP 	fixation: autoDraw = False
45.8593 	EXP 	grating: autoDraw = True
46.1583 	EXP 	grating: autoDraw = False
46.4089 	EXP 	Device response: <KeyPress from None: t=46.40572125000108, value=right, duration=None>
46.4188 	EXP 	fixation: autoDraw = False
46.4188 	EXP 	grating: autoDraw = False
46.4188 	EXP 	grating: ori = np.float64(1.0)
46.4188 	EXP 	fixation: autoDraw = True
46.5208 	EXP 	Device response: <KeyPress from None: t=46.40572125000108, value=right, duration=0.10875033399861422>
46.9096 	INFO 	Keyboard events cleared
46.9094 	EXP 	fixation: autoDraw = False
46.9094 	EXP 	grating: autoDraw = True
47.2081 	EXP 	grating: autoDraw = False
47.4036 	EXP 	Device response: <KeyPress from None: t=47.39767716700226, value=right, duration=None>
47.4125 	EXP 	fixation: autoDraw = False
47.4125 	EXP 	grating: autoDraw = False
47.4125 	EXP 	grating: ori = np.float64(-1.0)
47.4125 	EXP 	fixation: autoDraw = True
47.4763 	EXP 	Device response: <KeyPress from None: t=47.39767716700226, value=right, duration=0.07678337499964982>
47.9032 	INFO 	Keyboard events cleared
47.9029 	EXP 	grating: autoDraw = True
47.9089 	EXP 	fixation: autoDraw = False
48.1915 	EXP 	grating: autoDraw = False
48.6213 	EXP 	Device response: <KeyPress from None: t=48.611569042001065, value=left, duration=None>
48.6303 	EXP 	fixation: autoDraw = False
48.6303 	EXP 	grating: autoDraw = False
48.6303 	EXP 	grating: ori = np.float64(-1.0)
48.6303 	EXP 	fixation: autoDraw = True
48.7212 	EXP 	Device response: <KeyPress from None: t=48.611569042001065, value=left, duration=0.10071275000154856>
49.1194 	INFO 	Keyboard events cleared
49.1192 	EXP 	grating: autoDraw = True
49.1241 	EXP 	fixation: autoDraw = False
49.4078 	EXP 	grating: autoDraw = False
49.7378 	EXP 	Device response: <KeyPress from None: t=49.73248320900166, value=left, duration=None>
49.7478 	EXP 	fixation: autoDraw = False
49.7478 	EXP 	grating: autoDraw = False
49.7478 	EXP 	grating: ori = np.float64(1.0)
49.7478 	EXP 	fixation: autoDraw = True
49.7697 	WARNING 	Multiple dropped frames have occurred - I'll stop bothering you about them!
49.8428 	EXP 	Device response: <KeyPress from None: t=49.73248320900166, value=left, duration=0.10435962499832385>
50.2369 	INFO 	Keyboard events cleared
50.2367 	EXP 	grating: autoDraw = True
50.2528 	EXP 	fixation: autoDraw = False
50.5252 	EXP 	grating: autoDraw = False
50.8383 	EXP 	Device response: <KeyPress from None: t=50.82548187500288, value=right, duration=None>
50.8477 	EXP 	fixation: autoDraw = False
50.8477 	EXP 	grating: autoDraw = False
50.8477 	EXP 	grating: ori = np.float64(1.0)
50.8477 	EXP 	fixation: autoDraw = True
50.9427 	EXP 	Device response: <KeyPress from None: t=50.82548187500288, value=right, duration=0.11232862499673502>
51.3364 	INFO 	Keyboard events cleared
51.3361 	EXP 	grating: autoDraw = True
51.3424 	EXP 	fixation: autoDraw = False
51.6361 	EXP 	grating: autoDraw = False
51.9371 	EXP 	Device response: <KeyPress from None: t=51.92851166699984, value=right, duration=None>
51.9462 	EXP 	fixation: autoDraw = False
51.9462 	EXP 	grating: autoDraw = False
51.9462 	EXP 	grating: ori = np.float64(-1.0)
51.9462 	EXP 	fixation: autoDraw = True
52.0206 	EXP 	Device response: <KeyPress from None: t=51.92851166699984, value=right, duration=0.0843447080005717>
52.4363 	INFO 	Keyboard events cleared
52.4360 	EXP 	grating: autoDraw = True
52.4418 	EXP 	fixation: autoDraw = False
52.7231 	EXP 	grating: autoDraw = False
53.0207 	EXP 	Device response: <KeyPress from None: t=53.00837425000282, value=left, duration=None>
53.0294 	EXP 	fixation: autoDraw = False
53.0294 	EXP 	grating: autoDraw = False
53.0294 	EXP 	grating: ori = np.float64(-1.0)
53.0294 	EXP 	fixation: autoDraw = True
53.1041 	EXP 	Device response: <KeyPress from None: t=53.00837425000282, value=left, duration=0.0924093339999672>
53.5198 	INFO 	Keyboard events cleared
53.5196 	EXP 	grating: autoDraw = True
53.5252 	EXP 	fixation: autoDraw = False
53.8080 	EXP 	grating: autoDraw = False
54.1537 	EXP 	Device response: <KeyPress from None: t=54.144490167000185, value=left, duration=None>
54.1619 	EXP 	fixation: autoDraw = False
54.1619 	EXP 	grating: autoDraw = False
54.1619 	EXP 	grating: ori = np.float64(-1.0)
54.1619 	EXP 	fixation: autoDraw = True
54.2539 	EXP 	Device response: <KeyPress from None: t=54.144490167000185, value=left, duration=0.10064316699936171>
54.6527 	INFO 	Keyboard events cleared
54.6525 	EXP 	grating: autoDraw = True
54.6581 	EXP 	fixation: autoDraw = False
54.9406 	EXP 	grating: autoDraw = False
55.2409 	EXP 	Device response: <KeyPress from None: t=55.2362262500028, value=left, duration=None>
55.2514 	EXP 	fixation: autoDraw = False
55.2514 	EXP 	grating: autoDraw = False
55.2514 	EXP 	grating: ori = np.float64(-1.0)
55.2514 	EXP 	fixation: autoDraw = True
55.3379 	EXP 	Device response: <KeyPress from None: t=55.2362262500028, value=left, duration=0.09650533399690175>
55.7360 	INFO 	Keyboard events cleared
55.7358 	EXP 	grating: autoDraw = True
55.7402 	EXP 	fixation: autoDraw = False
56.0241 	EXP 	grating: autoDraw = False
56.4044 	EXP 	Device response: <KeyPress from None: t=56.39635075000115, value=left, duration=None>
56.4131 	EXP 	fixation: autoDraw = False
56.4131 	EXP 	grating: autoDraw = False
56.4131 	EXP 	grating: ori = np.float64(1.0)
56.4131 	EXP 	fixation: autoDraw = True
56.5094 	EXP 	Device response: <KeyPress from None: t=56.39635075000115, value=left, duration=0.10828829200181644>
56.9027 	INFO 	Keyboard events cleared
56.9025 	EXP 	grating: autoDraw = True
56.9080 	EXP 	fixation: autoDraw = False
57.1908 	EXP 	grating: autoDraw = False
57.4545 	EXP 	Device response: <KeyPress from None: t=57.4523635000005, value=right, duration=None>
57.4632 	EXP 	fixation: autoDraw = False
57.4632 	EXP 	grating: autoDraw = False
57.4632 	EXP 	grating: ori = np.float64(1.0)
57.4632 	EXP 	fixation: autoDraw = True
57.5878 	EXP 	Device response: <KeyPress from None: t=57.4523635000005, value=right, duration=0.12432641700070235>
57.9530 	INFO 	Keyboard events cleared
57.9527 	EXP 	grating: autoDraw = True
57.9586 	EXP 	fixation: autoDraw = False
58.2410 	EXP 	grating: autoDraw = False
58.4878 	EXP 	Device response: <KeyPress from None: t=58.48136991700085, value=right, duration=None>
58.4967 	EXP 	fixation: autoDraw = False
58.4967 	EXP 	grating: autoDraw = False
58.4967 	EXP 	grating: ori = np.float64(1.0)
58.4967 	EXP 	fixation: autoDraw = True
58.6045 	EXP 	Device response: <KeyPress from None: t=58.48136991700085, value=right, duration=0.11224212500019348>
58.9862 	INFO 	Keyboard events cleared
58.9859 	EXP 	grating: autoDraw = True
58.9914 	EXP 	fixation: autoDraw = False
59.2750 	EXP 	grating: autoDraw = False
59.6374 	EXP 	Device response: <KeyPress from None: t=59.62424779200228, value=right, duration=None>
59.6463 	EXP 	fixation: autoDraw = False
59.6463 	EXP 	grating: autoDraw = False
59.6463 	EXP 	grating: ori = np.float64(-1.0)
59.6463 	EXP 	fixation: autoDraw = True
59.7259 	EXP 	Device response: <KeyPress from None: t=59.62424779200228, value=right, duration=0.10030095799811534>
60.1363 	INFO 	Keyboard events cleared
60.1360 	EXP 	grating: autoDraw = True
60.1423 	EXP 	fixation: autoDraw = False
60.4250 	EXP 	grating: autoDraw = False
60.8040 	EXP 	Device response: <KeyPress from None: t=60.794134667001344, value=left, duration=None>
60.8129 	EXP 	fixation: autoDraw = False
60.8129 	EXP 	grating: autoDraw = False
60.8129 	EXP 	grating: ori = np.float64(-1.0)
60.8129 	EXP 	fixation: autoDraw = True
60.9044 	EXP 	Device response: <KeyPress from None: t=60.794134667001344, value=left, duration=0.10037116699822946>
61.3030 	INFO 	Keyboard events cleared
61.3028 	EXP 	grating: autoDraw = True
61.3084 	EXP 	fixation: autoDraw = False
61.5911 	EXP 	grating: autoDraw = False
61.9865 	EXP 	Device response: <KeyPress from None: t=61.98059850000209, value=left, duration=None>
61.9923 	EXP 	fixation: autoDraw = False
61.9923 	EXP 	grating: autoDraw = False
61.9923 	EXP 	grating: ori = np.float64(1.0)
61.9923 	EXP 	fixation: autoDraw = True
62.1029 	EXP 	Device response: <KeyPress from None: t=61.98059850000209, value=left, duration=0.1119429169993964>
62.4769 	INFO 	Keyboard events cleared
62.4767 	EXP 	grating: autoDraw = True
62.4858 	EXP 	fixation: autoDraw = False
62.7862 	EXP 	grating: autoDraw = False
63.1040 	EXP 	Device response: <KeyPress from None: t=63.09414475000085, value=right, duration=None>
63.1134 	EXP 	fixation: autoDraw = False
63.1134 	EXP 	grating: autoDraw = False
63.1134 	EXP 	grating: ori = np.float64(1.0)
63.1134 	EXP 	fixation: autoDraw = True
63.1595 	EXP 	Device response: <KeyPress from None: t=63.09414475000085, value=right, duration=0.06426279199877172>
63.6029 	INFO 	Keyboard events cleared
63.6027 	EXP 	grating: autoDraw = True
63.6092 	EXP 	fixation: autoDraw = False
63.8894 	EXP 	grating: autoDraw = False
64.2215 	EXP 	Device response: <KeyPress from None: t=64.21006850000049, value=right, duration=None>
64.2313 	EXP 	fixation: autoDraw = False
64.2313 	EXP 	grating: autoDraw = False
64.2313 	EXP 	grating: ori = np.float64(1.0)
64.2313 	EXP 	fixation: autoDraw = True
64.2873 	EXP 	Device response: <KeyPress from None: t=64.21006850000049, value=right, duration=0.06846212500022375>
64.7195 	INFO 	Keyboard events cleared
64.7193 	EXP 	grating: autoDraw = True
64.7255 	EXP 	fixation: autoDraw = False
65.0063 	EXP 	grating: autoDraw = False
65.2711 	EXP 	Device response: <KeyPress from None: t=65.26205775000199, value=right, duration=None>
65.2797 	EXP 	fixation: autoDraw = False
65.2797 	EXP 	grating: autoDraw = False
65.2797 	EXP 	grating: ori = np.float64(-1.0)
65.2797 	EXP 	fixation: autoDraw = True
65.3544 	EXP 	Device response: <KeyPress from None: t=65.26205775000199, value=right, duration=0.08095087499896181>
65.7696 	INFO 	Keyboard events cleared
65.7693 	EXP 	grating: autoDraw = True
65.7756 	EXP 	fixation: autoDraw = False
66.0560 	EXP 	grating: autoDraw = False
66.3377 	EXP 	Device response: <KeyPress from None: t=66.33026712500214, value=left, duration=None>
66.3471 	EXP 	fixation: autoDraw = False
66.3471 	EXP 	grating: autoDraw = False
66.3471 	EXP 	grating: ori = np.float64(-1.0)
66.3471 	EXP 	fixation: autoDraw = True
66.4374 	EXP 	Device response: <KeyPress from None: t=66.33026712500214, value=left, duration=0.10000970900000539>
66.8360 	INFO 	Keyboard events cleared
66.8357 	EXP 	grating: autoDraw = True
66.8419 	EXP 	fixation: autoDraw = False
67.1241 	EXP 	grating: autoDraw = False
67.4712 	EXP 	Device response: <KeyPress from None: t=67.46204262500032, value=left, duration=None>
67.4805 	EXP 	fixation: autoDraw = False
67.4805 	EXP 	grating: autoDraw = False
67.4805 	EXP 	grating: ori = np.float64(-1.0)
67.4805 	EXP 	fixation: autoDraw = True
67.5872 	EXP 	Device response: <KeyPress from None: t=67.46204262500032, value=left, duration=0.116193417001341>
67.9698 	INFO 	Keyboard events cleared
67.9694 	EXP 	grating: autoDraw = True
67.9758 	EXP 	fixation: autoDraw = False
68.2571 	EXP 	grating: autoDraw = False
68.5375 	EXP 	Device response: <KeyPress from None: t=68.52897475000282, value=left, duration=None>
68.5461 	EXP 	fixation: autoDraw = False
68.5461 	EXP 	grating: autoDraw = False
68.5461 	EXP 	grating: ori = np.float64(-1.0)
68.5461 	EXP 	fixation: autoDraw = True
68.6545 	EXP 	Device response: <KeyPress from None: t=68.52897475000282, value=left, duration=0.12032858399834367>
69.0359 	INFO 	Keyboard events cleared
69.0357 	EXP 	grating: autoDraw = True
69.0412 	EXP 	fixation: autoDraw = False
69.3243 	EXP 	grating: autoDraw = False
69.6873 	EXP 	Device response: <KeyPress from None: t=69.68095333400197, value=left, duration=None>
69.6965 	EXP 	fixation: autoDraw = False
69.6965 	EXP 	grating: autoDraw = False
69.6965 	EXP 	grating: ori = np.float64(1.0)
69.6965 	EXP 	fixation: autoDraw = True
69.7925 	EXP 	Device response: <KeyPress from None: t=69.68095333400197, value=left, duration=0.10828562499955297>
70.1861 	INFO 	Keyboard events cleared
70.1858 	EXP 	grating: autoDraw = True
70.1919 	EXP 	fixation: autoDraw = False
70.4747 	EXP 	grating: autoDraw = False
70.6209 	EXP 	Device response: <KeyPress from None: t=70.61891154200202, value=right, duration=None>
70.6302 	EXP 	fixation: autoDraw = False
70.6302 	EXP 	grating: autoDraw = False
70.6302 	EXP 	grating: ori = np.float64(-1.0)
70.6302 	EXP 	fixation: autoDraw = True
70.7210 	EXP 	Device response: <KeyPress from None: t=70.61891154200202, value=right, duration=0.09635612499914714>
71.1196 	INFO 	Keyboard events cleared
71.1193 	EXP 	grating: autoDraw = True
71.1253 	EXP 	fixation: autoDraw = False
71.4082 	EXP 	grating: autoDraw = False
71.6584 	EXP 	Device response: <KeyPress from None: t=71.65698975000123, value=left, duration=None>
71.6692 	EXP 	fixation: autoDraw = False
71.6692 	EXP 	grating: autoDraw = False
71.6692 	EXP 	grating: ori = np.float64(-1.0)
71.6692 	EXP 	fixation: autoDraw = True
71.7538 	EXP 	Device response: <KeyPress from None: t=71.65698975000123, value=left, duration=0.08826416699957917>
72.1529 	INFO 	Keyboard events cleared
72.1526 	EXP 	grating: autoDraw = True
72.1585 	EXP 	fixation: autoDraw = False
72.4406 	EXP 	grating: autoDraw = False
72.6586 	EXP 	Device response: <KeyPress from None: t=72.65583891700226, value=left, duration=None>
72.6679 	EXP 	fixation: autoDraw = False
72.6679 	EXP 	grating: autoDraw = False
72.6679 	EXP 	grating: ori = np.float64(-1.0)
72.6679 	EXP 	fixation: autoDraw = True
72.7712 	EXP 	Device response: <KeyPress from None: t=72.65583891700226, value=left, duration=0.10430291699958616>
73.1530 	INFO 	Keyboard events cleared
73.1527 	EXP 	grating: autoDraw = True
73.1591 	EXP 	fixation: autoDraw = False
73.4390 	EXP 	grating: autoDraw = False
73.6547 	EXP 	Device response: <KeyPress from None: t=73.64888316700308, value=left, duration=None>
73.6644 	EXP 	fixation: autoDraw = False
73.6644 	EXP 	grating: autoDraw = False
73.6644 	EXP 	grating: ori = np.float64(-1.0)
73.6644 	EXP 	fixation: autoDraw = True
73.7586 	EXP 	Device response: <KeyPress from None: t=73.64888316700308, value=left, duration=0.10428904199943645>
74.1528 	INFO 	Keyboard events cleared
74.1526 	EXP 	grating: autoDraw = True
74.1583 	EXP 	fixation: autoDraw = False
74.4416 	EXP 	grating: autoDraw = False
74.7213 	EXP 	Device response: <KeyPress from None: t=74.7087082500002, value=left, duration=None>
74.7310 	EXP 	fixation: autoDraw = False
74.7310 	EXP 	grating: autoDraw = False
74.7310 	EXP 	grating: ori = np.float64(-1.0)
74.7310 	EXP 	fixation: autoDraw = True
74.8210 	EXP 	Device response: <KeyPress from None: t=74.7087082500002, value=left, duration=0.10527312500198605>
75.2196 	INFO 	Keyboard events cleared
75.2193 	EXP 	grating: autoDraw = True
75.2255 	EXP 	fixation: autoDraw = False
75.5065 	EXP 	grating: autoDraw = False
75.7378 	EXP 	Device response: <KeyPress from None: t=75.73477483399984, value=left, duration=None>
75.7472 	EXP 	fixation: autoDraw = False
75.7472 	EXP 	grating: autoDraw = False
75.7472 	EXP 	grating: ori = np.float64(1.0)
75.7472 	EXP 	fixation: autoDraw = True
75.8712 	EXP 	Device response: <KeyPress from None: t=75.73477483399984, value=left, duration=0.1283925830030057>
76.2362 	INFO 	Keyboard events cleared
76.2359 	EXP 	grating: autoDraw = True
76.2420 	EXP 	fixation: autoDraw = False
76.5247 	EXP 	grating: autoDraw = False
76.7045 	EXP 	Device response: <KeyPress from None: t=76.69283587500104, value=right, duration=None>
76.7140 	EXP 	fixation: autoDraw = False
76.7140 	EXP 	grating: autoDraw = False
76.7140 	EXP 	grating: ori = np.float64(1.0)
76.7140 	EXP 	fixation: autoDraw = True
76.8084 	EXP 	Device response: <KeyPress from None: t=76.69283587500104, value=right, duration=0.11227295899880119>
77.2028 	INFO 	Keyboard events cleared
77.2026 	EXP 	grating: autoDraw = True
77.2089 	EXP 	fixation: autoDraw = False
77.4901 	EXP 	grating: autoDraw = False
77.7371 	EXP 	Device response: <KeyPress from None: t=77.73372720900079, value=right, duration=None>
77.7470 	EXP 	fixation: autoDraw = False
77.7470 	EXP 	grating: autoDraw = False
77.7470 	EXP 	grating: ori = np.float64(-1.0)
77.7470 	EXP 	fixation: autoDraw = True
77.8379 	EXP 	Device response: <KeyPress from None: t=77.73372720900079, value=right, duration=0.09233170800143853>
78.2363 	INFO 	Keyboard events cleared
78.2361 	EXP 	grating: autoDraw = True
78.2425 	EXP 	fixation: autoDraw = False
78.5244 	EXP 	grating: autoDraw = False
78.6712 	EXP 	Device response: <KeyPress from None: t=78.66072912500022, value=left, duration=None>
78.6804 	EXP 	fixation: autoDraw = False
78.6804 	EXP 	grating: autoDraw = False
78.6804 	EXP 	grating: ori = np.float64(1.0)
78.6804 	EXP 	fixation: autoDraw = True
78.7544 	EXP 	Device response: <KeyPress from None: t=78.66072912500022, value=left, duration=0.0882588750027935>
79.1694 	INFO 	Keyboard events cleared
79.1692 	EXP 	grating: autoDraw = True
79.1747 	EXP 	fixation: autoDraw = False
79.4564 	EXP 	grating: autoDraw = False
79.6709 	EXP 	Device response: <KeyPress from None: t=79.66865229200266, value=right, duration=None>
79.6798 	EXP 	fixation: autoDraw = False
79.6798 	EXP 	grating: autoDraw = False
79.6798 	EXP 	grating: ori = np.float64(-1.0)
79.6798 	EXP 	fixation: autoDraw = True
79.7539 	EXP 	Device response: <KeyPress from None: t=79.66865229200266, value=right, duration=0.07625649999681627>
80.1696 	INFO 	Keyboard events cleared
80.1693 	EXP 	grating: autoDraw = True
80.1755 	EXP 	fixation: autoDraw = False
80.4578 	EXP 	grating: autoDraw = False
80.5749 	EXP 	Device response: <KeyPress from None: t=80.57069200000115, value=left, duration=None>
80.5845 	EXP 	fixation: autoDraw = False
80.5845 	EXP 	grating: autoDraw = False
80.5845 	EXP 	grating: ori = np.float64(-1.0)
80.5845 	EXP 	fixation: autoDraw = True
80.6371 	EXP 	Device response: <KeyPress from None: t=80.57069200000115, value=left, duration=0.06429574999856413>
81.0751 	INFO 	Keyboard events cleared
81.0749 	EXP 	fixation: autoDraw = False
81.0749 	EXP 	grating: autoDraw = True
81.3732 	EXP 	grating: autoDraw = False
81.6374 	EXP 	Device response: <KeyPress from None: t=81.63259883399951, value=left, duration=None>
81.6528 	EXP 	fixation: autoDraw = False
81.6528 	EXP 	grating: autoDraw = False
81.6528 	EXP 	grating: ori = np.float64(1.0)
81.6528 	EXP 	fixation: autoDraw = True
81.7368 	EXP 	Device response: <KeyPress from None: t=81.63259883399951, value=left, duration=0.10027612500198302>
82.1363 	INFO 	Keyboard events cleared
82.1360 	EXP 	grating: autoDraw = True
82.1430 	EXP 	fixation: autoDraw = False
82.4248 	EXP 	grating: autoDraw = False
82.6547 	EXP 	Device response: <KeyPress from None: t=82.6515630419999, value=right, duration=None>
82.6646 	EXP 	fixation: autoDraw = False
82.6646 	EXP 	grating: autoDraw = False
82.6646 	EXP 	grating: ori = np.float64(1.0)
82.6646 	EXP 	fixation: autoDraw = True
82.7410 	EXP 	Device response: <KeyPress from None: t=82.6515630419999, value=right, duration=0.08839179200003855>
83.1529 	INFO 	Keyboard events cleared
83.1526 	EXP 	grating: autoDraw = True
83.1586 	EXP 	fixation: autoDraw = False
83.4407 	EXP 	grating: autoDraw = False
84.2211 	EXP 	Device response: <KeyPress from None: t=84.21750808400247, value=right, duration=None>
84.2300 	EXP 	fixation: autoDraw = False
84.2300 	EXP 	grating: autoDraw = False
84.2300 	EXP 	grating: ori = np.float64(1.0)
84.2300 	EXP 	fixation: autoDraw = True
84.3049 	EXP 	Device response: <KeyPress from None: t=84.21750808400247, value=right, duration=0.08030329099710798>
84.7193 	INFO 	Keyboard events cleared
84.7191 	EXP 	grating: autoDraw = True
84.7240 	EXP 	fixation: autoDraw = False
85.0065 	EXP 	grating: autoDraw = False
85.2691 	EXP 	Device response: <KeyPress from None: t=85.2625142500001, value=right, duration=None>
85.2754 	EXP 	fixation: autoDraw = False
85.2754 	EXP 	grating: autoDraw = False
85.2754 	EXP 	grating: ori = np.float64(1.0)
85.2754 	EXP 	fixation: autoDraw = True
85.3536 	EXP 	Device response: <KeyPress from None: t=85.2625142500001, value=right, duration=0.08832462500140537>
85.7600 	INFO 	Keyboard events cleared
85.7597 	EXP 	grating: autoDraw = True
85.7691 	EXP 	fixation: autoDraw = False
86.0573 	EXP 	grating: autoDraw = False
86.2249 	EXP 	Device response: <KeyPress from None: t=86.2215790420014, value=left, duration=None>
86.2344 	EXP 	fixation: autoDraw = False
86.2344 	EXP 	grating: autoDraw = False
86.2344 	EXP 	grating: ori = np.float64(1.5)
86.2344 	EXP 	fixation: autoDraw = True
86.3427 	EXP 	Device response: <KeyPress from None: t=86.2215790420014, value=left, duration=0.11621729200123809>
86.7250 	INFO 	Keyboard events cleared
86.7247 	EXP 	fixation: autoDraw = False
86.7247 	EXP 	grating: autoDraw = True
87.0192 	EXP 	grating: autoDraw = False
87.1585 	EXP 	Device response: <KeyPress from None: t=87.15343337500235, value=right, duration=None>
87.1680 	EXP 	fixation: autoDraw = False
87.1680 	EXP 	grating: autoDraw = False
87.1680 	EXP 	grating: ori = np.float64(1.5)
87.1680 	EXP 	fixation: autoDraw = True
87.3036 	EXP 	Device response: <KeyPress from None: t=87.15343337500235, value=right, duration=0.1404133340001863>
87.6593 	INFO 	Keyboard events cleared
87.6591 	EXP 	fixation: autoDraw = False
87.6591 	EXP 	grating: autoDraw = True
87.9577 	EXP 	grating: autoDraw = False
88.1376 	EXP 	Device response: <KeyPress from None: t=88.13543583399951, value=right, duration=None>
88.1465 	EXP 	fixation: autoDraw = False
88.1465 	EXP 	grating: autoDraw = False
88.1465 	EXP 	grating: ori = np.float64(1.5)
88.1465 	EXP 	fixation: autoDraw = True
88.2876 	EXP 	Device response: <KeyPress from None: t=88.13543583399951, value=right, duration=0.14441400000214344>
88.6362 	INFO 	Keyboard events cleared
88.6360 	EXP 	grating: autoDraw = True
88.6407 	EXP 	fixation: autoDraw = False
88.9234 	EXP 	grating: autoDraw = False
89.2249 	EXP 	Device response: <KeyPress from None: t=89.22333716700086, value=right, duration=None>
89.2344 	EXP 	fixation: autoDraw = False
89.2344 	EXP 	grating: autoDraw = False
89.2344 	EXP 	grating: ori = np.float64(1.0)
89.2344 	EXP 	fixation: autoDraw = True
89.3377 	EXP 	Device response: <KeyPress from None: t=89.22333716700086, value=right, duration=0.11245229199994355>
89.7193 	INFO 	Keyboard events cleared
89.7191 	EXP 	grating: autoDraw = True
89.7249 	EXP 	fixation: autoDraw = False
90.0081 	EXP 	grating: autoDraw = False
90.2374 	EXP 	Device response: <KeyPress from None: t=90.22427979200074, value=right, duration=None>
90.2464 	EXP 	fixation: autoDraw = False
90.2464 	EXP 	grating: autoDraw = False
90.2464 	EXP 	grating: ori = np.float64(-1.0)
90.2464 	EXP 	fixation: autoDraw = True
90.3590 	EXP 	Device response: <KeyPress from None: t=90.22427979200074, value=right, duration=0.1324420419987291>
90.7362 	INFO 	Keyboard events cleared
90.7359 	EXP 	grating: autoDraw = True
90.7421 	EXP 	fixation: autoDraw = False
91.0246 	EXP 	grating: autoDraw = False
91.3377 	EXP 	Device response: <KeyPress from None: t=91.3293055000031, value=left, duration=None>
91.3470 	EXP 	fixation: autoDraw = False
91.3470 	EXP 	grating: autoDraw = False
91.3470 	EXP 	grating: ori = np.float64(1.0)
91.3470 	EXP 	fixation: autoDraw = True
91.4426 	EXP 	Device response: <KeyPress from None: t=91.3293055000031, value=left, duration=0.10824829199918895>
91.8359 	INFO 	Keyboard events cleared
91.8357 	EXP 	grating: autoDraw = True
91.8412 	EXP 	fixation: autoDraw = False
92.1239 	EXP 	grating: autoDraw = False
92.2376 	EXP 	Device response: <KeyPress from None: t=92.23519241699978, value=right, duration=None>
92.2465 	EXP 	fixation: autoDraw = False
92.2465 	EXP 	grating: autoDraw = False
92.2465 	EXP 	grating: ori = np.float64(1.0)
92.2465 	EXP 	fixation: autoDraw = True
92.3712 	EXP 	Device response: <KeyPress from None: t=92.23519241699978, value=right, duration=0.12448112499987474>
92.7362 	INFO 	Keyboard events cleared
92.7359 	EXP 	grating: autoDraw = True
92.7418 	EXP 	fixation: autoDraw = False
93.0245 	EXP 	grating: autoDraw = False
93.2372 	EXP 	Device response: <KeyPress from None: t=93.23322154200287, value=right, duration=None>
93.2465 	EXP 	fixation: autoDraw = False
93.2465 	EXP 	grating: autoDraw = False
93.2465 	EXP 	grating: ori = np.float64(1.0)
93.2465 	EXP 	fixation: autoDraw = True
93.2869 	EXP 	Device response: <KeyPress from None: t=93.23322154200287, value=right, duration=0.048351416997320484>
93.7361 	INFO 	Keyboard events cleared
93.7358 	EXP 	grating: autoDraw = True
93.7421 	EXP 	fixation: autoDraw = False
94.0238 	EXP 	grating: autoDraw = False
94.1710 	EXP 	Device response: <KeyPress from None: t=94.15929329200299, value=right, duration=None>
94.1801 	EXP 	fixation: autoDraw = False
94.1801 	EXP 	grating: autoDraw = False
94.1801 	EXP 	grating: ori = np.float64(1.0)
94.1801 	EXP 	fixation: autoDraw = True
94.2593 	EXP 	Device response: <KeyPress from None: t=94.15929329200299, value=right, duration=0.09629970799869625>
94.6695 	INFO 	Keyboard events cleared
94.6692 	EXP 	grating: autoDraw = True
94.6751 	EXP 	fixation: autoDraw = False
94.9573 	EXP 	grating: autoDraw = False
95.0917 	EXP 	Device response: <KeyPress from None: t=95.08914133399958, value=right, duration=None>
95.1011 	EXP 	fixation: autoDraw = False
95.1011 	EXP 	grating: autoDraw = False
95.1011 	EXP 	grating: ori = np.float64(-1.0)
95.1011 	EXP 	fixation: autoDraw = True
95.2043 	EXP 	Device response: <KeyPress from None: t=95.08914133399958, value=right, duration=0.11236908300270443>
95.5862 	INFO 	Keyboard events cleared
95.5859 	EXP 	grating: autoDraw = True
95.5920 	EXP 	fixation: autoDraw = False
95.8735 	EXP 	grating: autoDraw = False
96.2197 	EXP 	Device response: <KeyPress from None: t=96.21211654200306, value=left, duration=None>
96.2263 	EXP 	fixation: autoDraw = False
96.2263 	EXP 	grating: autoDraw = False
96.2263 	EXP 	grating: ori = np.float64(-1.0)
96.2263 	EXP 	fixation: autoDraw = True
96.3035 	EXP 	Device response: <KeyPress from None: t=96.21211654200306, value=left, duration=0.08033845799945993>
96.7099 	INFO 	Keyboard events cleared
96.7097 	EXP 	grating: autoDraw = True
96.7191 	EXP 	fixation: autoDraw = False
97.0065 	EXP 	grating: autoDraw = False
97.4037 	EXP 	Device response: <KeyPress from None: t=97.39413304200207, value=left, duration=None>
97.4128 	EXP 	fixation: autoDraw = False
97.4128 	EXP 	grating: autoDraw = False
97.4128 	EXP 	grating: ori = np.float64(-1.0)
97.4128 	EXP 	fixation: autoDraw = True
97.5036 	EXP 	Device response: <KeyPress from None: t=97.39413304200207, value=left, duration=0.10031687499940745>
97.9029 	INFO 	Keyboard events cleared
97.9026 	EXP 	grating: autoDraw = True
97.9093 	EXP 	fixation: autoDraw = False
98.1901 	EXP 	grating: autoDraw = False
98.3036 	EXP 	Device response: <KeyPress from None: t=98.29235683400111, value=right, duration=None>
98.3103 	EXP 	fixation: autoDraw = False
98.3103 	EXP 	grating: autoDraw = False
98.3103 	EXP 	grating: ori = np.float64(1.5)
98.3103 	EXP 	fixation: autoDraw = True
98.4026 	EXP 	Device response: <KeyPress from None: t=98.29235683400111, value=right, duration=0.10005987499971525>
98.8032 	INFO 	Keyboard events cleared
98.8029 	EXP 	grating: autoDraw = True
98.8101 	EXP 	fixation: autoDraw = False
99.0914 	EXP 	grating: autoDraw = False
99.3549 	EXP 	Device response: <KeyPress from None: t=99.34907266700247, value=right, duration=None>
99.3648 	EXP 	fixation: autoDraw = False
99.3648 	EXP 	grating: autoDraw = False
99.3648 	EXP 	grating: ori = np.float64(-1.5)
99.3648 	EXP 	fixation: autoDraw = True
99.4425 	EXP 	Device response: <KeyPress from None: t=99.34907266700247, value=right, duration=0.09234683300019242>
99.8527 	INFO 	Keyboard events cleared
99.8524 	EXP 	grating: autoDraw = True
99.8582 	EXP 	fixation: autoDraw = False
100.1414 	EXP 	grating: autoDraw = False
100.4871 	EXP 	Device response: <KeyPress from None: t=100.47800212500078, value=right, duration=None>
100.4960 	EXP 	fixation: autoDraw = False
100.4960 	EXP 	grating: autoDraw = False
100.4960 	EXP 	grating: ori = np.float64(-2.0)
100.4960 	EXP 	fixation: autoDraw = True
100.5892 	EXP 	Device response: <KeyPress from None: t=100.47800212500078, value=right, duration=0.10841941699982272>
100.9862 	INFO 	Keyboard events cleared
100.9860 	EXP 	grating: autoDraw = True
100.9919 	EXP 	fixation: autoDraw = False
101.2744 	EXP 	grating: autoDraw = False
101.6415 	EXP 	Device response: <KeyPress from None: t=101.63703154200266, value=right, duration=None>
101.6510 	EXP 	fixation: autoDraw = False
101.6510 	EXP 	grating: autoDraw = False
101.6510 	EXP 	grating: ori = np.float64(2.5)
101.6510 	EXP 	fixation: autoDraw = True
101.7543 	EXP 	Device response: <KeyPress from None: t=101.63703154200266, value=right, duration=0.11222274999818183>
102.1424 	INFO 	Keyboard events cleared
102.1422 	EXP 	fixation: autoDraw = False
102.1422 	EXP 	grating: autoDraw = True
102.4408 	EXP 	grating: autoDraw = False
102.7377 	EXP 	Device response: <KeyPress from None: t=102.73092675000225, value=right, duration=None>
102.7461 	EXP 	fixation: autoDraw = False
102.7461 	EXP 	grating: autoDraw = False
102.7461 	EXP 	grating: ori = np.float64(-2.5)
102.7461 	EXP 	fixation: autoDraw = True
102.8258 	EXP 	Device response: <KeyPress from None: t=102.73092675000225, value=right, duration=0.09240412500003004>
103.2363 	INFO 	Keyboard events cleared
103.2360 	EXP 	grating: autoDraw = True
103.2422 	EXP 	fixation: autoDraw = False
103.5240 	EXP 	grating: autoDraw = False
104.2922 	EXP 	Device response: <KeyPress from None: t=104.28932383400024, value=right, duration=None>
104.3011 	EXP 	fixation: autoDraw = False
104.3011 	EXP 	grating: autoDraw = False
104.3011 	EXP 	grating: ori = np.float64(3.0)
104.3011 	EXP 	fixation: autoDraw = True
104.4044 	EXP 	Device response: <KeyPress from None: t=104.28932383400024, value=right, duration=0.10796858300091117>
104.7927 	INFO 	Keyboard events cleared
104.7925 	EXP 	fixation: autoDraw = False
104.7925 	EXP 	grating: autoDraw = True
105.0907 	EXP 	grating: autoDraw = False
105.3709 	EXP 	Device response: <KeyPress from None: t=105.36585191700215, value=right, duration=None>
105.3797 	EXP 	fixation: autoDraw = False
105.3797 	EXP 	grating: autoDraw = False
105.3797 	EXP 	grating: ori = np.float64(-3.0)
105.3797 	EXP 	fixation: autoDraw = True
105.4923 	EXP 	Device response: <KeyPress from None: t=105.36585191700215, value=right, duration=0.12031866699908278>
105.8696 	INFO 	Keyboard events cleared
105.8693 	EXP 	grating: autoDraw = True
105.8754 	EXP 	fixation: autoDraw = False
106.1558 	EXP 	grating: autoDraw = False
106.3036 	EXP 	Device response: <KeyPress from None: t=106.29493916700085, value=left, duration=None>
106.3122 	EXP 	fixation: autoDraw = False
106.3122 	EXP 	grating: autoDraw = False
106.3122 	EXP 	grating: ori = np.float64(3.0)
106.3122 	EXP 	fixation: autoDraw = True
106.4098 	EXP 	Device response: <KeyPress from None: t=106.29493916700085, value=left, duration=0.108366708001995>
106.8028 	INFO 	Keyboard events cleared
106.8025 	EXP 	grating: autoDraw = True
106.8086 	EXP 	fixation: autoDraw = False
107.0908 	EXP 	grating: autoDraw = False
107.2034 	EXP 	Device response: <KeyPress from None: t=107.19488812500276, value=right, duration=None>
107.2120 	EXP 	fixation: autoDraw = False
107.2120 	EXP 	grating: autoDraw = False
107.2120 	EXP 	grating: ori = np.float64(-2.5)
107.2120 	EXP 	fixation: autoDraw = True
107.3203 	EXP 	Device response: <KeyPress from None: t=107.19488812500276, value=right, duration=0.12040758399962215>
107.7027 	INFO 	Keyboard events cleared
107.7025 	EXP 	grating: autoDraw = True
107.7085 	EXP 	fixation: autoDraw = False
107.9911 	EXP 	grating: autoDraw = False
108.0871 	EXP 	Device response: <KeyPress from None: t=108.07781633400009, value=left, duration=None>
108.0957 	EXP 	fixation: autoDraw = False
108.0957 	EXP 	grating: autoDraw = False
108.0957 	EXP 	grating: ori = np.float64(2.5)
108.0957 	EXP 	fixation: autoDraw = True
108.2040 	EXP 	Device response: <KeyPress from None: t=108.07781633400009, value=left, duration=0.11225625000224682>
108.5860 	INFO 	Keyboard events cleared
108.5858 	EXP 	grating: autoDraw = True
108.5915 	EXP 	fixation: autoDraw = False
108.8860 	EXP 	grating: autoDraw = False
108.9872 	EXP 	Device response: <KeyPress from None: t=108.97480537500087, value=right, duration=None>
108.9965 	EXP 	fixation: autoDraw = False
108.9965 	EXP 	grating: autoDraw = False
108.9965 	EXP 	grating: ori = np.float64(-2.5)
108.9965 	EXP 	fixation: autoDraw = True
109.1043 	EXP 	Device response: <KeyPress from None: t=108.97480537500087, value=right, duration=0.1204108339989034>
109.4860 	INFO 	Keyboard events cleared
109.4858 	EXP 	grating: autoDraw = True
109.4916 	EXP 	fixation: autoDraw = False
109.7741 	EXP 	grating: autoDraw = False
109.8582 	EXP 	Device response: <KeyPress from None: t=109.85287170900119, value=left, duration=None>
109.8679 	EXP 	fixation: autoDraw = False
109.8679 	EXP 	grating: autoDraw = False
109.8679 	EXP 	grating: ori = np.float64(-2.0)
109.8679 	EXP 	fixation: autoDraw = True
109.9712 	EXP 	Device response: <KeyPress from None: t=109.85287170900119, value=left, duration=0.10824008300187415>
110.3529 	INFO 	Keyboard events cleared
110.3526 	EXP 	grating: autoDraw = True
110.3589 	EXP 	fixation: autoDraw = False
110.6412 	EXP 	grating: autoDraw = False
110.7915 	EXP 	Device response: <KeyPress from None: t=110.78964783400079, value=left, duration=None>
110.8010 	EXP 	fixation: autoDraw = False
110.8010 	EXP 	grating: autoDraw = False
110.8010 	EXP 	grating: ori = np.float64(-2.0)
110.8010 	EXP 	fixation: autoDraw = True
110.9211 	EXP 	Device response: <KeyPress from None: t=110.78964783400079, value=left, duration=0.12052191600014339>
111.2861 	INFO 	Keyboard events cleared
111.2858 	EXP 	grating: autoDraw = True
111.2919 	EXP 	fixation: autoDraw = False
111.5730 	EXP 	grating: autoDraw = False
112.0583 	EXP 	Device response: <KeyPress from None: t=112.05697883399989, value=left, duration=None>
112.0692 	EXP 	fixation: autoDraw = False
112.0692 	EXP 	grating: autoDraw = False
112.0692 	EXP 	grating: ori = np.float64(2.0)
112.0692 	EXP 	fixation: autoDraw = True
112.1706 	EXP 	Device response: <KeyPress from None: t=112.05697883399989, value=left, duration=0.10432425000180956>
112.5532 	INFO 	Keyboard events cleared
112.5528 	EXP 	grating: autoDraw = True
112.5596 	EXP 	fixation: autoDraw = False
112.8398 	EXP 	grating: autoDraw = False
112.9539 	EXP 	Device response: <KeyPress from None: t=112.94180091700036, value=right, duration=None>
112.9633 	EXP 	fixation: autoDraw = False
112.9633 	EXP 	grating: autoDraw = False
112.9633 	EXP 	grating: ori = np.float64(1.5)
112.9633 	EXP 	fixation: autoDraw = True
113.0759 	EXP 	Device response: <KeyPress from None: t=112.94180091700036, value=right, duration=0.13218045800022082>
113.4529 	INFO 	Keyboard events cleared
113.4526 	EXP 	grating: autoDraw = True
113.4592 	EXP 	fixation: autoDraw = False
113.7413 	EXP 	grating: autoDraw = False
113.9372 	EXP 	Device response: <KeyPress from None: t=113.93076958399979, value=right, duration=None>
113.9469 	EXP 	fixation: autoDraw = False
113.9469 	EXP 	grating: autoDraw = False
113.9469 	EXP 	grating: ori = np.float64(-1.5)
113.9469 	EXP 	fixation: autoDraw = True
114.0210 	EXP 	Device response: <KeyPress from None: t=113.93076958399979, value=right, duration=0.08423716600009357>
114.4361 	INFO 	Keyboard events cleared
114.4359 	EXP 	grating: autoDraw = True
114.4423 	EXP 	fixation: autoDraw = False
114.7246 	EXP 	grating: autoDraw = False
114.9039 	EXP 	Device response: <KeyPress from None: t=114.89665970900023, value=right, duration=None>
114.9131 	EXP 	fixation: autoDraw = False
114.9131 	EXP 	grating: autoDraw = False
114.9131 	EXP 	grating: ori = np.float64(2.0)
114.9131 	EXP 	fixation: autoDraw = True
114.9539 	EXP 	Device response: <KeyPress from None: t=114.89665970900023, value=right, duration=0.04430908300128067>
115.4028 	INFO 	Keyboard events cleared
115.4025 	EXP 	grating: autoDraw = True
115.4087 	EXP 	fixation: autoDraw = False
115.6913 	EXP 	grating: autoDraw = False
115.8211 	EXP 	Device response: <KeyPress from None: t=115.81369933400129, value=right, duration=None>
115.8314 	EXP 	fixation: autoDraw = False
115.8314 	EXP 	grating: autoDraw = False
115.8314 	EXP 	grating: ori = np.float64(2.0)
115.8314 	EXP 	fixation: autoDraw = True
115.9086 	EXP 	Device response: <KeyPress from None: t=115.81369933400129, value=right, duration=0.0926877499987313>
116.3193 	INFO 	Keyboard events cleared
116.3191 	EXP 	grating: autoDraw = True
116.3248 	EXP 	fixation: autoDraw = False
116.6073 	EXP 	grating: autoDraw = False
116.7710 	EXP 	Device response: <KeyPress from None: t=116.76753470900076, value=right, duration=None>
116.7816 	EXP 	fixation: autoDraw = False
116.7816 	EXP 	grating: autoDraw = False
116.7816 	EXP 	grating: ori = np.float64(-2.0)
116.7816 	EXP 	fixation: autoDraw = True
116.8421 	EXP 	Device response: <KeyPress from None: t=116.76753470900076, value=right, duration=0.07245025000156602>
117.2693 	INFO 	Keyboard events cleared
117.2690 	EXP 	grating: autoDraw = True
117.2746 	EXP 	fixation: autoDraw = False
117.5580 	EXP 	grating: autoDraw = False
117.8033 	EXP 	Device response: <KeyPress from None: t=117.79959554200104, value=left, duration=None>
117.8124 	EXP 	fixation: autoDraw = False
117.8124 	EXP 	grating: autoDraw = False
117.8124 	EXP 	grating: ori = np.float64(1.5)
117.8124 	EXP 	fixation: autoDraw = True
117.9036 	EXP 	Device response: <KeyPress from None: t=117.79959554200104, value=left, duration=0.09228729200185626>
118.3027 	INFO 	Keyboard events cleared
118.3025 	EXP 	grating: autoDraw = True
118.3085 	EXP 	fixation: autoDraw = False
118.5911 	EXP 	grating: autoDraw = False
118.8043 	EXP 	Device response: <KeyPress from None: t=118.79646862500158, value=right, duration=None>
118.8144 	EXP 	fixation: autoDraw = False
118.8144 	EXP 	grating: autoDraw = False
118.8144 	EXP 	grating: ori = np.float64(-1.5)
118.8144 	EXP 	fixation: autoDraw = True
118.9047 	EXP 	Device response: <KeyPress from None: t=118.79646862500158, value=right, duration=0.1044922500004759>
119.3027 	INFO 	Keyboard events cleared
119.3024 	EXP 	grating: autoDraw = True
119.3080 	EXP 	fixation: autoDraw = False
119.5912 	EXP 	grating: autoDraw = False
119.7209 	EXP 	Device response: <KeyPress from None: t=119.71461012500004, value=left, duration=None>
119.7298 	EXP 	fixation: autoDraw = False
119.7298 	EXP 	grating: autoDraw = False
119.7298 	EXP 	grating: ori = np.float64(-1.5)
119.7298 	EXP 	fixation: autoDraw = True
119.8376 	EXP 	Device response: <KeyPress from None: t=119.71461012500004, value=left, duration=0.11625662500227918>
120.2197 	INFO 	Keyboard events cleared
120.2194 	EXP 	grating: autoDraw = True
120.2258 	EXP 	fixation: autoDraw = False
120.5070 	EXP 	grating: autoDraw = False
120.8414 	EXP 	Device response: <KeyPress from None: t=120.83848129200123, value=left, duration=None>
120.8510 	EXP 	fixation: autoDraw = False
120.8510 	EXP 	grating: autoDraw = False
120.8510 	EXP 	grating: ori = np.float64(1.0)
120.8510 	EXP 	fixation: autoDraw = True
120.9257 	EXP 	Device response: <KeyPress from None: t=120.83848129200123, value=left, duration=0.08433024999976624>
121.3363 	INFO 	Keyboard events cleared
121.3359 	EXP 	grating: autoDraw = True
121.3422 	EXP 	fixation: autoDraw = False
121.6229 	EXP 	grating: autoDraw = False
121.8042 	EXP 	Device response: <KeyPress from None: t=121.79544533400258, value=right, duration=None>
121.8131 	EXP 	fixation: autoDraw = False
121.8131 	EXP 	grating: autoDraw = False
121.8131 	EXP 	grating: ori = np.float64(1.0)
121.8131 	EXP 	fixation: autoDraw = True
121.9044 	EXP 	Device response: <KeyPress from None: t=121.79544533400258, value=right, duration=0.0962534999998752>
122.3024 	INFO 	Keyboard events cleared
122.3021 	EXP 	grating: autoDraw = True
122.3076 	EXP 	fixation: autoDraw = False
122.5911 	EXP 	grating: autoDraw = False
122.8092 	EXP 	Device response: <KeyPress from None: t=122.80641791699964, value=right, duration=None>
122.8179 	EXP 	fixation: autoDraw = False
122.8179 	EXP 	grating: autoDraw = False
122.8181 	EXP 	adaptive staircase procedure : status = STOPPED
122.8499 	INFO 	saved data to '/Users/tiaragajjar/Desktop/data/KARAN_adaptive staircase procedure _2025-08-31_14h41.18.301.csv'
122.8526 	INFO 	saved data to /Users/tiaragajjar/Desktop/data/KARAN_adaptive staircase procedure _2025-08-31_14h41.18.301.psydat
123.3002 	WARNING 	Stopping key buffers but this could be dangerous ifother keyboards rely on the same.
123.3011 	WARNING 	Stopping key buffers but this could be dangerous ifother keyboards rely on the same.
