31.4424 	WARNING 	Font Manager failed to load file /System/Library/PrivateFrameworks/FontServices.framework/Resources/Reserved/PingFangUI.ttc
31.7057 	WARNING 	Font Manager failed to load file /System/Library/PrivateFrameworks/FontServices.framework/Resources/Reserved/PingFangUI.ttc
53.7193 	INFO 	Loaded monitor calibration from ['2025_08_07 12:17']
53.7980 	WARNING 	User requested fullscreen with size [1024  768], but screen is actually [1440, 900]. Using actual size
54.2642 	INFO 	Using renderer 'Apple M2' for graphics
54.2642 	INFO 	OpenGL version supported by driver is 2..
54.3791 	EXP 	Created window1 = Window(allowGUI=False, allowStencil=False, autoLog=True, backendConf=UNKNOWN, backgroundFit=<method-wrapper '__getattribute__' of attributeSetter object at 0x156a317e0>, backgroundImage=<method-wrapper '__getattribute__' of attributeSetter object at 0x156a31780>, bitsMode=UNKNOWN, blendMode='avg', bpc=(8, 8, 8), color=array([0, 0, 0]), colorSpace='rgb', depthBits=8, fullscr=True, gamma=None, gammaErrorPolicy='raise', infoMsg=UNKNOWN, lms=UNKNOWN, monitor=<psychopy.monitors.calibTools.Monitor object at 0x1569e6b30>, multiSample=False, name='window1', numSamples=2, pos=[np.float64(0.0), np.float64(0.0)], screen=0, size=array([2880, 1800]), stencilBits=0, stereo=False, title='PsychoPy', units='height', useFBO=True, useRetina=True, viewOri=0.0, viewPos=None, viewScale=None, waitBlanking=True, winType='pyglet')
54.3794 	EXP 	window1: backgroundImage = ''
54.3794 	EXP 	window1: backgroundFit = 'none'
54.9754 	EXP 	window1: Attempting to measure frame rate of screen (0) ...
54.9754 	EXP 	window1: recordFrameIntervals = False
55.7939 	EXP 	window1: recordFrameIntervals = True
56.6436 	WARNING 	t of last frame was 27.00ms (=1/37)
56.6603 	WARNING 	Couldn't measure a consistent frame rate!
  - Is your graphics card set to sync to vertical blank?
  - Are you running other processes on your computer?

59.5203 	INFO 	keyboard.Keyboard is using ptb backend.
60.0348 	INFO 	keyboard.Keyboard is using ptb backend.
60.0351 	EXP 	delay discounting: status = STARTED
60.0667 	EXP 	Created Fixation = ShapeStim(__class__=<class 'psychopy.visual.shape.ShapeStim'>, anchor=('center', 'center'), autoDraw=False, autoLog=True, closeShape=True, color=method-wrapper(...), colorSpace='rgb', contrast=None, depth=0.0, draggable=False, fillColor=array([1, 1, 1]), fillColorSpace='rgb', fillRGB=array([1, 1, 1]), interpolate=True, lineColor=array([1., 1., 1.]), lineColorSpace='rgb', lineRGB=array([1, 1, 1]), lineWidth=1.0, name='Fixation', opacity=1, ori=0.0, pos=array([0., 0.]), size=array([0.5, 0.5]), units='height', vertices=ndarray(...), win=Window(...), windingRule=None)
60.0906 	EXP 	Created text = TextStim(__class__=<class 'psychopy.visual.text.TextStim'>, alignHoriz=method-wrapper(...), alignText='center', alignVert=method-wrapper(...), anchorHoriz='center', anchorVert='center', antialias=True, autoDraw=False, autoLog=True, bold=False, color=array([1., 1., 1.]), colorSpace='rgb', contrast=1.0, depth=-1.0, draggable=False, flipHoriz=False, flipVert=False, font='Arial', fontFiles=[], height=0.05, italic=False, languageStyle='LTR', name='text', opacity=1, ori=0.0, pos=array([0., 0.]), rgb=UNKNOWN, text='', units='height', win=Window(...), wrapWidth=1)
0.0890 	EXP 	Imported EXP7.xlsx as conditions, 7 conditions, 3 params
0.1056 	EXP 	New trial (rep=0, index=0): <Trial 0 (0 in rep 0) data={'reward_today': 78.0, 'future_reward': 80.0, 'delay': 162.0, 'thisN': 0, 'thisTrialN': 0, 'thisRepN': 0}>
0.1895 	WARNING 	t of last frame was 144.25ms (=1/6)
0.1895 	EXP 	text: height = np.float64(0.05)
0.1895 	EXP 	text: height = np.float64(0.05)
0.1895 	EXP 	text: height = np.float64(0.05)
0.1895 	EXP 	text: text = 'GBP78.0todayorGBP80.0after162.0days'
0.1895 	EXP 	Fixation: autoDraw = True
1.0040 	INFO 	Keyboard events cleared
1.0037 	EXP 	text: autoDraw = True
1.1878 	EXP 	Fixation: autoDraw = False
18.1917 	WARNING 	t of last frame was 20.26ms (=1/49)
19.3473 	WARNING 	t of last frame was 20.61ms (=1/48)
21.0770 	EXP 	Device response: <KeyPress from None: t=20.438018873974215, value=l, duration=None>
21.0773 	EXP 	Device response: <KeyPress from None: t=20.438018873974215, value=l, duration=0.05445674998918548>
21.0778 	EXP 	New trial (rep=0, index=1): <Trial 1 (1 in rep 0) data={'reward_today': 11.0, 'future_reward': 30.0, 'delay': 7.0, 'thisN': 1, 'thisTrialN': 1, 'thisRepN': 0}>
21.1934 	DATA 	Keypress: l
21.2393 	WARNING 	Multiple dropped frames have occurred - I'll stop bothering you about them!
21.2392 	EXP 	Fixation: autoDraw = False
21.2392 	EXP 	text: autoDraw = False
21.2392 	EXP 	text: height = np.float64(0.05)
21.2392 	EXP 	text: height = np.float64(0.05)
21.2392 	EXP 	text: height = np.float64(0.05)
21.2392 	EXP 	text: text = 'GBP11.0todayorGBP30.0after7.0days'
21.2392 	EXP 	Fixation: autoDraw = True
22.0780 	INFO 	Keyboard events cleared
22.0778 	EXP 	text: autoDraw = True
22.2374 	EXP 	Fixation: autoDraw = False
31.3925 	EXP 	Device response: <KeyPress from None: t=31.38100679096533, value=l, duration=None>
31.3976 	EXP 	New trial (rep=0, index=2): <Trial 2 (2 in rep 0) data={'reward_today': 27.0, 'future_reward': 50.0, 'delay': 21.0, 'thisN': 2, 'thisTrialN': 2, 'thisRepN': 0}>
31.4447 	DATA 	Keypress: l
31.4497 	EXP 	Fixation: autoDraw = False
31.4497 	EXP 	text: autoDraw = False
31.4497 	EXP 	text: height = np.float64(0.05)
31.4497 	EXP 	text: height = np.float64(0.05)
31.4497 	EXP 	text: height = np.float64(0.05)
31.4497 	EXP 	text: text = 'GBP27.0todayorGBP50.0after21.0days'
31.4497 	EXP 	Fixation: autoDraw = True
31.4505 	EXP 	Device response: <KeyPress from None: t=31.38100679096533, value=l, duration=0.062450458004605025>
32.3943 	INFO 	Keyboard events cleared
32.3941 	EXP 	text: autoDraw = True
32.4438 	EXP 	Fixation: autoDraw = False
37.7288 	EXP 	Device response: <KeyPress from None: t=37.72320091596339, value=l, duration=None>
37.7294 	EXP 	New trial (rep=0, index=3): <Trial 3 (3 in rep 0) data={'reward_today': 49.0, 'future_reward': 60.0, 'delay': 89.0, 'thisN': 3, 'thisTrialN': 3, 'thisRepN': 0}>
37.7450 	DATA 	Keypress: l
37.7492 	EXP 	Fixation: autoDraw = False
37.7492 	EXP 	text: autoDraw = False
37.7492 	EXP 	text: height = np.float64(0.05)
37.7492 	EXP 	text: height = np.float64(0.05)
37.7492 	EXP 	text: height = np.float64(0.05)
37.7492 	EXP 	text: text = 'GBP49.0todayorGBP60.0after89.0days'
37.7492 	EXP 	Fixation: autoDraw = True
37.7887 	EXP 	Device response: <KeyPress from None: t=37.72320091596339, value=l, duration=0.05037737503880635>
38.7287 	INFO 	Keyboard events cleared
38.7284 	EXP 	text: autoDraw = True
38.7404 	EXP 	Fixation: autoDraw = False
42.3601 	EXP 	Device response: <KeyPress from None: t=42.356044957996346, value=t, duration=None>
42.3605 	EXP 	New trial (rep=0, index=4): <Trial 4 (4 in rep 0) data={'reward_today': 15.0, 'future_reward': 35.0, 'delay': 13.0, 'thisN': 4, 'thisTrialN': 4, 'thisRepN': 0}>
42.3704 	DATA 	Keypress: t
42.3743 	EXP 	Fixation: autoDraw = False
42.3743 	EXP 	text: autoDraw = False
42.3743 	EXP 	text: height = np.float64(0.05)
42.3743 	EXP 	text: height = np.float64(0.05)
42.3743 	EXP 	text: height = np.float64(0.05)
42.3743 	EXP 	text: text = 'GBP15.0todayorGBP35.0after13.0days'
42.3743 	EXP 	Fixation: autoDraw = True
42.4090 	EXP 	Device response: <KeyPress from None: t=42.356044957996346, value=t, duration=0.05048008298035711>
43.3607 	INFO 	Keyboard events cleared
43.3604 	EXP 	text: autoDraw = True
43.3704 	EXP 	Fixation: autoDraw = False
46.6932 	EXP 	Device response: <KeyPress from None: t=46.67878895800095, value=l, duration=None>
46.6947 	EXP 	New trial (rep=0, index=5): <Trial 5 (5 in rep 0) data={'reward_today': 67.0, 'future_reward': 75.0, 'delay': 119.0, 'thisN': 5, 'thisTrialN': 5, 'thisRepN': 0}>
46.7134 	DATA 	Keypress: l
46.7213 	EXP 	Fixation: autoDraw = False
46.7213 	EXP 	text: autoDraw = False
46.7213 	EXP 	text: height = np.float64(0.05)
46.7213 	EXP 	text: height = np.float64(0.05)
46.7213 	EXP 	text: height = np.float64(0.05)
46.7213 	EXP 	text: text = 'GBP67.0todayorGBP75.0after119.0days'
46.7213 	EXP 	Fixation: autoDraw = True
46.7435 	EXP 	Device response: <KeyPress from None: t=46.67878895800095, value=l, duration=0.06251583300763741>
47.6937 	INFO 	Keyboard events cleared
47.6934 	EXP 	text: autoDraw = True
47.7086 	EXP 	Fixation: autoDraw = False
51.0487 	EXP 	Device response: <KeyPress from None: t=51.038174957968295, value=t, duration=None>
51.0500 	EXP 	New trial (rep=0, index=6): <Trial 6 (6 in rep 0) data={'reward_today': 40.0, 'future_reward': 55.0, 'delay': 62.0, 'thisN': 6, 'thisTrialN': 6, 'thisRepN': 0}>
51.0689 	DATA 	Keypress: t
51.0740 	EXP 	Fixation: autoDraw = False
51.0740 	EXP 	text: autoDraw = False
51.0740 	EXP 	text: height = np.float64(0.05)
51.0740 	EXP 	text: height = np.float64(0.05)
51.0740 	EXP 	text: height = np.float64(0.05)
51.0740 	EXP 	text: text = 'GBP40.0todayorGBP55.0after62.0days'
51.0740 	EXP 	Fixation: autoDraw = True
51.0870 	EXP 	Device response: <KeyPress from None: t=51.038174957968295, value=t, duration=0.046472207992337644>
52.0447 	INFO 	Keyboard events cleared
52.0444 	EXP 	text: autoDraw = True
52.0707 	EXP 	Fixation: autoDraw = False
57.0267 	EXP 	Device response: <KeyPress from None: t=57.01088624895783, value=t, duration=None>
57.0277 	EXP 	New trial (rep=1, index=0): <Trial 7 (0 in rep 1) data={'reward_today': 40.0, 'future_reward': 55.0, 'delay': 62.0, 'thisN': 7, 'thisTrialN': 0, 'thisRepN': 1}>
57.0342 	DATA 	Keypress: t
57.0406 	EXP 	Fixation: autoDraw = False
57.0406 	EXP 	text: autoDraw = False
57.0406 	EXP 	text: text = 'GBP40.0todayorGBP55.0after62.0days'
57.0406 	EXP 	Fixation: autoDraw = True
57.0722 	EXP 	Device response: <KeyPress from None: t=57.01088624895783, value=t, duration=0.05053616705117747>
58.0270 	INFO 	Keyboard events cleared
58.0267 	EXP 	text: autoDraw = True
58.0374 	EXP 	Fixation: autoDraw = False
61.5241 	EXP 	Device response: <KeyPress from None: t=61.50650208297884, value=t, duration=None>
61.5251 	EXP 	New trial (rep=1, index=1): <Trial 8 (1 in rep 1) data={'reward_today': 27.0, 'future_reward': 50.0, 'delay': 21.0, 'thisN': 8, 'thisTrialN': 1, 'thisRepN': 1}>
61.5395 	DATA 	Keypress: t
61.5437 	EXP 	Fixation: autoDraw = False
61.5437 	EXP 	text: autoDraw = False
61.5437 	EXP 	text: height = np.float64(0.05)
61.5437 	EXP 	text: height = np.float64(0.05)
61.5437 	EXP 	text: height = np.float64(0.05)
61.5437 	EXP 	text: text = 'GBP27.0todayorGBP50.0after21.0days'
61.5437 	EXP 	Fixation: autoDraw = True
61.5714 	EXP 	Device response: <KeyPress from None: t=61.50650208297884, value=t, duration=0.050459165999200195>
62.5208 	INFO 	Keyboard events cleared
62.5206 	EXP 	text: autoDraw = True
62.5373 	EXP 	Fixation: autoDraw = False
65.1617 	EXP 	Device response: <KeyPress from None: t=65.15555916598532, value=l, duration=None>
65.1621 	EXP 	New trial (rep=1, index=2): <Trial 9 (2 in rep 1) data={'reward_today': 67.0, 'future_reward': 75.0, 'delay': 119.0, 'thisN': 9, 'thisTrialN': 2, 'thisRepN': 1}>
65.1739 	DATA 	Keypress: l
65.1782 	EXP 	Fixation: autoDraw = False
65.1782 	EXP 	text: autoDraw = False
65.1782 	EXP 	text: height = np.float64(0.05)
65.1782 	EXP 	text: height = np.float64(0.05)
65.1782 	EXP 	text: height = np.float64(0.05)
65.1782 	EXP 	text: text = 'GBP67.0todayorGBP75.0after119.0days'
65.1782 	EXP 	Fixation: autoDraw = True
65.2260 	EXP 	Device response: <KeyPress from None: t=65.15555916598532, value=l, duration=0.06827491702279076>
66.1613 	INFO 	Keyboard events cleared
66.1611 	EXP 	text: autoDraw = True
66.1706 	EXP 	Fixation: autoDraw = False
71.7992 	EXP 	Device response: <KeyPress from None: t=71.79082083300455, value=t, duration=None>
71.8005 	EXP 	New trial (rep=1, index=3): <Trial 10 (3 in rep 1) data={'reward_today': 15.0, 'future_reward': 35.0, 'delay': 13.0, 'thisN': 10, 'thisTrialN': 3, 'thisRepN': 1}>
71.8227 	DATA 	Keypress: t
71.8273 	EXP 	Fixation: autoDraw = False
71.8273 	EXP 	text: autoDraw = False
71.8273 	EXP 	text: height = np.float64(0.05)
71.8273 	EXP 	text: height = np.float64(0.05)
71.8273 	EXP 	text: height = np.float64(0.05)
71.8273 	EXP 	text: text = 'GBP15.0todayorGBP35.0after13.0days'
71.8273 	EXP 	Fixation: autoDraw = True
71.8541 	EXP 	Device response: <KeyPress from None: t=71.79082083300455, value=t, duration=0.05841195798711851>
72.7942 	INFO 	Keyboard events cleared
72.7939 	EXP 	text: autoDraw = True
72.8257 	EXP 	Fixation: autoDraw = False
75.3805 	EXP 	Device response: <KeyPress from None: t=75.37782812397927, value=l, duration=None>
75.3812 	EXP 	New trial (rep=1, index=4): <Trial 11 (4 in rep 1) data={'reward_today': 78.0, 'future_reward': 80.0, 'delay': 162.0, 'thisN': 11, 'thisTrialN': 4, 'thisRepN': 1}>
75.3908 	DATA 	Keypress: l
75.3948 	EXP 	Fixation: autoDraw = False
75.3948 	EXP 	text: autoDraw = False
75.3948 	EXP 	text: height = np.float64(0.05)
75.3948 	EXP 	text: height = np.float64(0.05)
75.3948 	EXP 	text: height = np.float64(0.05)
75.3948 	EXP 	text: text = 'GBP78.0todayorGBP80.0after162.0days'
75.3948 	EXP 	Fixation: autoDraw = True
75.4882 	EXP 	Device response: <KeyPress from None: t=75.37782812397927, value=l, duration=0.10470795899163932>
76.3782 	INFO 	Keyboard events cleared
76.3780 	EXP 	text: autoDraw = True
76.3869 	EXP 	Fixation: autoDraw = False
79.5787 	EXP 	Device response: <KeyPress from None: t=79.5707647909876, value=t, duration=None>
79.5803 	EXP 	New trial (rep=1, index=5): <Trial 12 (5 in rep 1) data={'reward_today': 11.0, 'future_reward': 30.0, 'delay': 7.0, 'thisN': 12, 'thisTrialN': 5, 'thisRepN': 1}>
79.6004 	DATA 	Keypress: t
79.6068 	EXP 	Fixation: autoDraw = False
79.6068 	EXP 	text: autoDraw = False
79.6068 	EXP 	text: height = np.float64(0.05)
79.6068 	EXP 	text: height = np.float64(0.05)
79.6068 	EXP 	text: height = np.float64(0.05)
79.6068 	EXP 	text: text = 'GBP11.0todayorGBP30.0after7.0days'
79.6068 	EXP 	Fixation: autoDraw = True
79.6547 	EXP 	Device response: <KeyPress from None: t=79.5707647909876, value=t, duration=0.07650370796909556>
80.5782 	INFO 	Keyboard events cleared
80.5779 	EXP 	text: autoDraw = True
80.6044 	EXP 	Fixation: autoDraw = False
88.3891 	EXP 	Device response: <KeyPress from None: t=88.37190183298662, value=l, duration=None>
88.3901 	EXP 	New trial (rep=1, index=6): <Trial 13 (6 in rep 1) data={'reward_today': 49.0, 'future_reward': 60.0, 'delay': 89.0, 'thisN': 13, 'thisTrialN': 6, 'thisRepN': 1}>
88.4017 	DATA 	Keypress: l
88.4062 	EXP 	Fixation: autoDraw = False
88.4062 	EXP 	text: autoDraw = False
88.4062 	EXP 	text: height = np.float64(0.05)
88.4062 	EXP 	text: height = np.float64(0.05)
88.4062 	EXP 	text: height = np.float64(0.05)
88.4062 	EXP 	text: text = 'GBP49.0todayorGBP60.0after89.0days'
88.4062 	EXP 	Fixation: autoDraw = True
88.4374 	EXP 	Device response: <KeyPress from None: t=88.37190183298662, value=l, duration=0.06245095800841227>
89.3834 	INFO 	Keyboard events cleared
89.3833 	EXP 	text: autoDraw = True
89.4210 	EXP 	Fixation: autoDraw = False
95.6387 	EXP 	Device response: <KeyPress from None: t=95.63511870795628, value=t, duration=None>
95.6395 	EXP 	New trial (rep=2, index=0): <Trial 14 (0 in rep 2) data={'reward_today': 40.0, 'future_reward': 55.0, 'delay': 62.0, 'thisN': 14, 'thisTrialN': 0, 'thisRepN': 2}>
95.6562 	DATA 	Keypress: t
95.6604 	EXP 	Fixation: autoDraw = False
95.6604 	EXP 	text: autoDraw = False
95.6604 	EXP 	text: height = np.float64(0.05)
95.6604 	EXP 	text: height = np.float64(0.05)
95.6604 	EXP 	text: height = np.float64(0.05)
95.6604 	EXP 	text: text = 'GBP40.0todayorGBP55.0after62.0days'
95.6604 	EXP 	Fixation: autoDraw = True
95.7050 	EXP 	Device response: <KeyPress from None: t=95.63511870795628, value=t, duration=0.06242387503152713>
96.6375 	INFO 	Keyboard events cleared
96.6372 	EXP 	text: autoDraw = True
96.6540 	EXP 	Fixation: autoDraw = False
98.8565 	EXP 	Device response: <KeyPress from None: t=98.85234170797048, value=t, duration=None>
98.8573 	EXP 	New trial (rep=2, index=1): <Trial 15 (1 in rep 2) data={'reward_today': 78.0, 'future_reward': 80.0, 'delay': 162.0, 'thisN': 15, 'thisTrialN': 1, 'thisRepN': 2}>
98.8716 	DATA 	Keypress: t
98.8761 	EXP 	Fixation: autoDraw = False
98.8761 	EXP 	text: autoDraw = False
98.8761 	EXP 	text: height = np.float64(0.05)
98.8761 	EXP 	text: height = np.float64(0.05)
98.8761 	EXP 	text: height = np.float64(0.05)
98.8761 	EXP 	text: text = 'GBP78.0todayorGBP80.0after162.0days'
98.8761 	EXP 	Fixation: autoDraw = True
98.9217 	EXP 	Device response: <KeyPress from None: t=98.85234170797048, value=t, duration=0.0681483750231564>
99.8532 	INFO 	Keyboard events cleared
99.8529 	EXP 	text: autoDraw = True
99.8748 	EXP 	Fixation: autoDraw = False
104.1282 	EXP 	Device response: <KeyPress from None: t=104.12399137398461, value=t, duration=None>
104.1293 	EXP 	New trial (rep=2, index=2): <Trial 16 (2 in rep 2) data={'reward_today': 27.0, 'future_reward': 50.0, 'delay': 21.0, 'thisN': 16, 'thisTrialN': 2, 'thisRepN': 2}>
104.1470 	DATA 	Keypress: t
104.1516 	EXP 	Fixation: autoDraw = False
104.1516 	EXP 	text: autoDraw = False
104.1516 	EXP 	text: height = np.float64(0.05)
104.1516 	EXP 	text: height = np.float64(0.05)
104.1516 	EXP 	text: height = np.float64(0.05)
104.1516 	EXP 	text: text = 'GBP27.0todayorGBP50.0after21.0days'
104.1516 	EXP 	Fixation: autoDraw = True
104.1879 	EXP 	Device response: <KeyPress from None: t=104.12399137398461, value=t, duration=0.05848020897246897>
105.1267 	INFO 	Keyboard events cleared
105.1265 	EXP 	text: autoDraw = True
105.1428 	EXP 	Fixation: autoDraw = False
109.1089 	EXP 	Device response: <KeyPress from None: t=109.09204674896318, value=l, duration=None>
109.1101 	EXP 	New trial (rep=2, index=3): <Trial 17 (3 in rep 2) data={'reward_today': 67.0, 'future_reward': 75.0, 'delay': 119.0, 'thisN': 17, 'thisTrialN': 3, 'thisRepN': 2}>
109.1274 	DATA 	Keypress: l
109.1321 	EXP 	Fixation: autoDraw = False
109.1321 	EXP 	text: autoDraw = False
109.1321 	EXP 	text: height = np.float64(0.05)
109.1321 	EXP 	text: height = np.float64(0.05)
109.1321 	EXP 	text: height = np.float64(0.05)
109.1321 	EXP 	text: text = 'GBP67.0todayorGBP75.0after119.0days'
109.1321 	EXP 	Fixation: autoDraw = True
109.1710 	EXP 	Device response: <KeyPress from None: t=109.09204674896318, value=l, duration=0.07420387503225356>
110.1041 	INFO 	Keyboard events cleared
110.1038 	EXP 	text: autoDraw = True
110.1293 	EXP 	Fixation: autoDraw = False
112.5274 	EXP 	Device response: <KeyPress from None: t=112.52084470796399, value=t, duration=None>
112.5287 	EXP 	New trial (rep=2, index=4): <Trial 18 (4 in rep 2) data={'reward_today': 49.0, 'future_reward': 60.0, 'delay': 89.0, 'thisN': 18, 'thisTrialN': 4, 'thisRepN': 2}>
112.5471 	DATA 	Keypress: t
112.5515 	EXP 	Fixation: autoDraw = False
112.5515 	EXP 	text: autoDraw = False
112.5515 	EXP 	text: height = np.float64(0.05)
112.5515 	EXP 	text: height = np.float64(0.05)
112.5515 	EXP 	text: height = np.float64(0.05)
112.5515 	EXP 	text: text = 'GBP49.0todayorGBP60.0after89.0days'
112.5515 	EXP 	Fixation: autoDraw = True
112.6082 	EXP 	Device response: <KeyPress from None: t=112.52084470796399, value=t, duration=0.08424845803529024>
113.5192 	INFO 	Keyboard events cleared
113.5189 	EXP 	text: autoDraw = True
113.5422 	EXP 	Fixation: autoDraw = False
115.9198 	EXP 	Device response: <KeyPress from None: t=115.89462883298984, value=t, duration=None>
115.9227 	EXP 	New trial (rep=2, index=5): <Trial 19 (5 in rep 2) data={'reward_today': 11.0, 'future_reward': 30.0, 'delay': 7.0, 'thisN': 19, 'thisTrialN': 5, 'thisRepN': 2}>
115.9359 	DATA 	Keypress: t
115.9408 	EXP 	Fixation: autoDraw = False
115.9408 	EXP 	text: autoDraw = False
115.9408 	EXP 	text: height = np.float64(0.05)
115.9408 	EXP 	text: height = np.float64(0.05)
115.9408 	EXP 	text: height = np.float64(0.05)
115.9408 	EXP 	text: text = 'GBP11.0todayorGBP30.0after7.0days'
115.9408 	EXP 	Fixation: autoDraw = True
115.9739 	EXP 	Device response: <KeyPress from None: t=115.89462883298984, value=t, duration=0.07636245799949393>
116.9196 	INFO 	Keyboard events cleared
116.9193 	EXP 	text: autoDraw = True
116.9370 	EXP 	Fixation: autoDraw = False
118.5442 	EXP 	Device response: <KeyPress from None: t=118.5385790829896, value=l, duration=None>
118.5446 	EXP 	New trial (rep=2, index=6): <Trial 20 (6 in rep 2) data={'reward_today': 15.0, 'future_reward': 35.0, 'delay': 13.0, 'thisN': 20, 'thisTrialN': 6, 'thisRepN': 2}>
118.5567 	DATA 	Keypress: l
118.5611 	EXP 	Fixation: autoDraw = False
118.5611 	EXP 	text: autoDraw = False
118.5611 	EXP 	text: height = np.float64(0.05)
118.5611 	EXP 	text: height = np.float64(0.05)
118.5611 	EXP 	text: height = np.float64(0.05)
118.5611 	EXP 	text: text = 'GBP15.0todayorGBP35.0after13.0days'
118.5611 	EXP 	Fixation: autoDraw = True
118.6386 	EXP 	Device response: <KeyPress from None: t=118.5385790829896, value=l, duration=0.0924107909668237>
119.5440 	INFO 	Keyboard events cleared
119.5437 	EXP 	text: autoDraw = True
119.5540 	EXP 	Fixation: autoDraw = False
121.1740 	EXP 	Device response: <KeyPress from None: t=121.16261137399124, value=l, duration=None>
121.1749 	EXP 	New trial (rep=3, index=0): <Trial 21 (0 in rep 3) data={'reward_today': 15.0, 'future_reward': 35.0, 'delay': 13.0, 'thisN': 21, 'thisTrialN': 0, 'thisRepN': 3}>
121.1830 	DATA 	Keypress: l
121.1892 	EXP 	Fixation: autoDraw = False
121.1892 	EXP 	text: autoDraw = False
121.1892 	EXP 	text: text = 'GBP15.0todayorGBP35.0after13.0days'
121.1892 	EXP 	Fixation: autoDraw = True
121.2610 	EXP 	Device response: <KeyPress from None: t=121.16261137399124, value=l, duration=0.09219024999765679>
122.1707 	INFO 	Keyboard events cleared
122.1704 	EXP 	text: autoDraw = True
122.1877 	EXP 	Fixation: autoDraw = False
123.8225 	EXP 	Device response: <KeyPress from None: t=123.81555904098786, value=l, duration=None>
123.8231 	EXP 	New trial (rep=3, index=1): <Trial 22 (1 in rep 3) data={'reward_today': 78.0, 'future_reward': 80.0, 'delay': 162.0, 'thisN': 22, 'thisTrialN': 1, 'thisRepN': 3}>
123.8372 	DATA 	Keypress: l
123.8415 	EXP 	Fixation: autoDraw = False
123.8415 	EXP 	text: autoDraw = False
123.8415 	EXP 	text: height = np.float64(0.05)
123.8415 	EXP 	text: height = np.float64(0.05)
123.8415 	EXP 	text: height = np.float64(0.05)
123.8415 	EXP 	text: text = 'GBP78.0todayorGBP80.0after162.0days'
123.8415 	EXP 	Fixation: autoDraw = True
123.9221 	EXP 	Device response: <KeyPress from None: t=123.81555904098786, value=l, duration=0.10019970801658928>
124.8205 	INFO 	Keyboard events cleared
124.8203 	EXP 	text: autoDraw = True
124.8373 	EXP 	Fixation: autoDraw = False
126.4219 	EXP 	Device response: <KeyPress from None: t=126.41840220795712, value=t, duration=None>
126.4224 	EXP 	New trial (rep=3, index=2): <Trial 23 (2 in rep 3) data={'reward_today': 11.0, 'future_reward': 30.0, 'delay': 7.0, 'thisN': 23, 'thisTrialN': 2, 'thisRepN': 3}>
126.4338 	DATA 	Keypress: t
126.4381 	EXP 	Fixation: autoDraw = False
126.4381 	EXP 	text: autoDraw = False
126.4381 	EXP 	text: height = np.float64(0.05)
126.4381 	EXP 	text: height = np.float64(0.05)
126.4381 	EXP 	text: height = np.float64(0.05)
126.4381 	EXP 	text: text = 'GBP11.0todayorGBP30.0after7.0days'
126.4381 	EXP 	Fixation: autoDraw = True
126.4885 	EXP 	Device response: <KeyPress from None: t=126.41840220795712, value=t, duration=0.06433833303162828>
127.4207 	INFO 	Keyboard events cleared
127.4204 	EXP 	text: autoDraw = True
127.4370 	EXP 	Fixation: autoDraw = False
132.6281 	EXP 	Device response: <KeyPress from None: t=132.62374541600002, value=l, duration=None>
132.6296 	EXP 	New trial (rep=3, index=3): <Trial 24 (3 in rep 3) data={'reward_today': 67.0, 'future_reward': 75.0, 'delay': 119.0, 'thisN': 24, 'thisTrialN': 3, 'thisRepN': 3}>
132.6472 	DATA 	Keypress: l
132.6537 	EXP 	Fixation: autoDraw = False
132.6537 	EXP 	text: autoDraw = False
132.6537 	EXP 	text: height = np.float64(0.05)
132.6537 	EXP 	text: height = np.float64(0.05)
132.6537 	EXP 	text: height = np.float64(0.05)
132.6537 	EXP 	text: text = 'GBP67.0todayorGBP75.0after119.0days'
132.6537 	EXP 	Fixation: autoDraw = True
132.7072 	EXP 	Device response: <KeyPress from None: t=132.62374541600002, value=l, duration=0.08250654197763652>
133.6270 	INFO 	Keyboard events cleared
133.6267 	EXP 	text: autoDraw = True
133.6424 	EXP 	Fixation: autoDraw = False
138.0946 	EXP 	Device response: <KeyPress from None: t=138.09113170800265, value=t, duration=None>
138.0953 	EXP 	New trial (rep=3, index=4): <Trial 25 (4 in rep 3) data={'reward_today': 27.0, 'future_reward': 50.0, 'delay': 21.0, 'thisN': 25, 'thisTrialN': 4, 'thisRepN': 3}>
138.1073 	DATA 	Keypress: t
138.1118 	EXP 	Fixation: autoDraw = False
138.1118 	EXP 	text: autoDraw = False
138.1118 	EXP 	text: height = np.float64(0.05)
138.1118 	EXP 	text: height = np.float64(0.05)
138.1118 	EXP 	text: height = np.float64(0.05)
138.1118 	EXP 	text: text = 'GBP27.0todayorGBP50.0after21.0days'
138.1118 	EXP 	Fixation: autoDraw = True
138.1588 	EXP 	Device response: <KeyPress from None: t=138.09113170800265, value=t, duration=0.06424174999119714>
139.0943 	INFO 	Keyboard events cleared
139.0940 	EXP 	text: autoDraw = True
139.1098 	EXP 	Fixation: autoDraw = False
141.4050 	EXP 	Device response: <KeyPress from None: t=141.40296237397706, value=l, duration=None>
141.4055 	EXP 	New trial (rep=3, index=5): <Trial 26 (5 in rep 3) data={'reward_today': 40.0, 'future_reward': 55.0, 'delay': 62.0, 'thisN': 26, 'thisTrialN': 5, 'thisRepN': 3}>
141.4179 	DATA 	Keypress: l
141.4225 	EXP 	Fixation: autoDraw = False
141.4225 	EXP 	text: autoDraw = False
141.4225 	EXP 	text: height = np.float64(0.05)
141.4225 	EXP 	text: height = np.float64(0.05)
141.4225 	EXP 	text: height = np.float64(0.05)
141.4225 	EXP 	text: text = 'GBP40.0todayorGBP55.0after62.0days'
141.4225 	EXP 	Fixation: autoDraw = True
141.5010 	EXP 	Device response: <KeyPress from None: t=141.40296237397706, value=l, duration=0.09236095898086205>
142.4040 	INFO 	Keyboard events cleared
142.4038 	EXP 	text: autoDraw = True
142.4203 	EXP 	Fixation: autoDraw = False
144.2562 	EXP 	Device response: <KeyPress from None: t=144.24791074899258, value=t, duration=None>
144.2569 	EXP 	New trial (rep=3, index=6): <Trial 27 (6 in rep 3) data={'reward_today': 49.0, 'future_reward': 60.0, 'delay': 89.0, 'thisN': 27, 'thisTrialN': 6, 'thisRepN': 3}>
144.2698 	DATA 	Keypress: t
144.2745 	EXP 	Fixation: autoDraw = False
144.2745 	EXP 	text: autoDraw = False
144.2745 	EXP 	text: height = np.float64(0.05)
144.2745 	EXP 	text: height = np.float64(0.05)
144.2745 	EXP 	text: height = np.float64(0.05)
144.2745 	EXP 	text: text = 'GBP49.0todayorGBP60.0after89.0days'
144.2745 	EXP 	Fixation: autoDraw = True
144.3213 	EXP 	Device response: <KeyPress from None: t=144.24791074899258, value=t, duration=0.06438858399633318>
145.2538 	INFO 	Keyboard events cleared
145.2536 	EXP 	text: autoDraw = True
145.2703 	EXP 	Fixation: autoDraw = False
147.1723 	EXP 	Device response: <KeyPress from None: t=147.16481224895688, value=t, duration=None>
147.1729 	EXP 	New trial (rep=4, index=0): <Trial 28 (0 in rep 4) data={'reward_today': 78.0, 'future_reward': 80.0, 'delay': 162.0, 'thisN': 28, 'thisTrialN': 0, 'thisRepN': 4}>
147.1864 	DATA 	Keypress: t
147.1911 	EXP 	Fixation: autoDraw = False
147.1911 	EXP 	text: autoDraw = False
147.1911 	EXP 	text: height = np.float64(0.05)
147.1911 	EXP 	text: height = np.float64(0.05)
147.1911 	EXP 	text: height = np.float64(0.05)
147.1911 	EXP 	text: text = 'GBP78.0todayorGBP80.0after162.0days'
147.1911 	EXP 	Fixation: autoDraw = True
147.3056 	EXP 	Device response: <KeyPress from None: t=147.16481224895688, value=t, duration=0.1283364590490237>
148.1710 	INFO 	Keyboard events cleared
148.1706 	EXP 	text: autoDraw = True
148.1873 	EXP 	Fixation: autoDraw = False
149.5782 	EXP 	Device response: <KeyPress from None: t=149.57162812398747, value=t, duration=None>
149.5787 	EXP 	New trial (rep=4, index=1): <Trial 29 (1 in rep 4) data={'reward_today': 11.0, 'future_reward': 30.0, 'delay': 7.0, 'thisN': 29, 'thisTrialN': 1, 'thisRepN': 4}>
149.5925 	DATA 	Keypress: t
149.5971 	EXP 	Fixation: autoDraw = False
149.5971 	EXP 	text: autoDraw = False
149.5971 	EXP 	text: height = np.float64(0.05)
149.5971 	EXP 	text: height = np.float64(0.05)
149.5971 	EXP 	text: height = np.float64(0.05)
149.5971 	EXP 	text: text = 'GBP11.0todayorGBP30.0after7.0days'
149.5971 	EXP 	Fixation: autoDraw = True
149.6711 	EXP 	Device response: <KeyPress from None: t=149.57162812398747, value=t, duration=0.09242595901014283>
150.5794 	INFO 	Keyboard events cleared
150.5791 	EXP 	text: autoDraw = True
150.5904 	EXP 	Fixation: autoDraw = False
152.4068 	EXP 	Device response: <KeyPress from None: t=152.39669399900595, value=l, duration=None>
152.4077 	EXP 	New trial (rep=4, index=2): <Trial 30 (2 in rep 4) data={'reward_today': 15.0, 'future_reward': 35.0, 'delay': 13.0, 'thisN': 30, 'thisTrialN': 2, 'thisRepN': 4}>
152.4209 	DATA 	Keypress: l
152.4255 	EXP 	Fixation: autoDraw = False
152.4255 	EXP 	text: autoDraw = False
152.4255 	EXP 	text: height = np.float64(0.05)
152.4255 	EXP 	text: height = np.float64(0.05)
152.4255 	EXP 	text: height = np.float64(0.05)
152.4255 	EXP 	text: text = 'GBP15.0todayorGBP35.0after13.0days'
152.4255 	EXP 	Fixation: autoDraw = True
152.5259 	EXP 	Device response: <KeyPress from None: t=152.39669399900595, value=l, duration=0.12427008396480232>
153.4038 	INFO 	Keyboard events cleared
153.4036 	EXP 	text: autoDraw = True
153.4202 	EXP 	Fixation: autoDraw = False
156.1555 	EXP 	Device response: <KeyPress from None: t=156.14445695799077, value=l, duration=None>
156.1561 	EXP 	New trial (rep=4, index=3): <Trial 31 (3 in rep 4) data={'reward_today': 67.0, 'future_reward': 75.0, 'delay': 119.0, 'thisN': 31, 'thisTrialN': 3, 'thisRepN': 4}>
156.1684 	DATA 	Keypress: l
156.1729 	EXP 	Fixation: autoDraw = False
156.1729 	EXP 	text: autoDraw = False
156.1729 	EXP 	text: height = np.float64(0.05)
156.1729 	EXP 	text: height = np.float64(0.05)
156.1729 	EXP 	text: height = np.float64(0.05)
156.1729 	EXP 	text: text = 'GBP67.0todayorGBP75.0after119.0days'
156.1729 	EXP 	Fixation: autoDraw = True
156.2215 	EXP 	Device response: <KeyPress from None: t=156.14445695799077, value=l, duration=0.06445804098621011>
157.1542 	INFO 	Keyboard events cleared
157.1539 	EXP 	text: autoDraw = True
157.1703 	EXP 	Fixation: autoDraw = False
159.1223 	EXP 	Device response: <KeyPress from None: t=159.1155633329763, value=t, duration=None>
159.1231 	EXP 	New trial (rep=4, index=4): <Trial 32 (4 in rep 4) data={'reward_today': 40.0, 'future_reward': 55.0, 'delay': 62.0, 'thisN': 32, 'thisTrialN': 4, 'thisRepN': 4}>
159.1354 	DATA 	Keypress: t
159.1400 	EXP 	Fixation: autoDraw = False
159.1400 	EXP 	text: autoDraw = False
159.1400 	EXP 	text: height = np.float64(0.05)
159.1400 	EXP 	text: height = np.float64(0.05)
159.1400 	EXP 	text: height = np.float64(0.05)
159.1400 	EXP 	text: text = 'GBP40.0todayorGBP55.0after62.0days'
159.1400 	EXP 	Fixation: autoDraw = True
159.2555 	EXP 	Device response: <KeyPress from None: t=159.1155633329763, value=t, duration=0.13623791601276025>
160.1206 	INFO 	Keyboard events cleared
160.1203 	EXP 	text: autoDraw = True
160.1370 	EXP 	Fixation: autoDraw = False
163.4444 	EXP 	Device response: <KeyPress from None: t=163.43851545796497, value=t, duration=None>
163.4449 	EXP 	New trial (rep=4, index=5): <Trial 33 (5 in rep 4) data={'reward_today': 49.0, 'future_reward': 60.0, 'delay': 89.0, 'thisN': 33, 'thisTrialN': 5, 'thisRepN': 4}>
163.4586 	DATA 	Keypress: t
163.4625 	EXP 	Fixation: autoDraw = False
163.4625 	EXP 	text: autoDraw = False
163.4625 	EXP 	text: height = np.float64(0.05)
163.4625 	EXP 	text: height = np.float64(0.05)
163.4625 	EXP 	text: height = np.float64(0.05)
163.4625 	EXP 	text: text = 'GBP49.0todayorGBP60.0after89.0days'
163.4625 	EXP 	Fixation: autoDraw = True
163.5254 	EXP 	Device response: <KeyPress from None: t=163.43851545796497, value=t, duration=0.08422029099892825>
164.4540 	INFO 	Keyboard events cleared
164.4537 	EXP 	text: autoDraw = True
164.4605 	EXP 	Fixation: autoDraw = False
166.4056 	EXP 	Device response: <KeyPress from None: t=166.39328712399583, value=t, duration=None>
166.4064 	EXP 	New trial (rep=4, index=6): <Trial 34 (6 in rep 4) data={'reward_today': 27.0, 'future_reward': 50.0, 'delay': 21.0, 'thisN': 34, 'thisTrialN': 6, 'thisRepN': 4}>
166.4204 	DATA 	Keypress: t
166.4249 	EXP 	Fixation: autoDraw = False
166.4249 	EXP 	text: autoDraw = False
166.4249 	EXP 	text: height = np.float64(0.05)
166.4249 	EXP 	text: height = np.float64(0.05)
166.4249 	EXP 	text: height = np.float64(0.05)
166.4249 	EXP 	text: text = 'GBP27.0todayorGBP50.0after21.0days'
166.4249 	EXP 	Fixation: autoDraw = True
166.5103 	EXP 	Device response: <KeyPress from None: t=166.39328712399583, value=t, duration=0.11235520901391283>
167.4040 	INFO 	Keyboard events cleared
167.4037 	EXP 	text: autoDraw = True
167.4203 	EXP 	Fixation: autoDraw = False
169.6552 	EXP 	Device response: <KeyPress from None: t=169.65127254097024, value=l, duration=None>
169.6559 	EXP 	New trial (rep=5, index=0): <Trial 35 (0 in rep 5) data={'reward_today': 11.0, 'future_reward': 30.0, 'delay': 7.0, 'thisN': 35, 'thisTrialN': 0, 'thisRepN': 5}>
169.6700 	DATA 	Keypress: l
169.6738 	EXP 	Fixation: autoDraw = False
169.6738 	EXP 	text: autoDraw = False
169.6738 	EXP 	text: height = np.float64(0.05)
169.6738 	EXP 	text: height = np.float64(0.05)
169.6738 	EXP 	text: height = np.float64(0.05)
169.6738 	EXP 	text: text = 'GBP11.0todayorGBP30.0after7.0days'
169.6738 	EXP 	Fixation: autoDraw = True
169.7572 	EXP 	Device response: <KeyPress from None: t=169.65127254097024, value=l, duration=0.09646075003547594>
170.6537 	INFO 	Keyboard events cleared
170.6535 	EXP 	text: autoDraw = True
170.6702 	EXP 	Fixation: autoDraw = False
172.2886 	EXP 	Device response: <KeyPress from None: t=172.27918387396494, value=l, duration=None>
172.2889 	EXP 	New trial (rep=5, index=1): <Trial 36 (1 in rep 5) data={'reward_today': 67.0, 'future_reward': 75.0, 'delay': 119.0, 'thisN': 36, 'thisTrialN': 1, 'thisRepN': 5}>
172.2990 	DATA 	Keypress: l
172.3032 	EXP 	Fixation: autoDraw = False
172.3032 	EXP 	text: autoDraw = False
172.3032 	EXP 	text: height = np.float64(0.05)
172.3032 	EXP 	text: height = np.float64(0.05)
172.3032 	EXP 	text: height = np.float64(0.05)
172.3032 	EXP 	text: text = 'GBP67.0todayorGBP75.0after119.0days'
172.3032 	EXP 	Fixation: autoDraw = True
172.3713 	EXP 	Device response: <KeyPress from None: t=172.27918387396494, value=l, duration=0.08444350003264844>
173.2878 	INFO 	Keyboard events cleared
173.2867 	EXP 	text: autoDraw = True
173.2929 	EXP 	Fixation: autoDraw = False
175.4389 	EXP 	Device response: <KeyPress from None: t=175.4221147079952, value=t, duration=None>
175.4395 	EXP 	New trial (rep=5, index=2): <Trial 37 (2 in rep 5) data={'reward_today': 40.0, 'future_reward': 55.0, 'delay': 62.0, 'thisN': 37, 'thisTrialN': 2, 'thisRepN': 5}>
175.4498 	DATA 	Keypress: t
175.4542 	EXP 	Fixation: autoDraw = False
175.4542 	EXP 	text: autoDraw = False
175.4542 	EXP 	text: height = np.float64(0.05)
175.4542 	EXP 	text: height = np.float64(0.05)
175.4542 	EXP 	text: height = np.float64(0.05)
175.4542 	EXP 	text: text = 'GBP40.0todayorGBP55.0after62.0days'
175.4542 	EXP 	Fixation: autoDraw = True
175.5047 	EXP 	Device response: <KeyPress from None: t=175.4221147079952, value=t, duration=0.0802800829987973>
176.4369 	INFO 	Keyboard events cleared
176.4368 	EXP 	text: autoDraw = True
176.4416 	EXP 	Fixation: autoDraw = False
178.9602 	EXP 	Device response: <KeyPress from None: t=178.95494695799425, value=t, duration=None>
178.9606 	EXP 	New trial (rep=5, index=3): <Trial 38 (3 in rep 5) data={'reward_today': 78.0, 'future_reward': 80.0, 'delay': 162.0, 'thisN': 38, 'thisTrialN': 3, 'thisRepN': 5}>
178.9718 	DATA 	Keypress: t
178.9763 	EXP 	Fixation: autoDraw = False
178.9763 	EXP 	text: autoDraw = False
178.9763 	EXP 	text: height = np.float64(0.05)
178.9763 	EXP 	text: height = np.float64(0.05)
178.9763 	EXP 	text: height = np.float64(0.05)
178.9763 	EXP 	text: text = 'GBP78.0todayorGBP80.0after162.0days'
178.9763 	EXP 	Fixation: autoDraw = True
179.0384 	EXP 	Device response: <KeyPress from None: t=178.95494695799425, value=t, duration=0.07233804097631946>
179.9524 	INFO 	Keyboard events cleared
179.9522 	EXP 	text: autoDraw = True
179.9702 	EXP 	Fixation: autoDraw = False
181.5729 	EXP 	Device response: <KeyPress from None: t=181.56894091598224, value=t, duration=None>
181.5739 	EXP 	New trial (rep=5, index=4): <Trial 39 (4 in rep 5) data={'reward_today': 49.0, 'future_reward': 60.0, 'delay': 89.0, 'thisN': 39, 'thisTrialN': 4, 'thisRepN': 5}>
181.5870 	DATA 	Keypress: t
181.5918 	EXP 	Fixation: autoDraw = False
181.5918 	EXP 	text: autoDraw = False
181.5918 	EXP 	text: height = np.float64(0.05)
181.5918 	EXP 	text: height = np.float64(0.05)
181.5918 	EXP 	text: height = np.float64(0.05)
181.5918 	EXP 	text: text = 'GBP49.0todayorGBP60.0after89.0days'
181.5918 	EXP 	Fixation: autoDraw = True
181.6421 	EXP 	Device response: <KeyPress from None: t=181.56894091598224, value=t, duration=0.06881858297856525>
182.5705 	INFO 	Keyboard events cleared
182.5703 	EXP 	text: autoDraw = True
182.5871 	EXP 	Fixation: autoDraw = False
185.4271 	EXP 	Device response: <KeyPress from None: t=185.4256608739961, value=t, duration=None>
185.4275 	EXP 	New trial (rep=5, index=5): <Trial 40 (5 in rep 5) data={'reward_today': 27.0, 'future_reward': 50.0, 'delay': 21.0, 'thisN': 40, 'thisTrialN': 5, 'thisRepN': 5}>
185.4387 	DATA 	Keypress: t
185.4432 	EXP 	Fixation: autoDraw = False
185.4432 	EXP 	text: autoDraw = False
185.4432 	EXP 	text: height = np.float64(0.05)
185.4432 	EXP 	text: height = np.float64(0.05)
185.4432 	EXP 	text: height = np.float64(0.05)
185.4432 	EXP 	text: text = 'GBP27.0todayorGBP50.0after21.0days'
185.4432 	EXP 	Fixation: autoDraw = True
185.4883 	EXP 	Device response: <KeyPress from None: t=185.4256608739961, value=t, duration=0.059542958973906934>
186.4280 	INFO 	Keyboard events cleared
186.4277 	EXP 	text: autoDraw = True
186.4369 	EXP 	Fixation: autoDraw = False
188.7112 	EXP 	Device response: <KeyPress from None: t=188.7057442080113, value=l, duration=None>
188.7117 	EXP 	New trial (rep=5, index=6): <Trial 41 (6 in rep 5) data={'reward_today': 15.0, 'future_reward': 35.0, 'delay': 13.0, 'thisN': 41, 'thisTrialN': 6, 'thisRepN': 5}>
188.7230 	DATA 	Keypress: l
188.7275 	EXP 	Fixation: autoDraw = False
188.7275 	EXP 	text: autoDraw = False
188.7275 	EXP 	text: height = np.float64(0.05)
188.7275 	EXP 	text: height = np.float64(0.05)
188.7275 	EXP 	text: height = np.float64(0.05)
188.7275 	EXP 	text: text = 'GBP15.0todayorGBP35.0after13.0days'
188.7275 	EXP 	Fixation: autoDraw = True
188.8076 	EXP 	Device response: <KeyPress from None: t=188.7057442080113, value=l, duration=0.0923958329949528>
189.7116 	INFO 	Keyboard events cleared
189.7113 	EXP 	text: autoDraw = True
189.7188 	EXP 	Fixation: autoDraw = False
191.6942 	EXP 	Device response: <KeyPress from None: t=191.69174962397665, value=l, duration=None>
191.6946 	EXP 	New trial (rep=6, index=0): <Trial 42 (0 in rep 6) data={'reward_today': 78.0, 'future_reward': 80.0, 'delay': 162.0, 'thisN': 42, 'thisTrialN': 0, 'thisRepN': 6}>
191.7183 	DATA 	Keypress: l
191.7226 	EXP 	Fixation: autoDraw = False
191.7226 	EXP 	text: autoDraw = False
191.7226 	EXP 	text: height = np.float64(0.05)
191.7226 	EXP 	text: height = np.float64(0.05)
191.7226 	EXP 	text: height = np.float64(0.05)
191.7226 	EXP 	text: text = 'GBP78.0todayorGBP80.0after162.0days'
191.7226 	EXP 	Fixation: autoDraw = True
191.7882 	EXP 	Device response: <KeyPress from None: t=191.69174962397665, value=l, duration=0.08420375001151115>
192.6951 	INFO 	Keyboard events cleared
192.6947 	EXP 	text: autoDraw = True
192.7201 	EXP 	Fixation: autoDraw = False
194.2284 	EXP 	Device response: <KeyPress from None: t=194.21364620799432, value=t, duration=None>
194.2292 	EXP 	New trial (rep=6, index=1): <Trial 43 (1 in rep 6) data={'reward_today': 11.0, 'future_reward': 30.0, 'delay': 7.0, 'thisN': 43, 'thisTrialN': 1, 'thisRepN': 6}>
194.2358 	DATA 	Keypress: t
194.2400 	EXP 	Fixation: autoDraw = False
194.2400 	EXP 	text: autoDraw = False
194.2400 	EXP 	text: height = np.float64(0.05)
194.2400 	EXP 	text: height = np.float64(0.05)
194.2400 	EXP 	text: height = np.float64(0.05)
194.2400 	EXP 	text: text = 'GBP11.0todayorGBP30.0after7.0days'
194.2400 	EXP 	Fixation: autoDraw = True
194.2701 	EXP 	Device response: <KeyPress from None: t=194.21364620799432, value=t, duration=0.05224845797056332>
195.2276 	INFO 	Keyboard events cleared
195.2274 	EXP 	text: autoDraw = True
195.2367 	EXP 	Fixation: autoDraw = False
197.0054 	EXP 	Device response: <KeyPress from None: t=196.99443591595627, value=l, duration=None>
197.0059 	EXP 	New trial (rep=6, index=2): <Trial 44 (2 in rep 6) data={'reward_today': 67.0, 'future_reward': 75.0, 'delay': 119.0, 'thisN': 44, 'thisTrialN': 2, 'thisRepN': 6}>
197.0179 	DATA 	Keypress: l
197.0223 	EXP 	Fixation: autoDraw = False
197.0223 	EXP 	text: autoDraw = False
197.0223 	EXP 	text: height = np.float64(0.05)
197.0223 	EXP 	text: height = np.float64(0.05)
197.0223 	EXP 	text: height = np.float64(0.05)
197.0223 	EXP 	text: text = 'GBP67.0todayorGBP75.0after119.0days'
197.0223 	EXP 	Fixation: autoDraw = True
197.1212 	EXP 	Device response: <KeyPress from None: t=196.99443591595627, value=l, duration=0.11637037503533065>
198.0037 	INFO 	Keyboard events cleared
198.0035 	EXP 	text: autoDraw = True
198.0201 	EXP 	Fixation: autoDraw = False
199.6218 	EXP 	Device response: <KeyPress from None: t=199.60931108298246, value=t, duration=None>
199.6224 	EXP 	New trial (rep=6, index=3): <Trial 45 (3 in rep 6) data={'reward_today': 27.0, 'future_reward': 50.0, 'delay': 21.0, 'thisN': 45, 'thisTrialN': 3, 'thisRepN': 6}>
199.6351 	DATA 	Keypress: t
199.6397 	EXP 	Fixation: autoDraw = False
199.6397 	EXP 	text: autoDraw = False
199.6397 	EXP 	text: height = np.float64(0.05)
199.6397 	EXP 	text: height = np.float64(0.05)
199.6397 	EXP 	text: height = np.float64(0.05)
199.6397 	EXP 	text: text = 'GBP27.0todayorGBP50.0after21.0days'
199.6397 	EXP 	Fixation: autoDraw = True
199.6712 	EXP 	Device response: <KeyPress from None: t=199.60931108298246, value=t, duration=0.060427832999266684>
200.6198 	INFO 	Keyboard events cleared
200.6198 	EXP 	text: autoDraw = True
200.6358 	EXP 	Fixation: autoDraw = False
202.1719 	EXP 	Device response: <KeyPress from None: t=202.16437399899587, value=l, duration=None>
202.1724 	EXP 	New trial (rep=6, index=4): <Trial 46 (4 in rep 6) data={'reward_today': 40.0, 'future_reward': 55.0, 'delay': 62.0, 'thisN': 46, 'thisTrialN': 4, 'thisRepN': 6}>
202.1855 	DATA 	Keypress: l
202.1900 	EXP 	Fixation: autoDraw = False
202.1900 	EXP 	text: autoDraw = False
202.1900 	EXP 	text: height = np.float64(0.05)
202.1900 	EXP 	text: height = np.float64(0.05)
202.1900 	EXP 	text: height = np.float64(0.05)
202.1900 	EXP 	text: text = 'GBP40.0todayorGBP55.0after62.0days'
202.1900 	EXP 	Fixation: autoDraw = True
202.2379 	EXP 	Device response: <KeyPress from None: t=202.16437399899587, value=l, duration=0.07234004198107868>
203.1700 	INFO 	Keyboard events cleared
203.1698 	EXP 	text: autoDraw = True
203.1858 	EXP 	Fixation: autoDraw = False
204.6452 	EXP 	Device response: <KeyPress from None: t=204.633309790981, value=t, duration=None>
204.6459 	EXP 	New trial (rep=6, index=5): <Trial 47 (5 in rep 6) data={'reward_today': 15.0, 'future_reward': 35.0, 'delay': 13.0, 'thisN': 47, 'thisTrialN': 5, 'thisRepN': 6}>
204.6555 	DATA 	Keypress: t
204.6597 	EXP 	Fixation: autoDraw = False
204.6597 	EXP 	text: autoDraw = False
204.6597 	EXP 	text: height = np.float64(0.05)
204.6597 	EXP 	text: height = np.float64(0.05)
204.6597 	EXP 	text: height = np.float64(0.05)
204.6597 	EXP 	text: text = 'GBP15.0todayorGBP35.0after13.0days'
204.6597 	EXP 	Fixation: autoDraw = True
204.7045 	EXP 	Device response: <KeyPress from None: t=204.633309790981, value=t, duration=0.06828954198863357>
205.6444 	INFO 	Keyboard events cleared
205.6441 	EXP 	text: autoDraw = True
205.6534 	EXP 	Fixation: autoDraw = False
206.8216 	EXP 	Device response: <KeyPress from None: t=206.81419908296084, value=l, duration=None>
206.8220 	EXP 	New trial (rep=6, index=6): <Trial 48 (6 in rep 6) data={'reward_today': 49.0, 'future_reward': 60.0, 'delay': 89.0, 'thisN': 48, 'thisTrialN': 6, 'thisRepN': 6}>
206.8341 	DATA 	Keypress: l
206.8391 	EXP 	Fixation: autoDraw = False
206.8391 	EXP 	text: autoDraw = False
206.8391 	EXP 	text: height = np.float64(0.05)
206.8391 	EXP 	text: height = np.float64(0.05)
206.8391 	EXP 	text: height = np.float64(0.05)
206.8391 	EXP 	text: text = 'GBP49.0todayorGBP60.0after89.0days'
206.8391 	EXP 	Fixation: autoDraw = True
206.8914 	EXP 	Device response: <KeyPress from None: t=206.81419908296084, value=l, duration=0.07272137503605336>
207.8202 	INFO 	Keyboard events cleared
207.8199 	EXP 	text: autoDraw = True
207.8481 	EXP 	Fixation: autoDraw = False
210.1056 	EXP 	Device response: <KeyPress from None: t=210.09306983300485, value=t, duration=None>
210.1063 	EXP 	New trial (rep=7, index=0): <Trial 49 (0 in rep 7) data={'reward_today': 15.0, 'future_reward': 35.0, 'delay': 13.0, 'thisN': 49, 'thisTrialN': 0, 'thisRepN': 7}>
210.1192 	DATA 	Keypress: t
210.1238 	EXP 	Fixation: autoDraw = False
210.1238 	EXP 	text: autoDraw = False
210.1238 	EXP 	text: height = np.float64(0.05)
210.1238 	EXP 	text: height = np.float64(0.05)
210.1238 	EXP 	text: height = np.float64(0.05)
210.1238 	EXP 	text: text = 'GBP15.0todayorGBP35.0after13.0days'
210.1238 	EXP 	Fixation: autoDraw = True
210.2271 	EXP 	Device response: <KeyPress from None: t=210.09306983300485, value=t, duration=0.13235354097560048>
211.1038 	INFO 	Keyboard events cleared
211.1035 	EXP 	text: autoDraw = True
211.1204 	EXP 	Fixation: autoDraw = False
214.0559 	EXP 	Device response: <KeyPress from None: t=214.04595945798792, value=l, duration=None>
214.0571 	EXP 	New trial (rep=7, index=1): <Trial 50 (1 in rep 7) data={'reward_today': 27.0, 'future_reward': 50.0, 'delay': 21.0, 'thisN': 50, 'thisTrialN': 1, 'thisRepN': 7}>
214.0745 	DATA 	Keypress: l
214.0796 	EXP 	Fixation: autoDraw = False
214.0796 	EXP 	text: autoDraw = False
214.0796 	EXP 	text: height = np.float64(0.05)
214.0796 	EXP 	text: height = np.float64(0.05)
214.0796 	EXP 	text: height = np.float64(0.05)
214.0796 	EXP 	text: text = 'GBP27.0todayorGBP50.0after21.0days'
214.0796 	EXP 	Fixation: autoDraw = True
214.1223 	EXP 	Device response: <KeyPress from None: t=214.04595945798792, value=l, duration=0.0683517080033198>
215.0535 	INFO 	Keyboard events cleared
215.0532 	EXP 	text: autoDraw = True
215.0744 	EXP 	Fixation: autoDraw = False
216.1080 	EXP 	Device response: <KeyPress from None: t=216.09292058297433, value=l, duration=None>
216.1091 	EXP 	New trial (rep=7, index=2): <Trial 51 (2 in rep 7) data={'reward_today': 40.0, 'future_reward': 55.0, 'delay': 62.0, 'thisN': 51, 'thisTrialN': 2, 'thisRepN': 7}>
216.1249 	DATA 	Keypress: l
216.1298 	EXP 	Fixation: autoDraw = False
216.1298 	EXP 	text: autoDraw = False
216.1298 	EXP 	text: height = np.float64(0.05)
216.1298 	EXP 	text: height = np.float64(0.05)
216.1298 	EXP 	text: height = np.float64(0.05)
216.1298 	EXP 	text: text = 'GBP40.0todayorGBP55.0after62.0days'
216.1298 	EXP 	Fixation: autoDraw = True
216.1540 	EXP 	Device response: <KeyPress from None: t=216.09292058297433, value=l, duration=0.05238320800708607>
217.1037 	INFO 	Keyboard events cleared
217.1035 	EXP 	text: autoDraw = True
217.1255 	EXP 	Fixation: autoDraw = False
220.8409 	EXP 	Device response: <KeyPress from None: t=220.83581741596572, value=t, duration=None>
220.8416 	EXP 	New trial (rep=7, index=3): <Trial 52 (3 in rep 7) data={'reward_today': 67.0, 'future_reward': 75.0, 'delay': 119.0, 'thisN': 52, 'thisTrialN': 3, 'thisRepN': 7}>
220.8555 	DATA 	Keypress: t
220.8600 	EXP 	Fixation: autoDraw = False
220.8600 	EXP 	text: autoDraw = False
220.8600 	EXP 	text: height = np.float64(0.05)
220.8600 	EXP 	text: height = np.float64(0.05)
220.8600 	EXP 	text: height = np.float64(0.05)
220.8600 	EXP 	text: text = 'GBP67.0todayorGBP75.0after119.0days'
220.8600 	EXP 	Fixation: autoDraw = True
220.9943 	EXP 	Device response: <KeyPress from None: t=220.83581741596572, value=t, duration=0.15642225003102794>
221.8373 	INFO 	Keyboard events cleared
221.8371 	EXP 	text: autoDraw = True
221.8534 	EXP 	Fixation: autoDraw = False
227.1895 	EXP 	Device response: <KeyPress from None: t=227.18418841599487, value=t, duration=None>
227.1907 	EXP 	New trial (rep=7, index=4): <Trial 53 (4 in rep 7) data={'reward_today': 78.0, 'future_reward': 80.0, 'delay': 162.0, 'thisN': 53, 'thisTrialN': 4, 'thisRepN': 7}>
227.2067 	DATA 	Keypress: t
227.2118 	EXP 	Fixation: autoDraw = False
227.2118 	EXP 	text: autoDraw = False
227.2118 	EXP 	text: height = np.float64(0.05)
227.2118 	EXP 	text: height = np.float64(0.05)
227.2118 	EXP 	text: height = np.float64(0.05)
227.2118 	EXP 	text: text = 'GBP78.0todayorGBP80.0after162.0days'
227.2118 	EXP 	Fixation: autoDraw = True
227.2706 	EXP 	Device response: <KeyPress from None: t=227.18418841599487, value=t, duration=0.08245758299017325>
228.1883 	INFO 	Keyboard events cleared
228.1882 	EXP 	text: autoDraw = True
228.2061 	EXP 	Fixation: autoDraw = False
229.1107 	EXP 	Device response: <KeyPress from None: t=229.10633812396554, value=t, duration=None>
229.1111 	EXP 	New trial (rep=7, index=5): <Trial 54 (5 in rep 7) data={'reward_today': 49.0, 'future_reward': 60.0, 'delay': 89.0, 'thisN': 54, 'thisTrialN': 5, 'thisRepN': 7}>
229.1226 	DATA 	Keypress: t
229.1268 	EXP 	Fixation: autoDraw = False
229.1268 	EXP 	text: autoDraw = False
229.1268 	EXP 	text: height = np.float64(0.05)
229.1268 	EXP 	text: height = np.float64(0.05)
229.1268 	EXP 	text: height = np.float64(0.05)
229.1268 	EXP 	text: text = 'GBP49.0todayorGBP60.0after89.0days'
229.1268 	EXP 	Fixation: autoDraw = True
229.2215 	EXP 	Device response: <KeyPress from None: t=229.10633812396554, value=t, duration=0.10426079202443361>
230.1205 	INFO 	Keyboard events cleared
230.1203 	EXP 	text: autoDraw = True
230.1265 	EXP 	Fixation: autoDraw = False
232.0427 	EXP 	Device response: <KeyPress from None: t=232.03755570796784, value=t, duration=None>
232.0431 	EXP 	New trial (rep=7, index=6): <Trial 55 (6 in rep 7) data={'reward_today': 11.0, 'future_reward': 30.0, 'delay': 7.0, 'thisN': 55, 'thisTrialN': 6, 'thisRepN': 7}>
232.0525 	DATA 	Keypress: t
232.0564 	EXP 	Fixation: autoDraw = False
232.0564 	EXP 	text: autoDraw = False
232.0564 	EXP 	text: height = np.float64(0.05)
232.0564 	EXP 	text: height = np.float64(0.05)
232.0564 	EXP 	text: height = np.float64(0.05)
232.0564 	EXP 	text: text = 'GBP11.0todayorGBP30.0after7.0days'
232.0564 	EXP 	Fixation: autoDraw = True
232.1781 	EXP 	Device response: <KeyPress from None: t=232.03755570796784, value=t, duration=0.13595316599821672>
233.0537 	INFO 	Keyboard events cleared
233.0534 	EXP 	Fixation: autoDraw = False
233.0534 	EXP 	text: autoDraw = True
234.8786 	EXP 	Device response: <KeyPress from None: t=234.86208537395578, value=l, duration=None>
234.8801 	EXP 	New trial (rep=8, index=0): <Trial 56 (0 in rep 8) data={'reward_today': 49.0, 'future_reward': 60.0, 'delay': 89.0, 'thisN': 56, 'thisTrialN': 0, 'thisRepN': 8}>
234.8966 	DATA 	Keypress: l
234.9014 	EXP 	Fixation: autoDraw = False
234.9014 	EXP 	text: autoDraw = False
234.9014 	EXP 	text: height = np.float64(0.05)
234.9014 	EXP 	text: height = np.float64(0.05)
234.9014 	EXP 	text: height = np.float64(0.05)
234.9014 	EXP 	text: text = 'GBP49.0todayorGBP60.0after89.0days'
234.9014 	EXP 	Fixation: autoDraw = True
235.0550 	EXP 	Device response: <KeyPress from None: t=234.86208537395578, value=l, duration=0.18028691702056676>
235.8780 	INFO 	Keyboard events cleared
235.8777 	EXP 	text: autoDraw = True
235.8913 	EXP 	Fixation: autoDraw = False
237.4733 	EXP 	Device response: <KeyPress from None: t=237.4700262079714, value=t, duration=None>
237.4738 	EXP 	New trial (rep=8, index=1): <Trial 57 (1 in rep 8) data={'reward_today': 11.0, 'future_reward': 30.0, 'delay': 7.0, 'thisN': 57, 'thisTrialN': 1, 'thisRepN': 8}>
237.4851 	DATA 	Keypress: t
237.4901 	EXP 	Fixation: autoDraw = False
237.4901 	EXP 	text: autoDraw = False
237.4901 	EXP 	text: height = np.float64(0.05)
237.4901 	EXP 	text: height = np.float64(0.05)
237.4901 	EXP 	text: height = np.float64(0.05)
237.4901 	EXP 	text: text = 'GBP11.0todayorGBP30.0after7.0days'
237.4901 	EXP 	Fixation: autoDraw = True
237.5880 	EXP 	Device response: <KeyPress from None: t=237.4700262079714, value=t, duration=0.1162488330155611>
238.4704 	INFO 	Keyboard events cleared
238.4701 	EXP 	text: autoDraw = True
238.4864 	EXP 	Fixation: autoDraw = False
239.1884 	EXP 	Device response: <KeyPress from None: t=239.18494637397816, value=l, duration=None>
239.1891 	EXP 	New trial (rep=8, index=2): <Trial 58 (2 in rep 8) data={'reward_today': 27.0, 'future_reward': 50.0, 'delay': 21.0, 'thisN': 58, 'thisTrialN': 2, 'thisRepN': 8}>
239.2074 	DATA 	Keypress: l
239.2133 	EXP 	Fixation: autoDraw = False
239.2133 	EXP 	text: autoDraw = False
239.2133 	EXP 	text: height = np.float64(0.05)
239.2133 	EXP 	text: height = np.float64(0.05)
239.2133 	EXP 	text: height = np.float64(0.05)
239.2133 	EXP 	text: text = 'GBP27.0todayorGBP50.0after21.0days'
239.2133 	EXP 	Fixation: autoDraw = True
239.3382 	EXP 	Device response: <KeyPress from None: t=239.18494637397816, value=l, duration=0.14433937502326444>
240.1868 	INFO 	Keyboard events cleared
240.1865 	EXP 	text: autoDraw = True
240.2082 	EXP 	Fixation: autoDraw = False
242.4171 	EXP 	Device response: <KeyPress from None: t=242.40885691600852, value=l, duration=None>
242.4185 	EXP 	New trial (rep=8, index=3): <Trial 59 (3 in rep 8) data={'reward_today': 15.0, 'future_reward': 35.0, 'delay': 13.0, 'thisN': 59, 'thisTrialN': 3, 'thisRepN': 8}>
242.4357 	DATA 	Keypress: l
242.4405 	EXP 	Fixation: autoDraw = False
242.4405 	EXP 	text: autoDraw = False
242.4405 	EXP 	text: height = np.float64(0.05)
242.4405 	EXP 	text: height = np.float64(0.05)
242.4405 	EXP 	text: height = np.float64(0.05)
242.4405 	EXP 	text: text = 'GBP15.0todayorGBP35.0after13.0days'
242.4405 	EXP 	Fixation: autoDraw = True
242.5417 	EXP 	Device response: <KeyPress from None: t=242.40885691600852, value=l, duration=0.1282599169644527>
243.4065 	INFO 	Keyboard events cleared
243.4064 	EXP 	text: autoDraw = True
243.4392 	EXP 	Fixation: autoDraw = False
244.4393 	EXP 	Device response: <KeyPress from None: t=244.4318005410023, value=l, duration=None>
244.4397 	EXP 	New trial (rep=8, index=4): <Trial 60 (4 in rep 8) data={'reward_today': 78.0, 'future_reward': 80.0, 'delay': 162.0, 'thisN': 60, 'thisTrialN': 4, 'thisRepN': 8}>
244.4512 	DATA 	Keypress: l
244.4559 	EXP 	Fixation: autoDraw = False
244.4559 	EXP 	text: autoDraw = False
244.4559 	EXP 	text: height = np.float64(0.05)
244.4559 	EXP 	text: height = np.float64(0.05)
244.4559 	EXP 	text: height = np.float64(0.05)
244.4559 	EXP 	text: text = 'GBP78.0todayorGBP80.0after162.0days'
244.4559 	EXP 	Fixation: autoDraw = True
244.6103 	EXP 	Device response: <KeyPress from None: t=244.4318005410023, value=l, duration=0.17220545798772946>
245.4385 	INFO 	Keyboard events cleared
245.4383 	EXP 	text: autoDraw = True
245.4537 	EXP 	Fixation: autoDraw = False
246.5908 	EXP 	Device response: <KeyPress from None: t=246.5786537079839, value=t, duration=None>
246.5913 	EXP 	New trial (rep=8, index=5): <Trial 61 (5 in rep 8) data={'reward_today': 40.0, 'future_reward': 55.0, 'delay': 62.0, 'thisN': 61, 'thisTrialN': 5, 'thisRepN': 8}>
246.6015 	DATA 	Keypress: t
246.6057 	EXP 	Fixation: autoDraw = False
246.6057 	EXP 	text: autoDraw = False
246.6057 	EXP 	text: height = np.float64(0.05)
246.6057 	EXP 	text: height = np.float64(0.05)
246.6057 	EXP 	text: height = np.float64(0.05)
246.6057 	EXP 	text: text = 'GBP40.0todayorGBP55.0after62.0days'
246.6057 	EXP 	Fixation: autoDraw = True
246.7055 	EXP 	Device response: <KeyPress from None: t=246.5786537079839, value=t, duration=0.12046287499833852>
247.5873 	INFO 	Keyboard events cleared
247.5869 	EXP 	text: autoDraw = True
247.6034 	EXP 	Fixation: autoDraw = False
248.8051 	EXP 	Device response: <KeyPress from None: t=248.79777816595742, value=l, duration=None>
248.8060 	EXP 	New trial (rep=8, index=6): <Trial 62 (6 in rep 8) data={'reward_today': 67.0, 'future_reward': 75.0, 'delay': 119.0, 'thisN': 62, 'thisTrialN': 6, 'thisRepN': 8}>
248.8212 	DATA 	Keypress: l
248.8260 	EXP 	Fixation: autoDraw = False
248.8260 	EXP 	text: autoDraw = False
248.8260 	EXP 	text: height = np.float64(0.05)
248.8260 	EXP 	text: height = np.float64(0.05)
248.8260 	EXP 	text: height = np.float64(0.05)
248.8260 	EXP 	text: text = 'GBP67.0todayorGBP75.0after119.0days'
248.8260 	EXP 	Fixation: autoDraw = True
248.9876 	EXP 	Device response: <KeyPress from None: t=248.79777816595742, value=l, duration=0.18425733305048198>
249.8040 	INFO 	Keyboard events cleared
249.8037 	EXP 	text: autoDraw = True
249.8201 	EXP 	Fixation: autoDraw = False
253.5390 	EXP 	Device response: <KeyPress from None: t=253.53303383296588, value=t, duration=None>
253.5395 	EXP 	New trial (rep=9, index=0): <Trial 63 (0 in rep 9) data={'reward_today': 40.0, 'future_reward': 55.0, 'delay': 62.0, 'thisN': 63, 'thisTrialN': 0, 'thisRepN': 9}>
253.5512 	DATA 	Keypress: t
253.5556 	EXP 	Fixation: autoDraw = False
253.5556 	EXP 	text: autoDraw = False
253.5556 	EXP 	text: height = np.float64(0.05)
253.5556 	EXP 	text: height = np.float64(0.05)
253.5556 	EXP 	text: height = np.float64(0.05)
253.5556 	EXP 	text: text = 'GBP40.0todayorGBP55.0after62.0days'
253.5556 	EXP 	Fixation: autoDraw = True
253.6555 	EXP 	Device response: <KeyPress from None: t=253.53303383296588, value=t, duration=0.11441266600741073>
254.5404 	INFO 	Keyboard events cleared
254.5402 	EXP 	text: autoDraw = True
254.5536 	EXP 	Fixation: autoDraw = False
256.9420 	EXP 	Device response: <KeyPress from None: t=256.9330367909861, value=t, duration=None>
256.9431 	EXP 	New trial (rep=9, index=1): <Trial 64 (1 in rep 9) data={'reward_today': 15.0, 'future_reward': 35.0, 'delay': 13.0, 'thisN': 64, 'thisTrialN': 1, 'thisRepN': 9}>
256.9623 	DATA 	Keypress: t
256.9671 	EXP 	Fixation: autoDraw = False
256.9671 	EXP 	text: autoDraw = False
256.9671 	EXP 	text: height = np.float64(0.05)
256.9671 	EXP 	text: height = np.float64(0.05)
256.9671 	EXP 	text: height = np.float64(0.05)
256.9671 	EXP 	text: text = 'GBP15.0todayorGBP35.0after13.0days'
256.9671 	EXP 	Fixation: autoDraw = True
257.1103 	EXP 	Device response: <KeyPress from None: t=256.9330367909861, value=t, duration=0.17251629201928154>
257.9369 	INFO 	Keyboard events cleared
257.9367 	EXP 	text: autoDraw = True
257.9591 	EXP 	Fixation: autoDraw = False
260.0384 	EXP 	Device response: <KeyPress from None: t=260.03095324896276, value=l, duration=None>
260.0391 	EXP 	New trial (rep=9, index=2): <Trial 65 (2 in rep 9) data={'reward_today': 78.0, 'future_reward': 80.0, 'delay': 162.0, 'thisN': 65, 'thisTrialN': 2, 'thisRepN': 9}>
260.0529 	DATA 	Keypress: l
260.0575 	EXP 	Fixation: autoDraw = False
260.0575 	EXP 	text: autoDraw = False
260.0575 	EXP 	text: height = np.float64(0.05)
260.0575 	EXP 	text: height = np.float64(0.05)
260.0575 	EXP 	text: height = np.float64(0.05)
260.0575 	EXP 	text: text = 'GBP78.0todayorGBP80.0after162.0days'
260.0575 	EXP 	Fixation: autoDraw = True
260.2098 	EXP 	Device response: <KeyPress from None: t=260.03095324896276, value=l, duration=0.17639254202367738>
261.0368 	INFO 	Keyboard events cleared
261.0364 	EXP 	text: autoDraw = True
261.0532 	EXP 	Fixation: autoDraw = False
261.8613 	EXP 	Device response: <KeyPress from None: t=261.85587908298476, value=t, duration=None>
261.8617 	EXP 	New trial (rep=9, index=3): <Trial 66 (3 in rep 9) data={'reward_today': 49.0, 'future_reward': 60.0, 'delay': 89.0, 'thisN': 66, 'thisTrialN': 3, 'thisRepN': 9}>
261.8729 	DATA 	Keypress: t
261.8776 	EXP 	Fixation: autoDraw = False
261.8776 	EXP 	text: autoDraw = False
261.8776 	EXP 	text: height = np.float64(0.05)
261.8776 	EXP 	text: height = np.float64(0.05)
261.8776 	EXP 	text: height = np.float64(0.05)
261.8776 	EXP 	text: text = 'GBP49.0todayorGBP60.0after89.0days'
261.8776 	EXP 	Fixation: autoDraw = True
261.9877 	EXP 	Device response: <KeyPress from None: t=261.85587908298476, value=t, duration=0.12433762499131262>
262.8523 	INFO 	Keyboard events cleared
262.8522 	EXP 	text: autoDraw = True
262.8731 	EXP 	Fixation: autoDraw = False
266.8394 	EXP 	Device response: <KeyPress from None: t=266.83085441600997, value=t, duration=None>
266.8405 	EXP 	New trial (rep=9, index=4): <Trial 67 (4 in rep 9) data={'reward_today': 27.0, 'future_reward': 50.0, 'delay': 21.0, 'thisN': 67, 'thisTrialN': 4, 'thisRepN': 9}>
266.8623 	DATA 	Keypress: t
266.8668 	EXP 	Fixation: autoDraw = False
266.8668 	EXP 	text: autoDraw = False
266.8668 	EXP 	text: height = np.float64(0.05)
266.8668 	EXP 	text: height = np.float64(0.05)
266.8668 	EXP 	text: height = np.float64(0.05)
266.8668 	EXP 	text: text = 'GBP27.0todayorGBP50.0after21.0days'
266.8668 	EXP 	Fixation: autoDraw = True
266.8873 	EXP 	Device response: <KeyPress from None: t=266.83085441600997, value=t, duration=0.05012554198037833>
267.8368 	INFO 	Keyboard events cleared
267.8365 	EXP 	text: autoDraw = True
267.8589 	EXP 	Fixation: autoDraw = False
269.6880 	EXP 	Device response: <KeyPress from None: t=269.680710540968, value=l, duration=None>
269.6886 	EXP 	New trial (rep=9, index=5): <Trial 68 (5 in rep 9) data={'reward_today': 67.0, 'future_reward': 75.0, 'delay': 119.0, 'thisN': 68, 'thisTrialN': 5, 'thisRepN': 9}>
269.7041 	DATA 	Keypress: l
269.7105 	EXP 	Fixation: autoDraw = False
269.7105 	EXP 	text: autoDraw = False
269.7105 	EXP 	text: height = np.float64(0.05)
269.7105 	EXP 	text: height = np.float64(0.05)
269.7105 	EXP 	text: height = np.float64(0.05)
269.7105 	EXP 	text: text = 'GBP67.0todayorGBP75.0after119.0days'
269.7105 	EXP 	Fixation: autoDraw = True
269.8266 	EXP 	Device response: <KeyPress from None: t=269.680710540968, value=l, duration=0.14409291703486815>
270.6860 	INFO 	Keyboard events cleared
270.6857 	EXP 	text: autoDraw = True
270.7086 	EXP 	Fixation: autoDraw = False
271.9566 	EXP 	Device response: <KeyPress from None: t=271.9515377909993, value=t, duration=None>
271.9569 	EXP 	New trial (rep=9, index=6): <Trial 69 (6 in rep 9) data={'reward_today': 11.0, 'future_reward': 30.0, 'delay': 7.0, 'thisN': 69, 'thisTrialN': 6, 'thisRepN': 9}>
271.9657 	DATA 	Keypress: t
271.9717 	EXP 	Fixation: autoDraw = False
271.9717 	EXP 	text: autoDraw = False
271.9717 	EXP 	text: height = np.float64(0.05)
271.9717 	EXP 	text: height = np.float64(0.05)
271.9717 	EXP 	text: height = np.float64(0.05)
271.9717 	EXP 	text: text = 'GBP11.0todayorGBP30.0after7.0days'
271.9717 	EXP 	Fixation: autoDraw = True
272.0380 	EXP 	Device response: <KeyPress from None: t=271.9515377909993, value=t, duration=0.07229483296396211>
272.9533 	INFO 	Keyboard events cleared
272.9531 	EXP 	text: autoDraw = True
272.9790 	EXP 	Fixation: autoDraw = False
273.8609 	EXP 	Device response: <KeyPress from None: t=273.85549041599734, value=l, duration=None>
273.8614 	EXP 	New trial (rep=10, index=0): <Trial 70 (0 in rep 10) data={'reward_today': 40.0, 'future_reward': 55.0, 'delay': 62.0, 'thisN': 70, 'thisTrialN': 0, 'thisRepN': 10}>
273.8740 	DATA 	Keypress: l
273.8786 	EXP 	Fixation: autoDraw = False
273.8786 	EXP 	text: autoDraw = False
273.8786 	EXP 	text: height = np.float64(0.05)
273.8786 	EXP 	text: height = np.float64(0.05)
273.8786 	EXP 	text: height = np.float64(0.05)
273.8786 	EXP 	text: text = 'GBP40.0todayorGBP55.0after62.0days'
273.8786 	EXP 	Fixation: autoDraw = True
273.9074 	EXP 	Device response: <KeyPress from None: t=273.85549041599734, value=l, duration=0.04831416701199487>
274.8520 	INFO 	Keyboard events cleared
274.8519 	EXP 	text: autoDraw = True
274.8732 	EXP 	Fixation: autoDraw = False
276.5386 	EXP 	Device response: <KeyPress from None: t=276.5354423740064, value=t, duration=None>
276.5394 	EXP 	New trial (rep=10, index=1): <Trial 71 (1 in rep 10) data={'reward_today': 15.0, 'future_reward': 35.0, 'delay': 13.0, 'thisN': 71, 'thisTrialN': 1, 'thisRepN': 10}>
276.5579 	DATA 	Keypress: t
276.5620 	EXP 	Fixation: autoDraw = False
276.5620 	EXP 	text: autoDraw = False
276.5620 	EXP 	text: height = np.float64(0.05)
276.5620 	EXP 	text: height = np.float64(0.05)
276.5620 	EXP 	text: height = np.float64(0.05)
276.5620 	EXP 	text: text = 'GBP15.0todayorGBP35.0after13.0days'
276.5620 	EXP 	Fixation: autoDraw = True
276.5627 	EXP 	Device response: <KeyPress from None: t=276.5354423740064, value=t, duration=0.016242833982687443>
277.5363 	INFO 	Keyboard events cleared
277.5362 	EXP 	text: autoDraw = True
277.5560 	EXP 	Fixation: autoDraw = False
279.1898 	EXP 	Device response: <KeyPress from None: t=279.17319854098605, value=l, duration=None>
279.1909 	EXP 	New trial (rep=10, index=2): <Trial 72 (2 in rep 10) data={'reward_today': 27.0, 'future_reward': 50.0, 'delay': 21.0, 'thisN': 72, 'thisTrialN': 2, 'thisRepN': 10}>
279.1985 	EXP 	Device response: <KeyPress from None: t=279.17319854098605, value=l, duration=0.020407166972290725>
279.2040 	DATA 	Keypress: l
279.2105 	EXP 	Fixation: autoDraw = False
279.2105 	EXP 	text: autoDraw = False
279.2105 	EXP 	text: height = np.float64(0.05)
279.2105 	EXP 	text: height = np.float64(0.05)
279.2105 	EXP 	text: height = np.float64(0.05)
279.2105 	EXP 	text: text = 'GBP27.0todayorGBP50.0after21.0days'
279.2105 	EXP 	Fixation: autoDraw = True
280.1869 	INFO 	Keyboard events cleared
280.1866 	EXP 	text: autoDraw = True
280.2028 	EXP 	Fixation: autoDraw = False
281.5881 	EXP 	Device response: <KeyPress from None: t=281.5791332909721, value=l, duration=None>
281.5890 	EXP 	New trial (rep=10, index=3): <Trial 73 (3 in rep 10) data={'reward_today': 67.0, 'future_reward': 75.0, 'delay': 119.0, 'thisN': 73, 'thisTrialN': 3, 'thisRepN': 10}>
281.6010 	DATA 	Keypress: l
281.6055 	EXP 	Fixation: autoDraw = False
281.6055 	EXP 	text: autoDraw = False
281.6055 	EXP 	text: height = np.float64(0.05)
281.6055 	EXP 	text: height = np.float64(0.05)
281.6055 	EXP 	text: height = np.float64(0.05)
281.6055 	EXP 	text: text = 'GBP67.0todayorGBP75.0after119.0days'
281.6055 	EXP 	Fixation: autoDraw = True
281.6377 	EXP 	Device response: <KeyPress from None: t=281.5791332909721, value=l, duration=0.05241183302132413>
282.5853 	INFO 	Keyboard events cleared
282.5850 	EXP 	text: autoDraw = True
282.6036 	EXP 	Fixation: autoDraw = False
284.5918 	EXP 	Device response: <KeyPress from None: t=284.5811009159661, value=t, duration=None>
284.5932 	EXP 	New trial (rep=10, index=4): <Trial 74 (4 in rep 10) data={'reward_today': 49.0, 'future_reward': 60.0, 'delay': 89.0, 'thisN': 74, 'thisTrialN': 4, 'thisRepN': 10}>
284.6100 	DATA 	Keypress: t
284.6153 	EXP 	Fixation: autoDraw = False
284.6153 	EXP 	text: autoDraw = False
284.6153 	EXP 	text: height = np.float64(0.05)
284.6153 	EXP 	text: height = np.float64(0.05)
284.6153 	EXP 	text: height = np.float64(0.05)
284.6153 	EXP 	text: text = 'GBP49.0todayorGBP60.0after89.0days'
284.6153 	EXP 	Fixation: autoDraw = True
284.7748 	EXP 	Device response: <KeyPress from None: t=284.5811009159661, value=t, duration=0.19230216700816527>
285.5868 	INFO 	Keyboard events cleared
285.5864 	EXP 	text: autoDraw = True
285.6084 	EXP 	Fixation: autoDraw = False
287.1274 	EXP 	Device response: <KeyPress from None: t=287.12104362400714, value=t, duration=None>
287.1278 	EXP 	New trial (rep=10, index=5): <Trial 75 (5 in rep 10) data={'reward_today': 78.0, 'future_reward': 80.0, 'delay': 162.0, 'thisN': 75, 'thisTrialN': 5, 'thisRepN': 10}>
287.1401 	DATA 	Keypress: t
287.1445 	EXP 	Fixation: autoDraw = False
287.1445 	EXP 	text: autoDraw = False
287.1445 	EXP 	text: height = np.float64(0.05)
287.1445 	EXP 	text: height = np.float64(0.05)
287.1445 	EXP 	text: height = np.float64(0.05)
287.1445 	EXP 	text: text = 'GBP78.0todayorGBP80.0after162.0days'
287.1445 	EXP 	Fixation: autoDraw = True
287.2883 	EXP 	Device response: <KeyPress from None: t=287.12104362400714, value=t, duration=0.15627649996895343>
288.1278 	INFO 	Keyboard events cleared
288.1276 	EXP 	text: autoDraw = True
288.1363 	EXP 	Fixation: autoDraw = False
288.9440 	EXP 	Device response: <KeyPress from None: t=288.94107241596794, value=t, duration=None>
288.9445 	EXP 	New trial (rep=10, index=6): <Trial 76 (6 in rep 10) data={'reward_today': 11.0, 'future_reward': 30.0, 'delay': 7.0, 'thisN': 76, 'thisTrialN': 6, 'thisRepN': 10}>
288.9560 	DATA 	Keypress: t
288.9604 	EXP 	Fixation: autoDraw = False
288.9604 	EXP 	text: autoDraw = False
288.9604 	EXP 	text: height = np.float64(0.05)
288.9604 	EXP 	text: height = np.float64(0.05)
288.9604 	EXP 	text: height = np.float64(0.05)
288.9604 	EXP 	text: text = 'GBP11.0todayorGBP30.0after7.0days'
288.9604 	EXP 	Fixation: autoDraw = True
289.1217 	EXP 	Device response: <KeyPress from None: t=288.94107241596794, value=t, duration=0.1723147919983603>
289.9445 	INFO 	Keyboard events cleared
289.9443 	EXP 	text: autoDraw = True
289.9531 	EXP 	Fixation: autoDraw = False
290.9547 	EXP 	Device response: <KeyPress from None: t=290.9429594579851, value=l, duration=None>
290.9552 	EXP 	New trial (rep=11, index=0): <Trial 77 (0 in rep 11) data={'reward_today': 49.0, 'future_reward': 60.0, 'delay': 89.0, 'thisN': 77, 'thisTrialN': 0, 'thisRepN': 11}>
290.9677 	DATA 	Keypress: l
290.9720 	EXP 	Fixation: autoDraw = False
290.9720 	EXP 	text: autoDraw = False
290.9720 	EXP 	text: height = np.float64(0.05)
290.9720 	EXP 	text: height = np.float64(0.05)
290.9720 	EXP 	text: height = np.float64(0.05)
290.9720 	EXP 	text: text = 'GBP49.0todayorGBP60.0after89.0days'
290.9720 	EXP 	Fixation: autoDraw = True
291.0566 	EXP 	Device response: <KeyPress from None: t=290.9429594579851, value=l, duration=0.10434187500504777>
291.9536 	INFO 	Keyboard events cleared
291.9533 	EXP 	text: autoDraw = True
291.9698 	EXP 	Fixation: autoDraw = False
293.9275 	EXP 	Device response: <KeyPress from None: t=293.91841587400995, value=t, duration=None>
293.9311 	EXP 	New trial (rep=11, index=1): <Trial 78 (1 in rep 11) data={'reward_today': 40.0, 'future_reward': 55.0, 'delay': 62.0, 'thisN': 78, 'thisTrialN': 1, 'thisRepN': 11}>
293.9500 	DATA 	Keypress: t
293.9542 	EXP 	Fixation: autoDraw = False
293.9542 	EXP 	text: autoDraw = False
293.9542 	EXP 	text: height = np.float64(0.05)
293.9542 	EXP 	text: height = np.float64(0.05)
293.9542 	EXP 	text: height = np.float64(0.05)
293.9542 	EXP 	text: text = 'GBP40.0todayorGBP55.0after62.0days'
293.9542 	EXP 	Fixation: autoDraw = True
294.1093 	EXP 	Device response: <KeyPress from None: t=293.91841587400995, value=t, duration=0.1877424999838695>
294.9295 	INFO 	Keyboard events cleared
294.9292 	EXP 	text: autoDraw = True
294.9531 	EXP 	Fixation: autoDraw = False
296.3134 	EXP 	Device response: <KeyPress from None: t=296.30382504098816, value=t, duration=None>
296.3149 	EXP 	New trial (rep=11, index=2): <Trial 79 (2 in rep 11) data={'reward_today': 15.0, 'future_reward': 35.0, 'delay': 13.0, 'thisN': 79, 'thisTrialN': 2, 'thisRepN': 11}>
296.3402 	DATA 	Keypress: t
296.3448 	EXP 	Fixation: autoDraw = False
296.3448 	EXP 	text: autoDraw = False
296.3448 	EXP 	text: height = np.float64(0.05)
296.3448 	EXP 	text: height = np.float64(0.05)
296.3448 	EXP 	text: height = np.float64(0.05)
296.3448 	EXP 	text: text = 'GBP15.0todayorGBP35.0after13.0days'
296.3448 	EXP 	Fixation: autoDraw = True
296.5257 	EXP 	Device response: <KeyPress from None: t=296.30382504098816, value=t, duration=0.2201893330202438>
297.3103 	INFO 	Keyboard events cleared
297.3096 	EXP 	text: autoDraw = True
297.3414 	EXP 	Fixation: autoDraw = False
310.1289 	EXP 	Device response: <KeyPress from None: t=310.125097290962, value=t, duration=None>
310.1298 	EXP 	New trial (rep=11, index=3): <Trial 80 (3 in rep 11) data={'reward_today': 11.0, 'future_reward': 30.0, 'delay': 7.0, 'thisN': 80, 'thisTrialN': 3, 'thisRepN': 11}>
310.1446 	DATA 	Keypress: t
310.1486 	EXP 	Fixation: autoDraw = False
310.1486 	EXP 	text: autoDraw = False
310.1486 	EXP 	text: height = np.float64(0.05)
310.1486 	EXP 	text: height = np.float64(0.05)
310.1486 	EXP 	text: height = np.float64(0.05)
310.1486 	EXP 	text: text = 'GBP11.0todayorGBP30.0after7.0days'
310.1486 	EXP 	Fixation: autoDraw = True
310.2542 	EXP 	Device response: <KeyPress from None: t=310.125097290962, value=t, duration=0.12411258299835026>
311.1271 	INFO 	Keyboard events cleared
311.1268 	EXP 	text: autoDraw = True
311.1410 	EXP 	Fixation: autoDraw = False
323.3681 	EXP 	Device response: <KeyPress from None: t=323.34609312401153, value=l, duration=None>
323.3700 	EXP 	New trial (rep=11, index=4): <Trial 81 (4 in rep 11) data={'reward_today': 67.0, 'future_reward': 75.0, 'delay': 119.0, 'thisN': 81, 'thisTrialN': 4, 'thisRepN': 11}>
323.4365 	DATA 	Keypress: l
323.4599 	EXP 	Fixation: autoDraw = False
323.4599 	EXP 	text: autoDraw = False
323.4599 	EXP 	text: height = np.float64(0.05)
323.4599 	EXP 	text: height = np.float64(0.05)
323.4599 	EXP 	text: height = np.float64(0.05)
323.4599 	EXP 	text: text = 'GBP67.0todayorGBP75.0after119.0days'
323.4599 	EXP 	Fixation: autoDraw = True
323.4606 	EXP 	Device response: <KeyPress from None: t=323.34609312401153, value=l, duration=0.08021474996348843>
324.3606 	INFO 	Keyboard events cleared
324.3603 	EXP 	text: autoDraw = True
324.4531 	EXP 	Fixation: autoDraw = False
325.7715 	EXP 	Device response: <KeyPress from None: t=325.76298516598763, value=r, duration=None>
325.7793 	DATA 	Keypress: r
325.8887 	EXP 	Device response: <KeyPress from None: t=325.76298516598763, value=r, duration=0.11629941698629409>
327.3088 	EXP 	Device response: <KeyPress from None: t=327.30382570798974, value=t, duration=None>
327.3091 	EXP 	New trial (rep=11, index=5): <Trial 82 (5 in rep 11) data={'reward_today': 27.0, 'future_reward': 50.0, 'delay': 21.0, 'thisN': 82, 'thisTrialN': 5, 'thisRepN': 11}>
327.3199 	DATA 	Keypress: t
327.3244 	EXP 	Fixation: autoDraw = False
327.3244 	EXP 	text: autoDraw = False
327.3244 	EXP 	text: height = np.float64(0.05)
327.3244 	EXP 	text: height = np.float64(0.05)
327.3244 	EXP 	text: height = np.float64(0.05)
327.3244 	EXP 	text: text = 'GBP27.0todayorGBP50.0after21.0days'
327.3244 	EXP 	Fixation: autoDraw = True
327.3708 	EXP 	Device response: <KeyPress from None: t=327.30382570798974, value=t, duration=0.056351041013840586>
328.3107 	INFO 	Keyboard events cleared
328.3104 	EXP 	text: autoDraw = True
328.3190 	EXP 	Fixation: autoDraw = False
330.0604 	EXP 	Device response: <KeyPress from None: t=330.04884033300914, value=l, duration=None>
330.0629 	EXP 	New trial (rep=11, index=6): <Trial 83 (6 in rep 11) data={'reward_today': 78.0, 'future_reward': 80.0, 'delay': 162.0, 'thisN': 83, 'thisTrialN': 6, 'thisRepN': 11}>
330.0799 	DATA 	Keypress: l
330.0857 	EXP 	Fixation: autoDraw = False
330.0857 	EXP 	text: autoDraw = False
330.0857 	EXP 	text: height = np.float64(0.05)
330.0857 	EXP 	text: height = np.float64(0.05)
330.0857 	EXP 	text: height = np.float64(0.05)
330.0857 	EXP 	text: text = 'GBP78.0todayorGBP80.0after162.0days'
330.0857 	EXP 	Fixation: autoDraw = True
330.2090 	EXP 	Device response: <KeyPress from None: t=330.04884033300914, value=l, duration=0.1483297499944456>
331.0605 	INFO 	Keyboard events cleared
331.0603 	EXP 	text: autoDraw = True
331.0742 	EXP 	Fixation: autoDraw = False
332.8056 	EXP 	Device response: <KeyPress from None: t=332.80278654099675, value=t, duration=None>
332.8065 	EXP 	New trial (rep=12, index=0): <Trial 84 (0 in rep 12) data={'reward_today': 49.0, 'future_reward': 60.0, 'delay': 89.0, 'thisN': 84, 'thisTrialN': 0, 'thisRepN': 12}>
332.8202 	DATA 	Keypress: t
332.8249 	EXP 	Fixation: autoDraw = False
332.8249 	EXP 	text: autoDraw = False
332.8249 	EXP 	text: height = np.float64(0.05)
332.8249 	EXP 	text: height = np.float64(0.05)
332.8249 	EXP 	text: height = np.float64(0.05)
332.8249 	EXP 	text: text = 'GBP49.0todayorGBP60.0after89.0days'
332.8249 	EXP 	Fixation: autoDraw = True
332.9213 	EXP 	Device response: <KeyPress from None: t=332.80278654099675, value=t, duration=0.11633283301489428>
333.8033 	INFO 	Keyboard events cleared
333.8030 	EXP 	text: autoDraw = True
333.8198 	EXP 	Fixation: autoDraw = False
344.5897 	EXP 	Device response: <KeyPress from None: t=344.5788776659756, value=t, duration=None>
344.5913 	EXP 	New trial (rep=12, index=1): <Trial 85 (1 in rep 12) data={'reward_today': 78.0, 'future_reward': 80.0, 'delay': 162.0, 'thisN': 85, 'thisTrialN': 1, 'thisRepN': 12}>
344.6097 	DATA 	Keypress: t
344.6148 	EXP 	Fixation: autoDraw = False
344.6148 	EXP 	text: autoDraw = False
344.6148 	EXP 	text: height = np.float64(0.05)
344.6148 	EXP 	text: height = np.float64(0.05)
344.6148 	EXP 	text: height = np.float64(0.05)
344.6148 	EXP 	text: text = 'GBP78.0todayorGBP80.0after162.0days'
344.6148 	EXP 	Fixation: autoDraw = True
344.7382 	EXP 	Device response: <KeyPress from None: t=344.5788776659756, value=t, duration=0.15544729202520102>
345.5865 	INFO 	Keyboard events cleared
345.5863 	EXP 	text: autoDraw = True
345.6081 	EXP 	Fixation: autoDraw = False
346.3272 	EXP 	Device response: <KeyPress from None: t=346.3230325409677, value=t, duration=None>
346.3277 	EXP 	New trial (rep=12, index=2): <Trial 86 (2 in rep 12) data={'reward_today': 15.0, 'future_reward': 35.0, 'delay': 13.0, 'thisN': 86, 'thisTrialN': 2, 'thisRepN': 12}>
346.3392 	DATA 	Keypress: t
346.3436 	EXP 	Fixation: autoDraw = False
346.3436 	EXP 	text: autoDraw = False
346.3436 	EXP 	text: height = np.float64(0.05)
346.3436 	EXP 	text: height = np.float64(0.05)
346.3436 	EXP 	text: height = np.float64(0.05)
346.3436 	EXP 	text: text = 'GBP15.0todayorGBP35.0after13.0days'
346.3436 	EXP 	Fixation: autoDraw = True
346.4265 	EXP 	Device response: <KeyPress from None: t=346.3230325409677, value=t, duration=0.1003167080343701>
347.3278 	INFO 	Keyboard events cleared
347.3275 	EXP 	text: autoDraw = True
347.3362 	EXP 	Fixation: autoDraw = False
349.7843 	EXP 	Device response: <KeyPress from None: t=349.7716916659847, value=l, duration=None>
349.7854 	EXP 	New trial (rep=12, index=3): <Trial 87 (3 in rep 12) data={'reward_today': 27.0, 'future_reward': 50.0, 'delay': 21.0, 'thisN': 87, 'thisTrialN': 3, 'thisRepN': 12}>
349.8034 	DATA 	Keypress: l
349.8081 	EXP 	Fixation: autoDraw = False
349.8081 	EXP 	text: autoDraw = False
349.8081 	EXP 	text: height = np.float64(0.05)
349.8081 	EXP 	text: height = np.float64(0.05)
349.8081 	EXP 	text: height = np.float64(0.05)
349.8081 	EXP 	text: text = 'GBP27.0todayorGBP50.0after21.0days'
349.8081 	EXP 	Fixation: autoDraw = True
349.9418 	EXP 	Device response: <KeyPress from None: t=349.7716916659847, value=l, duration=0.1666093749809079>
350.7777 	INFO 	Keyboard events cleared
350.7774 	EXP 	text: autoDraw = True
350.8036 	EXP 	Fixation: autoDraw = False
352.5587 	EXP 	Device response: <KeyPress from None: t=352.5418620829587, value=l, duration=None>
352.5600 	EXP 	New trial (rep=12, index=4): <Trial 88 (4 in rep 12) data={'reward_today': 11.0, 'future_reward': 30.0, 'delay': 7.0, 'thisN': 88, 'thisTrialN': 4, 'thisRepN': 12}>
352.5756 	DATA 	Keypress: l
352.5794 	EXP 	Fixation: autoDraw = False
352.5794 	EXP 	text: autoDraw = False
352.5794 	EXP 	text: height = np.float64(0.05)
352.5794 	EXP 	text: height = np.float64(0.05)
352.5794 	EXP 	text: height = np.float64(0.05)
352.5794 	EXP 	text: text = 'GBP11.0todayorGBP30.0after7.0days'
352.5794 	EXP 	Fixation: autoDraw = True
352.7114 	EXP 	Device response: <KeyPress from None: t=352.5418620829587, value=l, duration=0.16429450002033263>
353.5571 	INFO 	Keyboard events cleared
353.5570 	EXP 	text: autoDraw = True
353.5738 	EXP 	Fixation: autoDraw = False
354.3047 	EXP 	Device response: <KeyPress from None: t=354.30186824896373, value=l, duration=None>
354.3053 	EXP 	New trial (rep=12, index=5): <Trial 89 (5 in rep 12) data={'reward_today': 67.0, 'future_reward': 75.0, 'delay': 119.0, 'thisN': 89, 'thisTrialN': 5, 'thisRepN': 12}>
354.3181 	DATA 	Keypress: l
354.3220 	EXP 	Fixation: autoDraw = False
354.3220 	EXP 	text: autoDraw = False
354.3220 	EXP 	text: height = np.float64(0.05)
354.3220 	EXP 	text: height = np.float64(0.05)
354.3220 	EXP 	text: height = np.float64(0.05)
354.3220 	EXP 	text: text = 'GBP67.0todayorGBP75.0after119.0days'
354.3220 	EXP 	Fixation: autoDraw = True
354.4571 	EXP 	Device response: <KeyPress from None: t=354.30186824896373, value=l, duration=0.14028933399822563>
355.3034 	INFO 	Keyboard events cleared
355.3032 	EXP 	text: autoDraw = True
355.3195 	EXP 	Fixation: autoDraw = False
356.3714 	EXP 	Device response: <KeyPress from None: t=356.3677624159609, value=t, duration=None>
356.3720 	EXP 	New trial (rep=12, index=6): <Trial 90 (6 in rep 12) data={'reward_today': 40.0, 'future_reward': 55.0, 'delay': 62.0, 'thisN': 90, 'thisTrialN': 6, 'thisRepN': 12}>
356.3855 	DATA 	Keypress: t
356.3901 	EXP 	Fixation: autoDraw = False
356.3901 	EXP 	text: autoDraw = False
356.3901 	EXP 	text: height = np.float64(0.05)
356.3901 	EXP 	text: height = np.float64(0.05)
356.3901 	EXP 	text: height = np.float64(0.05)
356.3901 	EXP 	text: text = 'GBP40.0todayorGBP55.0after62.0days'
356.3901 	EXP 	Fixation: autoDraw = True
356.4883 	EXP 	Device response: <KeyPress from None: t=356.3677624159609, value=t, duration=0.10820833302568644>
357.3696 	INFO 	Keyboard events cleared
357.3693 	EXP 	text: autoDraw = True
357.3861 	EXP 	Fixation: autoDraw = False
360.2901 	EXP 	Device response: <KeyPress from None: t=360.27459870796883, value=t, duration=None>
360.2912 	EXP 	New trial (rep=13, index=0): <Trial 91 (0 in rep 13) data={'reward_today': 11.0, 'future_reward': 30.0, 'delay': 7.0, 'thisN': 91, 'thisTrialN': 0, 'thisRepN': 13}>
360.3092 	DATA 	Keypress: t
360.3137 	EXP 	Fixation: autoDraw = False
360.3137 	EXP 	text: autoDraw = False
360.3137 	EXP 	text: height = np.float64(0.05)
360.3137 	EXP 	text: height = np.float64(0.05)
360.3137 	EXP 	text: height = np.float64(0.05)
360.3137 	EXP 	text: text = 'GBP11.0todayorGBP30.0after7.0days'
360.3137 	EXP 	Fixation: autoDraw = True
360.4549 	EXP 	Device response: <KeyPress from None: t=360.27459870796883, value=t, duration=0.1683256250107661>
361.2865 	INFO 	Keyboard events cleared
361.2863 	EXP 	text: autoDraw = True
361.3090 	EXP 	Fixation: autoDraw = False
362.9196 	EXP 	Device response: <KeyPress from None: t=362.91256304096896, value=l, duration=None>
362.9198 	EXP 	New trial (rep=13, index=1): <Trial 92 (1 in rep 13) data={'reward_today': 67.0, 'future_reward': 75.0, 'delay': 119.0, 'thisN': 92, 'thisTrialN': 1, 'thisRepN': 13}>
362.9247 	DATA 	Keypress: l
362.9290 	EXP 	Fixation: autoDraw = False
362.9290 	EXP 	text: autoDraw = False
362.9290 	EXP 	text: height = np.float64(0.05)
362.9290 	EXP 	text: height = np.float64(0.05)
362.9290 	EXP 	text: height = np.float64(0.05)
362.9290 	EXP 	text: text = 'GBP67.0todayorGBP75.0after119.0days'
362.9290 	EXP 	Fixation: autoDraw = True
363.0884 	EXP 	Device response: <KeyPress from None: t=362.91256304096896, value=l, duration=0.16833512502489612>
363.9106 	INFO 	Keyboard events cleared
363.9104 	EXP 	text: autoDraw = True
363.9257 	EXP 	Fixation: autoDraw = False
367.0128 	EXP 	Device response: <KeyPress from None: t=367.00342174898833, value=t, duration=None>
367.0139 	EXP 	New trial (rep=13, index=2): <Trial 93 (2 in rep 13) data={'reward_today': 78.0, 'future_reward': 80.0, 'delay': 162.0, 'thisN': 93, 'thisTrialN': 2, 'thisRepN': 13}>
367.0274 	DATA 	Keypress: t
367.0321 	EXP 	Fixation: autoDraw = False
367.0321 	EXP 	text: autoDraw = False
367.0321 	EXP 	text: height = np.float64(0.05)
367.0321 	EXP 	text: height = np.float64(0.05)
367.0321 	EXP 	text: height = np.float64(0.05)
367.0321 	EXP 	text: text = 'GBP78.0todayorGBP80.0after162.0days'
367.0321 	EXP 	Fixation: autoDraw = True
367.1383 	EXP 	Device response: <KeyPress from None: t=367.00342174898833, value=t, duration=0.12832566699944437>
368.0110 	INFO 	Keyboard events cleared
368.0107 	EXP 	text: autoDraw = True
368.0227 	EXP 	Fixation: autoDraw = False
369.4111 	EXP 	Device response: <KeyPress from None: t=369.40429029095685, value=t, duration=None>
369.4115 	EXP 	New trial (rep=13, index=3): <Trial 94 (3 in rep 13) data={'reward_today': 49.0, 'future_reward': 60.0, 'delay': 89.0, 'thisN': 94, 'thisTrialN': 3, 'thisRepN': 13}>
369.4248 	DATA 	Keypress: t
369.4293 	EXP 	Fixation: autoDraw = False
369.4293 	EXP 	text: autoDraw = False
369.4293 	EXP 	text: height = np.float64(0.05)
369.4293 	EXP 	text: height = np.float64(0.05)
369.4293 	EXP 	text: height = np.float64(0.05)
369.4293 	EXP 	text: text = 'GBP49.0todayorGBP60.0after89.0days'
369.4293 	EXP 	Fixation: autoDraw = True
369.5714 	EXP 	Device response: <KeyPress from None: t=369.40429029095685, value=t, duration=0.16038787504658103>
370.4111 	INFO 	Keyboard events cleared
370.4108 	EXP 	text: autoDraw = True
370.4233 	EXP 	Fixation: autoDraw = False
373.3543 	EXP 	Device response: <KeyPress from None: t=373.34026091598207, value=t, duration=None>
373.3554 	EXP 	New trial (rep=13, index=4): <Trial 95 (4 in rep 13) data={'reward_today': 27.0, 'future_reward': 50.0, 'delay': 21.0, 'thisN': 95, 'thisTrialN': 4, 'thisRepN': 13}>
373.3710 	DATA 	Keypress: t
373.3771 	EXP 	Fixation: autoDraw = False
373.3771 	EXP 	text: autoDraw = False
373.3771 	EXP 	text: height = np.float64(0.05)
373.3771 	EXP 	text: height = np.float64(0.05)
373.3771 	EXP 	text: height = np.float64(0.05)
373.3771 	EXP 	text: text = 'GBP27.0todayorGBP50.0after21.0days'
373.3771 	EXP 	Fixation: autoDraw = True
373.4244 	EXP 	Device response: <KeyPress from None: t=373.34026091598207, value=t, duration=0.08027504198253155>
374.3532 	INFO 	Keyboard events cleared
374.3529 	EXP 	text: autoDraw = True
374.3757 	EXP 	Fixation: autoDraw = False
375.7729 	EXP 	Device response: <KeyPress from None: t=375.7612020410015, value=l, duration=None>
375.7735 	EXP 	New trial (rep=13, index=5): <Trial 96 (5 in rep 13) data={'reward_today': 40.0, 'future_reward': 55.0, 'delay': 62.0, 'thisN': 96, 'thisTrialN': 5, 'thisRepN': 13}>
375.7846 	DATA 	Keypress: l
375.7889 	EXP 	Fixation: autoDraw = False
375.7889 	EXP 	text: autoDraw = False
375.7889 	EXP 	text: height = np.float64(0.05)
375.7889 	EXP 	text: height = np.float64(0.05)
375.7889 	EXP 	text: height = np.float64(0.05)
375.7889 	EXP 	text: text = 'GBP40.0todayorGBP55.0after62.0days'
375.7889 	EXP 	Fixation: autoDraw = True
375.8203 	EXP 	Device response: <KeyPress from None: t=375.7612020410015, value=l, duration=0.05232833296759054>
376.7697 	INFO 	Keyboard events cleared
376.7693 	EXP 	text: autoDraw = True
376.7859 	EXP 	Fixation: autoDraw = False
377.6700 	EXP 	Device response: <KeyPress from None: t=377.66812320798635, value=t, duration=None>
377.6702 	EXP 	New trial (rep=13, index=6): <Trial 97 (6 in rep 13) data={'reward_today': 15.0, 'future_reward': 35.0, 'delay': 13.0, 'thisN': 97, 'thisTrialN': 6, 'thisRepN': 13}>
377.6757 	DATA 	Keypress: t
377.6800 	EXP 	Fixation: autoDraw = False
377.6800 	EXP 	text: autoDraw = False
377.6800 	EXP 	text: height = np.float64(0.05)
377.6800 	EXP 	text: height = np.float64(0.05)
377.6800 	EXP 	text: height = np.float64(0.05)
377.6800 	EXP 	text: text = 'GBP15.0todayorGBP35.0after13.0days'
377.6800 	EXP 	Fixation: autoDraw = True
377.7546 	EXP 	Device response: <KeyPress from None: t=377.66812320798635, value=t, duration=0.08035125001333654>
378.6603 	INFO 	Keyboard events cleared
378.6601 	EXP 	text: autoDraw = True
378.6754 	EXP 	Fixation: autoDraw = False
379.6237 	EXP 	Device response: <KeyPress from None: t=379.60396616597427, value=l, duration=None>
379.6247 	EXP 	New trial (rep=14, index=0): <Trial 98 (0 in rep 14) data={'reward_today': 11.0, 'future_reward': 30.0, 'delay': 7.0, 'thisN': 98, 'thisTrialN': 0, 'thisRepN': 14}>
379.6341 	DATA 	Keypress: l
379.6385 	EXP 	Fixation: autoDraw = False
379.6385 	EXP 	text: autoDraw = False
379.6385 	EXP 	text: height = np.float64(0.05)
379.6385 	EXP 	text: height = np.float64(0.05)
379.6385 	EXP 	text: height = np.float64(0.05)
379.6385 	EXP 	text: text = 'GBP11.0todayorGBP30.0after7.0days'
379.6385 	EXP 	Fixation: autoDraw = True
379.6873 	EXP 	Device response: <KeyPress from None: t=379.60396616597427, value=l, duration=0.076448125008028>
380.6200 	INFO 	Keyboard events cleared
380.6198 	EXP 	text: autoDraw = True
380.6362 	EXP 	Fixation: autoDraw = False
381.7387 	EXP 	Device response: <KeyPress from None: t=381.7271221659612, value=l, duration=None>
381.7396 	EXP 	New trial (rep=14, index=1): <Trial 99 (1 in rep 14) data={'reward_today': 49.0, 'future_reward': 60.0, 'delay': 89.0, 'thisN': 99, 'thisTrialN': 1, 'thisRepN': 14}>
381.7536 	DATA 	Keypress: l
381.7582 	EXP 	Fixation: autoDraw = False
381.7582 	EXP 	text: autoDraw = False
381.7582 	EXP 	text: height = np.float64(0.05)
381.7582 	EXP 	text: height = np.float64(0.05)
381.7582 	EXP 	text: height = np.float64(0.05)
381.7582 	EXP 	text: text = 'GBP49.0todayorGBP60.0after89.0days'
381.7582 	EXP 	Fixation: autoDraw = True
381.8037 	EXP 	Device response: <KeyPress from None: t=381.7271221659612, value=l, duration=0.06408679200103506>
382.7368 	INFO 	Keyboard events cleared
382.7365 	EXP 	text: autoDraw = True
382.7529 	EXP 	Fixation: autoDraw = False
383.9761 	EXP 	Device response: <KeyPress from None: t=383.9729234990082, value=t, duration=None>
383.9772 	EXP 	New trial (rep=14, index=2): <Trial 100 (2 in rep 14) data={'reward_today': 78.0, 'future_reward': 80.0, 'delay': 162.0, 'thisN': 100, 'thisTrialN': 2, 'thisRepN': 14}>
383.9937 	DATA 	Keypress: t
383.9979 	EXP 	Fixation: autoDraw = False
383.9979 	EXP 	text: autoDraw = False
383.9979 	EXP 	text: height = np.float64(0.05)
383.9979 	EXP 	text: height = np.float64(0.05)
383.9979 	EXP 	text: height = np.float64(0.05)
383.9979 	EXP 	text: text = 'GBP78.0todayorGBP80.0after162.0days'
383.9979 	EXP 	Fixation: autoDraw = True
384.1040 	EXP 	Device response: <KeyPress from None: t=383.9729234990082, value=t, duration=0.12424629199085757>
384.9770 	INFO 	Keyboard events cleared
384.9767 	EXP 	text: autoDraw = True
384.9897 	EXP 	Fixation: autoDraw = False
386.5210 	EXP 	Device response: <KeyPress from None: t=386.5128859989927, value=t, duration=None>
386.5215 	EXP 	New trial (rep=14, index=3): <Trial 101 (3 in rep 14) data={'reward_today': 15.0, 'future_reward': 35.0, 'delay': 13.0, 'thisN': 101, 'thisTrialN': 3, 'thisRepN': 14}>
386.5340 	DATA 	Keypress: t
386.5388 	EXP 	Fixation: autoDraw = False
386.5388 	EXP 	text: autoDraw = False
386.5388 	EXP 	text: height = np.float64(0.05)
386.5388 	EXP 	text: height = np.float64(0.05)
386.5388 	EXP 	text: height = np.float64(0.05)
386.5388 	EXP 	text: text = 'GBP15.0todayorGBP35.0after13.0days'
386.5388 	EXP 	Fixation: autoDraw = True
386.6750 	EXP 	Device response: <KeyPress from None: t=386.5128859989927, value=t, duration=0.1601837920024991>
387.5196 	INFO 	Keyboard events cleared
387.5192 	EXP 	text: autoDraw = True
387.5362 	EXP 	Fixation: autoDraw = False
393.1279 	EXP 	Device response: <KeyPress from None: t=393.1233611239586, value=l, duration=None>
393.1293 	EXP 	New trial (rep=14, index=4): <Trial 102 (4 in rep 14) data={'reward_today': 67.0, 'future_reward': 75.0, 'delay': 119.0, 'thisN': 102, 'thisTrialN': 4, 'thisRepN': 14}>
393.1539 	DATA 	Keypress: l
393.1585 	EXP 	Fixation: autoDraw = False
393.1585 	EXP 	text: autoDraw = False
393.1585 	EXP 	text: height = np.float64(0.05)
393.1585 	EXP 	text: height = np.float64(0.05)
393.1585 	EXP 	text: height = np.float64(0.05)
393.1585 	EXP 	text: text = 'GBP67.0todayorGBP75.0after119.0days'
393.1585 	EXP 	Fixation: autoDraw = True
393.1893 	EXP 	Device response: <KeyPress from None: t=393.1233611239586, value=l, duration=0.06248862500069663>
394.1289 	INFO 	Keyboard events cleared
394.1285 	EXP 	text: autoDraw = True
394.1583 	EXP 	Fixation: autoDraw = False
395.8043 	EXP 	Device response: <KeyPress from None: t=395.8014490829664, value=t, duration=None>
395.8045 	EXP 	New trial (rep=14, index=5): <Trial 103 (5 in rep 14) data={'reward_today': 27.0, 'future_reward': 50.0, 'delay': 21.0, 'thisN': 103, 'thisTrialN': 5, 'thisRepN': 14}>
395.8130 	DATA 	Keypress: t
395.8167 	EXP 	Fixation: autoDraw = False
395.8167 	EXP 	text: autoDraw = False
395.8167 	EXP 	text: height = np.float64(0.05)
395.8167 	EXP 	text: height = np.float64(0.05)
395.8167 	EXP 	text: height = np.float64(0.05)
395.8167 	EXP 	text: text = 'GBP27.0todayorGBP50.0after21.0days'
395.8167 	EXP 	Fixation: autoDraw = True
395.8388 	EXP 	Device response: <KeyPress from None: t=395.8014490829664, value=t, duration=0.036367874999996275>
396.8029 	INFO 	Keyboard events cleared
396.8027 	EXP 	text: autoDraw = True
396.8083 	EXP 	Fixation: autoDraw = False
398.6885 	EXP 	Device response: <KeyPress from None: t=398.68337845796486, value=l, duration=None>
398.6892 	EXP 	New trial (rep=14, index=6): <Trial 104 (6 in rep 14) data={'reward_today': 40.0, 'future_reward': 55.0, 'delay': 62.0, 'thisN': 104, 'thisTrialN': 6, 'thisRepN': 14}>
398.7033 	DATA 	Keypress: l
398.7080 	EXP 	Fixation: autoDraw = False
398.7080 	EXP 	text: autoDraw = False
398.7080 	EXP 	text: height = np.float64(0.05)
398.7080 	EXP 	text: height = np.float64(0.05)
398.7080 	EXP 	text: height = np.float64(0.05)
398.7080 	EXP 	text: text = 'GBP40.0todayorGBP55.0after62.0days'
398.7080 	EXP 	Fixation: autoDraw = True
398.7874 	EXP 	Device response: <KeyPress from None: t=398.68337845796486, value=l, duration=0.0921635830309242>
399.6865 	INFO 	Keyboard events cleared
399.6863 	EXP 	text: autoDraw = True
399.7027 	EXP 	Fixation: autoDraw = False
400.4544 	EXP 	Device response: <KeyPress from None: t=400.4473827079637, value=t, duration=None>
400.4649 	DATA 	Keypress: t
400.4704 	EXP 	Fixation: autoDraw = False
400.4704 	EXP 	text: autoDraw = False
400.4718 	EXP 	delay discounting: status = STOPPED
400.5359 	INFO 	saved data to '/Users/tiaragajjar/Desktop/lab/EXP7 Delay Discounting /data/1_delay discounting_2025-10-24_11h34.24.710.csv'
400.5538 	INFO 	saved data to /Users/tiaragajjar/Desktop/lab/EXP7 Delay Discounting /data/1_delay discounting_2025-10-24_11h34.24.710.psydat
402.3103 	WARNING 	Stopping key buffers but this could be dangerous ifother keyboards rely on the same.
402.3126 	WARNING 	Stopping key buffers but this could be dangerous ifother keyboards rely on the same.
