31.4011 	WARNING 	Font Manager failed to load file /System/Library/PrivateFrameworks/FontServices.framework/Resources/Reserved/PingFangUI.ttc
31.5907 	WARNING 	Font Manager failed to load file /System/Library/PrivateFrameworks/FontServices.framework/Resources/Reserved/PingFangUI.ttc
37.9399 	INFO 	Loaded monitor calibration from ['2025_08_07 12:17']
38.2932 	INFO 	Using renderer 'Apple M2' for graphics
38.2932 	INFO 	OpenGL version supported by driver is 2..
38.3834 	EXP 	Created window1 = Window(allowGUI=True, allowStencil=True, autoLog=True, backendConf=UNKNOWN, backgroundFit=<method-wrapper '__getattribute__' of attributeSetter object at 0x153e480d0>, backgroundImage=<method-wrapper '__getattribute__' of attributeSetter object at 0x153e48130>, bitsMode=UNKNOWN, blendMode='avg', bpc=(8, 8, 8), color=array([0, 0, 0]), colorSpace='rgb', depthBits=8, fullscr=False, gamma=None, gammaErrorPolicy='raise', infoMsg=UNKNOWN, lms=UNKNOWN, monitor=<psychopy.monitors.calibTools.Monitor object at 0x153f3b010>, multiSample=False, name='window1', numSamples=2, pos=[np.float64(120.0), np.float64(50.0)], screen=0, size=array([2400, 1600]), stencilBits=8, stereo=False, title='PsychoPy', units='height', useFBO=True, useRetina=True, viewOri=0.0, viewPos=None, viewScale=None, waitBlanking=True, winType='pyglet')
38.3836 	EXP 	window1: backgroundImage = ''
38.3836 	EXP 	window1: backgroundFit = 'none'
38.9782 	EXP 	window1: Attempting to measure frame rate of screen (0) ...
38.9783 	EXP 	window1: recordFrameIntervals = False
39.5035 	EXP 	window1: recordFrameIntervals = True
40.3385 	WARNING 	Couldn't measure a consistent frame rate!
  - Is your graphics card set to sync to vertical blank?
  - Are you running other processes on your computer?

42.9346 	INFO 	keyboard.Keyboard is using ptb backend.
42.9349 	EXP 	Word Priming : status = STARTED
42.9580 	EXP 	Created studytext = TextStim(__class__=<class 'psychopy.visual.text.TextStim'>, alignHoriz=method-wrapper(...), alignText='center', alignVert=method-wrapper(...), anchorHoriz='center', anchorVert='center', antialias=True, autoDraw=False, autoLog=True, bold=False, color=array([1., 1., 1.]), colorSpace='rgb', contrast=1.0, depth=0.0, draggable=False, flipHoriz=False, flipVert=False, font='Arial', fontFiles=[], height=0.05, italic=False, languageStyle='LTR', name='studytext', opacity=1, ori=0.0, pos=array([0., 0.]), rgb=UNKNOWN, text='', units='height', win=Window(...), wrapWidth=1)
43.1885 	EXP 	Created studyslider = Slider(__class__=<class 'psychopy.visual.slider.Slider'>, autoDraw=False, autoLog=True, borderColor=None, color=None, colorSpace='rgb', depth=-1, fillColor=None, flip=False, font='Noto Sans', granularity=0.0, labelColor=None, labelHeight=np.float64(0.05), labelWrapWidth=None, labels=['Familiar', 'Unfamiliar'], lineColor=None, markerColor=None, name='studyslider', opacity=None, ori=0.0, pos=array([ 0. , -0.3]), readOnly=False, self=UNKNOWN, size=array([1. , 0.1]), startValue=None, style='rating', styleTweaks=[], ticks=array([1, 2, 3, 4, 5]), units='height', win=Window(...))
43.1939 	EXP 	Created test_text = TextStim(__class__=<class 'psychopy.visual.text.TextStim'>, alignHoriz=method-wrapper(...), alignText='center', alignVert=method-wrapper(...), anchorHoriz='center', anchorVert='center', antialias=True, autoDraw=False, autoLog=True, bold=False, color=array([1., 1., 1.]), colorSpace='rgb', contrast=1.0, depth=0.0, draggable=False, flipHoriz=False, flipVert=False, font='Arial', fontFiles=[], height=0.05, italic=False, languageStyle='LTR', name='test_text', opacity=1, ori=0.0, pos=array([0. , 0.3]), rgb=UNKNOWN, text='', units='height', win=Window(...), wrapWidth=1)
43.3092 	EXP 	Created submit_text = TextStim(__class__=<class 'psychopy.visual.text.TextStim'>, alignHoriz=method-wrapper(...), alignText='center', alignVert=method-wrapper(...), anchorHoriz='center', anchorVert='center', antialias=True, autoDraw=False, autoLog=True, bold=False, color=array([1., 1., 1.]), colorSpace='rgb', contrast=1.0, depth=-2.0, draggable=False, flipHoriz=False, flipVert=False, font='Arial', fontFiles=[], height=np.float64(0.05), italic=False, languageStyle='LTR', name='submit_text', opacity=1, ori=0.0, pos=array([ 0. , -0.3]), rgb=UNKNOWN, text='Click to Submit\n\n', units='height', win=Window(...), wrapWidth=1)
0.0402 	EXP 	studyslider: autoLog = True
0.0402 	EXP 	studyslider: styleTweaks = []
0.0402 	EXP 	studyslider: styleTweaks = []
0.0402 	EXP 	studyslider: styleTweaks = []
0.0402 	EXP 	studyslider: styleTweaks = []
0.0402 	EXP 	studyslider: contrast = 1.0
0.0402 	EXP 	studyslider: markerPos = None
0.0402 	EXP 	studyslider: autoLog = True
0.0402 	EXP 	textbox: autoLog = True
0.0648 	EXP 	Imported study_words.xlsx as conditions, 15 conditions, 1 params
0.0703 	EXP 	New trial (rep=0, index=0): <Trial 0 (0 in rep 0) data={'study_word': 'board', 'thisN': 0, 'thisTrialN': 0, 'thisRepN': 0}>
0.1063 	WARNING 	t of last frame was 66.07ms (=1/15)
0.1063 	EXP 	studytext: height = np.float64(0.05)
0.1063 	EXP 	studytext: height = np.float64(0.05)
0.1063 	EXP 	studytext: height = np.float64(0.05)
0.1063 	EXP 	studytext: text = 'board'
0.1063 	EXP 	studyslider: markerPos = None
0.1063 	EXP 	studyslider: markerPos = None
0.1063 	EXP 	studytext: autoDraw = True
0.1063 	EXP 	studyslider: autoDraw = True
0.5373 	WARNING 	t of last frame was 23.75ms (=1/42)
2.6731 	WARNING 	t of last frame was 22.80ms (=1/43)
3.0003 	DATA 	Mouse: Left button down, pos=(200,162)
3.0123 	EXP 	studyslider: markerPos = np.float64(1.0)
3.0224 	EXP 	studyslider: markerPos = np.float64(1.0)
3.0295 	EXP 	studyslider: markerPos = np.float64(1.0)
3.0390 	EXP 	studyslider: markerPos = np.float64(1.0)
3.0461 	EXP 	studyslider: markerPos = np.float64(1.0)
3.0559 	EXP 	studyslider: markerPos = np.float64(1.0)
3.0632 	EXP 	studyslider: markerPos = np.float64(1.0)
3.0723 	EXP 	studyslider: markerPos = np.float64(1.0)
3.0797 	EXP 	studyslider: markerPos = np.float64(1.0)
3.0893 	EXP 	studyslider: markerPos = np.float64(1.0)
3.0967 	EXP 	studyslider: markerPos = np.float64(1.0)
3.1057 	EXP 	studyslider: markerPos = np.float64(1.0)
3.1130 	EXP 	studyslider: markerPos = np.float64(1.0)
3.1225 	EXP 	studyslider: markerPos = np.float64(1.0)
3.1298 	EXP 	studyslider: markerPos = np.float64(1.0)
3.1308 	DATA 	Mouse:  Left button up, pos=(200,162)
3.1390 	EXP 	studyslider: markerPos = np.float64(1.0)
3.1396 	EXP 	New trial (rep=0, index=1): <Trial 1 (1 in rep 0) data={'study_word': 'book', 'thisN': 1, 'thisTrialN': 1, 'thisRepN': 0}>
3.1497 	EXP 	studytext: autoDraw = False
3.1497 	EXP 	studyslider: autoDraw = False
3.1497 	EXP 	studytext: height = np.float64(0.05)
3.1497 	EXP 	studytext: height = np.float64(0.05)
3.1497 	EXP 	studytext: height = np.float64(0.05)
3.1497 	EXP 	studytext: text = 'book'
3.1497 	EXP 	studyslider: markerPos = None
3.1497 	EXP 	studyslider: markerPos = None
3.1497 	EXP 	studytext: autoDraw = True
3.1497 	EXP 	studyslider: autoDraw = True
4.1481 	DATA 	Mouse: Left button down, pos=(201,161)
4.1556 	EXP 	studyslider: markerPos = np.float64(1.005)
4.1629 	EXP 	studyslider: markerPos = np.float64(1.005)
4.1723 	EXP 	studyslider: markerPos = np.float64(1.005)
4.1786 	EXP 	studyslider: markerPos = np.float64(1.005)
4.1890 	EXP 	studyslider: markerPos = np.float64(1.005)
4.1957 	EXP 	studyslider: markerPos = np.float64(1.005)
4.2058 	EXP 	studyslider: markerPos = np.float64(1.005)
4.2128 	EXP 	studyslider: markerPos = np.float64(1.005)
4.2226 	EXP 	studyslider: markerPos = np.float64(1.005)
4.2293 	EXP 	studyslider: markerPos = np.float64(1.005)
4.2391 	EXP 	studyslider: markerPos = np.float64(1.005)
4.2460 	EXP 	studyslider: markerPos = np.float64(1.005)
4.2557 	EXP 	studyslider: markerPos = np.float64(1.005)
4.2633 	EXP 	studyslider: markerPos = np.float64(1.005)
4.2725 	EXP 	studyslider: markerPos = np.float64(1.005)
4.2796 	EXP 	studyslider: markerPos = np.float64(1.005)
4.2802 	DATA 	Mouse:  Left button up, pos=(201,161)
4.2892 	EXP 	studyslider: markerPos = np.float64(1.005)
4.2898 	EXP 	New trial (rep=0, index=2): <Trial 2 (2 in rep 0) data={'study_word': 'police', 'thisN': 2, 'thisTrialN': 2, 'thisRepN': 0}>
4.3002 	EXP 	studytext: autoDraw = False
4.3002 	EXP 	studyslider: autoDraw = False
4.3002 	EXP 	studytext: height = np.float64(0.05)
4.3002 	EXP 	studytext: height = np.float64(0.05)
4.3002 	EXP 	studytext: height = np.float64(0.05)
4.3002 	EXP 	studytext: text = 'police'
4.3002 	EXP 	studyslider: markerPos = None
4.3002 	EXP 	studyslider: markerPos = None
4.3002 	EXP 	studytext: autoDraw = True
4.3002 	EXP 	studyslider: autoDraw = True
5.5473 	DATA 	Mouse: Left button down, pos=(201,159)
5.5569 	EXP 	studyslider: markerPos = np.float64(1.005)
5.5634 	EXP 	studyslider: markerPos = np.float64(1.005)
5.5728 	EXP 	studyslider: markerPos = np.float64(1.005)
5.5798 	EXP 	studyslider: markerPos = np.float64(1.005)
5.5900 	EXP 	studyslider: markerPos = np.float64(1.005)
5.5968 	EXP 	studyslider: markerPos = np.float64(1.005)
5.6230 	WARNING 	t of last frame was 26.20ms (=1/38)
5.6230 	EXP 	studyslider: markerPos = np.float64(1.005)
5.6401 	EXP 	studyslider: markerPos = np.float64(1.005)
5.6447 	DATA 	Mouse:  Left button up, pos=(201,159)
5.6480 	EXP 	studyslider: markerPos = np.float64(1.005)
5.6557 	EXP 	studyslider: markerPos = np.float64(1.005)
5.6564 	EXP 	New trial (rep=0, index=3): <Trial 3 (3 in rep 0) data={'study_word': 'tshirt', 'thisN': 3, 'thisTrialN': 3, 'thisRepN': 0}>
5.6681 	EXP 	studytext: autoDraw = False
5.6681 	EXP 	studyslider: autoDraw = False
5.6681 	EXP 	studytext: height = np.float64(0.05)
5.6681 	EXP 	studytext: height = np.float64(0.05)
5.6681 	EXP 	studytext: height = np.float64(0.05)
5.6681 	EXP 	studytext: text = 'tshirt'
5.6681 	EXP 	studyslider: markerPos = None
5.6681 	EXP 	studyslider: markerPos = None
5.6681 	EXP 	studytext: autoDraw = True
5.6681 	EXP 	studyslider: autoDraw = True
5.6900 	WARNING 	Multiple dropped frames have occurred - I'll stop bothering you about them!
6.8639 	DATA 	Mouse: Left button down, pos=(202,159)
6.8723 	EXP 	studyslider: markerPos = np.float64(1.01)
6.8796 	EXP 	studyslider: markerPos = np.float64(1.01)
6.8896 	EXP 	studyslider: markerPos = np.float64(1.01)
6.8966 	EXP 	studyslider: markerPos = np.float64(1.01)
6.9059 	EXP 	studyslider: markerPos = np.float64(1.01)
6.9150 	EXP 	studyslider: markerPos = np.float64(1.01)
6.9223 	EXP 	studyslider: markerPos = np.float64(1.01)
6.9291 	EXP 	studyslider: markerPos = np.float64(1.01)
6.9394 	EXP 	studyslider: markerPos = np.float64(1.01)
6.9460 	EXP 	studyslider: markerPos = np.float64(1.01)
6.9557 	EXP 	studyslider: markerPos = np.float64(1.01)
6.9599 	DATA 	Mouse:  Left button up, pos=(202,159)
6.9621 	EXP 	studyslider: markerPos = np.float64(1.01)
6.9724 	EXP 	studyslider: markerPos = np.float64(1.01)
6.9728 	EXP 	New trial (rep=0, index=4): <Trial 4 (4 in rep 0) data={'study_word': 'chart', 'thisN': 4, 'thisTrialN': 4, 'thisRepN': 0}>
6.9805 	EXP 	studytext: autoDraw = False
6.9805 	EXP 	studyslider: autoDraw = False
6.9805 	EXP 	studytext: height = np.float64(0.05)
6.9805 	EXP 	studytext: height = np.float64(0.05)
6.9805 	EXP 	studytext: height = np.float64(0.05)
6.9805 	EXP 	studytext: text = 'chart'
6.9805 	EXP 	studyslider: markerPos = None
6.9805 	EXP 	studyslider: markerPos = None
6.9805 	EXP 	studytext: autoDraw = True
6.9805 	EXP 	studyslider: autoDraw = True
8.0826 	DATA 	Mouse: Left button down, pos=(202,159)
8.0947 	EXP 	studyslider: markerPos = np.float64(1.01)
8.1065 	EXP 	studyslider: markerPos = np.float64(1.01)
8.1140 	EXP 	studyslider: markerPos = np.float64(1.01)
8.1224 	EXP 	studyslider: markerPos = np.float64(1.01)
8.1294 	EXP 	studyslider: markerPos = np.float64(1.01)
8.1399 	EXP 	studyslider: markerPos = np.float64(1.01)
8.1471 	EXP 	studyslider: markerPos = np.float64(1.01)
8.1557 	EXP 	studyslider: markerPos = np.float64(1.01)
8.1633 	EXP 	studyslider: markerPos = np.float64(1.01)
8.1724 	EXP 	studyslider: markerPos = np.float64(1.01)
8.1795 	EXP 	studyslider: markerPos = np.float64(1.01)
8.1890 	EXP 	studyslider: markerPos = np.float64(1.01)
8.1957 	EXP 	studyslider: markerPos = np.float64(1.01)
8.1964 	DATA 	Mouse:  Left button up, pos=(202,159)
8.2059 	EXP 	studyslider: markerPos = np.float64(1.01)
8.2065 	EXP 	New trial (rep=0, index=5): <Trial 5 (5 in rep 0) data={'study_word': 'laptop', 'thisN': 5, 'thisTrialN': 5, 'thisRepN': 0}>
8.2152 	EXP 	studytext: autoDraw = False
8.2152 	EXP 	studyslider: autoDraw = False
8.2152 	EXP 	studytext: height = np.float64(0.05)
8.2152 	EXP 	studytext: height = np.float64(0.05)
8.2152 	EXP 	studytext: height = np.float64(0.05)
8.2152 	EXP 	studytext: text = 'laptop'
8.2152 	EXP 	studyslider: markerPos = None
8.2152 	EXP 	studyslider: markerPos = None
8.2152 	EXP 	studytext: autoDraw = True
8.2152 	EXP 	studyslider: autoDraw = True
8.8637 	DATA 	Mouse: Left button down, pos=(202,159)
8.8724 	EXP 	studyslider: markerPos = np.float64(1.01)
8.8794 	EXP 	studyslider: markerPos = np.float64(1.01)
8.8891 	EXP 	studyslider: markerPos = np.float64(1.01)
8.8959 	EXP 	studyslider: markerPos = np.float64(1.01)
8.9059 	EXP 	studyslider: markerPos = np.float64(1.01)
8.9129 	EXP 	studyslider: markerPos = np.float64(1.01)
8.9225 	EXP 	studyslider: markerPos = np.float64(1.01)
8.9296 	EXP 	studyslider: markerPos = np.float64(1.01)
8.9395 	EXP 	studyslider: markerPos = np.float64(1.01)
8.9472 	EXP 	studyslider: markerPos = np.float64(1.01)
8.9558 	EXP 	studyslider: markerPos = np.float64(1.01)
8.9638 	EXP 	studyslider: markerPos = np.float64(1.01)
8.9725 	EXP 	studyslider: markerPos = np.float64(1.01)
8.9800 	EXP 	studyslider: markerPos = np.float64(1.01)
8.9891 	EXP 	studyslider: markerPos = np.float64(1.01)
8.9959 	EXP 	studyslider: markerPos = np.float64(1.01)
8.9966 	DATA 	Mouse:  Left button up, pos=(202,159)
9.0057 	EXP 	studyslider: markerPos = np.float64(1.01)
9.0062 	EXP 	New trial (rep=0, index=6): <Trial 6 (6 in rep 0) data={'study_word': 'cruise', 'thisN': 6, 'thisTrialN': 6, 'thisRepN': 0}>
9.0138 	EXP 	studytext: autoDraw = False
9.0138 	EXP 	studyslider: autoDraw = False
9.0138 	EXP 	studytext: height = np.float64(0.05)
9.0138 	EXP 	studytext: height = np.float64(0.05)
9.0138 	EXP 	studytext: height = np.float64(0.05)
9.0138 	EXP 	studytext: text = 'cruise'
9.0138 	EXP 	studyslider: markerPos = None
9.0138 	EXP 	studyslider: markerPos = None
9.0138 	EXP 	studytext: autoDraw = True
9.0138 	EXP 	studyslider: autoDraw = True
10.7479 	DATA 	Mouse: Left button down, pos=(202,159)
10.7561 	EXP 	studyslider: markerPos = np.float64(1.01)
10.7634 	EXP 	studyslider: markerPos = np.float64(1.01)
10.7727 	EXP 	studyslider: markerPos = np.float64(1.01)
10.7807 	EXP 	studyslider: markerPos = np.float64(1.01)
10.7892 	EXP 	studyslider: markerPos = np.float64(1.01)
10.7974 	EXP 	studyslider: markerPos = np.float64(1.01)
10.8058 	EXP 	studyslider: markerPos = np.float64(1.01)
10.8134 	EXP 	studyslider: markerPos = np.float64(1.01)
10.8224 	EXP 	studyslider: markerPos = np.float64(1.01)
10.8296 	EXP 	studyslider: markerPos = np.float64(1.01)
10.8394 	EXP 	studyslider: markerPos = np.float64(1.01)
10.8471 	EXP 	studyslider: markerPos = np.float64(1.01)
10.8557 	EXP 	studyslider: markerPos = np.float64(1.01)
10.8626 	EXP 	studyslider: markerPos = np.float64(1.01)
10.8724 	EXP 	studyslider: markerPos = np.float64(1.01)
10.8788 	EXP 	studyslider: markerPos = np.float64(1.01)
10.8890 	EXP 	studyslider: markerPos = np.float64(1.01)
10.8956 	EXP 	studyslider: markerPos = np.float64(1.01)
10.8963 	DATA 	Mouse:  Left button up, pos=(202,159)
10.9057 	EXP 	studyslider: markerPos = np.float64(1.01)
10.9062 	EXP 	New trial (rep=0, index=7): <Trial 7 (7 in rep 0) data={'study_word': 'keys', 'thisN': 7, 'thisTrialN': 7, 'thisRepN': 0}>
10.9155 	EXP 	studytext: autoDraw = False
10.9155 	EXP 	studyslider: autoDraw = False
10.9155 	EXP 	studytext: height = np.float64(0.05)
10.9155 	EXP 	studytext: height = np.float64(0.05)
10.9155 	EXP 	studytext: height = np.float64(0.05)
10.9155 	EXP 	studytext: text = 'keys'
10.9155 	EXP 	studyslider: markerPos = None
10.9155 	EXP 	studyslider: markerPos = None
10.9155 	EXP 	studytext: autoDraw = True
10.9155 	EXP 	studyslider: autoDraw = True
11.9778 	DATA 	Mouse: Left button down, pos=(202,159)
11.9890 	EXP 	studyslider: markerPos = np.float64(1.01)
11.9956 	EXP 	studyslider: markerPos = np.float64(1.01)
12.0066 	EXP 	studyslider: markerPos = np.float64(1.01)
12.0131 	EXP 	studyslider: markerPos = np.float64(1.01)
12.0230 	EXP 	studyslider: markerPos = np.float64(1.01)
12.0295 	EXP 	studyslider: markerPos = np.float64(1.01)
12.0395 	EXP 	studyslider: markerPos = np.float64(1.01)
12.0469 	EXP 	studyslider: markerPos = np.float64(1.01)
12.0559 	EXP 	studyslider: markerPos = np.float64(1.01)
12.0629 	EXP 	studyslider: markerPos = np.float64(1.01)
12.0728 	EXP 	studyslider: markerPos = np.float64(1.01)
12.0810 	EXP 	studyslider: markerPos = np.float64(1.01)
12.0890 	EXP 	studyslider: markerPos = np.float64(1.01)
12.0964 	EXP 	studyslider: markerPos = np.float64(1.01)
12.1063 	EXP 	studyslider: markerPos = np.float64(1.01)
12.1138 	EXP 	studyslider: markerPos = np.float64(1.01)
12.1226 	EXP 	studyslider: markerPos = np.float64(1.01)
12.1298 	EXP 	studyslider: markerPos = np.float64(1.01)
12.1305 	DATA 	Mouse:  Left button up, pos=(202,159)
12.1393 	EXP 	studyslider: markerPos = np.float64(1.01)
12.1398 	EXP 	New trial (rep=0, index=8): <Trial 8 (8 in rep 0) data={'study_word': 'case', 'thisN': 8, 'thisTrialN': 8, 'thisRepN': 0}>
12.1476 	EXP 	studytext: autoDraw = False
12.1476 	EXP 	studyslider: autoDraw = False
12.1476 	EXP 	studytext: height = np.float64(0.05)
12.1476 	EXP 	studytext: height = np.float64(0.05)
12.1476 	EXP 	studytext: height = np.float64(0.05)
12.1476 	EXP 	studytext: text = 'case'
12.1476 	EXP 	studyslider: markerPos = None
12.1476 	EXP 	studyslider: markerPos = None
12.1476 	EXP 	studytext: autoDraw = True
12.1476 	EXP 	studyslider: autoDraw = True
14.6564 	DATA 	Mouse: Left button down, pos=(202,159)
14.6651 	EXP 	studyslider: markerPos = np.float64(1.01)
14.6725 	EXP 	studyslider: markerPos = np.float64(1.01)
14.6797 	EXP 	studyslider: markerPos = np.float64(1.01)
14.6894 	EXP 	studyslider: markerPos = np.float64(1.01)
14.6967 	EXP 	studyslider: markerPos = np.float64(1.01)
14.7057 	EXP 	studyslider: markerPos = np.float64(1.01)
14.7134 	EXP 	studyslider: markerPos = np.float64(1.01)
14.7228 	EXP 	studyslider: markerPos = np.float64(1.01)
14.7298 	EXP 	studyslider: markerPos = np.float64(1.01)
14.7391 	EXP 	studyslider: markerPos = np.float64(1.01)
14.7464 	EXP 	studyslider: markerPos = np.float64(1.01)
14.7559 	EXP 	studyslider: markerPos = np.float64(1.01)
14.7641 	EXP 	studyslider: markerPos = np.float64(1.01)
14.7724 	EXP 	studyslider: markerPos = np.float64(1.01)
14.7793 	EXP 	studyslider: markerPos = np.float64(1.01)
14.7799 	DATA 	Mouse:  Left button up, pos=(202,159)
14.7893 	EXP 	studyslider: markerPos = np.float64(1.01)
14.7900 	EXP 	New trial (rep=0, index=9): <Trial 9 (9 in rep 0) data={'study_word': 'mouse', 'thisN': 9, 'thisTrialN': 9, 'thisRepN': 0}>
14.7981 	EXP 	studytext: autoDraw = False
14.7981 	EXP 	studyslider: autoDraw = False
14.7981 	EXP 	studytext: height = np.float64(0.05)
14.7981 	EXP 	studytext: height = np.float64(0.05)
14.7981 	EXP 	studytext: height = np.float64(0.05)
14.7981 	EXP 	studytext: text = 'mouse'
14.7981 	EXP 	studyslider: markerPos = None
14.7981 	EXP 	studyslider: markerPos = None
14.7981 	EXP 	studytext: autoDraw = True
14.7981 	EXP 	studyslider: autoDraw = True
15.7665 	DATA 	Mouse: Left button down, pos=(202,159)
15.7738 	EXP 	studyslider: markerPos = np.float64(1.01)
15.7813 	EXP 	studyslider: markerPos = np.float64(1.01)
15.7890 	EXP 	studyslider: markerPos = np.float64(1.01)
15.7953 	EXP 	studyslider: markerPos = np.float64(1.01)
15.8067 	EXP 	studyslider: markerPos = np.float64(1.01)
15.8140 	EXP 	studyslider: markerPos = np.float64(1.01)
15.8223 	EXP 	studyslider: markerPos = np.float64(1.01)
15.8292 	EXP 	studyslider: markerPos = np.float64(1.01)
15.8392 	EXP 	studyslider: markerPos = np.float64(1.01)
15.8465 	EXP 	studyslider: markerPos = np.float64(1.01)
15.8557 	EXP 	studyslider: markerPos = np.float64(1.01)
15.8629 	EXP 	studyslider: markerPos = np.float64(1.01)
15.8725 	EXP 	studyslider: markerPos = np.float64(1.01)
15.8798 	EXP 	studyslider: markerPos = np.float64(1.01)
15.8805 	DATA 	Mouse:  Left button up, pos=(202,159)
15.8892 	EXP 	studyslider: markerPos = np.float64(1.01)
15.8899 	EXP 	New trial (rep=0, index=10): <Trial 10 (10 in rep 0) data={'study_word': 'marble', 'thisN': 10, 'thisTrialN': 10, 'thisRepN': 0}>
15.8975 	EXP 	studytext: autoDraw = False
15.8975 	EXP 	studyslider: autoDraw = False
15.8975 	EXP 	studytext: height = np.float64(0.05)
15.8975 	EXP 	studytext: height = np.float64(0.05)
15.8975 	EXP 	studytext: height = np.float64(0.05)
15.8975 	EXP 	studytext: text = 'marble'
15.8975 	EXP 	studyslider: markerPos = None
15.8975 	EXP 	studyslider: markerPos = None
15.8975 	EXP 	studytext: autoDraw = True
15.8975 	EXP 	studyslider: autoDraw = True
18.1937 	DATA 	Mouse: Left button down, pos=(958,129)
18.2056 	EXP 	studyslider: markerPos = np.float64(4.79)
18.2123 	EXP 	studyslider: markerPos = np.float64(4.79)
18.2225 	EXP 	studyslider: markerPos = np.float64(4.79)
18.2285 	EXP 	studyslider: markerPos = np.float64(4.79)
18.2394 	EXP 	studyslider: markerPos = np.float64(4.79)
18.2460 	EXP 	studyslider: markerPos = np.float64(4.79)
18.2561 	EXP 	studyslider: markerPos = np.float64(4.79)
18.2628 	EXP 	studyslider: markerPos = np.float64(4.79)
18.2727 	EXP 	studyslider: markerPos = np.float64(4.79)
18.2801 	EXP 	studyslider: markerPos = np.float64(4.79)
18.2890 	EXP 	studyslider: markerPos = np.float64(4.79)
18.2959 	EXP 	studyslider: markerPos = np.float64(4.79)
18.3057 	EXP 	studyslider: markerPos = np.float64(4.79)
18.3125 	EXP 	studyslider: markerPos = np.float64(4.79)
18.3224 	EXP 	studyslider: markerPos = np.float64(4.79)
18.3292 	EXP 	studyslider: markerPos = np.float64(4.79)
18.3299 	DATA 	Mouse:  Left button up, pos=(958,129)
18.3390 	EXP 	studyslider: markerPos = np.float64(4.79)
18.3394 	EXP 	New trial (rep=0, index=11): <Trial 11 (11 in rep 0) data={'study_word': 'cushion', 'thisN': 11, 'thisTrialN': 11, 'thisRepN': 0}>
18.3486 	EXP 	studytext: autoDraw = False
18.3486 	EXP 	studyslider: autoDraw = False
18.3486 	EXP 	studytext: height = np.float64(0.05)
18.3486 	EXP 	studytext: height = np.float64(0.05)
18.3486 	EXP 	studytext: height = np.float64(0.05)
18.3486 	EXP 	studytext: text = 'cushion'
18.3486 	EXP 	studyslider: markerPos = None
18.3486 	EXP 	studyslider: markerPos = None
18.3486 	EXP 	studytext: autoDraw = True
18.3486 	EXP 	studyslider: autoDraw = True
19.9305 	DATA 	Mouse: Left button down, pos=(235,175)
19.9389 	EXP 	studyslider: markerPos = np.float64(1.175)
19.9467 	EXP 	studyslider: markerPos = np.float64(1.175)
19.9558 	EXP 	studyslider: markerPos = np.float64(1.175)
19.9625 	EXP 	studyslider: markerPos = np.float64(1.175)
19.9729 	EXP 	studyslider: markerPos = np.float64(1.175)
19.9803 	EXP 	studyslider: markerPos = np.float64(1.175)
19.9892 	EXP 	studyslider: markerPos = np.float64(1.175)
19.9967 	EXP 	studyslider: markerPos = np.float64(1.175)
20.0059 	EXP 	studyslider: markerPos = np.float64(1.175)
20.0138 	EXP 	studyslider: markerPos = np.float64(1.175)
20.0226 	EXP 	studyslider: markerPos = np.float64(1.175)
20.0308 	EXP 	studyslider: markerPos = np.float64(1.175)
20.0315 	DATA 	Mouse:  Left button up, pos=(235,175)
20.0389 	EXP 	studyslider: markerPos = np.float64(1.175)
20.0394 	EXP 	New trial (rep=0, index=12): <Trial 12 (12 in rep 0) data={'study_word': 'pastry', 'thisN': 12, 'thisTrialN': 12, 'thisRepN': 0}>
20.0469 	EXP 	studytext: autoDraw = False
20.0469 	EXP 	studyslider: autoDraw = False
20.0469 	EXP 	studytext: height = np.float64(0.05)
20.0469 	EXP 	studytext: height = np.float64(0.05)
20.0469 	EXP 	studytext: height = np.float64(0.05)
20.0469 	EXP 	studytext: text = 'pastry'
20.0469 	EXP 	studyslider: markerPos = None
20.0469 	EXP 	studyslider: markerPos = None
20.0469 	EXP 	studytext: autoDraw = True
20.0469 	EXP 	studyslider: autoDraw = True
20.8635 	DATA 	Mouse: Left button down, pos=(214,172)
20.8725 	EXP 	studyslider: markerPos = np.float64(1.07)
20.8792 	EXP 	studyslider: markerPos = np.float64(1.07)
20.8893 	EXP 	studyslider: markerPos = np.float64(1.07)
20.8962 	EXP 	studyslider: markerPos = np.float64(1.07)
20.9061 	EXP 	studyslider: markerPos = np.float64(1.07)
20.9125 	EXP 	studyslider: markerPos = np.float64(1.07)
20.9223 	EXP 	studyslider: markerPos = np.float64(1.07)
20.9294 	EXP 	studyslider: markerPos = np.float64(1.07)
20.9391 	EXP 	studyslider: markerPos = np.float64(1.07)
20.9459 	EXP 	studyslider: markerPos = np.float64(1.07)
20.9557 	EXP 	studyslider: markerPos = np.float64(1.07)
20.9626 	EXP 	studyslider: markerPos = np.float64(1.07)
20.9633 	DATA 	Mouse:  Left button up, pos=(214,172)
20.9723 	EXP 	studyslider: markerPos = np.float64(1.07)
20.9727 	EXP 	New trial (rep=0, index=13): <Trial 13 (13 in rep 0) data={'study_word': 'phone', 'thisN': 13, 'thisTrialN': 13, 'thisRepN': 0}>
20.9802 	EXP 	studytext: autoDraw = False
20.9802 	EXP 	studyslider: autoDraw = False
20.9802 	EXP 	studytext: height = np.float64(0.05)
20.9802 	EXP 	studytext: height = np.float64(0.05)
20.9802 	EXP 	studytext: height = np.float64(0.05)
20.9802 	EXP 	studytext: text = 'phone'
20.9802 	EXP 	studyslider: markerPos = None
20.9802 	EXP 	studyslider: markerPos = None
20.9802 	EXP 	studytext: autoDraw = True
20.9802 	EXP 	studyslider: autoDraw = True
23.7857 	DATA 	Mouse: Left button down, pos=(805,153)
23.7956 	EXP 	studyslider: markerPos = np.float64(4.025)
23.8061 	EXP 	studyslider: markerPos = np.float64(4.025)
23.8133 	EXP 	studyslider: markerPos = np.float64(4.025)
23.8228 	EXP 	studyslider: markerPos = np.float64(4.025)
23.8295 	EXP 	studyslider: markerPos = np.float64(4.025)
23.8397 	EXP 	studyslider: markerPos = np.float64(4.025)
23.8462 	EXP 	studyslider: markerPos = np.float64(4.025)
23.8560 	EXP 	studyslider: markerPos = np.float64(4.025)
23.8624 	EXP 	studyslider: markerPos = np.float64(4.025)
23.8728 	EXP 	studyslider: markerPos = np.float64(4.025)
23.8795 	EXP 	studyslider: markerPos = np.float64(4.025)
23.8802 	DATA 	Mouse:  Left button up, pos=(805,154)
23.8893 	EXP 	studyslider: markerPos = np.float64(4.025)
23.8900 	EXP 	New trial (rep=0, index=14): <Trial 14 (14 in rep 0) data={'study_word': 'poster', 'thisN': 14, 'thisTrialN': 14, 'thisRepN': 0}>
23.8990 	EXP 	studytext: autoDraw = False
23.8990 	EXP 	studyslider: autoDraw = False
23.8990 	EXP 	studytext: height = np.float64(0.05)
23.8990 	EXP 	studytext: height = np.float64(0.05)
23.8990 	EXP 	studytext: height = np.float64(0.05)
23.8990 	EXP 	studytext: text = 'poster'
23.8990 	EXP 	studyslider: markerPos = None
23.8990 	EXP 	studyslider: markerPos = None
23.8990 	EXP 	studytext: autoDraw = True
23.8990 	EXP 	studyslider: autoDraw = True
24.7305 	DATA 	Mouse: Left button down, pos=(796,154)
24.7390 	EXP 	studyslider: markerPos = np.float64(3.98)
24.7458 	EXP 	studyslider: markerPos = np.float64(3.98)
24.7558 	EXP 	studyslider: markerPos = np.float64(3.98)
24.7631 	EXP 	studyslider: markerPos = np.float64(3.98)
24.7726 	EXP 	studyslider: markerPos = np.float64(3.98)
24.7790 	EXP 	studyslider: markerPos = np.float64(3.98)
24.7892 	EXP 	studyslider: markerPos = np.float64(3.98)
24.7963 	EXP 	studyslider: markerPos = np.float64(3.98)
24.8056 	EXP 	studyslider: markerPos = np.float64(3.98)
24.8120 	EXP 	studyslider: markerPos = np.float64(3.98)
24.8223 	EXP 	studyslider: markerPos = np.float64(3.98)
24.8288 	EXP 	studyslider: markerPos = np.float64(3.98)
24.8389 	EXP 	studyslider: markerPos = np.float64(3.98)
24.8456 	EXP 	studyslider: markerPos = np.float64(3.98)
24.8463 	DATA 	Mouse:  Left button up, pos=(796,154)
24.8557 	EXP 	studyslider: markerPos = np.float64(3.98)
24.8652 	EXP 	Imported test_words.xlsx as conditions, 20 conditions, 1 params
24.8658 	EXP 	New trial (rep=0, index=0): <Trial 0 (0 in rep 0) data={'test_words': '_o_rd', 'thisN': 0, 'thisTrialN': 0, 'thisRepN': 0}>
24.8784 	EXP 	studytext: autoDraw = False
24.8784 	EXP 	studyslider: autoDraw = False
24.8784 	EXP 	test_text: height = np.float64(0.05)
24.8784 	EXP 	test_text: height = np.float64(0.05)
24.8784 	EXP 	test_text: height = np.float64(0.05)
24.8784 	EXP 	test_text: text = '_o_rd'
24.8784 	EXP 	test_text: autoDraw = True
24.8784 	EXP 	textbox: autoDraw = True
24.8784 	EXP 	submit_text: autoDraw = True
29.2094 	DATA 	Keypress: c
29.7865 	EXP 	Device response: <KeyPress from None: t=29.087798416003352, value=c, duration=None>
29.8046 	EXP 	Device response: <KeyPress from None: t=29.087798416003352, value=c, duration=0.16829845801112242>
32.2237 	EXP 	Device response: <KeyPress from None: t=32.22079787400435, value=backspace, duration=None>
32.2378 	DATA 	Keypress: backspace
32.3327 	EXP 	Device response: <KeyPress from None: t=32.22079787400435, value=backspace, duration=0.10426029199152254>
32.7897 	EXP 	Device response: <KeyPress from None: t=32.787334541004384, value=b, duration=None>
32.8090 	DATA 	Keypress: b
32.8739 	EXP 	Device response: <KeyPress from None: t=32.787334541004384, value=b, duration=0.08367554200231098>
32.9887 	DATA 	Keypress: o
32.9901 	EXP 	Device response: <KeyPress from None: t=32.97667974900105, value=o, duration=None>
33.0990 	DATA 	Keypress: a
33.1003 	EXP 	Device response: <KeyPress from None: t=32.97667974900105, value=o, duration=0.10404974999255501>
33.1004 	EXP 	Device response: <KeyPress from None: t=33.084642249013996, value=a, duration=None>
33.1740 	EXP 	Device response: <KeyPress from None: t=33.084642249013996, value=a, duration=0.08030262499232776>
33.3402 	EXP 	Device response: <KeyPress from None: t=33.33770895798807, value=r, duration=None>
33.3483 	DATA 	Keypress: r
33.4076 	EXP 	Device response: <KeyPress from None: t=33.33770895798807, value=r, duration=0.060298791009699926>
33.5575 	EXP 	Device response: <KeyPress from None: t=33.55567779100966, value=d, duration=None>
33.5702 	DATA 	Keypress: d
33.6910 	EXP 	Device response: <KeyPress from None: t=33.55567779100966, value=d, duration=0.1328174999798648>
34.0141 	DATA 	Mouse: Left button down, pos=(620,203)
34.0170 	EXP 	New trial (rep=0, index=1): <Trial 1 (1 in rep 0) data={'test_words': 'p_as_tr', 'thisN': 1, 'thisTrialN': 1, 'thisRepN': 0}>
34.0282 	EXP 	test_text: autoDraw = False
34.0282 	EXP 	textbox: autoDraw = False
34.0282 	EXP 	submit_text: autoDraw = False
34.0282 	EXP 	test_text: height = np.float64(0.05)
34.0282 	EXP 	test_text: height = np.float64(0.05)
34.0282 	EXP 	test_text: height = np.float64(0.05)
34.0282 	EXP 	test_text: text = 'p_as_tr'
34.0282 	EXP 	test_text: autoDraw = True
34.0282 	EXP 	textbox: autoDraw = True
34.0282 	EXP 	submit_text: autoDraw = True
34.1483 	DATA 	Mouse:  Left button up, pos=(620,203)
35.0979 	EXP 	Device response: <KeyPress from None: t=35.096688791003544, value=p, duration=None>
35.1037 	DATA 	Keypress: p
35.1910 	EXP 	Device response: <KeyPress from None: t=35.096688791003544, value=p, duration=0.08415729200351052>
35.2572 	EXP 	Device response: <KeyPress from None: t=35.25265470799059, value=a, duration=None>
35.2659 	DATA 	Keypress: a
35.3468 	EXP 	Device response: <KeyPress from None: t=35.25265470799059, value=a, duration=0.09250583301763982>
36.3467 	EXP 	Device response: <KeyPress from None: t=36.34058287399239, value=s, duration=None>
36.3581 	DATA 	Keypress: s
36.4640 	EXP 	Device response: <KeyPress from None: t=36.34058287399239, value=s, duration=0.12036733402055688>
36.9473 	EXP 	Device response: <KeyPress from None: t=36.94555829098681, value=t, duration=None>
36.9573 	DATA 	Keypress: t
37.0302 	EXP 	Device response: <KeyPress from None: t=36.94555829098681, value=t, duration=0.08396004201495089>
37.0485 	DATA 	Keypress: r
37.0493 	EXP 	Device response: <KeyPress from None: t=37.04158004099736, value=r, duration=None>
37.1639 	EXP 	Device response: <KeyPress from None: t=37.04158004099736, value=r, duration=0.11622187501052395>
37.1904 	EXP 	Device response: <KeyPress from None: t=37.189482332993066, value=y, duration=None>
37.1979 	DATA 	Keypress: y
37.2963 	EXP 	Device response: <KeyPress from None: t=37.189482332993066, value=y, duration=0.10440995800308883>
37.6975 	DATA 	Mouse: Left button down, pos=(620,203)
37.6983 	EXP 	New trial (rep=0, index=2): <Trial 2 (2 in rep 0) data={'test_words': 'v_s_', 'thisN': 2, 'thisTrialN': 2, 'thisRepN': 0}>
37.7127 	EXP 	test_text: autoDraw = False
37.7127 	EXP 	textbox: autoDraw = False
37.7127 	EXP 	submit_text: autoDraw = False
37.7127 	EXP 	test_text: height = np.float64(0.05)
37.7127 	EXP 	test_text: height = np.float64(0.05)
37.7127 	EXP 	test_text: height = np.float64(0.05)
37.7127 	EXP 	test_text: text = 'v_s_'
37.7127 	EXP 	test_text: autoDraw = True
37.7127 	EXP 	textbox: autoDraw = True
37.7127 	EXP 	submit_text: autoDraw = True
37.7964 	DATA 	Mouse:  Left button up, pos=(620,203)
38.6974 	DATA 	Keypress: v
38.6987 	EXP 	Device response: <KeyPress from None: t=38.680494083004305, value=v, duration=None>
38.7739 	EXP 	Device response: <KeyPress from None: t=38.680494083004305, value=v, duration=0.09229079098440707>
38.8237 	EXP 	Device response: <KeyPress from None: t=38.82253041601507, value=a, duration=None>
38.8318 	DATA 	Keypress: a
38.9633 	EXP 	Device response: <KeyPress from None: t=38.82253041601507, value=a, duration=0.13994062499841675>
38.9634 	EXP 	Device response: <KeyPress from None: t=38.96247104101349, value=s, duration=None>
38.9679 	DATA 	Keypress: s
39.0810 	EXP 	Device response: <KeyPress from None: t=38.96247104101349, value=s, duration=0.11641670798417181>
39.3300 	EXP 	Device response: <KeyPress from None: t=39.32940324899391, value=e, duration=None>
39.3419 	DATA 	Keypress: e
39.4070 	EXP 	Device response: <KeyPress from None: t=39.32940324899391, value=e, duration=0.07650749999447726>
39.6143 	DATA 	Mouse: Left button down, pos=(620,203)
39.6159 	EXP 	New trial (rep=0, index=3): <Trial 3 (3 in rep 0) data={'test_words': 'c_s_', 'thisN': 3, 'thisTrialN': 3, 'thisRepN': 0}>
39.6289 	EXP 	test_text: autoDraw = False
39.6289 	EXP 	textbox: autoDraw = False
39.6289 	EXP 	submit_text: autoDraw = False
39.6289 	EXP 	test_text: height = np.float64(0.05)
39.6289 	EXP 	test_text: height = np.float64(0.05)
39.6289 	EXP 	test_text: height = np.float64(0.05)
39.6289 	EXP 	test_text: text = 'c_s_'
39.6289 	EXP 	test_text: autoDraw = True
39.6289 	EXP 	textbox: autoDraw = True
39.6289 	EXP 	submit_text: autoDraw = True
39.7308 	DATA 	Mouse:  Left button up, pos=(620,203)
40.4420 	DATA 	Keypress: c
40.4436 	EXP 	Device response: <KeyPress from None: t=40.43038929099566, value=c, duration=None>
40.5237 	EXP 	Device response: <KeyPress from None: t=40.43038929099566, value=c, duration=0.0845488749910146>
40.6634 	EXP 	Device response: <KeyPress from None: t=40.66046633300721, value=a, duration=None>
40.6667 	DATA 	Keypress: a
40.7247 	DATA 	Keypress: s
40.7254 	EXP 	Device response: <KeyPress from None: t=40.71653099899413, value=s, duration=None>
40.7570 	EXP 	Device response: <KeyPress from None: t=40.66046633300721, value=a, duration=0.0924513750069309>
40.8301 	EXP 	Device response: <KeyPress from None: t=40.71653099899413, value=s, duration=0.11215091700432822>
40.9401 	EXP 	Device response: <KeyPress from None: t=40.935525873996085, value=e, duration=None>
40.9487 	DATA 	Keypress: e
41.0073 	EXP 	Device response: <KeyPress from None: t=40.935525873996085, value=e, duration=0.06419491700944491>
41.1470 	DATA 	Mouse: Left button down, pos=(620,203)
41.1477 	EXP 	New trial (rep=0, index=4): <Trial 4 (4 in rep 0) data={'test_words': '_oo_', 'thisN': 4, 'thisTrialN': 4, 'thisRepN': 0}>
41.1565 	EXP 	test_text: autoDraw = False
41.1565 	EXP 	textbox: autoDraw = False
41.1565 	EXP 	submit_text: autoDraw = False
41.1565 	EXP 	test_text: height = np.float64(0.05)
41.1565 	EXP 	test_text: height = np.float64(0.05)
41.1565 	EXP 	test_text: height = np.float64(0.05)
41.1565 	EXP 	test_text: text = '_oo_'
41.1565 	EXP 	test_text: autoDraw = True
41.1565 	EXP 	textbox: autoDraw = True
41.1565 	EXP 	submit_text: autoDraw = True
41.2793 	DATA 	Mouse:  Left button up, pos=(620,203)
41.8561 	EXP 	Device response: <KeyPress from None: t=41.8514331660117, value=b, duration=None>
41.8654 	DATA 	Keypress: b
41.9307 	EXP 	Device response: <KeyPress from None: t=41.8514331660117, value=b, duration=0.0763013329997193>
42.0813 	EXP 	Device response: <KeyPress from None: t=42.07842845801497, value=o, duration=None>
42.0847 	DATA 	Keypress: o
42.1403 	EXP 	Device response: <KeyPress from None: t=42.07842845801497, value=o, duration=0.05632133298786357>
42.2405 	EXP 	Device response: <KeyPress from None: t=42.23851520800963, value=o, duration=None>
42.2699 	DATA 	Keypress: o
42.3576 	EXP 	Device response: <KeyPress from None: t=42.23851520800963, value=o, duration=0.11228283299715258>
42.4363 	DATA 	Keypress: k
42.4377 	EXP 	Device response: <KeyPress from None: t=42.41532591599389, value=k, duration=None>
42.5300 	EXP 	Device response: <KeyPress from None: t=42.41532591599389, value=k, duration=0.11237241700291634>
42.7802 	DATA 	Mouse: Left button down, pos=(620,203)
42.7809 	EXP 	New trial (rep=0, index=5): <Trial 5 (5 in rep 0) data={'test_words': '_ru_is_', 'thisN': 5, 'thisTrialN': 5, 'thisRepN': 0}>
42.8064 	EXP 	test_text: autoDraw = False
42.8064 	EXP 	textbox: autoDraw = False
42.8064 	EXP 	submit_text: autoDraw = False
42.8064 	EXP 	test_text: height = np.float64(0.05)
42.8064 	EXP 	test_text: height = np.float64(0.05)
42.8064 	EXP 	test_text: height = np.float64(0.05)
42.8064 	EXP 	test_text: text = '_ru_is_'
42.8064 	EXP 	test_text: autoDraw = True
42.8064 	EXP 	textbox: autoDraw = True
42.8064 	EXP 	submit_text: autoDraw = True
42.8632 	DATA 	Mouse:  Left button up, pos=(620,203)
43.7019 	DATA 	Keypress: c
43.7062 	EXP 	Device response: <KeyPress from None: t=43.69642679099343, value=c, duration=None>
43.7911 	EXP 	Device response: <KeyPress from None: t=43.69642679099343, value=c, duration=0.08829191699624062>
43.9474 	EXP 	Device response: <KeyPress from None: t=43.94434024899965, value=r, duration=None>
43.9520 	DATA 	Keypress: r
44.0476 	EXP 	Device response: <KeyPress from None: t=43.94434024899965, value=r, duration=0.1006741670134943>
44.0860 	DATA 	Keypress: u
44.0870 	EXP 	Device response: <KeyPress from None: t=44.075459999003215, value=u, duration=None>
44.2372 	DATA 	Keypress: i
44.2385 	EXP 	Device response: <KeyPress from None: t=44.22742612400907, value=i, duration=None>
44.2387 	EXP 	Device response: <KeyPress from None: t=44.075459999003215, value=u, duration=0.1558387500117533>
44.3134 	EXP 	Device response: <KeyPress from None: t=44.22742612400907, value=i, duration=0.07984316698275506>
44.3135 	EXP 	Device response: <KeyPress from None: t=44.307269290991826, value=s, duration=None>
44.3172 	DATA 	Keypress: s
44.4076 	EXP 	Device response: <KeyPress from None: t=44.307269290991826, value=s, duration=0.09229825000511482>
44.4751 	DATA 	Keypress: e
44.4761 	EXP 	Device response: <KeyPress from None: t=44.46540649898816, value=e, duration=None>
44.5471 	EXP 	Device response: <KeyPress from None: t=44.46540649898816, value=e, duration=0.08026825002161786>
44.6639 	DATA 	Mouse: Left button down, pos=(620,203)
44.6646 	EXP 	New trial (rep=0, index=6): <Trial 6 (6 in rep 0) data={'test_words': 't_hi_t', 'thisN': 6, 'thisTrialN': 6, 'thisRepN': 0}>
44.6735 	EXP 	test_text: autoDraw = False
44.6735 	EXP 	textbox: autoDraw = False
44.6735 	EXP 	submit_text: autoDraw = False
44.6735 	EXP 	test_text: height = np.float64(0.05)
44.6735 	EXP 	test_text: height = np.float64(0.05)
44.6735 	EXP 	test_text: height = np.float64(0.05)
44.6735 	EXP 	test_text: text = 't_hi_t'
44.6735 	EXP 	test_text: autoDraw = True
44.6735 	EXP 	textbox: autoDraw = True
44.6735 	EXP 	submit_text: autoDraw = True
44.7971 	DATA 	Mouse:  Left button up, pos=(620,203)
45.6307 	EXP 	Device response: <KeyPress from None: t=45.6272944159864, value=t, duration=None>
45.6356 	DATA 	Keypress: t
45.7407 	EXP 	Device response: <KeyPress from None: t=45.6272944159864, value=t, duration=0.10424050001893193>
45.8800 	EXP 	Device response: <KeyPress from None: t=45.877444373996696, value=s, duration=None>
45.8839 	DATA 	Keypress: s
45.9578 	DATA 	Keypress: h
45.9586 	EXP 	Device response: <KeyPress from None: t=45.94929558300646, value=h, duration=None>
45.9810 	EXP 	Device response: <KeyPress from None: t=45.877444373996696, value=s, duration=0.09585687500657514>
46.0639 	EXP 	Device response: <KeyPress from None: t=45.94929558300646, value=h, duration=0.10830395799712278>
46.0913 	DATA 	Keypress: i
46.0920 	EXP 	Device response: <KeyPress from None: t=46.083587791014, value=i, duration=None>
46.1966 	EXP 	Device response: <KeyPress from None: t=46.083587791014, value=i, duration=0.11197870798059739>
46.2148 	DATA 	Keypress: r
46.2154 	EXP 	Device response: <KeyPress from None: t=46.20935887400992, value=r, duration=None>
46.3131 	EXP 	Device response: <KeyPress from None: t=46.20935887400992, value=r, duration=0.10016745899338275>
46.4571 	EXP 	Device response: <KeyPress from None: t=46.45530154099106, value=t, duration=None>
46.4655 	DATA 	Keypress: t
46.5571 	EXP 	Device response: <KeyPress from None: t=46.45530154099106, value=t, duration=0.100329833017895>
46.8138 	DATA 	Mouse: Left button down, pos=(620,203)
46.8145 	EXP 	New trial (rep=0, index=7): <Trial 7 (7 in rep 0) data={'test_words': 'ta_l_', 'thisN': 7, 'thisTrialN': 7, 'thisRepN': 0}>
46.8400 	EXP 	test_text: autoDraw = False
46.8400 	EXP 	textbox: autoDraw = False
46.8400 	EXP 	submit_text: autoDraw = False
46.8400 	EXP 	test_text: height = np.float64(0.05)
46.8400 	EXP 	test_text: height = np.float64(0.05)
46.8400 	EXP 	test_text: height = np.float64(0.05)
46.8400 	EXP 	test_text: text = 'ta_l_'
46.8400 	EXP 	test_text: autoDraw = True
46.8400 	EXP 	textbox: autoDraw = True
46.8400 	EXP 	submit_text: autoDraw = True
46.8982 	DATA 	Mouse:  Left button up, pos=(620,203)
47.7739 	EXP 	Device response: <KeyPress from None: t=47.76820791600039, value=t, duration=None>
47.7833 	DATA 	Keypress: t
47.8975 	EXP 	Device response: <KeyPress from None: t=47.76820791600039, value=t, duration=0.12826733299880289>
49.3906 	EXP 	Device response: <KeyPress from None: t=49.388289583002916, value=a, duration=None>
49.3986 	DATA 	Keypress: a
49.4904 	EXP 	Device response: <KeyPress from None: t=49.388289583002916, value=a, duration=0.09621270798379555>
49.4987 	EXP 	Device response: <KeyPress from None: t=49.498176708002575, value=b, duration=None>
49.5085 	DATA 	Keypress: b
49.5968 	EXP 	Device response: <KeyPress from None: t=49.498176708002575, value=b, duration=0.09635974999400787>
49.8221 	DATA 	Keypress: l
49.8236 	EXP 	Device response: <KeyPress from None: t=49.81013608298963, value=l, duration=None>
49.9238 	EXP 	Device response: <KeyPress from None: t=49.81013608298963, value=l, duration=0.10844145802548155>
49.9404 	EXP 	Device response: <KeyPress from None: t=49.93921304101241, value=e, duration=None>
49.9482 	DATA 	Keypress: e
50.0130 	EXP 	Device response: <KeyPress from None: t=49.93921304101241, value=e, duration=0.07225874997675419>
50.1813 	DATA 	Mouse: Left button down, pos=(620,203)
50.1824 	EXP 	New trial (rep=0, index=8): <Trial 8 (8 in rep 0) data={'test_words': 'c_m_ra', 'thisN': 8, 'thisTrialN': 8, 'thisRepN': 0}>
50.1954 	EXP 	test_text: autoDraw = False
50.1954 	EXP 	textbox: autoDraw = False
50.1954 	EXP 	submit_text: autoDraw = False
50.1954 	EXP 	test_text: height = np.float64(0.05)
50.1954 	EXP 	test_text: height = np.float64(0.05)
50.1954 	EXP 	test_text: height = np.float64(0.05)
50.1954 	EXP 	test_text: text = 'c_m_ra'
50.1954 	EXP 	test_text: autoDraw = True
50.1954 	EXP 	textbox: autoDraw = True
50.1954 	EXP 	submit_text: autoDraw = True
50.2799 	DATA 	Mouse:  Left button up, pos=(620,203)
50.8990 	EXP 	Device response: <KeyPress from None: t=50.89613924900186, value=c, duration=None>
50.9039 	DATA 	Keypress: c
50.9739 	EXP 	Device response: <KeyPress from None: t=50.89613924900186, value=c, duration=0.07634095899993554>
51.1154 	DATA 	Keypress: a
51.1165 	EXP 	Device response: <KeyPress from None: t=51.10815833299421, value=a, duration=None>
51.1973 	EXP 	Device response: <KeyPress from None: t=51.10815833299421, value=a, duration=0.08439070801250637>
51.3977 	EXP 	Device response: <KeyPress from None: t=51.396213748987066, value=m, duration=None>
51.4084 	DATA 	Keypress: m
51.4905 	EXP 	Device response: <KeyPress from None: t=51.396213748987066, value=m, duration=0.09226200002012774>
51.6132 	EXP 	Device response: <KeyPress from None: t=51.61012674900121, value=e, duration=None>
51.6170 	DATA 	Keypress: e
51.6965 	EXP 	Device response: <KeyPress from None: t=51.61012674900121, value=e, duration=0.08028491699951701>
51.8409 	EXP 	Device response: <KeyPress from None: t=51.83214066599612, value=r, duration=None>
51.8497 	DATA 	Keypress: r
51.9074 	EXP 	Device response: <KeyPress from None: t=51.83214066599612, value=r, duration=0.06835066701751202>
52.0738 	EXP 	Device response: <KeyPress from None: t=52.07112354101264, value=a, duration=None>
52.0818 	DATA 	Keypress: a
52.1906 	EXP 	Device response: <KeyPress from None: t=52.07112354101264, value=a, duration=0.1122449999966193>
52.4467 	DATA 	Mouse: Left button down, pos=(620,203)
52.4474 	EXP 	New trial (rep=0, index=9): <Trial 9 (9 in rep 0) data={'test_words': 'p_nc_l', 'thisN': 9, 'thisTrialN': 9, 'thisRepN': 0}>
52.4562 	EXP 	test_text: autoDraw = False
52.4562 	EXP 	textbox: autoDraw = False
52.4562 	EXP 	submit_text: autoDraw = False
52.4562 	EXP 	test_text: height = np.float64(0.05)
52.4562 	EXP 	test_text: height = np.float64(0.05)
52.4562 	EXP 	test_text: height = np.float64(0.05)
52.4562 	EXP 	test_text: text = 'p_nc_l'
52.4562 	EXP 	test_text: autoDraw = True
52.4562 	EXP 	textbox: autoDraw = True
52.4562 	EXP 	submit_text: autoDraw = True
52.5637 	DATA 	Mouse:  Left button up, pos=(620,203)
53.3748 	DATA 	Keypress: p
53.3763 	EXP 	Device response: <KeyPress from None: t=53.36414212398813, value=p, duration=None>
53.4570 	EXP 	Device response: <KeyPress from None: t=53.45656158300699, value=e, duration=None>
53.4664 	DATA 	Keypress: e
53.4732 	EXP 	Device response: <KeyPress from None: t=53.36414212398813, value=p, duration=0.10395408401382156>
53.5634 	EXP 	Device response: <KeyPress from None: t=53.45656158300699, value=e, duration=0.10377758299000561>
53.6137 	DATA 	Keypress: n
53.6150 	EXP 	Device response: <KeyPress from None: t=53.59824754099827, value=n, duration=None>
53.7070 	EXP 	Device response: <KeyPress from None: t=53.59824754099827, value=n, duration=0.10436254201340489>
53.7746 	DATA 	Keypress: c
53.7753 	EXP 	Device response: <KeyPress from None: t=53.76406087400392, value=c, duration=None>
53.8468 	EXP 	Device response: <KeyPress from None: t=53.76406087400392, value=c, duration=0.08021120898774825>
53.8649 	EXP 	Device response: <KeyPress from None: t=53.86127608301467, value=i, duration=None>
53.8684 	DATA 	Keypress: i
53.9639 	EXP 	Device response: <KeyPress from None: t=53.86127608301467, value=i, duration=0.09615408297395334>
54.0651 	DATA 	Keypress: l
54.0658 	EXP 	Device response: <KeyPress from None: t=54.05955866599106, value=l, duration=None>
54.1484 	EXP 	Device response: <KeyPress from None: t=54.05955866599106, value=l, duration=0.08788649999769405>
54.4140 	DATA 	Mouse: Left button down, pos=(620,203)
54.4147 	EXP 	New trial (rep=0, index=10): <Trial 10 (10 in rep 0) data={'test_words': 'l_apt_p', 'thisN': 10, 'thisTrialN': 10, 'thisRepN': 0}>
54.4230 	EXP 	test_text: autoDraw = False
54.4230 	EXP 	textbox: autoDraw = False
54.4230 	EXP 	submit_text: autoDraw = False
54.4230 	EXP 	test_text: height = np.float64(0.05)
54.4230 	EXP 	test_text: height = np.float64(0.05)
54.4230 	EXP 	test_text: height = np.float64(0.05)
54.4230 	EXP 	test_text: text = 'l_apt_p'
54.4230 	EXP 	test_text: autoDraw = True
54.4230 	EXP 	textbox: autoDraw = True
54.4230 	EXP 	submit_text: autoDraw = True
54.5102 	DATA 	Mouse:  Left button up, pos=(620,203)
55.0328 	DATA 	Keypress: l
55.0341 	EXP 	Device response: <KeyPress from None: t=55.023973166011274, value=l, duration=None>
55.1310 	EXP 	Device response: <KeyPress from None: t=55.023973166011274, value=l, duration=0.10035991697805002>
55.1737 	EXP 	Device response: <KeyPress from None: t=55.17016354101361, value=a, duration=None>
55.1815 	DATA 	Keypress: a
55.2573 	EXP 	Device response: <KeyPress from None: t=55.17016354101361, value=a, duration=0.0802456249948591>
55.3579 	DATA 	Keypress: p
55.3586 	EXP 	Device response: <KeyPress from None: t=55.34901729100966, value=p, duration=None>
55.4573 	EXP 	Device response: <KeyPress from None: t=55.34901729100966, value=p, duration=0.1003062499803491>
55.5413 	DATA 	Keypress: t
55.5419 	EXP 	Device response: <KeyPress from None: t=55.53398291600752, value=t, duration=None>
55.6356 	EXP 	Device response: <KeyPress from None: t=55.53398291600752, value=t, duration=0.10007654200308025>
55.6586 	DATA 	Keypress: o
55.6598 	EXP 	Device response: <KeyPress from None: t=55.64621316600824, value=o, duration=None>
55.6913 	DATA 	Keypress: p
55.6921 	EXP 	Device response: <KeyPress from None: t=55.682088873989414, value=p, duration=None>
55.8241 	EXP 	Device response: <KeyPress from None: t=55.64621316600824, value=o, duration=0.1678392920002807>
55.8242 	EXP 	Device response: <KeyPress from None: t=55.682088873989414, value=p, duration=0.1402512500062585>
56.1162 	DATA 	Mouse: Left button down, pos=(620,203)
56.1171 	EXP 	New trial (rep=0, index=11): <Trial 11 (11 in rep 0) data={'test_words': 'p_st_r', 'thisN': 11, 'thisTrialN': 11, 'thisRepN': 0}>
56.1281 	EXP 	test_text: autoDraw = False
56.1281 	EXP 	textbox: autoDraw = False
56.1281 	EXP 	submit_text: autoDraw = False
56.1281 	EXP 	test_text: height = np.float64(0.05)
56.1281 	EXP 	test_text: height = np.float64(0.05)
56.1281 	EXP 	test_text: height = np.float64(0.05)
56.1281 	EXP 	test_text: text = 'p_st_r'
56.1281 	EXP 	test_text: autoDraw = True
56.1281 	EXP 	textbox: autoDraw = True
56.1281 	EXP 	submit_text: autoDraw = True
56.2133 	DATA 	Mouse:  Left button up, pos=(620,203)
56.9078 	EXP 	Device response: <KeyPress from None: t=56.90502895799, value=p, duration=None>
56.9351 	DATA 	Keypress: p
57.0070 	EXP 	Device response: <KeyPress from None: t=56.90502895799, value=p, duration=0.0964911250048317>
57.0915 	DATA 	Keypress: a
57.0925 	EXP 	Device response: <KeyPress from None: t=57.08215479098726, value=a, duration=None>
57.2246 	DATA 	Keypress: s
57.2258 	EXP 	Device response: <KeyPress from None: t=57.21398433300783, value=s, duration=None>
57.2259 	EXP 	Device response: <KeyPress from None: t=57.08215479098726, value=a, duration=0.13590329201542772>
57.2811 	EXP 	Device response: <KeyPress from None: t=57.21398433300783, value=s, duration=0.06032124999910593>
57.5134 	EXP 	Device response: <KeyPress from None: t=57.506884458009154, value=t, duration=None>
57.5173 	DATA 	Keypress: t
57.5964 	EXP 	Device response: <KeyPress from None: t=57.59499887400307, value=r, duration=None>
57.5999 	DATA 	Keypress: r
57.6567 	EXP 	Device response: <KeyPress from None: t=57.506884458009154, value=t, duration=0.14814354098052718>
57.7239 	EXP 	Device response: <KeyPress from None: t=57.59499887400307, value=r, duration=0.12050766698666848>
57.7480 	DATA 	Keypress: y
57.7487 	EXP 	Device response: <KeyPress from None: t=57.74047762400005, value=y, duration=None>
57.8235 	EXP 	Device response: <KeyPress from None: t=57.74047762400005, value=y, duration=0.07977854201453738>
58.1139 	DATA 	Mouse: Left button down, pos=(620,203)
58.1148 	EXP 	New trial (rep=0, index=12): <Trial 12 (12 in rep 0) data={'test_words': '_ho_e', 'thisN': 12, 'thisTrialN': 12, 'thisRepN': 0}>
58.1297 	EXP 	test_text: autoDraw = False
58.1297 	EXP 	textbox: autoDraw = False
58.1297 	EXP 	submit_text: autoDraw = False
58.1297 	EXP 	test_text: height = np.float64(0.05)
58.1297 	EXP 	test_text: height = np.float64(0.05)
58.1297 	EXP 	test_text: height = np.float64(0.05)
58.1297 	EXP 	test_text: text = '_ho_e'
58.1297 	EXP 	test_text: autoDraw = True
58.1297 	EXP 	textbox: autoDraw = True
58.1297 	EXP 	submit_text: autoDraw = True
58.2133 	DATA 	Mouse:  Left button up, pos=(620,203)
60.7460 	DATA 	Keypress: s
60.7485 	EXP 	Device response: <KeyPress from None: t=60.7318586659967, value=s, duration=None>
60.8484 	EXP 	Device response: <KeyPress from None: t=60.7318586659967, value=s, duration=0.10820162500021979>
60.8643 	DATA 	Keypress: h
60.8653 	EXP 	Device response: <KeyPress from None: t=60.857805748994, value=h, duration=None>
60.9969 	EXP 	Device response: <KeyPress from None: t=60.857805748994, value=h, duration=0.13227887501125224>
61.0581 	DATA 	Keypress: o
61.0592 	EXP 	Device response: <KeyPress from None: t=61.04787304101046, value=o, duration=None>
61.1477 	EXP 	Device response: <KeyPress from None: t=61.04787304101046, value=o, duration=0.09622629199293442>
61.1813 	DATA 	Keypress: r
61.1820 	EXP 	Device response: <KeyPress from None: t=61.17580491601257, value=r, duration=None>
61.2414 	DATA 	Keypress: e
61.2422 	EXP 	Device response: <KeyPress from None: t=61.23185533299693, value=e, duration=None>
61.2975 	EXP 	Device response: <KeyPress from None: t=61.17580491601257, value=r, duration=0.11602766698342748>
61.3570 	EXP 	Device response: <KeyPress from None: t=61.23185533299693, value=e, duration=0.12436387501657009>
62.3135 	DATA 	Mouse: Left button down, pos=(620,203)
62.3277 	EXP 	New trial (rep=0, index=13): <Trial 13 (13 in rep 0) data={'test_words': 'bo_t_e', 'thisN': 13, 'thisTrialN': 13, 'thisRepN': 0}>
62.3395 	EXP 	test_text: autoDraw = False
62.3395 	EXP 	textbox: autoDraw = False
62.3395 	EXP 	submit_text: autoDraw = False
62.3395 	EXP 	test_text: height = np.float64(0.05)
62.3395 	EXP 	test_text: height = np.float64(0.05)
62.3395 	EXP 	test_text: height = np.float64(0.05)
62.3395 	EXP 	test_text: text = 'bo_t_e'
62.3395 	EXP 	test_text: autoDraw = True
62.3395 	EXP 	textbox: autoDraw = True
62.3395 	EXP 	submit_text: autoDraw = True
62.4131 	DATA 	Mouse:  Left button up, pos=(620,203)
62.9474 	EXP 	Device response: <KeyPress from None: t=62.94371645798674, value=b, duration=None>
62.9526 	DATA 	Keypress: b
63.0471 	EXP 	Device response: <KeyPress from None: t=62.94371645798674, value=b, duration=0.10039845801657066>
63.1623 	EXP 	Device response: <KeyPress from None: t=63.161705291015096, value=o, duration=None>
63.1660 	DATA 	Keypress: o
63.2571 	EXP 	Device response: <KeyPress from None: t=63.161705291015096, value=o, duration=0.08836708299349993>
63.3236 	EXP 	Device response: <KeyPress from None: t=63.32080916600535, value=t, duration=None>
63.3316 	DATA 	Keypress: t
63.3904 	EXP 	Device response: <KeyPress from None: t=63.32080916600535, value=t, duration=0.06829562500934117>
63.4736 	EXP 	Device response: <KeyPress from None: t=63.46880233299453, value=t, duration=None>
63.4819 	DATA 	Keypress: t
63.5574 	EXP 	Device response: <KeyPress from None: t=63.46880233299453, value=t, duration=0.0802074579987675>
63.5575 	EXP 	Device response: <KeyPress from None: t=63.55685920800897, value=l, duration=None>
63.5645 	DATA 	Keypress: l
63.6474 	EXP 	Device response: <KeyPress from None: t=63.55685920800897, value=l, duration=0.08421904098941013>
63.6736 	EXP 	Device response: <KeyPress from None: t=63.669743123988155, value=e, duration=None>
63.6815 	DATA 	Keypress: e
63.7649 	EXP 	Device response: <KeyPress from None: t=63.669743123988155, value=e, duration=0.08842758400714956>
63.9805 	DATA 	Mouse: Left button down, pos=(620,203)
63.9812 	EXP 	New trial (rep=0, index=14): <Trial 14 (14 in rep 0) data={'test_words': '_ou_e', 'thisN': 14, 'thisTrialN': 14, 'thisRepN': 0}>
64.0064 	EXP 	test_text: autoDraw = False
64.0064 	EXP 	textbox: autoDraw = False
64.0064 	EXP 	submit_text: autoDraw = False
64.0064 	EXP 	test_text: height = np.float64(0.05)
64.0064 	EXP 	test_text: height = np.float64(0.05)
64.0064 	EXP 	test_text: height = np.float64(0.05)
64.0064 	EXP 	test_text: text = '_ou_e'
64.0064 	EXP 	test_text: autoDraw = True
64.0064 	EXP 	textbox: autoDraw = True
64.0064 	EXP 	submit_text: autoDraw = True
64.0801 	DATA 	Mouse:  Left button up, pos=(620,203)
64.7706 	DATA 	Keypress: b
64.7720 	EXP 	Device response: <KeyPress from None: t=64.76177116599865, value=b, duration=None>
64.8638 	EXP 	Device response: <KeyPress from None: t=64.76177116599865, value=b, duration=0.09623887500492856>
64.9476 	EXP 	Device response: <KeyPress from None: t=64.94678729100269, value=o, duration=None>
64.9518 	DATA 	Keypress: o
65.1479 	EXP 	Device response: <KeyPress from None: t=64.94678729100269, value=o, duration=0.19587020800099708>
65.1570 	EXP 	Device response: <KeyPress from None: t=65.1547663329984, value=u, duration=None>
65.1658 	DATA 	Keypress: u
65.2578 	EXP 	Device response: <KeyPress from None: t=65.1547663329984, value=u, duration=0.09627812501275912>
65.6639 	EXP 	Device response: <KeyPress from None: t=65.65667649899842, value=n, duration=None>
65.6676 	DATA 	Keypress: n
65.7738 	EXP 	Device response: <KeyPress from None: t=65.65667649899842, value=n, duration=0.11641916699591093>
65.8301 	EXP 	Device response: <KeyPress from None: t=65.82678308300092, value=c, duration=None>
65.8338 	DATA 	Keypress: c
65.9302 	EXP 	Device response: <KeyPress from None: t=65.82678308300092, value=c, duration=0.09625574998790398>
66.0747 	DATA 	Keypress: e
66.0755 	EXP 	Device response: <KeyPress from None: t=66.06772937398637, value=e, duration=None>
66.1311 	EXP 	Device response: <KeyPress from None: t=66.06772937398637, value=e, duration=0.05634870901121758>
66.3966 	DATA 	Mouse: Left button down, pos=(620,203)
66.3973 	EXP 	New trial (rep=0, index=15): <Trial 15 (15 in rep 0) data={'test_words': '_a_bl_', 'thisN': 15, 'thisTrialN': 15, 'thisRepN': 0}>
66.4065 	EXP 	test_text: autoDraw = False
66.4065 	EXP 	textbox: autoDraw = False
66.4065 	EXP 	submit_text: autoDraw = False
66.4065 	EXP 	test_text: height = np.float64(0.05)
66.4065 	EXP 	test_text: height = np.float64(0.05)
66.4065 	EXP 	test_text: height = np.float64(0.05)
66.4065 	EXP 	test_text: text = '_a_bl_'
66.4065 	EXP 	test_text: autoDraw = True
66.4065 	EXP 	textbox: autoDraw = True
66.4065 	EXP 	submit_text: autoDraw = True
66.4973 	DATA 	Mouse:  Left button up, pos=(620,203)
68.4919 	DATA 	Keypress: t
68.4937 	EXP 	Device response: <KeyPress from None: t=68.47953608300304, value=t, duration=None>
68.5570 	EXP 	Device response: <KeyPress from None: t=68.47953608300304, value=t, duration=0.07248179099406116>
68.5977 	DATA 	Keypress: a
68.5984 	EXP 	Device response: <KeyPress from None: t=68.5916138330067, value=a, duration=None>
68.6657 	EXP 	Device response: <KeyPress from None: t=68.5916138330067, value=a, duration=0.07232283300254494>
68.7236 	EXP 	Device response: <KeyPress from None: t=68.72166316601215, value=b, duration=None>
68.7314 	DATA 	Keypress: b
68.8306 	EXP 	Device response: <KeyPress from None: t=68.72166316601215, value=b, duration=0.10426774999359623>
69.1070 	EXP 	Device response: <KeyPress from None: t=69.10086962400237, value=l, duration=None>
69.1160 	DATA 	Keypress: l
69.2076 	EXP 	Device response: <KeyPress from None: t=69.10086962400237, value=l, duration=0.09611441698507406>
69.2488 	DATA 	Keypress: e
69.2500 	EXP 	Device response: <KeyPress from None: t=69.2425866239937, value=e, duration=None>
69.3074 	EXP 	Device response: <KeyPress from None: t=69.2425866239937, value=e, duration=0.05630275001749396>
73.2577 	DATA 	Keypress: backspace
73.2584 	EXP 	Device response: <KeyPress from None: t=73.24647066599573, value=backspace, duration=None>
73.3311 	EXP 	Device response: <KeyPress from None: t=73.24647066599573, value=backspace, duration=0.08033412499935366>
73.4403 	EXP 	Device response: <KeyPress from None: t=73.43756999899051, value=backspace, duration=None>
73.4474 	DATA 	Keypress: backspace
73.5238 	EXP 	Device response: <KeyPress from None: t=73.43756999899051, value=backspace, duration=0.08427933399798349>
73.6244 	DATA 	Keypress: backspace
73.6251 	EXP 	Device response: <KeyPress from None: t=73.61658404101036, value=backspace, duration=None>
73.6904 	EXP 	Device response: <KeyPress from None: t=73.61658404101036, value=backspace, duration=0.07224716700147837>
73.7967 	EXP 	Device response: <KeyPress from None: t=73.79551554098725, value=backspace, duration=None>
73.7996 	DATA 	Keypress: backspace
73.8572 	EXP 	Device response: <KeyPress from None: t=73.79551554098725, value=backspace, duration=0.060311792010907084>
73.9562 	EXP 	Device response: <KeyPress from None: t=73.95349137400626, value=backspace, duration=None>
73.9629 	DATA 	Keypress: backspace
74.0396 	EXP 	Device response: <KeyPress from None: t=73.95349137400626, value=backspace, duration=0.0842761249805335>
76.3904 	EXP 	New trial (rep=0, index=16): <Trial 16 (16 in rep 0) data={'test_words': 'k_y_', 'thisN': 16, 'thisTrialN': 16, 'thisRepN': 0}>
76.3997 	EXP 	test_text: autoDraw = False
76.3997 	EXP 	textbox: autoDraw = False
76.3997 	EXP 	submit_text: autoDraw = False
76.3997 	EXP 	test_text: autoDraw = False
76.3997 	EXP 	textbox: autoDraw = False
76.3997 	EXP 	submit_text: autoDraw = False
76.3997 	EXP 	test_text: height = np.float64(0.05)
76.3997 	EXP 	test_text: height = np.float64(0.05)
76.3997 	EXP 	test_text: height = np.float64(0.05)
76.3997 	EXP 	test_text: text = 'k_y_'
76.3997 	EXP 	test_text: autoDraw = True
76.3997 	EXP 	textbox: autoDraw = True
76.3997 	EXP 	submit_text: autoDraw = True
77.5764 	EXP 	Device response: <KeyPress from None: t=77.56042516601156, value=k, duration=None>
77.5851 	DATA 	Keypress: k
77.6460 	EXP 	Device response: <KeyPress from None: t=77.56042516601156, value=k, duration=0.08030470798257738>
77.7078 	DATA 	Keypress: e
77.7087 	EXP 	Device response: <KeyPress from None: t=77.70041949901497, value=e, duration=None>
77.8070 	EXP 	Device response: <KeyPress from None: t=77.70041949901497, value=e, duration=0.10432412498630583>
77.8480 	EXP 	Device response: <KeyPress from None: t=77.84028087399201, value=y, duration=None>
77.8516 	DATA 	Keypress: y
77.9312 	EXP 	Device response: <KeyPress from None: t=77.84028087399201, value=y, duration=0.08447604201501235>
77.9901 	EXP 	Device response: <KeyPress from None: t=77.98738487399532, value=s, duration=None>
78.0010 	DATA 	Keypress: s
78.0909 	EXP 	Device response: <KeyPress from None: t=77.98738487399532, value=s, duration=0.0962957089941483>
78.3300 	DATA 	Mouse: Left button down, pos=(620,203)
78.3314 	EXP 	New trial (rep=0, index=17): <Trial 17 (17 in rep 0) data={'test_words': '_ha_t', 'thisN': 17, 'thisTrialN': 17, 'thisRepN': 0}>
78.3565 	EXP 	test_text: autoDraw = False
78.3565 	EXP 	textbox: autoDraw = False
78.3565 	EXP 	submit_text: autoDraw = False
78.3565 	EXP 	test_text: height = np.float64(0.05)
78.3565 	EXP 	test_text: height = np.float64(0.05)
78.3565 	EXP 	test_text: height = np.float64(0.05)
78.3565 	EXP 	test_text: text = '_ha_t'
78.3565 	EXP 	test_text: autoDraw = True
78.3565 	EXP 	textbox: autoDraw = True
78.3565 	EXP 	submit_text: autoDraw = True
78.4311 	DATA 	Mouse:  Left button up, pos=(620,203)
79.1145 	EXP 	Device response: <KeyPress from None: t=79.1123444160039, value=c, duration=None>
79.1199 	DATA 	Keypress: c
79.2307 	EXP 	Device response: <KeyPress from None: t=79.1123444160039, value=c, duration=0.11304437500075437>
79.2746 	DATA 	Keypress: h
79.2754 	EXP 	Device response: <KeyPress from None: t=79.26723795800353, value=h, duration=None>
79.3570 	EXP 	Device response: <KeyPress from None: t=79.26723795800353, value=h, duration=0.08802941598696634>
79.3668 	DATA 	Keypress: a
79.3725 	EXP 	Device response: <KeyPress from None: t=79.36330799901043, value=a, duration=None>
79.4468 	EXP 	Device response: <KeyPress from None: t=79.36330799901043, value=a, duration=0.08033070899546146>
79.5472 	EXP 	Device response: <KeyPress from None: t=79.54626841598656, value=r, duration=None>
79.5512 	DATA 	Keypress: r
79.6403 	EXP 	Device response: <KeyPress from None: t=79.54626841598656, value=r, duration=0.0924051670008339>
79.7589 	DATA 	Keypress: t
79.7600 	EXP 	Device response: <KeyPress from None: t=79.75133837401518, value=t, duration=None>
79.8575 	EXP 	Device response: <KeyPress from None: t=79.75133837401518, value=t, duration=0.09628024999983609>
80.0138 	DATA 	Mouse: Left button down, pos=(620,203)
80.0145 	EXP 	New trial (rep=0, index=18): <Trial 18 (18 in rep 0) data={'test_words': 'p_li_e', 'thisN': 18, 'thisTrialN': 18, 'thisRepN': 0}>
80.0397 	EXP 	test_text: autoDraw = False
80.0397 	EXP 	textbox: autoDraw = False
80.0397 	EXP 	submit_text: autoDraw = False
80.0397 	EXP 	test_text: height = np.float64(0.05)
80.0397 	EXP 	test_text: height = np.float64(0.05)
80.0397 	EXP 	test_text: height = np.float64(0.05)
80.0397 	EXP 	test_text: text = 'p_li_e'
80.0397 	EXP 	test_text: autoDraw = True
80.0397 	EXP 	textbox: autoDraw = True
80.0397 	EXP 	submit_text: autoDraw = True
80.1299 	DATA 	Mouse:  Left button up, pos=(620,203)
80.7576 	DATA 	Keypress: p
80.7590 	EXP 	Device response: <KeyPress from None: t=80.75033029098995, value=p, duration=None>
80.8909 	DATA 	Keypress: o
80.8917 	EXP 	Device response: <KeyPress from None: t=80.88231737399474, value=o, duration=None>
80.9137 	EXP 	Device response: <KeyPress from None: t=80.75033029098995, value=p, duration=0.15591491700615734>
80.9905 	EXP 	Device response: <KeyPress from None: t=80.88231737399474, value=o, duration=0.1003481250081677>
81.1316 	DATA 	Keypress: l
81.1323 	EXP 	Device response: <KeyPress from None: t=81.12426720801159, value=l, duration=None>
81.1735 	EXP 	Device response: <KeyPress from None: t=81.12426720801159, value=l, duration=0.04029041598550975>
81.2981 	DATA 	Keypress: i
81.2988 	EXP 	Device response: <KeyPress from None: t=81.29229316601413, value=i, duration=None>
81.3735 	EXP 	Device response: <KeyPress from None: t=81.29229316601413, value=i, duration=0.07230787497246638>
81.4152 	DATA 	Keypress: c
81.4159 	EXP 	Device response: <KeyPress from None: t=81.4093395830132, value=c, duration=None>
81.4735 	EXP 	Device response: <KeyPress from None: t=81.4093395830132, value=c, duration=0.06014862499432638>
81.5966 	EXP 	Device response: <KeyPress from None: t=81.59321966601419, value=e, duration=None>
81.5998 	DATA 	Keypress: e
81.6629 	EXP 	Device response: <KeyPress from None: t=81.59321966601419, value=e, duration=0.06424187499214895>
81.8673 	DATA 	Mouse: Left button down, pos=(620,203)
81.8681 	EXP 	New trial (rep=0, index=19): <Trial 19 (19 in rep 0) data={'test_words': 'c_s_io_', 'thisN': 19, 'thisTrialN': 19, 'thisRepN': 0}>
81.8779 	EXP 	test_text: autoDraw = False
81.8779 	EXP 	textbox: autoDraw = False
81.8779 	EXP 	submit_text: autoDraw = False
81.8779 	EXP 	test_text: height = np.float64(0.05)
81.8779 	EXP 	test_text: height = np.float64(0.05)
81.8779 	EXP 	test_text: height = np.float64(0.05)
81.8779 	EXP 	test_text: text = 'c_s_io_'
81.8779 	EXP 	test_text: autoDraw = True
81.8779 	EXP 	textbox: autoDraw = True
81.8779 	EXP 	submit_text: autoDraw = True
81.9466 	DATA 	Mouse:  Left button up, pos=(620,203)
82.4654 	EXP 	Device response: <KeyPress from None: t=82.45827395800734, value=c, duration=None>
82.4703 	DATA 	Keypress: c
82.5569 	EXP 	Device response: <KeyPress from None: t=82.45827395800734, value=c, duration=0.09631212498061359>
82.6808 	DATA 	Keypress: u
82.6816 	EXP 	Device response: <KeyPress from None: t=82.67417958300211, value=u, duration=None>
82.7802 	EXP 	Device response: <KeyPress from None: t=82.67417958300211, value=u, duration=0.10434516600798815>
82.8245 	DATA 	Keypress: s
82.8254 	EXP 	Device response: <KeyPress from None: t=82.81622608299949, value=s, duration=None>
82.9080 	DATA 	Keypress: h
82.9091 	EXP 	Device response: <KeyPress from None: t=82.89615799899912, value=h, duration=None>
82.9092 	EXP 	Device response: <KeyPress from None: t=82.81622608299949, value=s, duration=0.08393475000048056>
83.0069 	EXP 	Device response: <KeyPress from None: t=82.89615799899912, value=h, duration=0.10844233399257064>
83.0409 	DATA 	Keypress: i
83.0416 	EXP 	Device response: <KeyPress from None: t=83.03428820800036, value=i, duration=None>
83.1310 	EXP 	Device response: <KeyPress from None: t=83.13019399900804, value=o, duration=None>
83.1346 	DATA 	Keypress: o
83.2135 	EXP 	Device response: <KeyPress from None: t=83.03428820800036, value=i, duration=0.1759018749871757>
83.2739 	EXP 	Device response: <KeyPress from None: t=83.13019399900804, value=o, duration=0.1363499999861233>
83.4399 	EXP 	Device response: <KeyPress from None: t=83.43624291601009, value=n, duration=None>
83.4478 	DATA 	Keypress: n
83.5570 	EXP 	Device response: <KeyPress from None: t=83.43624291601009, value=n, duration=0.11635854199994355>
83.6970 	DATA 	Mouse: Left button down, pos=(620,203)
83.7064 	EXP 	test_text: autoDraw = False
83.7064 	EXP 	textbox: autoDraw = False
83.7064 	EXP 	submit_text: autoDraw = False
83.7064 	EXP 	Word Priming : status = STOPPED
83.7256 	INFO 	saved data to '/Users/tiaragajjar/Desktop/lab/EXP6 word priming/data/1_Word Priming _2025-10-16_21h47.23.438.csv'
83.7306 	INFO 	saved data to /Users/tiaragajjar/Desktop/lab/EXP6 word priming/data/1_Word Priming _2025-10-16_21h47.23.438.psydat
84.4127 	WARNING 	Stopping key buffers but this could be dangerous ifother keyboards rely on the same.
