31.7564 	WARNING 	Font Manager failed to load file /System/Library/PrivateFrameworks/FontServices.framework/Resources/Reserved/PingFangUI.ttc
32.0466 	WARNING 	Font Manager failed to load file /System/Library/PrivateFrameworks/FontServices.framework/Resources/Reserved/PingFangUI.ttc
46.6152 	INFO 	Loaded monitor calibration from ['2025_08_07 12:17']
46.6596 	WARNING 	User requested fullscreen with size [1024  768], but screen is actually [1440, 900]. Using actual size
47.0273 	INFO 	Using renderer 'Apple M2' for graphics
47.0273 	INFO 	OpenGL version supported by driver is 2..
47.1183 	EXP 	Created window1 = Window(allowGUI=False, allowStencil=False, autoLog=True, backendConf=UNKNOWN, backgroundFit=<method-wrapper '__getattribute__' of attributeSetter object at 0x1543ad7e0>, backgroundImage=<method-wrapper '__getattribute__' of attributeSetter object at 0x1543ad780>, bitsMode=UNKNOWN, blendMode='avg', bpc=(8, 8, 8), color=array([0, 0, 0]), colorSpace='rgb', depthBits=8, fullscr=True, gamma=None, gammaErrorPolicy='raise', infoMsg=UNKNOWN, lms=UNKNOWN, monitor=<psychopy.monitors.calibTools.Monitor object at 0x154361f00>, multiSample=False, name='window1', numSamples=2, pos=[np.float64(0.0), np.float64(0.0)], screen=0, size=array([2880, 1800]), stencilBits=0, stereo=False, title='PsychoPy', units='height', useFBO=True, useRetina=True, viewOri=0.0, viewPos=None, viewScale=None, waitBlanking=True, winType='pyglet')
47.1184 	EXP 	window1: backgroundImage = ''
47.1184 	EXP 	window1: backgroundFit = 'none'
47.6967 	EXP 	window1: Attempting to measure frame rate of screen (0) ...
47.6967 	EXP 	window1: recordFrameIntervals = False
48.2739 	EXP 	window1: recordFrameIntervals = True
49.1072 	WARNING 	Couldn't measure a consistent frame rate!
  - Is your graphics card set to sync to vertical blank?
  - Are you running other processes on your computer?

51.6986 	INFO 	keyboard.Keyboard is using ptb backend.
52.1983 	INFO 	keyboard.Keyboard is using ptb backend.
52.1985 	EXP 	delay discounting: status = STARTED
52.2169 	EXP 	Created Fixation = ShapeStim(__class__=<class 'psychopy.visual.shape.ShapeStim'>, anchor=('center', 'center'), autoDraw=False, autoLog=True, closeShape=True, color=method-wrapper(...), colorSpace='rgb', contrast=None, depth=0.0, draggable=False, fillColor=array([1, 1, 1]), fillColorSpace='rgb', fillRGB=array([1, 1, 1]), interpolate=True, lineColor=array([1., 1., 1.]), lineColorSpace='rgb', lineRGB=array([1, 1, 1]), lineWidth=1.0, name='Fixation', opacity=1, ori=0.0, pos=array([0., 0.]), size=array([0.5, 0.5]), units='height', vertices=ndarray(...), win=Window(...), windingRule=None)
52.2343 	EXP 	Created text = TextStim(__class__=<class 'psychopy.visual.text.TextStim'>, alignHoriz=method-wrapper(...), alignText='center', alignVert=method-wrapper(...), anchorHoriz='center', anchorVert='center', antialias=True, autoDraw=False, autoLog=True, bold=False, color=array([1., 1., 1.]), colorSpace='rgb', contrast=1.0, depth=-1.0, draggable=False, flipHoriz=False, flipVert=False, font='Arial', fontFiles=[], height=0.05, italic=False, languageStyle='LTR', name='text', opacity=1, ori=0.0, pos=array([0., 0.]), rgb=UNKNOWN, text='', units='height', win=Window(...), wrapWidth=1)
0.0683 	EXP 	Imported EXP7.xlsx as conditions, 7 conditions, 3 params
0.0755 	EXP 	New trial (rep=0, index=0): <Trial 0 (0 in rep 0) data={'reward_today': 15.0, 'future_reward': 35.0, 'delay': 13.0, 'thisN': 0, 'thisTrialN': 0, 'thisRepN': 0}>
0.1351 	WARNING 	t of last frame was 95.56ms (=1/10)
0.1351 	EXP 	text: height = np.float64(0.05)
0.1351 	EXP 	text: height = np.float64(0.05)
0.1351 	EXP 	text: height = np.float64(0.05)
0.1351 	EXP 	text: text = 'GBP15.0todayorGBP35.0after13.0days'
0.1351 	EXP 	Fixation: autoDraw = True
1.0041 	INFO 	Keyboard events cleared
1.0038 	EXP 	text: autoDraw = True
1.1287 	EXP 	Fixation: autoDraw = False
1.3234 	WARNING 	t of last frame was 23.06ms (=1/43)
4.3173 	WARNING 	t of last frame was 26.97ms (=1/37)
7.4564 	WARNING 	t of last frame was 21.96ms (=1/45)
14.6117 	EXP 	Device response: <KeyPress from None: t=14.097801833006088, value=t, duration=None>
14.6119 	EXP 	Device response: <KeyPress from None: t=14.097801833006088, value=t, duration=0.1224926250288263>
14.6124 	EXP 	New trial (rep=0, index=1): <Trial 1 (1 in rep 0) data={'reward_today': 67.0, 'future_reward': 75.0, 'delay': 119.0, 'thisN': 1, 'thisTrialN': 1, 'thisRepN': 0}>
14.6626 	DATA 	Keypress: t
14.6701 	WARNING 	Multiple dropped frames have occurred - I'll stop bothering you about them!
14.6700 	EXP 	Fixation: autoDraw = False
14.6700 	EXP 	text: autoDraw = False
14.6700 	EXP 	text: height = np.float64(0.05)
14.6700 	EXP 	text: height = np.float64(0.05)
14.6700 	EXP 	text: height = np.float64(0.05)
14.6700 	EXP 	text: text = 'GBP67.0todayorGBP75.0after119.0days'
14.6700 	EXP 	Fixation: autoDraw = True
15.6069 	INFO 	Keyboard events cleared
15.6067 	EXP 	text: autoDraw = True
15.6613 	EXP 	Fixation: autoDraw = False
24.2015 	EXP 	Device response: <KeyPress from None: t=24.191553583019413, value=l, duration=None>
24.2053 	EXP 	New trial (rep=0, index=2): <Trial 2 (2 in rep 0) data={'reward_today': 40.0, 'future_reward': 55.0, 'delay': 62.0, 'thisN': 2, 'thisTrialN': 2, 'thisRepN': 0}>
24.2312 	DATA 	Keypress: l
24.2363 	EXP 	Fixation: autoDraw = False
24.2363 	EXP 	text: autoDraw = False
24.2363 	EXP 	text: height = np.float64(0.05)
24.2363 	EXP 	text: height = np.float64(0.05)
24.2363 	EXP 	text: height = np.float64(0.05)
24.2363 	EXP 	text: text = 'GBP40.0todayorGBP55.0after62.0days'
24.2363 	EXP 	Fixation: autoDraw = True
24.2593 	EXP 	Device response: <KeyPress from None: t=24.191553583019413, value=l, duration=0.05845966696506366>
25.1990 	INFO 	Keyboard events cleared
25.1986 	EXP 	text: autoDraw = True
25.2294 	EXP 	Fixation: autoDraw = False
29.9933 	EXP 	Device response: <KeyPress from None: t=29.98440200003097, value=t, duration=None>
29.9950 	EXP 	New trial (rep=0, index=3): <Trial 3 (3 in rep 0) data={'reward_today': 27.0, 'future_reward': 50.0, 'delay': 21.0, 'thisN': 3, 'thisTrialN': 3, 'thisRepN': 0}>
30.0130 	DATA 	Keypress: t
30.0175 	EXP 	Fixation: autoDraw = False
30.0175 	EXP 	text: autoDraw = False
30.0175 	EXP 	text: height = np.float64(0.05)
30.0175 	EXP 	text: height = np.float64(0.05)
30.0175 	EXP 	text: height = np.float64(0.05)
30.0175 	EXP 	text: text = 'GBP27.0todayorGBP50.0after21.0days'
30.0175 	EXP 	Fixation: autoDraw = True
30.0578 	EXP 	Device response: <KeyPress from None: t=29.98440200003097, value=t, duration=0.058531916001811624>
30.9905 	INFO 	Keyboard events cleared
30.9903 	EXP 	text: autoDraw = True
31.0181 	EXP 	Fixation: autoDraw = False
36.9932 	EXP 	Device response: <KeyPress from None: t=36.9795534160221, value=l, duration=None>
36.9951 	EXP 	New trial (rep=0, index=4): <Trial 4 (4 in rep 0) data={'reward_today': 49.0, 'future_reward': 60.0, 'delay': 89.0, 'thisN': 4, 'thisTrialN': 4, 'thisRepN': 0}>
37.0094 	DATA 	Keypress: l
37.0135 	EXP 	Fixation: autoDraw = False
37.0135 	EXP 	text: autoDraw = False
37.0135 	EXP 	text: height = np.float64(0.05)
37.0135 	EXP 	text: height = np.float64(0.05)
37.0135 	EXP 	text: height = np.float64(0.05)
37.0135 	EXP 	text: text = 'GBP49.0todayorGBP60.0after89.0days'
37.0135 	EXP 	Fixation: autoDraw = True
37.0231 	EXP 	Device response: <KeyPress from None: t=36.9795534160221, value=l, duration=0.04248587496113032>
37.9903 	INFO 	Keyboard events cleared
37.9899 	EXP 	text: autoDraw = True
38.0066 	EXP 	Fixation: autoDraw = False
42.7310 	EXP 	Device response: <KeyPress from None: t=42.72602308302885, value=t, duration=None>
42.7323 	EXP 	New trial (rep=0, index=5): <Trial 5 (5 in rep 0) data={'reward_today': 11.0, 'future_reward': 30.0, 'delay': 7.0, 'thisN': 5, 'thisTrialN': 5, 'thisRepN': 0}>
42.7465 	DATA 	Keypress: t
42.7508 	EXP 	Fixation: autoDraw = False
42.7508 	EXP 	text: autoDraw = False
42.7508 	EXP 	text: height = np.float64(0.05)
42.7508 	EXP 	text: height = np.float64(0.05)
42.7508 	EXP 	text: height = np.float64(0.05)
42.7508 	EXP 	text: text = 'GBP11.0todayorGBP30.0after7.0days'
42.7508 	EXP 	Fixation: autoDraw = True
42.8075 	EXP 	Device response: <KeyPress from None: t=42.72602308302885, value=t, duration=0.07050916698062792>
43.7321 	INFO 	Keyboard events cleared
43.7317 	EXP 	text: autoDraw = True
43.7441 	EXP 	Fixation: autoDraw = False
47.0944 	EXP 	Device response: <KeyPress from None: t=47.08618129102979, value=l, duration=None>
47.0953 	EXP 	New trial (rep=0, index=6): <Trial 6 (6 in rep 0) data={'reward_today': 78.0, 'future_reward': 80.0, 'delay': 162.0, 'thisN': 6, 'thisTrialN': 6, 'thisRepN': 0}>
47.1137 	DATA 	Keypress: l
47.1184 	EXP 	Fixation: autoDraw = False
47.1184 	EXP 	text: autoDraw = False
47.1184 	EXP 	text: height = np.float64(0.05)
47.1184 	EXP 	text: height = np.float64(0.05)
47.1184 	EXP 	text: height = np.float64(0.05)
47.1184 	EXP 	text: text = 'GBP78.0todayorGBP80.0after162.0days'
47.1184 	EXP 	Fixation: autoDraw = True
47.1958 	EXP 	Device response: <KeyPress from None: t=47.08618129102979, value=l, duration=0.10635674995137379>
48.0900 	INFO 	Keyboard events cleared
48.0897 	EXP 	text: autoDraw = True
48.1126 	EXP 	Fixation: autoDraw = False
51.2634 	EXP 	Device response: <KeyPress from None: t=51.25853808299871, value=t, duration=None>
51.2637 	EXP 	New trial (rep=1, index=0): <Trial 7 (0 in rep 1) data={'reward_today': 11.0, 'future_reward': 30.0, 'delay': 7.0, 'thisN': 7, 'thisTrialN': 0, 'thisRepN': 1}>
51.2749 	DATA 	Keypress: t
51.2794 	EXP 	Fixation: autoDraw = False
51.2794 	EXP 	text: autoDraw = False
51.2794 	EXP 	text: height = np.float64(0.05)
51.2794 	EXP 	text: height = np.float64(0.05)
51.2794 	EXP 	text: height = np.float64(0.05)
51.2794 	EXP 	text: text = 'GBP11.0todayorGBP30.0after7.0days'
51.2794 	EXP 	Fixation: autoDraw = True
51.3245 	EXP 	Device response: <KeyPress from None: t=51.25853808299871, value=t, duration=0.0625275420024991>
52.2648 	INFO 	Keyboard events cleared
52.2645 	EXP 	text: autoDraw = True
52.2734 	EXP 	Fixation: autoDraw = False
57.4067 	EXP 	Device response: <KeyPress from None: t=57.380632082989905, value=l, duration=None>
57.4078 	EXP 	New trial (rep=1, index=1): <Trial 8 (1 in rep 1) data={'reward_today': 67.0, 'future_reward': 75.0, 'delay': 119.0, 'thisN': 8, 'thisTrialN': 1, 'thisRepN': 1}>
57.4177 	DATA 	Keypress: l
57.4223 	EXP 	Fixation: autoDraw = False
57.4223 	EXP 	text: autoDraw = False
57.4223 	EXP 	text: height = np.float64(0.05)
57.4223 	EXP 	text: height = np.float64(0.05)
57.4223 	EXP 	text: height = np.float64(0.05)
57.4223 	EXP 	text: text = 'GBP67.0todayorGBP75.0after119.0days'
57.4223 	EXP 	Fixation: autoDraw = True
57.4586 	EXP 	Device response: <KeyPress from None: t=57.380632082989905, value=l, duration=0.07048608304467052>
58.3939 	INFO 	Keyboard events cleared
58.3937 	EXP 	text: autoDraw = True
58.4097 	EXP 	Fixation: autoDraw = False
61.4262 	EXP 	Device response: <KeyPress from None: t=61.409634999989066, value=t, duration=None>
61.4278 	EXP 	New trial (rep=1, index=2): <Trial 9 (2 in rep 1) data={'reward_today': 78.0, 'future_reward': 80.0, 'delay': 162.0, 'thisN': 9, 'thisTrialN': 2, 'thisRepN': 1}>
61.4452 	DATA 	Keypress: t
61.4497 	EXP 	Fixation: autoDraw = False
61.4497 	EXP 	text: autoDraw = False
61.4497 	EXP 	text: height = np.float64(0.05)
61.4497 	EXP 	text: height = np.float64(0.05)
61.4497 	EXP 	text: height = np.float64(0.05)
61.4497 	EXP 	text: text = 'GBP78.0todayorGBP80.0after162.0days'
61.4497 	EXP 	Fixation: autoDraw = True
61.4914 	EXP 	Device response: <KeyPress from None: t=61.409634999989066, value=t, duration=0.06842891604173928>
62.4232 	INFO 	Keyboard events cleared
62.4231 	EXP 	text: autoDraw = True
62.4429 	EXP 	Fixation: autoDraw = False
65.3431 	EXP 	Device response: <KeyPress from None: t=65.33362145803403, value=t, duration=None>
65.3446 	EXP 	New trial (rep=1, index=3): <Trial 10 (3 in rep 1) data={'reward_today': 49.0, 'future_reward': 60.0, 'delay': 89.0, 'thisN': 10, 'thisTrialN': 3, 'thisRepN': 1}>
65.3952 	DATA 	Keypress: t
65.3996 	EXP 	Fixation: autoDraw = False
65.3996 	EXP 	text: autoDraw = False
65.3996 	EXP 	text: height = np.float64(0.05)
65.3996 	EXP 	text: height = np.float64(0.05)
65.3996 	EXP 	text: height = np.float64(0.05)
65.3996 	EXP 	text: text = 'GBP49.0todayorGBP60.0after89.0days'
65.3996 	EXP 	Fixation: autoDraw = True
65.4228 	EXP 	Device response: <KeyPress from None: t=65.33362145803403, value=t, duration=0.08031449996633455>
66.3402 	INFO 	Keyboard events cleared
66.3399 	EXP 	text: autoDraw = True
66.3941 	EXP 	Fixation: autoDraw = False
69.8970 	EXP 	Device response: <KeyPress from None: t=69.88021983299404, value=t, duration=None>
69.8991 	EXP 	New trial (rep=1, index=4): <Trial 11 (4 in rep 1) data={'reward_today': 15.0, 'future_reward': 35.0, 'delay': 13.0, 'thisN': 11, 'thisTrialN': 4, 'thisRepN': 1}>
69.9111 	DATA 	Keypress: t
69.9160 	EXP 	Fixation: autoDraw = False
69.9160 	EXP 	text: autoDraw = False
69.9160 	EXP 	text: height = np.float64(0.05)
69.9160 	EXP 	text: height = np.float64(0.05)
69.9160 	EXP 	text: height = np.float64(0.05)
69.9160 	EXP 	text: text = 'GBP15.0todayorGBP35.0after13.0days'
69.9160 	EXP 	Fixation: autoDraw = True
69.9560 	EXP 	Device response: <KeyPress from None: t=69.88021983299404, value=t, duration=0.07455883303191513>
70.8986 	INFO 	Keyboard events cleared
70.8982 	EXP 	text: autoDraw = True
70.9101 	EXP 	Fixation: autoDraw = False
74.1403 	EXP 	Device response: <KeyPress from None: t=74.12659200001508, value=l, duration=None>
74.1417 	EXP 	New trial (rep=1, index=5): <Trial 12 (5 in rep 1) data={'reward_today': 40.0, 'future_reward': 55.0, 'delay': 62.0, 'thisN': 12, 'thisTrialN': 5, 'thisRepN': 1}>
74.1547 	DATA 	Keypress: l
74.1596 	EXP 	Fixation: autoDraw = False
74.1596 	EXP 	text: autoDraw = False
74.1596 	EXP 	text: height = np.float64(0.05)
74.1596 	EXP 	text: height = np.float64(0.05)
74.1596 	EXP 	text: height = np.float64(0.05)
74.1596 	EXP 	text: text = 'GBP40.0todayorGBP55.0after62.0days'
74.1596 	EXP 	Fixation: autoDraw = True
74.2076 	EXP 	Device response: <KeyPress from None: t=74.12659200001508, value=l, duration=0.07456849998561665>
75.1313 	INFO 	Keyboard events cleared
75.1311 	EXP 	text: autoDraw = True
75.1566 	EXP 	Fixation: autoDraw = False
79.4098 	EXP 	Device response: <KeyPress from None: t=79.39823058299953, value=t, duration=None>
79.4107 	EXP 	New trial (rep=1, index=6): <Trial 13 (6 in rep 1) data={'reward_today': 27.0, 'future_reward': 50.0, 'delay': 21.0, 'thisN': 13, 'thisTrialN': 6, 'thisRepN': 1}>
79.4251 	DATA 	Keypress: t
79.4296 	EXP 	Fixation: autoDraw = False
79.4296 	EXP 	text: autoDraw = False
79.4296 	EXP 	text: height = np.float64(0.05)
79.4296 	EXP 	text: height = np.float64(0.05)
79.4296 	EXP 	text: height = np.float64(0.05)
79.4296 	EXP 	text: text = 'GBP27.0todayorGBP50.0after21.0days'
79.4296 	EXP 	Fixation: autoDraw = True
79.5241 	EXP 	Device response: <KeyPress from None: t=79.39823058299953, value=t, duration=0.12253062502713874>
80.4070 	INFO 	Keyboard events cleared
80.4067 	EXP 	text: autoDraw = True
80.4232 	EXP 	Fixation: autoDraw = False
83.2086 	EXP 	Device response: <KeyPress from None: t=83.20642387500266, value=l, duration=None>
83.2093 	EXP 	New trial (rep=2, index=0): <Trial 14 (0 in rep 2) data={'reward_today': 15.0, 'future_reward': 35.0, 'delay': 13.0, 'thisN': 14, 'thisTrialN': 0, 'thisRepN': 2}>
83.2227 	DATA 	Keypress: l
83.2273 	EXP 	Fixation: autoDraw = False
83.2273 	EXP 	text: autoDraw = False
83.2273 	EXP 	text: height = np.float64(0.05)
83.2273 	EXP 	text: height = np.float64(0.05)
83.2273 	EXP 	text: height = np.float64(0.05)
83.2273 	EXP 	text: text = 'GBP15.0todayorGBP35.0after13.0days'
83.2273 	EXP 	Fixation: autoDraw = True
83.2914 	EXP 	Device response: <KeyPress from None: t=83.20642387500266, value=l, duration=0.07618787500541657>
84.2068 	INFO 	Keyboard events cleared
84.2066 	EXP 	text: autoDraw = True
84.2230 	EXP 	Fixation: autoDraw = False
88.1946 	EXP 	Device response: <KeyPress from None: t=88.16688183299266, value=t, duration=None>
88.1961 	EXP 	New trial (rep=2, index=1): <Trial 15 (1 in rep 2) data={'reward_today': 67.0, 'future_reward': 75.0, 'delay': 119.0, 'thisN': 15, 'thisTrialN': 1, 'thisRepN': 2}>
88.2071 	DATA 	Keypress: t
88.2117 	EXP 	Fixation: autoDraw = False
88.2117 	EXP 	text: autoDraw = False
88.2117 	EXP 	text: height = np.float64(0.05)
88.2117 	EXP 	text: height = np.float64(0.05)
88.2117 	EXP 	text: height = np.float64(0.05)
88.2117 	EXP 	text: text = 'GBP67.0todayorGBP75.0after119.0days'
88.2117 	EXP 	Fixation: autoDraw = True
88.2788 	EXP 	Device response: <KeyPress from None: t=88.16688183299266, value=t, duration=0.10645266703795642>
89.1960 	INFO 	Keyboard events cleared
89.1956 	EXP 	text: autoDraw = True
89.2057 	EXP 	Fixation: autoDraw = False
92.4737 	EXP 	Device response: <KeyPress from None: t=92.45569600001909, value=t, duration=None>
92.4743 	EXP 	New trial (rep=2, index=2): <Trial 16 (2 in rep 2) data={'reward_today': 11.0, 'future_reward': 30.0, 'delay': 7.0, 'thisN': 16, 'thisTrialN': 2, 'thisRepN': 2}>
92.4819 	DATA 	Keypress: t
92.4859 	EXP 	Fixation: autoDraw = False
92.4859 	EXP 	text: autoDraw = False
92.4859 	EXP 	text: height = np.float64(0.05)
92.4859 	EXP 	text: height = np.float64(0.05)
92.4859 	EXP 	text: height = np.float64(0.05)
92.4859 	EXP 	text: text = 'GBP11.0todayorGBP30.0after7.0days'
92.4859 	EXP 	Fixation: autoDraw = True
92.5399 	EXP 	Device response: <KeyPress from None: t=92.45569600001909, value=t, duration=0.08240650000516325>
93.4639 	INFO 	Keyboard events cleared
93.4637 	EXP 	text: autoDraw = True
93.4786 	EXP 	Fixation: autoDraw = False
96.3759 	EXP 	Device response: <KeyPress from None: t=96.36769116600044, value=l, duration=None>
96.3771 	EXP 	New trial (rep=2, index=3): <Trial 17 (3 in rep 2) data={'reward_today': 40.0, 'future_reward': 55.0, 'delay': 62.0, 'thisN': 17, 'thisTrialN': 3, 'thisRepN': 2}>
96.3898 	DATA 	Keypress: l
96.3943 	EXP 	Fixation: autoDraw = False
96.3943 	EXP 	text: autoDraw = False
96.3943 	EXP 	text: height = np.float64(0.05)
96.3943 	EXP 	text: height = np.float64(0.05)
96.3943 	EXP 	text: height = np.float64(0.05)
96.3943 	EXP 	text: text = 'GBP40.0todayorGBP55.0after62.0days'
96.3943 	EXP 	Fixation: autoDraw = True
96.4582 	EXP 	Device response: <KeyPress from None: t=96.36769116600044, value=l, duration=0.08428133401321247>
97.3734 	INFO 	Keyboard events cleared
97.3731 	EXP 	text: autoDraw = True
97.3905 	EXP 	Fixation: autoDraw = False
100.5607 	EXP 	Device response: <KeyPress from None: t=100.54831979103619, value=t, duration=None>
100.5613 	EXP 	New trial (rep=2, index=4): <Trial 18 (4 in rep 2) data={'reward_today': 78.0, 'future_reward': 80.0, 'delay': 162.0, 'thisN': 18, 'thisTrialN': 4, 'thisRepN': 2}>
100.5724 	DATA 	Keypress: t
100.5773 	EXP 	Fixation: autoDraw = False
100.5773 	EXP 	text: autoDraw = False
100.5773 	EXP 	text: height = np.float64(0.05)
100.5773 	EXP 	text: height = np.float64(0.05)
100.5773 	EXP 	text: height = np.float64(0.05)
100.5773 	EXP 	text: text = 'GBP78.0todayorGBP80.0after162.0days'
100.5773 	EXP 	Fixation: autoDraw = True
100.6613 	EXP 	Device response: <KeyPress from None: t=100.54831979103619, value=t, duration=0.10246316698612645>
101.5568 	INFO 	Keyboard events cleared
101.5564 	EXP 	text: autoDraw = True
101.5731 	EXP 	Fixation: autoDraw = False
103.5001 	EXP 	Device response: <KeyPress from None: t=103.49538237502566, value=t, duration=None>
103.5007 	EXP 	New trial (rep=2, index=5): <Trial 19 (5 in rep 2) data={'reward_today': 27.0, 'future_reward': 50.0, 'delay': 21.0, 'thisN': 19, 'thisTrialN': 5, 'thisRepN': 2}>
103.5139 	DATA 	Keypress: t
103.5183 	EXP 	Fixation: autoDraw = False
103.5183 	EXP 	text: autoDraw = False
103.5183 	EXP 	text: height = np.float64(0.05)
103.5183 	EXP 	text: height = np.float64(0.05)
103.5183 	EXP 	text: height = np.float64(0.05)
103.5183 	EXP 	text: text = 'GBP27.0todayorGBP50.0after21.0days'
103.5183 	EXP 	Fixation: autoDraw = True
103.5576 	EXP 	Device response: <KeyPress from None: t=103.49538237502566, value=t, duration=0.05624645797070116>
104.4974 	INFO 	Keyboard events cleared
104.4971 	EXP 	text: autoDraw = True
104.5119 	EXP 	Fixation: autoDraw = False
109.3534 	EXP 	Device response: <KeyPress from None: t=109.34080108301714, value=l, duration=None>
109.3550 	EXP 	New trial (rep=2, index=6): <Trial 20 (6 in rep 2) data={'reward_today': 49.0, 'future_reward': 60.0, 'delay': 89.0, 'thisN': 20, 'thisTrialN': 6, 'thisRepN': 2}>
109.3692 	DATA 	Keypress: l
109.3736 	EXP 	Fixation: autoDraw = False
109.3736 	EXP 	text: autoDraw = False
109.3736 	EXP 	text: height = np.float64(0.05)
109.3736 	EXP 	text: height = np.float64(0.05)
109.3736 	EXP 	text: height = np.float64(0.05)
109.3736 	EXP 	text: text = 'GBP49.0todayorGBP60.0after89.0days'
109.3736 	EXP 	Fixation: autoDraw = True
109.4409 	EXP 	Device response: <KeyPress from None: t=109.34080108301714, value=l, duration=0.09133320796536282>
110.3464 	INFO 	Keyboard events cleared
110.3461 	EXP 	text: autoDraw = True
110.3719 	EXP 	Fixation: autoDraw = False
115.0105 	EXP 	Device response: <KeyPress from None: t=114.99613833299372, value=t, duration=None>
115.0122 	EXP 	New trial (rep=3, index=0): <Trial 21 (0 in rep 3) data={'reward_today': 11.0, 'future_reward': 30.0, 'delay': 7.0, 'thisN': 21, 'thisTrialN': 0, 'thisRepN': 3}>
115.0285 	DATA 	Keypress: t
115.0338 	EXP 	Fixation: autoDraw = False
115.0338 	EXP 	text: autoDraw = False
115.0338 	EXP 	text: height = np.float64(0.05)
115.0338 	EXP 	text: height = np.float64(0.05)
115.0338 	EXP 	text: height = np.float64(0.05)
115.0338 	EXP 	text: text = 'GBP11.0todayorGBP30.0after7.0days'
115.0338 	EXP 	Fixation: autoDraw = True
115.1097 	EXP 	Device response: <KeyPress from None: t=114.99613833299372, value=t, duration=0.09840000001713634>
116.0070 	INFO 	Keyboard events cleared
116.0067 	EXP 	text: autoDraw = True
116.0276 	EXP 	Fixation: autoDraw = False
117.5076 	EXP 	Device response: <KeyPress from None: t=117.49516191601288, value=l, duration=None>
117.5080 	EXP 	New trial (rep=3, index=1): <Trial 22 (1 in rep 3) data={'reward_today': 78.0, 'future_reward': 80.0, 'delay': 162.0, 'thisN': 22, 'thisTrialN': 1, 'thisRepN': 3}>
117.5203 	DATA 	Keypress: l
117.5252 	EXP 	Fixation: autoDraw = False
117.5252 	EXP 	text: autoDraw = False
117.5252 	EXP 	text: height = np.float64(0.05)
117.5252 	EXP 	text: height = np.float64(0.05)
117.5252 	EXP 	text: height = np.float64(0.05)
117.5252 	EXP 	text: text = 'GBP78.0todayorGBP80.0after162.0days'
117.5252 	EXP 	Fixation: autoDraw = True
117.5573 	EXP 	Device response: <KeyPress from None: t=117.49516191601288, value=l, duration=0.06039916700683534>
118.5068 	INFO 	Keyboard events cleared
118.5064 	EXP 	text: autoDraw = True
118.5234 	EXP 	Fixation: autoDraw = False
120.7807 	EXP 	Device response: <KeyPress from None: t=120.77514187502675, value=t, duration=None>
120.7813 	EXP 	New trial (rep=3, index=2): <Trial 23 (2 in rep 3) data={'reward_today': 27.0, 'future_reward': 50.0, 'delay': 21.0, 'thisN': 23, 'thisTrialN': 2, 'thisRepN': 3}>
120.7942 	DATA 	Keypress: t
120.7988 	EXP 	Fixation: autoDraw = False
120.7988 	EXP 	text: autoDraw = False
120.7988 	EXP 	text: height = np.float64(0.05)
120.7988 	EXP 	text: height = np.float64(0.05)
120.7988 	EXP 	text: height = np.float64(0.05)
120.7988 	EXP 	text: text = 'GBP27.0todayorGBP50.0after21.0days'
120.7988 	EXP 	Fixation: autoDraw = True
120.8408 	EXP 	Device response: <KeyPress from None: t=120.77514187502675, value=t, duration=0.06422812497476116>
121.7807 	INFO 	Keyboard events cleared
121.7804 	EXP 	text: autoDraw = True
121.7957 	EXP 	Fixation: autoDraw = False
125.9254 	EXP 	Device response: <KeyPress from None: t=125.92019145801896, value=t, duration=None>
125.9261 	EXP 	New trial (rep=3, index=3): <Trial 24 (3 in rep 3) data={'reward_today': 15.0, 'future_reward': 35.0, 'delay': 13.0, 'thisN': 24, 'thisTrialN': 3, 'thisRepN': 3}>
125.9374 	DATA 	Keypress: t
125.9419 	EXP 	Fixation: autoDraw = False
125.9419 	EXP 	text: autoDraw = False
125.9419 	EXP 	text: height = np.float64(0.05)
125.9419 	EXP 	text: height = np.float64(0.05)
125.9419 	EXP 	text: height = np.float64(0.05)
125.9419 	EXP 	text: text = 'GBP15.0todayorGBP35.0after13.0days'
125.9419 	EXP 	Fixation: autoDraw = True
126.0633 	EXP 	Device response: <KeyPress from None: t=125.92019145801896, value=t, duration=0.138497166975867>
126.9231 	INFO 	Keyboard events cleared
126.9229 	EXP 	text: autoDraw = True
126.9398 	EXP 	Fixation: autoDraw = False
128.8248 	EXP 	Device response: <KeyPress from None: t=128.82227645802777, value=l, duration=None>
128.8258 	EXP 	New trial (rep=3, index=4): <Trial 25 (4 in rep 3) data={'reward_today': 67.0, 'future_reward': 75.0, 'delay': 119.0, 'thisN': 25, 'thisTrialN': 4, 'thisRepN': 3}>
128.8358 	DATA 	Keypress: l
128.8405 	EXP 	Fixation: autoDraw = False
128.8405 	EXP 	text: autoDraw = False
128.8405 	EXP 	text: height = np.float64(0.05)
128.8405 	EXP 	text: height = np.float64(0.05)
128.8405 	EXP 	text: height = np.float64(0.05)
128.8405 	EXP 	text: text = 'GBP67.0todayorGBP75.0after119.0days'
128.8405 	EXP 	Fixation: autoDraw = True
128.9131 	EXP 	Device response: <KeyPress from None: t=128.82227645802777, value=l, duration=0.08835020795231685>
129.8236 	INFO 	Keyboard events cleared
129.8233 	EXP 	text: autoDraw = True
129.8296 	EXP 	Fixation: autoDraw = False
131.4585 	EXP 	Device response: <KeyPress from None: t=131.45436600001995, value=t, duration=None>
131.4593 	EXP 	New trial (rep=3, index=5): <Trial 26 (5 in rep 3) data={'reward_today': 40.0, 'future_reward': 55.0, 'delay': 62.0, 'thisN': 26, 'thisTrialN': 5, 'thisRepN': 3}>
131.4720 	DATA 	Keypress: t
131.4766 	EXP 	Fixation: autoDraw = False
131.4766 	EXP 	text: autoDraw = False
131.4766 	EXP 	text: height = np.float64(0.05)
131.4766 	EXP 	text: height = np.float64(0.05)
131.4766 	EXP 	text: height = np.float64(0.05)
131.4766 	EXP 	text: text = 'GBP40.0todayorGBP55.0after62.0days'
131.4766 	EXP 	Fixation: autoDraw = True
131.5284 	EXP 	Device response: <KeyPress from None: t=131.45436600001995, value=t, duration=0.07217466598376632>
132.4566 	INFO 	Keyboard events cleared
132.4564 	EXP 	text: autoDraw = True
132.4731 	EXP 	Fixation: autoDraw = False
135.6097 	EXP 	Device response: <KeyPress from None: t=135.60346383298747, value=t, duration=None>
135.6108 	EXP 	New trial (rep=3, index=6): <Trial 27 (6 in rep 3) data={'reward_today': 49.0, 'future_reward': 60.0, 'delay': 89.0, 'thisN': 27, 'thisTrialN': 6, 'thisRepN': 3}>
135.6231 	DATA 	Keypress: t
135.6275 	EXP 	Fixation: autoDraw = False
135.6275 	EXP 	text: autoDraw = False
135.6275 	EXP 	text: height = np.float64(0.05)
135.6275 	EXP 	text: height = np.float64(0.05)
135.6275 	EXP 	text: height = np.float64(0.05)
135.6275 	EXP 	text: text = 'GBP49.0todayorGBP60.0after89.0days'
135.6275 	EXP 	Fixation: autoDraw = True
135.6738 	EXP 	Device response: <KeyPress from None: t=135.60346383298747, value=t, duration=0.06251595803769305>
136.6055 	INFO 	Keyboard events cleared
136.6052 	EXP 	text: autoDraw = True
136.6222 	EXP 	Fixation: autoDraw = False
139.3953 	EXP 	Device response: <KeyPress from None: t=139.3925617079949, value=t, duration=None>
139.3961 	EXP 	New trial (rep=4, index=0): <Trial 28 (0 in rep 4) data={'reward_today': 78.0, 'future_reward': 80.0, 'delay': 162.0, 'thisN': 28, 'thisTrialN': 0, 'thisRepN': 4}>
139.4086 	DATA 	Keypress: t
139.4133 	EXP 	Fixation: autoDraw = False
139.4133 	EXP 	text: autoDraw = False
139.4133 	EXP 	text: height = np.float64(0.05)
139.4133 	EXP 	text: height = np.float64(0.05)
139.4133 	EXP 	text: height = np.float64(0.05)
139.4133 	EXP 	text: text = 'GBP78.0todayorGBP80.0after162.0days'
139.4133 	EXP 	Fixation: autoDraw = True
139.4612 	EXP 	Device response: <KeyPress from None: t=139.3925617079949, value=t, duration=0.06437066703801975>
140.3944 	INFO 	Keyboard events cleared
140.3942 	EXP 	text: autoDraw = True
140.4107 	EXP 	Fixation: autoDraw = False
142.0605 	EXP 	Device response: <KeyPress from None: t=142.04749520798214, value=t, duration=None>
142.0617 	EXP 	New trial (rep=4, index=1): <Trial 29 (1 in rep 4) data={'reward_today': 67.0, 'future_reward': 75.0, 'delay': 119.0, 'thisN': 29, 'thisTrialN': 1, 'thisRepN': 4}>
142.0774 	DATA 	Keypress: t
142.0823 	EXP 	Fixation: autoDraw = False
142.0823 	EXP 	text: autoDraw = False
142.0823 	EXP 	text: height = np.float64(0.05)
142.0823 	EXP 	text: height = np.float64(0.05)
142.0823 	EXP 	text: height = np.float64(0.05)
142.0823 	EXP 	text: text = 'GBP67.0todayorGBP75.0after119.0days'
142.0823 	EXP 	Fixation: autoDraw = True
142.1407 	EXP 	Device response: <KeyPress from None: t=142.04749520798214, value=t, duration=0.08899487502640113>
143.0731 	INFO 	Keyboard events cleared
143.0729 	EXP 	text: autoDraw = True
143.0901 	EXP 	Fixation: autoDraw = False
144.8238 	EXP 	Device response: <KeyPress from None: t=144.81544962502085, value=t, duration=None>
144.8244 	EXP 	New trial (rep=4, index=2): <Trial 30 (2 in rep 4) data={'reward_today': 40.0, 'future_reward': 55.0, 'delay': 62.0, 'thisN': 30, 'thisTrialN': 2, 'thisRepN': 4}>
144.8376 	DATA 	Keypress: t
144.8423 	EXP 	Fixation: autoDraw = False
144.8423 	EXP 	text: autoDraw = False
144.8423 	EXP 	text: height = np.float64(0.05)
144.8423 	EXP 	text: height = np.float64(0.05)
144.8423 	EXP 	text: height = np.float64(0.05)
144.8423 	EXP 	text: text = 'GBP40.0todayorGBP55.0after62.0days'
144.8423 	EXP 	Fixation: autoDraw = True
144.9075 	EXP 	Device response: <KeyPress from None: t=144.81544962502085, value=t, duration=0.08030820800922811>
145.8142 	INFO 	Keyboard events cleared
145.8139 	EXP 	text: autoDraw = True
145.8397 	EXP 	Fixation: autoDraw = False
147.8275 	EXP 	Device response: <KeyPress from None: t=147.82139383303002, value=t, duration=None>
147.8286 	EXP 	New trial (rep=4, index=3): <Trial 31 (3 in rep 4) data={'reward_today': 11.0, 'future_reward': 30.0, 'delay': 7.0, 'thisN': 31, 'thisTrialN': 3, 'thisRepN': 4}>
147.8444 	DATA 	Keypress: t
147.8490 	EXP 	Fixation: autoDraw = False
147.8490 	EXP 	text: autoDraw = False
147.8490 	EXP 	text: height = np.float64(0.05)
147.8490 	EXP 	text: height = np.float64(0.05)
147.8490 	EXP 	text: height = np.float64(0.05)
147.8490 	EXP 	text: text = 'GBP11.0todayorGBP30.0after7.0days'
147.8490 	EXP 	Fixation: autoDraw = True
147.9078 	EXP 	Device response: <KeyPress from None: t=147.82139383303002, value=t, duration=0.07670158299151808>
148.8234 	INFO 	Keyboard events cleared
148.8231 	EXP 	text: autoDraw = True
148.8455 	EXP 	Fixation: autoDraw = False
151.7468 	EXP 	Device response: <KeyPress from None: t=151.73027200001525, value=l, duration=None>
151.7481 	EXP 	New trial (rep=4, index=4): <Trial 32 (4 in rep 4) data={'reward_today': 15.0, 'future_reward': 35.0, 'delay': 13.0, 'thisN': 32, 'thisTrialN': 4, 'thisRepN': 4}>
151.7732 	DATA 	Keypress: l
151.7782 	EXP 	Fixation: autoDraw = False
151.7782 	EXP 	text: autoDraw = False
151.7782 	EXP 	text: height = np.float64(0.05)
151.7782 	EXP 	text: height = np.float64(0.05)
151.7782 	EXP 	text: height = np.float64(0.05)
151.7782 	EXP 	text: text = 'GBP15.0todayorGBP35.0after13.0days'
151.7782 	EXP 	Fixation: autoDraw = True
151.8232 	EXP 	Device response: <KeyPress from None: t=151.73027200001525, value=l, duration=0.08022591599728912>
152.7469 	INFO 	Keyboard events cleared
152.7466 	EXP 	text: autoDraw = True
152.7732 	EXP 	Fixation: autoDraw = False
155.8753 	EXP 	Device response: <KeyPress from None: t=155.87218795798253, value=l, duration=None>
155.8763 	EXP 	New trial (rep=4, index=5): <Trial 33 (5 in rep 4) data={'reward_today': 27.0, 'future_reward': 50.0, 'delay': 21.0, 'thisN': 33, 'thisTrialN': 5, 'thisRepN': 4}>
155.8874 	DATA 	Keypress: l
155.8912 	EXP 	Fixation: autoDraw = False
155.8912 	EXP 	text: autoDraw = False
155.8912 	EXP 	text: height = np.float64(0.05)
155.8912 	EXP 	text: height = np.float64(0.05)
155.8912 	EXP 	text: height = np.float64(0.05)
155.8912 	EXP 	text: text = 'GBP27.0todayorGBP50.0after21.0days'
155.8912 	EXP 	Fixation: autoDraw = True
155.9581 	EXP 	Device response: <KeyPress from None: t=155.87218795798253, value=l, duration=0.07843575003789738>
156.8733 	INFO 	Keyboard events cleared
156.8731 	EXP 	text: autoDraw = True
156.8897 	EXP 	Fixation: autoDraw = False
160.5976 	EXP 	Device response: <KeyPress from None: t=160.5948968330049, value=l, duration=None>
160.5982 	EXP 	New trial (rep=4, index=6): <Trial 34 (6 in rep 4) data={'reward_today': 49.0, 'future_reward': 60.0, 'delay': 89.0, 'thisN': 34, 'thisTrialN': 6, 'thisRepN': 4}>
160.6102 	DATA 	Keypress: l
160.6156 	EXP 	Fixation: autoDraw = False
160.6156 	EXP 	text: autoDraw = False
160.6156 	EXP 	text: height = np.float64(0.05)
160.6156 	EXP 	text: height = np.float64(0.05)
160.6156 	EXP 	text: height = np.float64(0.05)
160.6156 	EXP 	text: text = 'GBP49.0todayorGBP60.0after89.0days'
160.6156 	EXP 	Fixation: autoDraw = True
160.7582 	EXP 	Device response: <KeyPress from None: t=160.5948968330049, value=l, duration=0.15761033300077543>
161.5963 	INFO 	Keyboard events cleared
161.5961 	EXP 	text: autoDraw = True
161.6117 	EXP 	Fixation: autoDraw = False
163.9642 	EXP 	Device response: <KeyPress from None: t=163.96217879100004, value=t, duration=None>
163.9662 	EXP 	New trial (rep=5, index=0): <Trial 35 (0 in rep 5) data={'reward_today': 49.0, 'future_reward': 60.0, 'delay': 89.0, 'thisN': 35, 'thisTrialN': 0, 'thisRepN': 5}>
163.9738 	DATA 	Keypress: t
163.9783 	EXP 	Fixation: autoDraw = False
163.9783 	EXP 	text: autoDraw = False
163.9783 	EXP 	text: text = 'GBP49.0todayorGBP60.0after89.0days'
163.9783 	EXP 	Fixation: autoDraw = True
164.1249 	EXP 	Device response: <KeyPress from None: t=163.96217879100004, value=t, duration=0.156299417023547>
164.9636 	INFO 	Keyboard events cleared
164.9634 	EXP 	text: autoDraw = True
164.9729 	EXP 	Fixation: autoDraw = False
175.3069 	EXP 	Device response: <KeyPress from None: t=175.28767470800085, value=t, duration=None>
175.3080 	EXP 	New trial (rep=5, index=1): <Trial 36 (1 in rep 5) data={'reward_today': 11.0, 'future_reward': 30.0, 'delay': 7.0, 'thisN': 36, 'thisTrialN': 1, 'thisRepN': 5}>
175.3187 	DATA 	Keypress: t
175.3232 	EXP 	Fixation: autoDraw = False
175.3232 	EXP 	text: autoDraw = False
175.3232 	EXP 	text: height = np.float64(0.05)
175.3232 	EXP 	text: height = np.float64(0.05)
175.3232 	EXP 	text: height = np.float64(0.05)
175.3232 	EXP 	text: text = 'GBP11.0todayorGBP30.0after7.0days'
175.3232 	EXP 	Fixation: autoDraw = True
175.4417 	EXP 	Device response: <KeyPress from None: t=175.28767470800085, value=t, duration=0.1465304580051452>
176.2979 	INFO 	Keyboard events cleared
176.2977 	EXP 	text: autoDraw = True
176.3104 	EXP 	Fixation: autoDraw = False
179.5748 	EXP 	Device response: <KeyPress from None: t=179.56780279101804, value=l, duration=None>
179.5756 	EXP 	New trial (rep=5, index=2): <Trial 37 (2 in rep 5) data={'reward_today': 40.0, 'future_reward': 55.0, 'delay': 62.0, 'thisN': 37, 'thisTrialN': 2, 'thisRepN': 5}>
179.5896 	DATA 	Keypress: l
179.5941 	EXP 	Fixation: autoDraw = False
179.5941 	EXP 	text: autoDraw = False
179.5941 	EXP 	text: height = np.float64(0.05)
179.5941 	EXP 	text: height = np.float64(0.05)
179.5941 	EXP 	text: height = np.float64(0.05)
179.5941 	EXP 	text: text = 'GBP40.0todayorGBP55.0after62.0days'
179.5941 	EXP 	Fixation: autoDraw = True
179.7244 	EXP 	Device response: <KeyPress from None: t=179.56780279101804, value=l, duration=0.14680629200302064>
180.5734 	INFO 	Keyboard events cleared
180.5731 	EXP 	text: autoDraw = True
180.5894 	EXP 	Fixation: autoDraw = False
182.3400 	EXP 	Device response: <KeyPress from None: t=182.31875908299116, value=t, duration=None>
182.3411 	EXP 	New trial (rep=5, index=3): <Trial 38 (3 in rep 5) data={'reward_today': 78.0, 'future_reward': 80.0, 'delay': 162.0, 'thisN': 38, 'thisTrialN': 3, 'thisRepN': 5}>
182.3503 	DATA 	Keypress: t
182.3548 	EXP 	Fixation: autoDraw = False
182.3548 	EXP 	text: autoDraw = False
182.3548 	EXP 	text: height = np.float64(0.05)
182.3548 	EXP 	text: height = np.float64(0.05)
182.3548 	EXP 	text: height = np.float64(0.05)
182.3548 	EXP 	text: text = 'GBP78.0todayorGBP80.0after162.0days'
182.3548 	EXP 	Fixation: autoDraw = True
182.3899 	EXP 	Device response: <KeyPress from None: t=182.31875908299116, value=t, duration=0.06837108300533146>
183.3403 	INFO 	Keyboard events cleared
183.3400 	EXP 	text: autoDraw = True
183.3452 	EXP 	Fixation: autoDraw = False
186.0244 	EXP 	Device response: <KeyPress from None: t=186.0187116250163, value=t, duration=None>
186.0251 	EXP 	New trial (rep=5, index=4): <Trial 39 (4 in rep 5) data={'reward_today': 27.0, 'future_reward': 50.0, 'delay': 21.0, 'thisN': 39, 'thisTrialN': 4, 'thisRepN': 5}>
186.0417 	DATA 	Keypress: t
186.0462 	EXP 	Fixation: autoDraw = False
186.0462 	EXP 	text: autoDraw = False
186.0462 	EXP 	text: height = np.float64(0.05)
186.0462 	EXP 	text: height = np.float64(0.05)
186.0462 	EXP 	text: height = np.float64(0.05)
186.0462 	EXP 	text: text = 'GBP27.0todayorGBP50.0after21.0days'
186.0462 	EXP 	Fixation: autoDraw = True
186.0903 	EXP 	Device response: <KeyPress from None: t=186.0187116250163, value=t, duration=0.0683159579639323>
187.0229 	INFO 	Keyboard events cleared
187.0228 	EXP 	text: autoDraw = True
187.0565 	EXP 	Fixation: autoDraw = False
193.6661 	EXP 	Device response: <KeyPress from None: t=193.64616187498905, value=l, duration=None>
193.6674 	EXP 	New trial (rep=5, index=5): <Trial 40 (5 in rep 5) data={'reward_today': 15.0, 'future_reward': 35.0, 'delay': 13.0, 'thisN': 40, 'thisTrialN': 5, 'thisRepN': 5}>
193.6762 	EXP 	Device response: <KeyPress from None: t=193.64616187498905, value=l, duration=0.026312250003684312>
193.6828 	DATA 	Keypress: l
193.6912 	EXP 	Fixation: autoDraw = False
193.6912 	EXP 	text: autoDraw = False
193.6912 	EXP 	text: height = np.float64(0.05)
193.6912 	EXP 	text: height = np.float64(0.05)
193.6912 	EXP 	text: height = np.float64(0.05)
193.6912 	EXP 	text: text = 'GBP15.0todayorGBP35.0after13.0days'
193.6912 	EXP 	Fixation: autoDraw = True
194.6648 	INFO 	Keyboard events cleared
194.6644 	EXP 	text: autoDraw = True
194.6894 	EXP 	Fixation: autoDraw = False
196.8587 	EXP 	Device response: <KeyPress from None: t=196.85102341603488, value=l, duration=None>
196.8590 	EXP 	New trial (rep=5, index=6): <Trial 41 (6 in rep 5) data={'reward_today': 67.0, 'future_reward': 75.0, 'delay': 119.0, 'thisN': 41, 'thisTrialN': 6, 'thisRepN': 5}>
196.8656 	DATA 	Keypress: l
196.8717 	EXP 	Fixation: autoDraw = False
196.8717 	EXP 	text: autoDraw = False
196.8717 	EXP 	text: height = np.float64(0.05)
196.8717 	EXP 	text: height = np.float64(0.05)
196.8717 	EXP 	text: height = np.float64(0.05)
196.8717 	EXP 	text: text = 'GBP67.0todayorGBP75.0after119.0days'
196.8717 	EXP 	Fixation: autoDraw = True
196.9249 	EXP 	Device response: <KeyPress from None: t=196.85102341603488, value=l, duration=0.06029891700018197>
197.8553 	INFO 	Keyboard events cleared
197.8550 	EXP 	text: autoDraw = True
197.8601 	EXP 	Fixation: autoDraw = False
200.5096 	EXP 	Device response: <KeyPress from None: t=200.49395458301296, value=t, duration=None>
200.5112 	EXP 	New trial (rep=6, index=0): <Trial 42 (0 in rep 6) data={'reward_today': 67.0, 'future_reward': 75.0, 'delay': 119.0, 'thisN': 42, 'thisTrialN': 0, 'thisRepN': 6}>
200.5194 	DATA 	Keypress: t
200.5244 	EXP 	Fixation: autoDraw = False
200.5244 	EXP 	text: autoDraw = False
200.5244 	EXP 	text: text = 'GBP67.0todayorGBP75.0after119.0days'
200.5244 	EXP 	Fixation: autoDraw = True
200.5910 	EXP 	Device response: <KeyPress from None: t=200.49395458301296, value=t, duration=0.09231479198206216>
201.5063 	INFO 	Keyboard events cleared
201.5061 	EXP 	text: autoDraw = True
201.5231 	EXP 	Fixation: autoDraw = False
205.0559 	EXP 	Device response: <KeyPress from None: t=205.03586595802335, value=t, duration=None>
205.0569 	EXP 	New trial (rep=6, index=1): <Trial 43 (1 in rep 6) data={'reward_today': 49.0, 'future_reward': 60.0, 'delay': 89.0, 'thisN': 43, 'thisTrialN': 1, 'thisRepN': 6}>
205.0691 	DATA 	Keypress: t
205.0744 	EXP 	Fixation: autoDraw = False
205.0744 	EXP 	text: autoDraw = False
205.0744 	EXP 	text: height = np.float64(0.05)
205.0744 	EXP 	text: height = np.float64(0.05)
205.0744 	EXP 	text: height = np.float64(0.05)
205.0744 	EXP 	text: text = 'GBP49.0todayorGBP60.0after89.0days'
205.0744 	EXP 	Fixation: autoDraw = True
205.1740 	EXP 	Device response: <KeyPress from None: t=205.03586595802335, value=t, duration=0.1304537079995498>
206.0473 	INFO 	Keyboard events cleared
206.0470 	EXP 	text: autoDraw = True
206.0729 	EXP 	Fixation: autoDraw = False
210.2034 	EXP 	Device response: <KeyPress from None: t=210.1915728750173, value=t, duration=None>
210.2051 	EXP 	New trial (rep=6, index=2): <Trial 44 (2 in rep 6) data={'reward_today': 27.0, 'future_reward': 50.0, 'delay': 21.0, 'thisN': 44, 'thisTrialN': 2, 'thisRepN': 6}>
210.2220 	DATA 	Keypress: t
210.2265 	EXP 	Fixation: autoDraw = False
210.2265 	EXP 	text: autoDraw = False
210.2265 	EXP 	text: height = np.float64(0.05)
210.2265 	EXP 	text: height = np.float64(0.05)
210.2265 	EXP 	text: height = np.float64(0.05)
210.2265 	EXP 	text: text = 'GBP27.0todayorGBP50.0after21.0days'
210.2265 	EXP 	Fixation: autoDraw = True
210.4595 	EXP 	Device response: <KeyPress from None: t=210.1915728750173, value=t, duration=0.263198165979702>
211.1977 	INFO 	Keyboard events cleared
211.1975 	EXP 	text: autoDraw = True
211.2231 	EXP 	Fixation: autoDraw = False
214.9002 	EXP 	Device response: <KeyPress from None: t=214.881332207995, value=l, duration=None>
214.9037 	EXP 	New trial (rep=6, index=3): <Trial 45 (3 in rep 6) data={'reward_today': 15.0, 'future_reward': 35.0, 'delay': 13.0, 'thisN': 45, 'thisTrialN': 3, 'thisRepN': 6}>
214.9208 	DATA 	Keypress: l
214.9254 	EXP 	Fixation: autoDraw = False
214.9254 	EXP 	text: autoDraw = False
214.9254 	EXP 	text: height = np.float64(0.05)
214.9254 	EXP 	text: height = np.float64(0.05)
214.9254 	EXP 	text: height = np.float64(0.05)
214.9254 	EXP 	text: text = 'GBP15.0todayorGBP35.0after13.0days'
214.9254 	EXP 	Fixation: autoDraw = True
214.9742 	EXP 	Device response: <KeyPress from None: t=214.881332207995, value=l, duration=0.07841870799893513>
215.8957 	INFO 	Keyboard events cleared
215.8954 	EXP 	text: autoDraw = True
215.9215 	EXP 	Fixation: autoDraw = False
217.9270 	EXP 	Device response: <KeyPress from None: t=217.90842508303467, value=t, duration=None>
217.9281 	EXP 	New trial (rep=6, index=4): <Trial 46 (4 in rep 6) data={'reward_today': 40.0, 'future_reward': 55.0, 'delay': 62.0, 'thisN': 46, 'thisTrialN': 4, 'thisRepN': 6}>
217.9401 	DATA 	Keypress: t
217.9446 	EXP 	Fixation: autoDraw = False
217.9446 	EXP 	text: autoDraw = False
217.9446 	EXP 	text: height = np.float64(0.05)
217.9446 	EXP 	text: height = np.float64(0.05)
217.9446 	EXP 	text: height = np.float64(0.05)
217.9446 	EXP 	text: text = 'GBP40.0todayorGBP55.0after62.0days'
217.9446 	EXP 	Fixation: autoDraw = True
218.0414 	EXP 	Device response: <KeyPress from None: t=217.90842508303467, value=t, duration=0.12433099996997043>
218.9228 	INFO 	Keyboard events cleared
218.9225 	EXP 	text: autoDraw = True
218.9394 	EXP 	Fixation: autoDraw = False
222.2473 	EXP 	Device response: <KeyPress from None: t=222.2454797499813, value=t, duration=None>
222.2478 	EXP 	New trial (rep=6, index=5): <Trial 47 (5 in rep 6) data={'reward_today': 11.0, 'future_reward': 30.0, 'delay': 7.0, 'thisN': 47, 'thisTrialN': 5, 'thisRepN': 6}>
222.2623 	DATA 	Keypress: t
222.2674 	EXP 	Fixation: autoDraw = False
222.2674 	EXP 	text: autoDraw = False
222.2674 	EXP 	text: height = np.float64(0.05)
222.2674 	EXP 	text: height = np.float64(0.05)
222.2674 	EXP 	text: height = np.float64(0.05)
222.2674 	EXP 	text: text = 'GBP11.0todayorGBP30.0after7.0days'
222.2674 	EXP 	Fixation: autoDraw = True
222.3631 	EXP 	Device response: <KeyPress from None: t=222.2454797499813, value=t, duration=0.11446670803707093>
223.2468 	INFO 	Keyboard events cleared
223.2466 	EXP 	text: autoDraw = True
223.2618 	EXP 	Fixation: autoDraw = False
225.1635 	EXP 	Device response: <KeyPress from None: t=225.15863162500318, value=l, duration=None>
225.1646 	EXP 	New trial (rep=6, index=6): <Trial 48 (6 in rep 6) data={'reward_today': 78.0, 'future_reward': 80.0, 'delay': 162.0, 'thisN': 48, 'thisTrialN': 6, 'thisRepN': 6}>
225.1812 	DATA 	Keypress: l
225.1860 	EXP 	Fixation: autoDraw = False
225.1860 	EXP 	text: autoDraw = False
225.1860 	EXP 	text: height = np.float64(0.05)
225.1860 	EXP 	text: height = np.float64(0.05)
225.1860 	EXP 	text: height = np.float64(0.05)
225.1860 	EXP 	text: text = 'GBP78.0todayorGBP80.0after162.0days'
225.1860 	EXP 	Fixation: autoDraw = True
225.2595 	EXP 	Device response: <KeyPress from None: t=225.15863162500318, value=l, duration=0.08821495802840218>
226.1642 	INFO 	Keyboard events cleared
226.1639 	EXP 	text: autoDraw = True
226.1789 	EXP 	Fixation: autoDraw = False
229.1414 	EXP 	Device response: <KeyPress from None: t=229.13293266599067, value=t, duration=None>
229.1421 	EXP 	New trial (rep=7, index=0): <Trial 49 (0 in rep 7) data={'reward_today': 78.0, 'future_reward': 80.0, 'delay': 162.0, 'thisN': 49, 'thisTrialN': 0, 'thisRepN': 7}>
229.1496 	DATA 	Keypress: t
229.1548 	EXP 	Fixation: autoDraw = False
229.1548 	EXP 	text: autoDraw = False
229.1548 	EXP 	text: text = 'GBP78.0todayorGBP80.0after162.0days'
229.1548 	EXP 	Fixation: autoDraw = True
229.2247 	EXP 	Device response: <KeyPress from None: t=229.13293266599067, value=t, duration=0.07984608400147408>
230.1397 	INFO 	Keyboard events cleared
230.1395 	EXP 	text: autoDraw = True
230.1450 	EXP 	Fixation: autoDraw = False
232.0613 	EXP 	Device response: <KeyPress from None: t=232.04642720799893, value=t, duration=None>
232.0625 	EXP 	New trial (rep=7, index=1): <Trial 50 (1 in rep 7) data={'reward_today': 49.0, 'future_reward': 60.0, 'delay': 89.0, 'thisN': 50, 'thisTrialN': 1, 'thisRepN': 7}>
232.0803 	DATA 	Keypress: t
232.0848 	EXP 	Fixation: autoDraw = False
232.0848 	EXP 	text: autoDraw = False
232.0848 	EXP 	text: height = np.float64(0.05)
232.0848 	EXP 	text: height = np.float64(0.05)
232.0848 	EXP 	text: height = np.float64(0.05)
232.0848 	EXP 	text: text = 'GBP49.0todayorGBP60.0after89.0days'
232.0848 	EXP 	Fixation: autoDraw = True
232.1423 	EXP 	Device response: <KeyPress from None: t=232.04642720799893, value=t, duration=0.08423341700108722>
233.0641 	INFO 	Keyboard events cleared
233.0639 	EXP 	text: autoDraw = True
233.0775 	EXP 	Fixation: autoDraw = False
234.7467 	EXP 	Device response: <KeyPress from None: t=234.7452485410031, value=t, duration=None>
234.7472 	EXP 	New trial (rep=7, index=2): <Trial 51 (2 in rep 7) data={'reward_today': 27.0, 'future_reward': 50.0, 'delay': 21.0, 'thisN': 51, 'thisTrialN': 2, 'thisRepN': 7}>
234.7579 	DATA 	Keypress: t
234.7627 	EXP 	Fixation: autoDraw = False
234.7627 	EXP 	text: autoDraw = False
234.7627 	EXP 	text: height = np.float64(0.05)
234.7627 	EXP 	text: height = np.float64(0.05)
234.7627 	EXP 	text: height = np.float64(0.05)
234.7627 	EXP 	text: text = 'GBP27.0todayorGBP50.0after21.0days'
234.7627 	EXP 	Fixation: autoDraw = True
234.8072 	EXP 	Device response: <KeyPress from None: t=234.7452485410031, value=t, duration=0.05633950000628829>
235.7462 	INFO 	Keyboard events cleared
235.7460 	EXP 	text: autoDraw = True
235.7562 	EXP 	Fixation: autoDraw = False
237.8365 	EXP 	Device response: <KeyPress from None: t=237.8251477080048, value=l, duration=None>
237.8375 	EXP 	New trial (rep=7, index=3): <Trial 52 (3 in rep 7) data={'reward_today': 11.0, 'future_reward': 30.0, 'delay': 7.0, 'thisN': 52, 'thisTrialN': 3, 'thisRepN': 7}>
237.8499 	DATA 	Keypress: l
237.8547 	EXP 	Fixation: autoDraw = False
237.8547 	EXP 	text: autoDraw = False
237.8547 	EXP 	text: height = np.float64(0.05)
237.8547 	EXP 	text: height = np.float64(0.05)
237.8547 	EXP 	text: height = np.float64(0.05)
237.8547 	EXP 	text: text = 'GBP11.0todayorGBP30.0after7.0days'
237.8547 	EXP 	Fixation: autoDraw = True
237.9114 	EXP 	Device response: <KeyPress from None: t=237.8251477080048, value=l, duration=0.08438254200154915>
238.8307 	INFO 	Keyboard events cleared
238.8305 	EXP 	text: autoDraw = True
238.8442 	EXP 	Fixation: autoDraw = False
240.5753 	EXP 	Device response: <KeyPress from None: t=240.5720951249823, value=l, duration=None>
240.5760 	EXP 	New trial (rep=7, index=4): <Trial 53 (4 in rep 7) data={'reward_today': 67.0, 'future_reward': 75.0, 'delay': 119.0, 'thisN': 53, 'thisTrialN': 4, 'thisRepN': 7}>
240.5899 	DATA 	Keypress: l
240.5941 	EXP 	Fixation: autoDraw = False
240.5941 	EXP 	text: autoDraw = False
240.5941 	EXP 	text: height = np.float64(0.05)
240.5941 	EXP 	text: height = np.float64(0.05)
240.5941 	EXP 	text: height = np.float64(0.05)
240.5941 	EXP 	text: text = 'GBP67.0todayorGBP75.0after119.0days'
240.5941 	EXP 	Fixation: autoDraw = True
240.6394 	EXP 	Device response: <KeyPress from None: t=240.5720951249823, value=l, duration=0.05633091600611806>
241.5729 	INFO 	Keyboard events cleared
241.5727 	EXP 	text: autoDraw = True
241.5896 	EXP 	Fixation: autoDraw = False
243.8270 	EXP 	Device response: <KeyPress from None: t=243.82317912502913, value=t, duration=None>
243.8278 	EXP 	New trial (rep=7, index=5): <Trial 54 (5 in rep 7) data={'reward_today': 15.0, 'future_reward': 35.0, 'delay': 13.0, 'thisN': 54, 'thisTrialN': 5, 'thisRepN': 7}>
243.8383 	DATA 	Keypress: t
243.8424 	EXP 	Fixation: autoDraw = False
243.8424 	EXP 	text: autoDraw = False
243.8424 	EXP 	text: height = np.float64(0.05)
243.8424 	EXP 	text: height = np.float64(0.05)
243.8424 	EXP 	text: height = np.float64(0.05)
243.8424 	EXP 	text: text = 'GBP15.0todayorGBP35.0after13.0days'
243.8424 	EXP 	Fixation: autoDraw = True
243.8951 	EXP 	Device response: <KeyPress from None: t=243.82317912502913, value=t, duration=0.06816454097861424>
244.8226 	INFO 	Keyboard events cleared
244.8226 	EXP 	text: autoDraw = True
244.8387 	EXP 	Fixation: autoDraw = False
247.1620 	EXP 	Device response: <KeyPress from None: t=247.14889529102948, value=l, duration=None>
247.1625 	EXP 	New trial (rep=7, index=6): <Trial 55 (6 in rep 7) data={'reward_today': 40.0, 'future_reward': 55.0, 'delay': 62.0, 'thisN': 55, 'thisTrialN': 6, 'thisRepN': 7}>
247.1731 	DATA 	Keypress: l
247.1770 	EXP 	Fixation: autoDraw = False
247.1770 	EXP 	text: autoDraw = False
247.1770 	EXP 	text: height = np.float64(0.05)
247.1770 	EXP 	text: height = np.float64(0.05)
247.1770 	EXP 	text: height = np.float64(0.05)
247.1770 	EXP 	text: text = 'GBP40.0todayorGBP55.0after62.0days'
247.1770 	EXP 	Fixation: autoDraw = True
247.2409 	EXP 	Device response: <KeyPress from None: t=247.14889529102948, value=l, duration=0.08037549996515736>
248.1595 	INFO 	Keyboard events cleared
248.1593 	EXP 	text: autoDraw = True
248.1725 	EXP 	Fixation: autoDraw = False
253.3785 	EXP 	Device response: <KeyPress from None: t=253.3620432500029, value=t, duration=None>
253.3801 	EXP 	New trial (rep=8, index=0): <Trial 56 (0 in rep 8) data={'reward_today': 15.0, 'future_reward': 35.0, 'delay': 13.0, 'thisN': 56, 'thisTrialN': 0, 'thisRepN': 8}>
253.3931 	DATA 	Keypress: t
253.3976 	EXP 	Fixation: autoDraw = False
253.3976 	EXP 	text: autoDraw = False
253.3976 	EXP 	text: height = np.float64(0.05)
253.3976 	EXP 	text: height = np.float64(0.05)
253.3976 	EXP 	text: height = np.float64(0.05)
253.3976 	EXP 	text: text = 'GBP15.0todayorGBP35.0after13.0days'
253.3976 	EXP 	Fixation: autoDraw = True
253.4737 	EXP 	Device response: <KeyPress from None: t=253.3620432500029, value=t, duration=0.1065309580299072>
254.3892 	INFO 	Keyboard events cleared
254.3891 	EXP 	text: autoDraw = True
254.3922 	EXP 	Fixation: autoDraw = False
256.3404 	EXP 	Device response: <KeyPress from None: t=256.3332284580101, value=l, duration=None>
256.3408 	EXP 	New trial (rep=8, index=1): <Trial 57 (1 in rep 8) data={'reward_today': 27.0, 'future_reward': 50.0, 'delay': 21.0, 'thisN': 57, 'thisTrialN': 1, 'thisRepN': 8}>
256.3513 	DATA 	Keypress: l
256.3559 	EXP 	Fixation: autoDraw = False
256.3559 	EXP 	text: autoDraw = False
256.3559 	EXP 	text: height = np.float64(0.05)
256.3559 	EXP 	text: height = np.float64(0.05)
256.3559 	EXP 	text: height = np.float64(0.05)
256.3559 	EXP 	text: text = 'GBP27.0todayorGBP50.0after21.0days'
256.3559 	EXP 	Fixation: autoDraw = True
256.4633 	EXP 	Device response: <KeyPress from None: t=256.3332284580101, value=l, duration=0.12432791700121015>
257.3397 	INFO 	Keyboard events cleared
257.3394 	EXP 	text: autoDraw = True
257.3458 	EXP 	Fixation: autoDraw = False
263.1017 	EXP 	Device response: <KeyPress from None: t=263.0922029580106, value=t, duration=None>
263.1032 	EXP 	New trial (rep=8, index=2): <Trial 58 (2 in rep 8) data={'reward_today': 11.0, 'future_reward': 30.0, 'delay': 7.0, 'thisN': 58, 'thisTrialN': 2, 'thisRepN': 8}>
263.1224 	DATA 	Keypress: t
263.1273 	EXP 	Fixation: autoDraw = False
263.1273 	EXP 	text: autoDraw = False
263.1273 	EXP 	text: height = np.float64(0.05)
263.1273 	EXP 	text: height = np.float64(0.05)
263.1273 	EXP 	text: height = np.float64(0.05)
263.1273 	EXP 	text: text = 'GBP11.0todayorGBP30.0after7.0days'
263.1273 	EXP 	Fixation: autoDraw = True
263.2070 	EXP 	Device response: <KeyPress from None: t=263.0922029580106, value=t, duration=0.10244266700465232>
264.0969 	INFO 	Keyboard events cleared
264.0967 	EXP 	text: autoDraw = True
264.1229 	EXP 	Fixation: autoDraw = False
267.9934 	EXP 	Device response: <KeyPress from None: t=267.98226212500595, value=l, duration=None>
267.9952 	EXP 	New trial (rep=8, index=3): <Trial 59 (3 in rep 8) data={'reward_today': 40.0, 'future_reward': 55.0, 'delay': 62.0, 'thisN': 59, 'thisTrialN': 3, 'thisRepN': 8}>
268.0216 	DATA 	Keypress: l
268.0261 	EXP 	Fixation: autoDraw = False
268.0261 	EXP 	text: autoDraw = False
268.0261 	EXP 	text: height = np.float64(0.05)
268.0261 	EXP 	text: height = np.float64(0.05)
268.0261 	EXP 	text: height = np.float64(0.05)
268.0261 	EXP 	text: text = 'GBP40.0todayorGBP55.0after62.0days'
268.0261 	EXP 	Fixation: autoDraw = True
268.0736 	EXP 	Device response: <KeyPress from None: t=267.98226212500595, value=l, duration=0.0825559159857221>
269.0064 	INFO 	Keyboard events cleared
269.0061 	EXP 	text: autoDraw = True
269.0218 	EXP 	Fixation: autoDraw = False
270.5603 	EXP 	Device response: <KeyPress from None: t=270.5562575000222, value=t, duration=None>
270.5615 	EXP 	New trial (rep=8, index=4): <Trial 60 (4 in rep 8) data={'reward_today': 78.0, 'future_reward': 80.0, 'delay': 162.0, 'thisN': 60, 'thisTrialN': 4, 'thisRepN': 8}>
270.5798 	DATA 	Keypress: t
270.5842 	EXP 	Fixation: autoDraw = False
270.5842 	EXP 	text: autoDraw = False
270.5842 	EXP 	text: height = np.float64(0.05)
270.5842 	EXP 	text: height = np.float64(0.05)
270.5842 	EXP 	text: height = np.float64(0.05)
270.5842 	EXP 	text: text = 'GBP78.0todayorGBP80.0after162.0days'
270.5842 	EXP 	Fixation: autoDraw = True
270.6944 	EXP 	Device response: <KeyPress from None: t=270.5562575000222, value=t, duration=0.1363392909988761>
271.5632 	INFO 	Keyboard events cleared
271.5628 	EXP 	text: autoDraw = True
271.5774 	EXP 	Fixation: autoDraw = False
273.2927 	EXP 	Device response: <KeyPress from None: t=273.28823162498884, value=t, duration=None>
273.2965 	EXP 	New trial (rep=8, index=5): <Trial 61 (5 in rep 8) data={'reward_today': 49.0, 'future_reward': 60.0, 'delay': 89.0, 'thisN': 61, 'thisTrialN': 5, 'thisRepN': 8}>
273.3149 	DATA 	Keypress: t
273.3191 	EXP 	Fixation: autoDraw = False
273.3191 	EXP 	text: autoDraw = False
273.3191 	EXP 	text: height = np.float64(0.05)
273.3191 	EXP 	text: height = np.float64(0.05)
273.3191 	EXP 	text: height = np.float64(0.05)
273.3191 	EXP 	text: text = 'GBP49.0todayorGBP60.0after89.0days'
273.3191 	EXP 	Fixation: autoDraw = True
273.4573 	EXP 	Device response: <KeyPress from None: t=273.28823162498884, value=t, duration=0.16029795800568536>
274.2970 	INFO 	Keyboard events cleared
274.2967 	EXP 	text: autoDraw = True
274.3103 	EXP 	Fixation: autoDraw = False
277.0720 	EXP 	Device response: <KeyPress from None: t=277.05903962498996, value=t, duration=None>
277.0730 	EXP 	New trial (rep=8, index=6): <Trial 62 (6 in rep 8) data={'reward_today': 67.0, 'future_reward': 75.0, 'delay': 119.0, 'thisN': 62, 'thisTrialN': 6, 'thisRepN': 8}>
277.0831 	DATA 	Keypress: t
277.0885 	EXP 	Fixation: autoDraw = False
277.0885 	EXP 	text: autoDraw = False
277.0885 	EXP 	text: height = np.float64(0.05)
277.0885 	EXP 	text: height = np.float64(0.05)
277.0885 	EXP 	text: height = np.float64(0.05)
277.0885 	EXP 	text: text = 'GBP67.0todayorGBP75.0after119.0days'
277.0885 	EXP 	Fixation: autoDraw = True
277.1745 	EXP 	Device response: <KeyPress from None: t=277.05903962498996, value=t, duration=0.11242666601901874>
278.0635 	INFO 	Keyboard events cleared
278.0633 	EXP 	text: autoDraw = True
278.0776 	EXP 	Fixation: autoDraw = False
280.3587 	EXP 	Device response: <KeyPress from None: t=280.3480470000068, value=t, duration=None>
280.3597 	EXP 	New trial (rep=9, index=0): <Trial 63 (0 in rep 9) data={'reward_today': 67.0, 'future_reward': 75.0, 'delay': 119.0, 'thisN': 63, 'thisTrialN': 0, 'thisRepN': 9}>
280.3678 	DATA 	Keypress: t
280.3729 	EXP 	Fixation: autoDraw = False
280.3729 	EXP 	text: autoDraw = False
280.3729 	EXP 	text: text = 'GBP67.0todayorGBP75.0after119.0days'
280.3729 	EXP 	Fixation: autoDraw = True
280.4790 	EXP 	Device response: <KeyPress from None: t=280.3480470000068, value=t, duration=0.12821612501284108>
281.3563 	INFO 	Keyboard events cleared
281.3560 	EXP 	text: autoDraw = True
281.3623 	EXP 	Fixation: autoDraw = False
284.2948 	EXP 	Device response: <KeyPress from None: t=284.2897944159922, value=t, duration=None>
284.2952 	EXP 	New trial (rep=9, index=1): <Trial 64 (1 in rep 9) data={'reward_today': 11.0, 'future_reward': 30.0, 'delay': 7.0, 'thisN': 64, 'thisTrialN': 1, 'thisRepN': 9}>
284.3090 	DATA 	Keypress: t
284.3134 	EXP 	Fixation: autoDraw = False
284.3134 	EXP 	text: autoDraw = False
284.3134 	EXP 	text: height = np.float64(0.05)
284.3134 	EXP 	text: height = np.float64(0.05)
284.3134 	EXP 	text: height = np.float64(0.05)
284.3134 	EXP 	text: text = 'GBP11.0todayorGBP30.0after7.0days'
284.3134 	EXP 	Fixation: autoDraw = True
284.4578 	EXP 	Device response: <KeyPress from None: t=284.2897944159922, value=t, duration=0.15645070903701708>
285.2986 	INFO 	Keyboard events cleared
285.2983 	EXP 	text: autoDraw = True
285.3044 	EXP 	Fixation: autoDraw = False
287.9421 	EXP 	Device response: <KeyPress from None: t=287.9387307080324, value=l, duration=None>
287.9424 	EXP 	New trial (rep=9, index=2): <Trial 65 (2 in rep 9) data={'reward_today': 49.0, 'future_reward': 60.0, 'delay': 89.0, 'thisN': 65, 'thisTrialN': 2, 'thisRepN': 9}>
287.9480 	DATA 	Keypress: l
287.9550 	EXP 	Fixation: autoDraw = False
287.9550 	EXP 	text: autoDraw = False
287.9550 	EXP 	text: height = np.float64(0.05)
287.9550 	EXP 	text: height = np.float64(0.05)
287.9550 	EXP 	text: height = np.float64(0.05)
287.9550 	EXP 	text: text = 'GBP49.0todayorGBP60.0after89.0days'
287.9550 	EXP 	Fixation: autoDraw = True
288.0911 	EXP 	Device response: <KeyPress from None: t=287.9387307080324, value=l, duration=0.14032137498725206>
288.9393 	INFO 	Keyboard events cleared
288.9391 	EXP 	text: autoDraw = True
288.9448 	EXP 	Fixation: autoDraw = False
290.7239 	EXP 	Device response: <KeyPress from None: t=290.71970179100754, value=t, duration=None>
290.7244 	EXP 	New trial (rep=9, index=3): <Trial 66 (3 in rep 9) data={'reward_today': 27.0, 'future_reward': 50.0, 'delay': 21.0, 'thisN': 66, 'thisTrialN': 3, 'thisRepN': 9}>
290.7390 	DATA 	Keypress: t
290.7443 	EXP 	Fixation: autoDraw = False
290.7443 	EXP 	text: autoDraw = False
290.7443 	EXP 	text: height = np.float64(0.05)
290.7443 	EXP 	text: height = np.float64(0.05)
290.7443 	EXP 	text: height = np.float64(0.05)
290.7443 	EXP 	text: text = 'GBP27.0todayorGBP50.0after21.0days'
290.7443 	EXP 	Fixation: autoDraw = True
290.7941 	EXP 	Device response: <KeyPress from None: t=290.71970179100754, value=t, duration=0.07229241699678823>
291.7232 	INFO 	Keyboard events cleared
291.7229 	EXP 	text: autoDraw = True
291.7390 	EXP 	Fixation: autoDraw = False
295.6056 	EXP 	Device response: <KeyPress from None: t=295.58851012500236, value=t, duration=None>
295.6072 	EXP 	New trial (rep=9, index=4): <Trial 67 (4 in rep 9) data={'reward_today': 40.0, 'future_reward': 55.0, 'delay': 62.0, 'thisN': 67, 'thisTrialN': 4, 'thisRepN': 9}>
295.6174 	DATA 	Keypress: t
295.6219 	EXP 	Fixation: autoDraw = False
295.6219 	EXP 	text: autoDraw = False
295.6219 	EXP 	text: height = np.float64(0.05)
295.6219 	EXP 	text: height = np.float64(0.05)
295.6219 	EXP 	text: height = np.float64(0.05)
295.6219 	EXP 	text: text = 'GBP40.0todayorGBP55.0after62.0days'
295.6219 	EXP 	Fixation: autoDraw = True
295.7578 	EXP 	Device response: <KeyPress from None: t=295.58851012500236, value=t, duration=0.15837216598447412>
296.5976 	INFO 	Keyboard events cleared
296.5974 	EXP 	text: autoDraw = True
296.6094 	EXP 	Fixation: autoDraw = False
298.8465 	EXP 	Device response: <KeyPress from None: t=298.8415707080276, value=t, duration=None>
298.8469 	EXP 	New trial (rep=9, index=5): <Trial 68 (5 in rep 9) data={'reward_today': 15.0, 'future_reward': 35.0, 'delay': 13.0, 'thisN': 68, 'thisTrialN': 5, 'thisRepN': 9}>
298.8587 	DATA 	Keypress: t
298.8632 	EXP 	Fixation: autoDraw = False
298.8632 	EXP 	text: autoDraw = False
298.8632 	EXP 	text: height = np.float64(0.05)
298.8632 	EXP 	text: height = np.float64(0.05)
298.8632 	EXP 	text: height = np.float64(0.05)
298.8632 	EXP 	text: text = 'GBP15.0todayorGBP35.0after13.0days'
298.8632 	EXP 	Fixation: autoDraw = True
299.0077 	EXP 	Device response: <KeyPress from None: t=298.8415707080276, value=t, duration=0.16019841696834192>
299.8465 	INFO 	Keyboard events cleared
299.8463 	EXP 	text: autoDraw = True
299.8557 	EXP 	Fixation: autoDraw = False
303.3251 	EXP 	Device response: <KeyPress from None: t=303.3180237910128, value=l, duration=None>
303.3263 	EXP 	New trial (rep=9, index=6): <Trial 69 (6 in rep 9) data={'reward_today': 78.0, 'future_reward': 80.0, 'delay': 162.0, 'thisN': 69, 'thisTrialN': 6, 'thisRepN': 9}>
303.3554 	DATA 	Keypress: l
303.3603 	EXP 	Fixation: autoDraw = False
303.3603 	EXP 	text: autoDraw = False
303.3603 	EXP 	text: height = np.float64(0.05)
303.3603 	EXP 	text: height = np.float64(0.05)
303.3603 	EXP 	text: height = np.float64(0.05)
303.3603 	EXP 	text: text = 'GBP78.0todayorGBP80.0after162.0days'
303.3603 	EXP 	Fixation: autoDraw = True
303.4572 	EXP 	Device response: <KeyPress from None: t=303.3180237910128, value=l, duration=0.13446625001961365>
304.3230 	INFO 	Keyboard events cleared
304.3228 	EXP 	text: autoDraw = True
304.3560 	EXP 	Fixation: autoDraw = False
306.3407 	EXP 	Device response: <KeyPress from None: t=306.3321439580177, value=t, duration=None>
306.3414 	EXP 	New trial (rep=10, index=0): <Trial 70 (0 in rep 10) data={'reward_today': 15.0, 'future_reward': 35.0, 'delay': 13.0, 'thisN': 70, 'thisTrialN': 0, 'thisRepN': 10}>
306.3495 	DATA 	Keypress: t
306.3539 	EXP 	Fixation: autoDraw = False
306.3539 	EXP 	text: autoDraw = False
306.3539 	EXP 	text: height = np.float64(0.05)
306.3539 	EXP 	text: height = np.float64(0.05)
306.3539 	EXP 	text: height = np.float64(0.05)
306.3539 	EXP 	text: text = 'GBP15.0todayorGBP35.0after13.0days'
306.3539 	EXP 	Fixation: autoDraw = True
306.4111 	EXP 	Device response: <KeyPress from None: t=306.3321439580177, value=t, duration=0.07624999998370185>
307.3396 	INFO 	Keyboard events cleared
307.3393 	EXP 	text: autoDraw = True
307.3458 	EXP 	Fixation: autoDraw = False
314.1541 	EXP 	Device response: <KeyPress from None: t=314.13401170802535, value=l, duration=None>
314.1551 	EXP 	New trial (rep=10, index=1): <Trial 71 (1 in rep 10) data={'reward_today': 40.0, 'future_reward': 55.0, 'delay': 62.0, 'thisN': 71, 'thisTrialN': 1, 'thisRepN': 10}>
314.1671 	DATA 	Keypress: l
314.1721 	EXP 	Fixation: autoDraw = False
314.1721 	EXP 	text: autoDraw = False
314.1721 	EXP 	text: height = np.float64(0.05)
314.1721 	EXP 	text: height = np.float64(0.05)
314.1721 	EXP 	text: height = np.float64(0.05)
314.1721 	EXP 	text: text = 'GBP40.0todayorGBP55.0after62.0days'
314.1721 	EXP 	Fixation: autoDraw = True
314.2411 	EXP 	Device response: <KeyPress from None: t=314.13401170802535, value=l, duration=0.10254016699036583>
315.1479 	INFO 	Keyboard events cleared
315.1476 	EXP 	text: autoDraw = True
315.1595 	EXP 	Fixation: autoDraw = False
316.9914 	EXP 	Device response: <KeyPress from None: t=316.98812662501587, value=t, duration=None>
316.9919 	EXP 	New trial (rep=10, index=2): <Trial 72 (2 in rep 10) data={'reward_today': 11.0, 'future_reward': 30.0, 'delay': 7.0, 'thisN': 72, 'thisTrialN': 2, 'thisRepN': 10}>
317.0041 	DATA 	Keypress: t
317.0086 	EXP 	Fixation: autoDraw = False
317.0086 	EXP 	text: autoDraw = False
317.0086 	EXP 	text: height = np.float64(0.05)
317.0086 	EXP 	text: height = np.float64(0.05)
317.0086 	EXP 	text: height = np.float64(0.05)
317.0086 	EXP 	text: text = 'GBP11.0todayorGBP30.0after7.0days'
317.0086 	EXP 	Fixation: autoDraw = True
317.0738 	EXP 	Device response: <KeyPress from None: t=316.98812662501587, value=t, duration=0.08028420800110325>
317.9895 	INFO 	Keyboard events cleared
317.9893 	EXP 	text: autoDraw = True
318.0059 	EXP 	Fixation: autoDraw = False
324.4605 	EXP 	Device response: <KeyPress from None: t=324.45340404100716, value=l, duration=None>
324.4633 	EXP 	New trial (rep=10, index=3): <Trial 73 (3 in rep 10) data={'reward_today': 27.0, 'future_reward': 50.0, 'delay': 21.0, 'thisN': 73, 'thisTrialN': 3, 'thisRepN': 10}>
324.4816 	DATA 	Keypress: l
324.4858 	EXP 	Fixation: autoDraw = False
324.4858 	EXP 	text: autoDraw = False
324.4858 	EXP 	text: height = np.float64(0.05)
324.4858 	EXP 	text: height = np.float64(0.05)
324.4858 	EXP 	text: height = np.float64(0.05)
324.4858 	EXP 	text: text = 'GBP27.0todayorGBP50.0after21.0days'
324.4858 	EXP 	Fixation: autoDraw = True
324.5394 	EXP 	Device response: <KeyPress from None: t=324.45340404100716, value=l, duration=0.07450054201763123>
325.4631 	INFO 	Keyboard events cleared
325.4627 	EXP 	text: autoDraw = True
325.4763 	EXP 	Fixation: autoDraw = False
326.7447 	EXP 	Device response: <KeyPress from None: t=326.72941662499215, value=l, duration=None>
326.7458 	EXP 	New trial (rep=10, index=4): <Trial 74 (4 in rep 10) data={'reward_today': 49.0, 'future_reward': 60.0, 'delay': 89.0, 'thisN': 74, 'thisTrialN': 4, 'thisRepN': 10}>
326.7650 	DATA 	Keypress: l
326.7698 	EXP 	Fixation: autoDraw = False
326.7698 	EXP 	text: autoDraw = False
326.7698 	EXP 	text: height = np.float64(0.05)
326.7698 	EXP 	text: height = np.float64(0.05)
326.7698 	EXP 	text: height = np.float64(0.05)
326.7698 	EXP 	text: text = 'GBP49.0todayorGBP60.0after89.0days'
326.7698 	EXP 	Fixation: autoDraw = True
326.8441 	EXP 	Device response: <KeyPress from None: t=326.72941662499215, value=l, duration=0.11240325000835583>
327.7392 	INFO 	Keyboard events cleared
327.7390 	EXP 	text: autoDraw = True
327.7616 	EXP 	Fixation: autoDraw = False
332.3569 	EXP 	Device response: <KeyPress from None: t=332.34599150001304, value=t, duration=None>
332.3584 	EXP 	New trial (rep=10, index=5): <Trial 75 (5 in rep 10) data={'reward_today': 78.0, 'future_reward': 80.0, 'delay': 162.0, 'thisN': 75, 'thisTrialN': 5, 'thisRepN': 10}>
332.3787 	DATA 	Keypress: t
332.3835 	EXP 	Fixation: autoDraw = False
332.3835 	EXP 	text: autoDraw = False
332.3835 	EXP 	text: height = np.float64(0.05)
332.3835 	EXP 	text: height = np.float64(0.05)
332.3835 	EXP 	text: height = np.float64(0.05)
332.3835 	EXP 	text: text = 'GBP78.0todayorGBP80.0after162.0days'
332.3835 	EXP 	Fixation: autoDraw = True
332.3919 	EXP 	Device response: <KeyPress from None: t=332.34599150001304, value=t, duration=0.04247595800552517>
333.3492 	INFO 	Keyboard events cleared
333.3489 	EXP 	text: autoDraw = True
333.3777 	EXP 	Fixation: autoDraw = False
334.9570 	EXP 	Device response: <KeyPress from None: t=334.9511053750175, value=t, duration=None>
334.9574 	EXP 	New trial (rep=10, index=6): <Trial 76 (6 in rep 10) data={'reward_today': 67.0, 'future_reward': 75.0, 'delay': 119.0, 'thisN': 76, 'thisTrialN': 6, 'thisRepN': 10}>
334.9717 	DATA 	Keypress: t
334.9761 	EXP 	Fixation: autoDraw = False
334.9761 	EXP 	text: autoDraw = False
334.9761 	EXP 	text: height = np.float64(0.05)
334.9761 	EXP 	text: height = np.float64(0.05)
334.9761 	EXP 	text: height = np.float64(0.05)
334.9761 	EXP 	text: text = 'GBP67.0todayorGBP75.0after119.0days'
334.9761 	EXP 	Fixation: autoDraw = True
335.0237 	EXP 	Device response: <KeyPress from None: t=334.9511053750175, value=t, duration=0.06836720800492913>
335.9550 	INFO 	Keyboard events cleared
335.9545 	EXP 	text: autoDraw = True
335.9716 	EXP 	Fixation: autoDraw = False
339.9089 	EXP 	Device response: <KeyPress from None: t=339.8955300829839, value=t, duration=None>
339.9105 	EXP 	New trial (rep=11, index=0): <Trial 77 (0 in rep 11) data={'reward_today': 40.0, 'future_reward': 55.0, 'delay': 62.0, 'thisN': 77, 'thisTrialN': 0, 'thisRepN': 11}>
339.9287 	DATA 	Keypress: t
339.9332 	EXP 	Fixation: autoDraw = False
339.9332 	EXP 	text: autoDraw = False
339.9332 	EXP 	text: height = np.float64(0.05)
339.9332 	EXP 	text: height = np.float64(0.05)
339.9332 	EXP 	text: height = np.float64(0.05)
339.9332 	EXP 	text: text = 'GBP40.0todayorGBP55.0after62.0days'
339.9332 	EXP 	Fixation: autoDraw = True
339.9903 	EXP 	Device response: <KeyPress from None: t=339.8955300829839, value=t, duration=0.09051854204153642>
340.9093 	INFO 	Keyboard events cleared
340.9092 	EXP 	text: autoDraw = True
340.9289 	EXP 	Fixation: autoDraw = False
343.2574 	EXP 	Device response: <KeyPress from None: t=343.24961879098555, value=t, duration=None>
343.2578 	EXP 	New trial (rep=11, index=1): <Trial 78 (1 in rep 11) data={'reward_today': 67.0, 'future_reward': 75.0, 'delay': 119.0, 'thisN': 78, 'thisTrialN': 1, 'thisRepN': 11}>
343.2709 	DATA 	Keypress: t
343.2754 	EXP 	Fixation: autoDraw = False
343.2754 	EXP 	text: autoDraw = False
343.2754 	EXP 	text: height = np.float64(0.05)
343.2754 	EXP 	text: height = np.float64(0.05)
343.2754 	EXP 	text: height = np.float64(0.05)
343.2754 	EXP 	text: text = 'GBP67.0todayorGBP75.0after119.0days'
343.2754 	EXP 	Fixation: autoDraw = True
343.3733 	EXP 	Device response: <KeyPress from None: t=343.24961879098555, value=t, duration=0.11635745904641226>
344.2559 	INFO 	Keyboard events cleared
344.2557 	EXP 	text: autoDraw = True
344.2726 	EXP 	Fixation: autoDraw = False
348.2804 	EXP 	Device response: <KeyPress from None: t=348.26586675003637, value=t, duration=None>
348.2818 	EXP 	New trial (rep=11, index=2): <Trial 79 (2 in rep 11) data={'reward_today': 15.0, 'future_reward': 35.0, 'delay': 13.0, 'thisN': 79, 'thisTrialN': 2, 'thisRepN': 11}>
348.2978 	DATA 	Keypress: t
348.3026 	EXP 	Fixation: autoDraw = False
348.3026 	EXP 	text: autoDraw = False
348.3026 	EXP 	text: height = np.float64(0.05)
348.3026 	EXP 	text: height = np.float64(0.05)
348.3026 	EXP 	text: height = np.float64(0.05)
348.3026 	EXP 	text: text = 'GBP15.0todayorGBP35.0after13.0days'
348.3026 	EXP 	Fixation: autoDraw = True
348.3235 	EXP 	Device response: <KeyPress from None: t=348.26586675003637, value=t, duration=0.05052691599121317>
349.2798 	INFO 	Keyboard events cleared
349.2795 	EXP 	text: autoDraw = True
349.2937 	EXP 	Fixation: autoDraw = False
354.7579 	EXP 	Device response: <KeyPress from None: t=354.7493327499833, value=l, duration=None>
354.7589 	EXP 	New trial (rep=11, index=3): <Trial 80 (3 in rep 11) data={'reward_today': 78.0, 'future_reward': 80.0, 'delay': 162.0, 'thisN': 80, 'thisTrialN': 3, 'thisRepN': 11}>
354.7724 	DATA 	Keypress: l
354.7771 	EXP 	Fixation: autoDraw = False
354.7771 	EXP 	text: autoDraw = False
354.7771 	EXP 	text: height = np.float64(0.05)
354.7771 	EXP 	text: height = np.float64(0.05)
354.7771 	EXP 	text: height = np.float64(0.05)
354.7771 	EXP 	text: text = 'GBP78.0todayorGBP80.0after162.0days'
354.7771 	EXP 	Fixation: autoDraw = True
354.8100 	EXP 	Device response: <KeyPress from None: t=354.7493327499833, value=l, duration=0.05844637501286343>
355.7557 	INFO 	Keyboard events cleared
355.7555 	EXP 	text: autoDraw = True
355.7722 	EXP 	Fixation: autoDraw = False
357.3237 	EXP 	Device response: <KeyPress from None: t=357.3134250000003, value=t, duration=None>
357.3240 	EXP 	New trial (rep=11, index=4): <Trial 81 (4 in rep 11) data={'reward_today': 11.0, 'future_reward': 30.0, 'delay': 7.0, 'thisN': 81, 'thisTrialN': 4, 'thisRepN': 11}>
357.3367 	DATA 	Keypress: t
357.3414 	EXP 	Fixation: autoDraw = False
357.3414 	EXP 	text: autoDraw = False
357.3414 	EXP 	text: height = np.float64(0.05)
357.3414 	EXP 	text: height = np.float64(0.05)
357.3414 	EXP 	text: height = np.float64(0.05)
357.3414 	EXP 	text: text = 'GBP11.0todayorGBP30.0after7.0days'
357.3414 	EXP 	Fixation: autoDraw = True
357.3927 	EXP 	Device response: <KeyPress from None: t=357.3134250000003, value=t, duration=0.06835441599832848>
358.3226 	INFO 	Keyboard events cleared
358.3225 	EXP 	text: autoDraw = True
358.3393 	EXP 	Fixation: autoDraw = False
359.9411 	EXP 	Device response: <KeyPress from None: t=359.93539800000144, value=l, duration=None>
359.9420 	EXP 	New trial (rep=11, index=5): <Trial 82 (5 in rep 11) data={'reward_today': 27.0, 'future_reward': 50.0, 'delay': 21.0, 'thisN': 82, 'thisTrialN': 5, 'thisRepN': 11}>
359.9547 	DATA 	Keypress: l
359.9601 	EXP 	Fixation: autoDraw = False
359.9601 	EXP 	text: autoDraw = False
359.9601 	EXP 	text: height = np.float64(0.05)
359.9601 	EXP 	text: height = np.float64(0.05)
359.9601 	EXP 	text: height = np.float64(0.05)
359.9601 	EXP 	text: text = 'GBP27.0todayorGBP50.0after21.0days'
359.9601 	EXP 	Fixation: autoDraw = True
360.1067 	EXP 	Device response: <KeyPress from None: t=359.93539800000144, value=l, duration=0.1682878329884261>
360.9392 	INFO 	Keyboard events cleared
360.9387 	EXP 	text: autoDraw = True
360.9556 	EXP 	Fixation: autoDraw = False
362.4792 	EXP 	Device response: <KeyPress from None: t=362.4732847500127, value=t, duration=None>
362.4797 	EXP 	New trial (rep=11, index=6): <Trial 83 (6 in rep 11) data={'reward_today': 49.0, 'future_reward': 60.0, 'delay': 89.0, 'thisN': 83, 'thisTrialN': 6, 'thisRepN': 11}>
362.4913 	DATA 	Keypress: t
362.4958 	EXP 	Fixation: autoDraw = False
362.4958 	EXP 	text: autoDraw = False
362.4958 	EXP 	text: height = np.float64(0.05)
362.4958 	EXP 	text: height = np.float64(0.05)
362.4958 	EXP 	text: height = np.float64(0.05)
362.4958 	EXP 	text: text = 'GBP49.0todayorGBP60.0after89.0days'
362.4958 	EXP 	Fixation: autoDraw = True
362.6736 	EXP 	Device response: <KeyPress from None: t=362.4732847500127, value=t, duration=0.1963044159929268>
363.4786 	INFO 	Keyboard events cleared
363.4784 	EXP 	text: autoDraw = True
363.4889 	EXP 	Fixation: autoDraw = False
364.7460 	EXP 	Device response: <KeyPress from None: t=364.7441457909881, value=t, duration=None>
364.7464 	EXP 	New trial (rep=12, index=0): <Trial 84 (0 in rep 12) data={'reward_today': 67.0, 'future_reward': 75.0, 'delay': 119.0, 'thisN': 84, 'thisTrialN': 0, 'thisRepN': 12}>
364.7581 	DATA 	Keypress: t
364.7626 	EXP 	Fixation: autoDraw = False
364.7626 	EXP 	text: autoDraw = False
364.7626 	EXP 	text: height = np.float64(0.05)
364.7626 	EXP 	text: height = np.float64(0.05)
364.7626 	EXP 	text: height = np.float64(0.05)
364.7626 	EXP 	text: text = 'GBP67.0todayorGBP75.0after119.0days'
364.7626 	EXP 	Fixation: autoDraw = True
364.9561 	EXP 	Device response: <KeyPress from None: t=364.7441457909881, value=t, duration=0.20431429200107232>
365.7465 	INFO 	Keyboard events cleared
365.7464 	EXP 	text: autoDraw = True
365.7554 	EXP 	Fixation: autoDraw = False
367.0136 	EXP 	Device response: <KeyPress from None: t=367.00715433299774, value=t, duration=None>
367.0141 	EXP 	New trial (rep=12, index=1): <Trial 85 (1 in rep 12) data={'reward_today': 49.0, 'future_reward': 60.0, 'delay': 89.0, 'thisN': 85, 'thisTrialN': 1, 'thisRepN': 12}>
367.0257 	DATA 	Keypress: t
367.0300 	EXP 	Fixation: autoDraw = False
367.0300 	EXP 	text: autoDraw = False
367.0300 	EXP 	text: height = np.float64(0.05)
367.0300 	EXP 	text: height = np.float64(0.05)
367.0300 	EXP 	text: height = np.float64(0.05)
367.0300 	EXP 	text: text = 'GBP49.0todayorGBP60.0after89.0days'
367.0300 	EXP 	Fixation: autoDraw = True
367.2244 	EXP 	Device response: <KeyPress from None: t=367.00715433299774, value=t, duration=0.21232137503102422>
368.0129 	INFO 	Keyboard events cleared
368.0126 	EXP 	text: autoDraw = True
368.0222 	EXP 	Fixation: autoDraw = False
369.4577 	EXP 	Device response: <KeyPress from None: t=369.44807862502057, value=t, duration=None>
369.4583 	EXP 	New trial (rep=12, index=2): <Trial 86 (2 in rep 12) data={'reward_today': 40.0, 'future_reward': 55.0, 'delay': 62.0, 'thisN': 86, 'thisTrialN': 2, 'thisRepN': 12}>
369.4702 	DATA 	Keypress: t
369.4746 	EXP 	Fixation: autoDraw = False
369.4746 	EXP 	text: autoDraw = False
369.4746 	EXP 	text: height = np.float64(0.05)
369.4746 	EXP 	text: height = np.float64(0.05)
369.4746 	EXP 	text: height = np.float64(0.05)
369.4746 	EXP 	text: text = 'GBP40.0todayorGBP55.0after62.0days'
369.4746 	EXP 	Fixation: autoDraw = True
369.6410 	EXP 	Device response: <KeyPress from None: t=369.44807862502057, value=t, duration=0.1803003330132924>
370.4559 	INFO 	Keyboard events cleared
370.4556 	EXP 	text: autoDraw = True
370.4722 	EXP 	Fixation: autoDraw = False
372.1962 	EXP 	Device response: <KeyPress from None: t=372.1910672499798, value=t, duration=None>
372.1966 	EXP 	New trial (rep=12, index=3): <Trial 87 (3 in rep 12) data={'reward_today': 78.0, 'future_reward': 80.0, 'delay': 162.0, 'thisN': 87, 'thisTrialN': 3, 'thisRepN': 12}>
372.2070 	DATA 	Keypress: t
372.2116 	EXP 	Fixation: autoDraw = False
372.2116 	EXP 	text: autoDraw = False
372.2116 	EXP 	text: height = np.float64(0.05)
372.2116 	EXP 	text: height = np.float64(0.05)
372.2116 	EXP 	text: height = np.float64(0.05)
372.2116 	EXP 	text: text = 'GBP78.0todayorGBP80.0after162.0days'
372.2116 	EXP 	Fixation: autoDraw = True
372.3574 	EXP 	Device response: <KeyPress from None: t=372.1910672499798, value=t, duration=0.16429104103008285>
373.1961 	INFO 	Keyboard events cleared
373.1959 	EXP 	text: autoDraw = True
373.2056 	EXP 	Fixation: autoDraw = False
374.2571 	EXP 	Device response: <KeyPress from None: t=374.2459718330065, value=t, duration=None>
374.2579 	EXP 	New trial (rep=12, index=4): <Trial 88 (4 in rep 12) data={'reward_today': 11.0, 'future_reward': 30.0, 'delay': 7.0, 'thisN': 88, 'thisTrialN': 4, 'thisRepN': 12}>
374.2817 	DATA 	Keypress: t
374.2866 	EXP 	Fixation: autoDraw = False
374.2866 	EXP 	text: autoDraw = False
374.2866 	EXP 	text: height = np.float64(0.05)
374.2866 	EXP 	text: height = np.float64(0.05)
374.2866 	EXP 	text: height = np.float64(0.05)
374.2866 	EXP 	text: text = 'GBP11.0todayorGBP30.0after7.0days'
374.2866 	EXP 	Fixation: autoDraw = True
374.4123 	EXP 	Device response: <KeyPress from None: t=374.2459718330065, value=t, duration=0.16429387498646975>
375.2557 	INFO 	Keyboard events cleared
375.2555 	EXP 	text: autoDraw = True
375.2780 	EXP 	Fixation: autoDraw = False
376.3126 	EXP 	Device response: <KeyPress from None: t=376.3058883330086, value=l, duration=None>
376.3129 	EXP 	New trial (rep=12, index=5): <Trial 89 (5 in rep 12) data={'reward_today': 15.0, 'future_reward': 35.0, 'delay': 13.0, 'thisN': 89, 'thisTrialN': 5, 'thisRepN': 12}>
376.3257 	DATA 	Keypress: l
376.3300 	EXP 	Fixation: autoDraw = False
376.3300 	EXP 	text: autoDraw = False
376.3300 	EXP 	text: height = np.float64(0.05)
376.3300 	EXP 	text: height = np.float64(0.05)
376.3300 	EXP 	text: height = np.float64(0.05)
376.3300 	EXP 	text: text = 'GBP15.0todayorGBP35.0after13.0days'
376.3300 	EXP 	Fixation: autoDraw = True
376.4951 	EXP 	Device response: <KeyPress from None: t=376.3058883330086, value=l, duration=0.18442112498451024>
377.3133 	INFO 	Keyboard events cleared
377.3130 	EXP 	text: autoDraw = True
377.3222 	EXP 	Fixation: autoDraw = False
379.1404 	EXP 	Device response: <KeyPress from None: t=379.1378082910087, value=l, duration=None>
379.1409 	EXP 	New trial (rep=12, index=6): <Trial 90 (6 in rep 12) data={'reward_today': 27.0, 'future_reward': 50.0, 'delay': 21.0, 'thisN': 90, 'thisTrialN': 6, 'thisRepN': 12}>
379.1599 	DATA 	Keypress: l
379.1646 	EXP 	Fixation: autoDraw = False
379.1646 	EXP 	text: autoDraw = False
379.1646 	EXP 	text: height = np.float64(0.05)
379.1646 	EXP 	text: height = np.float64(0.05)
379.1646 	EXP 	text: height = np.float64(0.05)
379.1646 	EXP 	text: text = 'GBP27.0todayorGBP50.0after21.0days'
379.1646 	EXP 	Fixation: autoDraw = True
379.3064 	EXP 	Device response: <KeyPress from None: t=379.1378082910087, value=l, duration=0.1602982499753125>
380.1390 	INFO 	Keyboard events cleared
380.1387 	EXP 	text: autoDraw = True
380.1611 	EXP 	Fixation: autoDraw = False
382.4275 	EXP 	Device response: <KeyPress from None: t=382.4206908750348, value=l, duration=None>
382.4288 	EXP 	New trial (rep=13, index=0): <Trial 91 (0 in rep 13) data={'reward_today': 40.0, 'future_reward': 55.0, 'delay': 62.0, 'thisN': 91, 'thisTrialN': 0, 'thisRepN': 13}>
382.4494 	DATA 	Keypress: l
382.4543 	EXP 	Fixation: autoDraw = False
382.4543 	EXP 	text: autoDraw = False
382.4543 	EXP 	text: height = np.float64(0.05)
382.4543 	EXP 	text: height = np.float64(0.05)
382.4543 	EXP 	text: height = np.float64(0.05)
382.4543 	EXP 	text: text = 'GBP40.0todayorGBP55.0after62.0days'
382.4543 	EXP 	Fixation: autoDraw = True
382.6241 	EXP 	Device response: <KeyPress from None: t=382.4206908750348, value=l, duration=0.1963638750021346>
383.4216 	INFO 	Keyboard events cleared
383.4214 	EXP 	text: autoDraw = True
383.4508 	EXP 	Fixation: autoDraw = False
384.7899 	EXP 	Device response: <KeyPress from None: t=384.7795921250363, value=l, duration=None>
384.7903 	EXP 	New trial (rep=13, index=1): <Trial 92 (1 in rep 13) data={'reward_today': 78.0, 'future_reward': 80.0, 'delay': 162.0, 'thisN': 92, 'thisTrialN': 1, 'thisRepN': 13}>
384.8027 	DATA 	Keypress: l
384.8072 	EXP 	Fixation: autoDraw = False
384.8072 	EXP 	text: autoDraw = False
384.8072 	EXP 	text: height = np.float64(0.05)
384.8072 	EXP 	text: height = np.float64(0.05)
384.8072 	EXP 	text: height = np.float64(0.05)
384.8072 	EXP 	text: text = 'GBP78.0todayorGBP80.0after162.0days'
384.8072 	EXP 	Fixation: autoDraw = True
384.9452 	EXP 	Device response: <KeyPress from None: t=384.7795921250363, value=l, duration=0.1522910829517059>
385.7807 	INFO 	Keyboard events cleared
385.7804 	EXP 	text: autoDraw = True
385.8054 	EXP 	Fixation: autoDraw = False
387.1013 	EXP 	Device response: <KeyPress from None: t=387.0894711660221, value=t, duration=None>
387.1024 	EXP 	New trial (rep=13, index=2): <Trial 93 (2 in rep 13) data={'reward_today': 15.0, 'future_reward': 35.0, 'delay': 13.0, 'thisN': 93, 'thisTrialN': 2, 'thisRepN': 13}>
387.1166 	DATA 	Keypress: t
387.1211 	EXP 	Fixation: autoDraw = False
387.1211 	EXP 	text: autoDraw = False
387.1211 	EXP 	text: height = np.float64(0.05)
387.1211 	EXP 	text: height = np.float64(0.05)
387.1211 	EXP 	text: height = np.float64(0.05)
387.1211 	EXP 	text: text = 'GBP15.0todayorGBP35.0after13.0days'
387.1211 	EXP 	Fixation: autoDraw = True
387.2572 	EXP 	Device response: <KeyPress from None: t=387.0894711660221, value=t, duration=0.16446554200956598>
388.0959 	INFO 	Keyboard events cleared
388.0957 	EXP 	text: autoDraw = True
388.1109 	EXP 	Fixation: autoDraw = False
392.5331 	EXP 	Device response: <KeyPress from None: t=392.518516540993, value=l, duration=None>
392.5410 	EXP 	New trial (rep=13, index=3): <Trial 94 (3 in rep 13) data={'reward_today': 49.0, 'future_reward': 60.0, 'delay': 89.0, 'thisN': 94, 'thisTrialN': 3, 'thisRepN': 13}>
392.5560 	DATA 	Keypress: l
392.5625 	EXP 	Fixation: autoDraw = False
392.5625 	EXP 	text: autoDraw = False
392.5625 	EXP 	text: height = np.float64(0.05)
392.5625 	EXP 	text: height = np.float64(0.05)
392.5625 	EXP 	text: height = np.float64(0.05)
392.5625 	EXP 	text: text = 'GBP49.0todayorGBP60.0after89.0days'
392.5625 	EXP 	Fixation: autoDraw = True
392.6781 	EXP 	Device response: <KeyPress from None: t=392.518516540993, value=l, duration=0.15841270901728421>
393.5393 	INFO 	Keyboard events cleared
393.5390 	EXP 	text: autoDraw = True
393.5558 	EXP 	Fixation: autoDraw = False
398.1648 	EXP 	Device response: <KeyPress from None: t=398.14957183302613, value=t, duration=None>
398.1662 	EXP 	New trial (rep=13, index=4): <Trial 95 (4 in rep 13) data={'reward_today': 27.0, 'future_reward': 50.0, 'delay': 21.0, 'thisN': 95, 'thisTrialN': 4, 'thisRepN': 13}>
398.1791 	DATA 	Keypress: t
398.1838 	EXP 	Fixation: autoDraw = False
398.1838 	EXP 	text: autoDraw = False
398.1838 	EXP 	text: height = np.float64(0.05)
398.1838 	EXP 	text: height = np.float64(0.05)
398.1838 	EXP 	text: height = np.float64(0.05)
398.1838 	EXP 	text: text = 'GBP27.0todayorGBP50.0after21.0days'
398.1838 	EXP 	Fixation: autoDraw = True
398.3412 	EXP 	Device response: <KeyPress from None: t=398.14957183302613, value=t, duration=0.1825125420000404>
399.1642 	INFO 	Keyboard events cleared
399.1639 	EXP 	text: autoDraw = True
399.1753 	EXP 	Fixation: autoDraw = False
400.9409 	EXP 	Device response: <KeyPress from None: t=400.93772266601445, value=l, duration=None>
400.9418 	EXP 	New trial (rep=13, index=5): <Trial 96 (5 in rep 13) data={'reward_today': 67.0, 'future_reward': 75.0, 'delay': 119.0, 'thisN': 96, 'thisTrialN': 5, 'thisRepN': 13}>
400.9571 	DATA 	Keypress: l
400.9617 	EXP 	Fixation: autoDraw = False
400.9617 	EXP 	text: autoDraw = False
400.9617 	EXP 	text: height = np.float64(0.05)
400.9617 	EXP 	text: height = np.float64(0.05)
400.9617 	EXP 	text: height = np.float64(0.05)
400.9617 	EXP 	text: text = 'GBP67.0todayorGBP75.0after119.0days'
400.9617 	EXP 	Fixation: autoDraw = True
401.1740 	EXP 	Device response: <KeyPress from None: t=400.93772266601445, value=l, duration=0.22421775001566857>
401.9392 	INFO 	Keyboard events cleared
401.9389 	EXP 	text: autoDraw = True
401.9559 	EXP 	Fixation: autoDraw = False
403.0736 	EXP 	Device response: <KeyPress from None: t=403.0649426659802, value=t, duration=None>
403.0741 	EXP 	New trial (rep=13, index=6): <Trial 97 (6 in rep 13) data={'reward_today': 11.0, 'future_reward': 30.0, 'delay': 7.0, 'thisN': 97, 'thisTrialN': 6, 'thisRepN': 13}>
403.0859 	DATA 	Keypress: t
403.0903 	EXP 	Fixation: autoDraw = False
403.0903 	EXP 	text: autoDraw = False
403.0903 	EXP 	text: height = np.float64(0.05)
403.0903 	EXP 	text: height = np.float64(0.05)
403.0903 	EXP 	text: height = np.float64(0.05)
403.0903 	EXP 	text: text = 'GBP11.0todayorGBP30.0after7.0days'
403.0903 	EXP 	Fixation: autoDraw = True
403.2400 	EXP 	Device response: <KeyPress from None: t=403.0649426659802, value=t, duration=0.16393833403708413>
404.0725 	INFO 	Keyboard events cleared
404.0722 	EXP 	text: autoDraw = True
404.0890 	EXP 	Fixation: autoDraw = False
404.9738 	EXP 	Device response: <KeyPress from None: t=404.96962754102424, value=t, duration=None>
404.9747 	EXP 	New trial (rep=14, index=0): <Trial 98 (0 in rep 14) data={'reward_today': 49.0, 'future_reward': 60.0, 'delay': 89.0, 'thisN': 98, 'thisTrialN': 0, 'thisRepN': 14}>
404.9863 	DATA 	Keypress: t
404.9908 	EXP 	Fixation: autoDraw = False
404.9908 	EXP 	text: autoDraw = False
404.9908 	EXP 	text: height = np.float64(0.05)
404.9908 	EXP 	text: height = np.float64(0.05)
404.9908 	EXP 	text: height = np.float64(0.05)
404.9908 	EXP 	text: text = 'GBP49.0todayorGBP60.0after89.0days'
404.9908 	EXP 	Fixation: autoDraw = True
405.1911 	EXP 	Device response: <KeyPress from None: t=404.96962754102424, value=t, duration=0.21648737497162074>
405.9724 	INFO 	Keyboard events cleared
405.9722 	EXP 	text: autoDraw = True
405.9884 	EXP 	Fixation: autoDraw = False
407.3127 	EXP 	Device response: <KeyPress from None: t=407.30739004100906, value=t, duration=None>
407.3131 	EXP 	New trial (rep=14, index=1): <Trial 99 (1 in rep 14) data={'reward_today': 40.0, 'future_reward': 55.0, 'delay': 62.0, 'thisN': 99, 'thisTrialN': 1, 'thisRepN': 14}>
407.3243 	DATA 	Keypress: t
407.3290 	EXP 	Fixation: autoDraw = False
407.3290 	EXP 	text: autoDraw = False
407.3290 	EXP 	text: height = np.float64(0.05)
407.3290 	EXP 	text: height = np.float64(0.05)
407.3290 	EXP 	text: height = np.float64(0.05)
407.3290 	EXP 	text: text = 'GBP40.0todayorGBP55.0after62.0days'
407.3290 	EXP 	Fixation: autoDraw = True
407.5571 	EXP 	Device response: <KeyPress from None: t=407.30739004100906, value=t, duration=0.24446504202205688>
408.3127 	INFO 	Keyboard events cleared
408.3125 	EXP 	text: autoDraw = True
408.3221 	EXP 	Fixation: autoDraw = False
409.3270 	EXP 	Device response: <KeyPress from None: t=409.31744604103733, value=t, duration=None>
409.3286 	EXP 	New trial (rep=14, index=2): <Trial 100 (2 in rep 14) data={'reward_today': 27.0, 'future_reward': 50.0, 'delay': 21.0, 'thisN': 100, 'thisTrialN': 2, 'thisRepN': 14}>
409.3520 	DATA 	Keypress: t
409.3565 	EXP 	Fixation: autoDraw = False
409.3565 	EXP 	text: autoDraw = False
409.3565 	EXP 	text: height = np.float64(0.05)
409.3565 	EXP 	text: height = np.float64(0.05)
409.3565 	EXP 	text: height = np.float64(0.05)
409.3565 	EXP 	text: text = 'GBP27.0todayorGBP50.0after21.0days'
409.3565 	EXP 	Fixation: autoDraw = True
409.4622 	EXP 	Device response: <KeyPress from None: t=409.31744604103733, value=t, duration=0.14027037494815886>
410.3221 	INFO 	Keyboard events cleared
410.3219 	EXP 	text: autoDraw = True
410.3446 	EXP 	Fixation: autoDraw = False
411.6106 	EXP 	Device response: <KeyPress from None: t=411.60137158300495, value=l, duration=None>
411.6123 	EXP 	New trial (rep=14, index=3): <Trial 101 (3 in rep 14) data={'reward_today': 11.0, 'future_reward': 30.0, 'delay': 7.0, 'thisN': 101, 'thisTrialN': 3, 'thisRepN': 14}>
411.6329 	DATA 	Keypress: l
411.6375 	EXP 	Fixation: autoDraw = False
411.6375 	EXP 	text: autoDraw = False
411.6375 	EXP 	text: height = np.float64(0.05)
411.6375 	EXP 	text: height = np.float64(0.05)
411.6375 	EXP 	text: height = np.float64(0.05)
411.6375 	EXP 	text: text = 'GBP11.0todayorGBP30.0after7.0days'
411.6375 	EXP 	Fixation: autoDraw = True
411.7667 	EXP 	Device response: <KeyPress from None: t=411.60137158300495, value=l, duration=0.16022770799463615>
412.6057 	INFO 	Keyboard events cleared
412.6055 	EXP 	text: autoDraw = True
412.6286 	EXP 	Fixation: autoDraw = False
413.8735 	EXP 	Device response: <KeyPress from None: t=413.87028691603336, value=l, duration=None>
413.8740 	EXP 	New trial (rep=14, index=4): <Trial 102 (4 in rep 14) data={'reward_today': 78.0, 'future_reward': 80.0, 'delay': 162.0, 'thisN': 102, 'thisTrialN': 4, 'thisRepN': 14}>
413.8889 	DATA 	Keypress: l
413.8935 	EXP 	Fixation: autoDraw = False
413.8935 	EXP 	text: autoDraw = False
413.8935 	EXP 	text: height = np.float64(0.05)
413.8935 	EXP 	text: height = np.float64(0.05)
413.8935 	EXP 	text: height = np.float64(0.05)
413.8935 	EXP 	text: text = 'GBP78.0todayorGBP80.0after162.0days'
413.8935 	EXP 	Fixation: autoDraw = True
414.0129 	EXP 	Device response: <KeyPress from None: t=413.87028691603336, value=l, duration=0.1405049999593757>
414.8726 	INFO 	Keyboard events cleared
414.8724 	EXP 	text: autoDraw = True
414.8888 	EXP 	Fixation: autoDraw = False
415.7900 	EXP 	Device response: <KeyPress from None: t=415.781204333005, value=t, duration=None>
415.7904 	EXP 	New trial (rep=14, index=5): <Trial 103 (5 in rep 14) data={'reward_today': 67.0, 'future_reward': 75.0, 'delay': 119.0, 'thisN': 103, 'thisTrialN': 5, 'thisRepN': 14}>
415.8004 	DATA 	Keypress: t
415.8048 	EXP 	Fixation: autoDraw = False
415.8048 	EXP 	text: autoDraw = False
415.8048 	EXP 	text: height = np.float64(0.05)
415.8048 	EXP 	text: height = np.float64(0.05)
415.8048 	EXP 	text: height = np.float64(0.05)
415.8048 	EXP 	text: text = 'GBP67.0todayorGBP75.0after119.0days'
415.8048 	EXP 	Fixation: autoDraw = True
415.9447 	EXP 	Device response: <KeyPress from None: t=415.781204333005, value=t, duration=0.1603257079841569>
416.7890 	INFO 	Keyboard events cleared
416.7887 	EXP 	text: autoDraw = True
416.7943 	EXP 	Fixation: autoDraw = False
417.3488 	EXP 	Device response: <KeyPress from None: t=417.3311821250245, value=t, duration=None>
417.3491 	EXP 	New trial (rep=14, index=6): <Trial 104 (6 in rep 14) data={'reward_today': 15.0, 'future_reward': 35.0, 'delay': 13.0, 'thisN': 104, 'thisTrialN': 6, 'thisRepN': 14}>
417.3557 	DATA 	Keypress: t
417.3597 	EXP 	Fixation: autoDraw = False
417.3597 	EXP 	text: autoDraw = False
417.3597 	EXP 	text: height = np.float64(0.05)
417.3597 	EXP 	text: height = np.float64(0.05)
417.3597 	EXP 	text: height = np.float64(0.05)
417.3597 	EXP 	text: text = 'GBP15.0todayorGBP35.0after13.0days'
417.3597 	EXP 	Fixation: autoDraw = True
417.5240 	EXP 	Device response: <KeyPress from None: t=417.3311821250245, value=t, duration=0.188312207988929>
418.3481 	INFO 	Keyboard events cleared
418.3479 	EXP 	text: autoDraw = True
418.3546 	EXP 	Fixation: autoDraw = False
419.1072 	EXP 	Device response: <KeyPress from None: t=419.1001932910294, value=l, duration=None>
419.1158 	DATA 	Keypress: l
419.1208 	EXP 	Fixation: autoDraw = False
419.1208 	EXP 	text: autoDraw = False
419.1216 	EXP 	delay discounting: status = STOPPED
419.1976 	INFO 	saved data to '/Users/tiaragajjar/Desktop/lab/EXP7 Delay Discounting /data/2_delay discounting_2025-10-24_11h44.56.764.csv'
419.2148 	INFO 	saved data to /Users/tiaragajjar/Desktop/lab/EXP7 Delay Discounting /data/2_delay discounting_2025-10-24_11h44.56.764.psydat
420.9118 	WARNING 	Stopping key buffers but this could be dangerous ifother keyboards rely on the same.
420.9128 	WARNING 	Stopping key buffers but this could be dangerous ifother keyboards rely on the same.
