31.9739 	WARNING 	Font Manager failed to load file /System/Library/PrivateFrameworks/FontServices.framework/Resources/Reserved/PingFangUI.ttc
32.2600 	WARNING 	Font Manager failed to load file /System/Library/PrivateFrameworks/FontServices.framework/Resources/Reserved/PingFangUI.ttc
82.3153 	INFO 	Loaded monitor calibration from ['2025_08_07 12:17']
82.5645 	INFO 	Using renderer 'Apple M2' for graphics
82.5646 	INFO 	OpenGL version supported by driver is 2..
82.6113 	EXP 	Created window1 = Window(allowGUI=True, allowStencil=False, autoLog=True, backendConf=UNKNOWN, backgroundFit=<method-wrapper '__getattribute__' of attributeSetter object at 0x1527a2830>, backgroundImage=<method-wrapper '__getattribute__' of attributeSetter object at 0x1527a2890>, bitsMode=UNKNOWN, blendMode='avg', bpc=(8, 8, 8), color=array([0, 0, 0]), colorSpace='rgb', depthBits=8, fullscr=True, gamma=None, gammaErrorPolicy='raise', infoMsg=UNKNOWN, lms=UNKNOWN, monitor=<psychopy.monitors.calibTools.Monitor object at 0x15282ff40>, multiSample=False, name='window1', numSamples=2, pos=[np.float64(0.0), np.float64(0.0)], screen=0, size=array([2880, 1800]), stencilBits=0, stereo=False, title='PsychoPy', units='height', useFBO=True, useRetina=True, viewOri=0.0, viewPos=None, viewScale=None, waitBlanking=True, winType='pyglet')
82.6114 	EXP 	window1: backgroundImage = ''
82.6114 	EXP 	window1: backgroundFit = 'none'
83.1931 	EXP 	window1: Attempting to measure frame rate of screen (0) ...
83.1931 	EXP 	window1: recordFrameIntervals = False
83.3836 	EXP 	window1: recordFrameIntervals = True
84.2222 	WARNING 	Couldn't measure a consistent frame rate!
  - Is your graphics card set to sync to vertical blank?
  - Are you running other processes on your computer?

86.7267 	INFO 	keyboard.Keyboard is using ptb backend.
86.9631 	INFO 	Created stream for speaker device: MacBook Pro Speakers (1.0)
87.0046 	EXP 	animal words: status = STARTED
87.0156 	EXP 	Created start_l_rect = Rect(__class__=<class 'psychopy.visual.rect.Rect'>, anchor=('center', 'center'), autoDraw=False, autoLog=True, closeShape=True, color=method-wrapper(...), colorSpace='rgb', contrast=None, depth=0.0, draggable=False, fillColor=array([1, 1, 1]), fillColorSpace='rgb', fillRGB=array([1, 1, 1]), interpolate=True, lineColor=array([1., 1., 1.]), lineColorSpace='rgb', lineRGB=array([1, 1, 1]), lineWidth=1.0, name='start_l_rect', opacity=1, ori=0.0, pos=array([-0.4,  0. ]), size=array([0.5, 0.5]), units='height', vertices=ndarray(...), win=Window(...))
87.0205 	EXP 	Created start_r_rect = Rect(__class__=<class 'psychopy.visual.rect.Rect'>, anchor=('center', 'center'), autoDraw=False, autoLog=True, closeShape=True, color=method-wrapper(...), colorSpace='rgb', contrast=None, depth=-1.0, draggable=False, fillColor=array([1, 1, 1]), fillColorSpace='rgb', fillRGB=array([1, 1, 1]), interpolate=True, lineColor=array([1., 1., 1.]), lineColorSpace='rgb', lineRGB=array([1, 1, 1]), lineWidth=1.0, name='start_r_rect', opacity=1, ori=0.0, pos=array([0.4, 0. ]), size=array([0.5, 0.5]), units='height', vertices=ndarray(...), win=Window(...))
87.0585 	EXP 	Created start_l_image = ImageStim(__class__=<class 'psychopy.visual.image.ImageStim'>, anchor=('center', 'center'), autoLog=True, color=array([1., 1., 1.]), colorSpace='rgb', contrast=1.0, depth=-2.0, draggable=False, flipHoriz=np.False_, flipVert=np.False_, image='default.png', interpolate=True, mask=None, maskParams=None, name='start_l_image', opacity=1, ori=0.0, pos=array([-0.4,  0. ]), size=array([0.5, 0.5]), texRes=128.0, units='height', win=Window(...))
87.0682 	EXP 	Created start_r_image = ImageStim(__class__=<class 'psychopy.visual.image.ImageStim'>, anchor=('center', 'center'), autoLog=True, color=array([1., 1., 1.]), colorSpace='rgb', contrast=1.0, depth=-3.0, draggable=False, flipHoriz=np.False_, flipVert=np.False_, image='default.png', interpolate=True, mask=None, maskParams=None, name='start_r_image', opacity=1, ori=0.0, pos=array([0.4, 0. ]), size=array([0.5, 0.5]), texRes=128.0, units='height', win=Window(...))
87.0818 	EXP 	Created star = ShapeStim(__class__=<class 'psychopy.visual.shape.ShapeStim'>, anchor=('center', 'center'), autoDraw=False, autoLog=True, closeShape=True, color=method-wrapper(...), colorSpace='rgb', contrast=None, depth=-4.0, draggable=False, fillColor=array([ 1,  1, -1]), fillColorSpace='rgb', fillRGB=array([ 1,  1, -1]), interpolate=True, lineColor=array([ 1.,  1., -1.]), lineColorSpace='rgb', lineRGB=array([ 1,  1, -1]), lineWidth=1.0, name='star', opacity=1, ori=0.0, pos=array([0., 0.]), size=array([0.15, 0.15]), units='height', vertices=ndarray(...), win=Window(...), windingRule=None)
87.0868 	EXP 	Created right_rectangle = Rect(__class__=<class 'psychopy.visual.rect.Rect'>, anchor=('center', 'center'), autoDraw=False, autoLog=True, closeShape=True, color=method-wrapper(...), colorSpace='rgb', contrast=None, depth=0.0, draggable=False, fillColor=array([1, 1, 1]), fillColorSpace='rgb', fillRGB=array([1, 1, 1]), interpolate=True, lineColor=array([1., 1., 1.]), lineColorSpace='rgb', lineRGB=array([1, 1, 1]), lineWidth=1.0, name='right_rectangle', opacity=1, ori=0.0, pos=array([0.4, 0. ]), size=array([0.5, 0.5]), units='height', vertices=ndarray(...), win=Window(...))
87.0913 	EXP 	Created left_rectangle = Rect(__class__=<class 'psychopy.visual.rect.Rect'>, anchor=('center', 'center'), autoDraw=False, autoLog=True, closeShape=True, color=method-wrapper(...), colorSpace='rgb', contrast=None, depth=-1.0, draggable=False, fillColor=array([1, 1, 1]), fillColorSpace='rgb', fillRGB=array([1, 1, 1]), interpolate=True, lineColor=array([1., 1., 1.]), lineColorSpace='rgb', lineRGB=array([1, 1, 1]), lineWidth=1.0, name='left_rectangle', opacity=1, ori=0.0, pos=array([-0.4,  0. ]), size=array([0.5, 0.5]), units='height', vertices=ndarray(...), win=Window(...))
87.1004 	EXP 	Created left_image = ImageStim(__class__=<class 'psychopy.visual.image.ImageStim'>, anchor=('center', 'center'), autoLog=True, color=array([1., 1., 1.]), colorSpace='rgb', contrast=1.0, depth=-2.0, draggable=False, flipHoriz=np.False_, flipVert=np.False_, image='default.png', interpolate=True, mask=None, maskParams=None, name='left_image', opacity=1, ori=0.0, pos=array([-0.4,  0. ]), size=array([0.5, 0.5]), texRes=128.0, units='height', win=Window(...))
87.1095 	EXP 	Created right_image = ImageStim(__class__=<class 'psychopy.visual.image.ImageStim'>, anchor=('center', 'center'), autoLog=True, color=array([1., 1., 1.]), colorSpace='rgb', contrast=1.0, depth=-3.0, draggable=False, flipHoriz=np.False_, flipVert=np.False_, image='default.png', interpolate=True, mask=None, maskParams=None, name='right_image', opacity=1, ori=0.0, pos=array([0.4, 0. ]), size=array([0.5, 0.5]), texRes=128.0, units='height', win=Window(...))
87.1096 	EXP 	trial_sound: sampleRate = 44100
87.1097 	EXP 	trial_sound: channels = None
87.1122 	EXP 	Sound trial_sound set volume 1.000
0.0441 	EXP 	Imported trials.csv as conditions, 4 conditions, 4 params
0.0462 	EXP 	New trial (rep=0, index=0): <Trial 0 (0 in rep 0) data={'l_image': 'stimuli/dog.png', 'r_image': 'stimuli/pig.png', 'target_sound': 'stimuli/dog.wav', 'correct': 'stimuli/dog.png', 'thisN': 0, 'thisTrialN': 0, 'thisRepN': 0}>
0.0917 	WARNING 	t of last frame was 80.67ms (=1/12)
0.0917 	EXP 	start_l_image: image = 'stimuli/dog.png'
0.0917 	EXP 	start_r_image: image = 'stimuli/pig.png'
0.0917 	EXP 	start_l_rect: autoDraw = True
0.0917 	EXP 	start_r_rect: autoDraw = True
0.0917 	EXP 	start_l_image: autoDraw = True
0.0917 	EXP 	start_r_image: autoDraw = True
0.0917 	EXP 	star: autoDraw = True
1.8298 	WARNING 	t of last frame was 20.97ms (=1/47)
3.8532 	WARNING 	t of last frame was 21.30ms (=1/46)
12.1181 	WARNING 	t of last frame was 25.34ms (=1/39)
15.1087 	DATA 	Mouse: Left button down, pos=(745,463)
15.1676 	EXP 	trial_sound: sampleRate = 48000
15.1931 	INFO 	Resampled audio from 48000Hz to 44100Hz using method 'default'.
15.1943 	EXP 	Sound trial_sound reached end of file
15.1968 	EXP 	Playing sound trial_sound on speaker MacBook Pro Speakers
15.2016 	WARNING 	Multiple dropped frames have occurred - I'll stop bothering you about them!
15.2015 	EXP 	start_l_rect: autoDraw = False
15.2015 	EXP 	start_r_rect: autoDraw = False
15.2015 	EXP 	start_l_image: autoDraw = False
15.2015 	EXP 	start_r_image: autoDraw = False
15.2015 	EXP 	star: autoDraw = False
15.2015 	EXP 	left_image: image = 'stimuli/dog.png'
15.2015 	EXP 	right_image: image = 'stimuli/pig.png'
15.2015 	EXP 	right_rectangle: autoDraw = True
15.2015 	EXP 	left_rectangle: autoDraw = True
15.2015 	EXP 	left_image: autoDraw = True
15.2015 	EXP 	right_image: autoDraw = True
15.2066 	DATA 	Mouse:  Left button up, pos=(745,463)
16.4561 	DATA 	Mouse: Left button down, pos=(400,397)
16.4708 	EXP 	Sound trial_sound paused
16.4715 	EXP 	New trial (rep=0, index=1): <Trial 1 (1 in rep 0) data={'l_image': 'stimuli/penguin.png', 'r_image': 'stimuli/tiger.png', 'target_sound': 'stimuli/tiger.wav', 'correct': 'stimuli/tiger.png', 'thisN': 1, 'thisTrialN': 1, 'thisRepN': 0}>
16.5142 	EXP 	right_rectangle: autoDraw = False
16.5142 	EXP 	left_rectangle: autoDraw = False
16.5142 	EXP 	left_image: autoDraw = False
16.5142 	EXP 	right_image: autoDraw = False
16.5142 	EXP 	start_l_image: image = 'stimuli/penguin.png'
16.5142 	EXP 	start_r_image: image = 'stimuli/tiger.png'
16.5142 	EXP 	start_l_rect: autoDraw = True
16.5142 	EXP 	start_r_rect: autoDraw = True
16.5142 	EXP 	start_l_image: autoDraw = True
16.5142 	EXP 	start_r_image: autoDraw = True
16.5142 	EXP 	star: autoDraw = True
16.5224 	DATA 	Mouse:  Left button up, pos=(400,397)
17.1731 	DATA 	Mouse: Left button down, pos=(750,450)
17.2068 	EXP 	trial_sound: sampleRate = 48000
17.2146 	INFO 	Resampled audio from 48000Hz to 44100Hz using method 'default'.
17.2152 	EXP 	Sound trial_sound reached end of file
17.2282 	EXP 	Playing sound trial_sound on speaker MacBook Pro Speakers
17.2200 	EXP 	start_l_rect: autoDraw = False
17.2200 	EXP 	start_r_rect: autoDraw = False
17.2200 	EXP 	start_l_image: autoDraw = False
17.2200 	EXP 	start_r_image: autoDraw = False
17.2200 	EXP 	star: autoDraw = False
17.2200 	EXP 	left_image: image = 'stimuli/penguin.png'
17.2200 	EXP 	right_image: image = 'stimuli/tiger.png'
17.2200 	EXP 	right_rectangle: autoDraw = True
17.2200 	EXP 	left_rectangle: autoDraw = True
17.2200 	EXP 	left_image: autoDraw = True
17.2200 	EXP 	right_image: autoDraw = True
17.2394 	DATA 	Mouse:  Left button up, pos=(750,450)
18.0394 	DATA 	Mouse: Left button down, pos=(1062,446)
18.0541 	EXP 	Sound trial_sound paused
18.0546 	EXP 	New trial (rep=0, index=2): <Trial 2 (2 in rep 0) data={'l_image': 'stimuli/pig.png', 'r_image': 'stimuli/dog.png', 'target_sound': 'stimuli/pig.wav', 'correct': 'stimuli/pig.png', 'thisN': 2, 'thisTrialN': 2, 'thisRepN': 0}>
18.0894 	EXP 	right_rectangle: autoDraw = False
18.0894 	EXP 	left_rectangle: autoDraw = False
18.0894 	EXP 	left_image: autoDraw = False
18.0894 	EXP 	right_image: autoDraw = False
18.0894 	EXP 	start_l_image: image = 'stimuli/pig.png'
18.0894 	EXP 	start_r_image: image = 'stimuli/dog.png'
18.0894 	EXP 	start_l_rect: autoDraw = True
18.0894 	EXP 	start_r_rect: autoDraw = True
18.0894 	EXP 	start_l_image: autoDraw = True
18.0894 	EXP 	start_r_image: autoDraw = True
18.0894 	EXP 	star: autoDraw = True
18.1740 	DATA 	Mouse:  Left button up, pos=(1062,446)
19.0060 	DATA 	Mouse: Left button down, pos=(742,443)
19.0422 	EXP 	trial_sound: sampleRate = 48000
19.0498 	INFO 	Resampled audio from 48000Hz to 44100Hz using method 'default'.
19.0503 	EXP 	Sound trial_sound reached end of file
19.0607 	EXP 	Playing sound trial_sound on speaker MacBook Pro Speakers
19.0552 	EXP 	start_l_rect: autoDraw = False
19.0552 	EXP 	start_r_rect: autoDraw = False
19.0552 	EXP 	start_l_image: autoDraw = False
19.0552 	EXP 	start_r_image: autoDraw = False
19.0552 	EXP 	star: autoDraw = False
19.0552 	EXP 	left_image: image = 'stimuli/pig.png'
19.0552 	EXP 	right_image: image = 'stimuli/dog.png'
19.0552 	EXP 	right_rectangle: autoDraw = True
19.0552 	EXP 	left_rectangle: autoDraw = True
19.0552 	EXP 	left_image: autoDraw = True
19.0552 	EXP 	right_image: autoDraw = True
19.0891 	DATA 	Mouse:  Left button up, pos=(742,443)
20.4399 	DATA 	Mouse: Left button down, pos=(435,501)
20.4407 	DATA 	Mouse:  Left button up, pos=(435,501)
20.6444 	EXP 	Sound trial_sound stopped
20.9134 	DATA 	Mouse: Left button down, pos=(435,501)
20.9198 	EXP 	New trial (rep=0, index=3): <Trial 3 (3 in rep 0) data={'l_image': 'stimuli/tiger.png', 'r_image': 'stimuli/penguin.png', 'target_sound': 'stimuli/penguin.wav', 'correct': 'stimuli/penguin.png', 'thisN': 3, 'thisTrialN': 3, 'thisRepN': 0}>
20.9547 	EXP 	right_rectangle: autoDraw = False
20.9547 	EXP 	left_rectangle: autoDraw = False
20.9547 	EXP 	left_image: autoDraw = False
20.9547 	EXP 	right_image: autoDraw = False
20.9547 	EXP 	start_l_image: image = 'stimuli/tiger.png'
20.9547 	EXP 	start_r_image: image = 'stimuli/penguin.png'
20.9547 	EXP 	start_l_rect: autoDraw = True
20.9547 	EXP 	start_r_rect: autoDraw = True
20.9547 	EXP 	start_l_image: autoDraw = True
20.9547 	EXP 	start_r_image: autoDraw = True
20.9547 	EXP 	star: autoDraw = True
21.0413 	DATA 	Mouse:  Left button up, pos=(435,501)
22.1728 	DATA 	Mouse: Left button down, pos=(734,463)
22.2063 	EXP 	trial_sound: sampleRate = 48000
22.2138 	INFO 	Resampled audio from 48000Hz to 44100Hz using method 'default'.
22.2144 	EXP 	Sound trial_sound reached end of file
22.2274 	EXP 	Playing sound trial_sound on speaker MacBook Pro Speakers
22.2191 	EXP 	start_l_rect: autoDraw = False
22.2191 	EXP 	start_r_rect: autoDraw = False
22.2191 	EXP 	start_l_image: autoDraw = False
22.2191 	EXP 	start_r_image: autoDraw = False
22.2191 	EXP 	star: autoDraw = False
22.2191 	EXP 	left_image: image = 'stimuli/tiger.png'
22.2191 	EXP 	right_image: image = 'stimuli/penguin.png'
22.2191 	EXP 	right_rectangle: autoDraw = True
22.2191 	EXP 	left_rectangle: autoDraw = True
22.2191 	EXP 	left_image: autoDraw = True
22.2191 	EXP 	right_image: autoDraw = True
22.2562 	DATA 	Mouse:  Left button up, pos=(734,463)
23.5078 	DATA 	Mouse: Left button down, pos=(1081,433)
23.5228 	EXP 	Sound trial_sound paused
23.5292 	EXP 	right_rectangle: autoDraw = False
23.5292 	EXP 	left_rectangle: autoDraw = False
23.5292 	EXP 	left_image: autoDraw = False
23.5292 	EXP 	right_image: autoDraw = False
23.5295 	EXP 	animal words: status = STOPPED
23.5363 	INFO 	saved data to '/Users/tiaragajjar/Desktop/lab/solo porject/data/3_animal words_2025-11-13_11h02.48.368.csv'
23.5415 	INFO 	saved data to /Users/tiaragajjar/Desktop/lab/solo porject/data/3_animal words_2025-11-13_11h02.48.368.psydat
24.1108 	WARNING 	Stopping key buffers but this could be dangerous ifother keyboards rely on the same.
