32.5022 	WARNING 	Font Manager failed to load file /System/Library/PrivateFrameworks/FontServices.framework/Resources/Reserved/PingFangUI.ttc
32.7668 	WARNING 	Font Manager failed to load file /System/Library/PrivateFrameworks/FontServices.framework/Resources/Reserved/PingFangUI.ttc
47.6523 	INFO 	Loaded monitor calibration from ['2025_08_07 12:17']
47.6852 	WARNING 	User requested fullscreen with size [1024  768], but screen is actually [1440, 900]. Using actual size
48.0607 	INFO 	Using renderer 'Apple M2' for graphics
48.0608 	INFO 	OpenGL version supported by driver is 2..
48.1505 	EXP 	Created window1 = Window(allowGUI=False, allowStencil=False, autoLog=True, backendConf=UNKNOWN, backgroundFit=<method-wrapper '__getattribute__' of attributeSetter object at 0x15498d7e0>, backgroundImage=<method-wrapper '__getattribute__' of attributeSetter object at 0x15498d780>, bitsMode=UNKNOWN, blendMode='avg', bpc=(8, 8, 8), color=array([0, 0, 0]), colorSpace='rgb', depthBits=8, fullscr=True, gamma=None, gammaErrorPolicy='raise', infoMsg=UNKNOWN, lms=UNKNOWN, monitor=<psychopy.monitors.calibTools.Monitor object at 0x154956110>, multiSample=False, name='window1', numSamples=2, pos=[np.float64(0.0), np.float64(0.0)], screen=0, size=array([2880, 1800]), stencilBits=0, stereo=False, title='PsychoPy', units='height', useFBO=True, useRetina=True, viewOri=0.0, viewPos=None, viewScale=None, waitBlanking=True, winType='pyglet')
48.1506 	EXP 	window1: backgroundImage = ''
48.1507 	EXP 	window1: backgroundFit = 'none'
48.7259 	EXP 	window1: Attempting to measure frame rate of screen (0) ...
48.7259 	EXP 	window1: recordFrameIntervals = False
49.2507 	EXP 	window1: recordFrameIntervals = True
50.0971 	WARNING 	Couldn't measure a consistent frame rate!
  - Is your graphics card set to sync to vertical blank?
  - Are you running other processes on your computer?

52.6553 	INFO 	keyboard.Keyboard is using ptb backend.
53.1362 	INFO 	keyboard.Keyboard is using ptb backend.
53.1365 	EXP 	delay discounting: status = STARTED
53.1520 	EXP 	Created Fixation = ShapeStim(__class__=<class 'psychopy.visual.shape.ShapeStim'>, anchor=('center', 'center'), autoDraw=False, autoLog=True, closeShape=True, color=method-wrapper(...), colorSpace='rgb', contrast=None, depth=0.0, draggable=False, fillColor=array([1, 1, 1]), fillColorSpace='rgb', fillRGB=array([1, 1, 1]), interpolate=True, lineColor=array([1., 1., 1.]), lineColorSpace='rgb', lineRGB=array([1, 1, 1]), lineWidth=1.0, name='Fixation', opacity=1, ori=0.0, pos=array([0., 0.]), size=array([0.5, 0.5]), units='height', vertices=ndarray(...), win=Window(...), windingRule=None)
53.1645 	EXP 	Created text = TextStim(__class__=<class 'psychopy.visual.text.TextStim'>, alignHoriz=method-wrapper(...), alignText='center', alignVert=method-wrapper(...), anchorHoriz='center', anchorVert='center', antialias=True, autoDraw=False, autoLog=True, bold=False, color=array([1., 1., 1.]), colorSpace='rgb', contrast=1.0, depth=-1.0, draggable=False, flipHoriz=False, flipVert=False, font='Arial', fontFiles=[], height=0.05, italic=False, languageStyle='LTR', name='text', opacity=1, ori=0.0, pos=array([0., 0.]), rgb=UNKNOWN, text='', units='height', win=Window(...), wrapWidth=1)
0.0423 	EXP 	Imported EXP7.xlsx as conditions, 7 conditions, 3 params
0.0492 	EXP 	New trial (rep=0, index=0): <Trial 0 (0 in rep 0) data={'reward_today': 49.0, 'future_reward': 60.0, 'delay': 89.0, 'thisN': 0, 'thisTrialN': 0, 'thisRepN': 0}>
0.1069 	WARNING 	t of last frame was 88.87ms (=1/11)
0.1069 	EXP 	text: height = np.float64(0.05)
0.1069 	EXP 	text: height = np.float64(0.05)
0.1069 	EXP 	text: height = np.float64(0.05)
0.1069 	EXP 	text: text = 'GBP49.0todayorGBP60.0after89.0days'
0.1069 	EXP 	Fixation: autoDraw = True
0.9990 	INFO 	Keyboard events cleared
0.9987 	EXP 	text: autoDraw = True
1.1050 	EXP 	Fixation: autoDraw = False
9.0485 	WARNING 	t of last frame was 20.18ms (=1/49)
10.0153 	WARNING 	t of last frame was 27.32ms (=1/36)
10.9981 	WARNING 	t of last frame was 20.72ms (=1/48)
15.5177 	EXP 	Device response: <KeyPress from None: t=15.083673457964323, value=l, duration=None>
15.5180 	EXP 	Device response: <KeyPress from None: t=15.083673457964323, value=l, duration=0.13308791699819267>
15.5183 	EXP 	New trial (rep=0, index=1): <Trial 1 (1 in rep 0) data={'reward_today': 27.0, 'future_reward': 50.0, 'delay': 21.0, 'thisN': 1, 'thisTrialN': 1, 'thisRepN': 0}>
15.5457 	DATA 	Keypress: l
15.5507 	WARNING 	Multiple dropped frames have occurred - I'll stop bothering you about them!
15.5506 	EXP 	Fixation: autoDraw = False
15.5506 	EXP 	text: autoDraw = False
15.5506 	EXP 	text: height = np.float64(0.05)
15.5506 	EXP 	text: height = np.float64(0.05)
15.5506 	EXP 	text: height = np.float64(0.05)
15.5506 	EXP 	text: text = 'GBP27.0todayorGBP50.0after21.0days'
15.5506 	EXP 	Fixation: autoDraw = True
16.5157 	INFO 	Keyboard events cleared
16.5155 	EXP 	text: autoDraw = True
16.5487 	EXP 	Fixation: autoDraw = False
25.9373 	EXP 	Device response: <KeyPress from None: t=25.91922383295605, value=l, duration=None>
25.9382 	EXP 	New trial (rep=0, index=2): <Trial 2 (2 in rep 0) data={'reward_today': 11.0, 'future_reward': 30.0, 'delay': 7.0, 'thisN': 2, 'thisTrialN': 2, 'thisRepN': 0}>
25.9673 	DATA 	Keypress: l
25.9720 	EXP 	Fixation: autoDraw = False
25.9720 	EXP 	text: autoDraw = False
25.9720 	EXP 	text: height = np.float64(0.05)
25.9720 	EXP 	text: height = np.float64(0.05)
25.9720 	EXP 	text: height = np.float64(0.05)
25.9720 	EXP 	text: text = 'GBP11.0todayorGBP30.0after7.0days'
25.9720 	EXP 	Fixation: autoDraw = True
25.9826 	EXP 	Device response: <KeyPress from None: t=25.91922383295605, value=l, duration=0.05841983400750905>
26.9322 	INFO 	Keyboard events cleared
26.9319 	EXP 	text: autoDraw = True
26.9658 	EXP 	Fixation: autoDraw = False
39.6882 	EXP 	Device response: <KeyPress from None: t=39.678341374965385, value=t, duration=None>
39.6897 	EXP 	New trial (rep=0, index=3): <Trial 3 (3 in rep 0) data={'reward_today': 67.0, 'future_reward': 75.0, 'delay': 119.0, 'thisN': 3, 'thisTrialN': 3, 'thisRepN': 0}>
39.7103 	DATA 	Keypress: t
39.7152 	EXP 	Fixation: autoDraw = False
39.7152 	EXP 	text: autoDraw = False
39.7152 	EXP 	text: height = np.float64(0.05)
39.7152 	EXP 	text: height = np.float64(0.05)
39.7152 	EXP 	text: height = np.float64(0.05)
39.7152 	EXP 	text: text = 'GBP67.0todayorGBP75.0after119.0days'
39.7152 	EXP 	Fixation: autoDraw = True
39.8000 	EXP 	Device response: <KeyPress from None: t=39.678341374965385, value=t, duration=0.11045629199361429>
40.6898 	INFO 	Keyboard events cleared
40.6895 	EXP 	text: autoDraw = True
40.7041 	EXP 	Fixation: autoDraw = False
43.6068 	EXP 	Device response: <KeyPress from None: t=43.601450499962084, value=t, duration=None>
43.6072 	EXP 	New trial (rep=0, index=4): <Trial 4 (4 in rep 0) data={'reward_today': 40.0, 'future_reward': 55.0, 'delay': 62.0, 'thisN': 4, 'thisTrialN': 4, 'thisRepN': 0}>
43.6185 	DATA 	Keypress: t
43.6230 	EXP 	Fixation: autoDraw = False
43.6230 	EXP 	text: autoDraw = False
43.6230 	EXP 	text: height = np.float64(0.05)
43.6230 	EXP 	text: height = np.float64(0.05)
43.6230 	EXP 	text: height = np.float64(0.05)
43.6230 	EXP 	text: text = 'GBP40.0todayorGBP55.0after62.0days'
43.6230 	EXP 	Fixation: autoDraw = True
43.6837 	EXP 	Device response: <KeyPress from None: t=43.601450499962084, value=t, duration=0.06841200002236292>
44.6071 	INFO 	Keyboard events cleared
44.6068 	EXP 	text: autoDraw = True
44.6159 	EXP 	Fixation: autoDraw = False
51.2363 	EXP 	Device response: <KeyPress from None: t=51.22213745798217, value=t, duration=None>
51.2421 	EXP 	New trial (rep=0, index=5): <Trial 5 (5 in rep 0) data={'reward_today': 15.0, 'future_reward': 35.0, 'delay': 13.0, 'thisN': 5, 'thisTrialN': 5, 'thisRepN': 0}>
51.2625 	DATA 	Keypress: t
51.2690 	EXP 	Fixation: autoDraw = False
51.2690 	EXP 	text: autoDraw = False
51.2690 	EXP 	text: height = np.float64(0.05)
51.2690 	EXP 	text: height = np.float64(0.05)
51.2690 	EXP 	text: height = np.float64(0.05)
51.2690 	EXP 	text: text = 'GBP15.0todayorGBP35.0after13.0days'
51.2690 	EXP 	Fixation: autoDraw = True
51.2699 	EXP 	Device response: <KeyPress from None: t=51.22213745798217, value=t, duration=0.04245070897741243>
52.2327 	INFO 	Keyboard events cleared
52.2321 	EXP 	text: autoDraw = True
52.2654 	EXP 	Fixation: autoDraw = False
56.8842 	EXP 	Device response: <KeyPress from None: t=56.87411041697487, value=t, duration=None>
56.8848 	EXP 	New trial (rep=0, index=6): <Trial 6 (6 in rep 0) data={'reward_today': 78.0, 'future_reward': 80.0, 'delay': 162.0, 'thisN': 6, 'thisTrialN': 6, 'thisRepN': 0}>
56.8991 	DATA 	Keypress: t
56.9042 	EXP 	Fixation: autoDraw = False
56.9042 	EXP 	text: autoDraw = False
56.9042 	EXP 	text: height = np.float64(0.05)
56.9042 	EXP 	text: height = np.float64(0.05)
56.9042 	EXP 	text: height = np.float64(0.05)
56.9042 	EXP 	text: text = 'GBP78.0todayorGBP80.0after162.0days'
56.9042 	EXP 	Fixation: autoDraw = True
56.9327 	EXP 	Device response: <KeyPress from None: t=56.87411041697487, value=t, duration=0.04644120798911899>
57.8825 	INFO 	Keyboard events cleared
57.8821 	EXP 	text: autoDraw = True
57.8986 	EXP 	Fixation: autoDraw = False
66.9435 	EXP 	Device response: <KeyPress from None: t=66.93105883296812, value=t, duration=None>
66.9444 	EXP 	New trial (rep=1, index=0): <Trial 7 (0 in rep 1) data={'reward_today': 27.0, 'future_reward': 50.0, 'delay': 21.0, 'thisN': 7, 'thisTrialN': 0, 'thisRepN': 1}>
66.9589 	DATA 	Keypress: t
66.9649 	EXP 	Fixation: autoDraw = False
66.9649 	EXP 	text: autoDraw = False
66.9649 	EXP 	text: height = np.float64(0.05)
66.9649 	EXP 	text: height = np.float64(0.05)
66.9649 	EXP 	text: height = np.float64(0.05)
66.9649 	EXP 	text: text = 'GBP27.0todayorGBP50.0after21.0days'
66.9649 	EXP 	Fixation: autoDraw = True
66.9829 	EXP 	Device response: <KeyPress from None: t=66.93105883296812, value=t, duration=0.04300212499219924>
67.9387 	INFO 	Keyboard events cleared
67.9384 	EXP 	text: autoDraw = True
67.9535 	EXP 	Fixation: autoDraw = False
76.0356 	EXP 	Device response: <KeyPress from None: t=76.01356187497731, value=l, duration=None>
76.0370 	EXP 	New trial (rep=1, index=1): <Trial 8 (1 in rep 1) data={'reward_today': 40.0, 'future_reward': 55.0, 'delay': 62.0, 'thisN': 8, 'thisTrialN': 1, 'thisRepN': 1}>
76.0494 	DATA 	Keypress: l
76.0542 	EXP 	Fixation: autoDraw = False
76.0542 	EXP 	text: autoDraw = False
76.0542 	EXP 	text: height = np.float64(0.05)
76.0542 	EXP 	text: height = np.float64(0.05)
76.0542 	EXP 	text: height = np.float64(0.05)
76.0542 	EXP 	text: text = 'GBP40.0todayorGBP55.0after62.0days'
76.0542 	EXP 	Fixation: autoDraw = True
76.1168 	EXP 	Device response: <KeyPress from None: t=76.01356187497731, value=l, duration=0.0904085420188494>
77.0391 	INFO 	Keyboard events cleared
77.0386 	EXP 	text: autoDraw = True
77.0451 	EXP 	Fixation: autoDraw = False
80.0405 	EXP 	Device response: <KeyPress from None: t=80.03545454196865, value=t, duration=None>
80.0420 	EXP 	New trial (rep=1, index=2): <Trial 9 (2 in rep 1) data={'reward_today': 15.0, 'future_reward': 35.0, 'delay': 13.0, 'thisN': 9, 'thisTrialN': 2, 'thisRepN': 1}>
80.0629 	DATA 	Keypress: t
80.0677 	EXP 	Fixation: autoDraw = False
80.0677 	EXP 	text: autoDraw = False
80.0677 	EXP 	text: height = np.float64(0.05)
80.0677 	EXP 	text: height = np.float64(0.05)
80.0677 	EXP 	text: height = np.float64(0.05)
80.0677 	EXP 	text: text = 'GBP15.0todayorGBP35.0after13.0days'
80.0677 	EXP 	Fixation: autoDraw = True
80.1027 	EXP 	Device response: <KeyPress from None: t=80.03545454196865, value=t, duration=0.06436700001358986>
81.0393 	INFO 	Keyboard events cleared
81.0390 	EXP 	text: autoDraw = True
81.0652 	EXP 	Fixation: autoDraw = False
88.7239 	EXP 	Device response: <KeyPress from None: t=88.71750154194888, value=t, duration=None>
88.7383 	EXP 	New trial (rep=1, index=3): <Trial 10 (3 in rep 1) data={'reward_today': 11.0, 'future_reward': 30.0, 'delay': 7.0, 'thisN': 10, 'thisTrialN': 3, 'thisRepN': 1}>
88.7505 	DATA 	Keypress: t
88.7555 	EXP 	Fixation: autoDraw = False
88.7555 	EXP 	text: autoDraw = False
88.7555 	EXP 	text: height = np.float64(0.05)
88.7555 	EXP 	text: height = np.float64(0.05)
88.7555 	EXP 	text: height = np.float64(0.05)
88.7555 	EXP 	text: text = 'GBP11.0todayorGBP30.0after7.0days'
88.7555 	EXP 	Fixation: autoDraw = True
88.8332 	EXP 	Device response: <KeyPress from None: t=88.71750154194888, value=t, duration=0.10245575004955754>
89.7323 	INFO 	Keyboard events cleared
89.7319 	EXP 	text: autoDraw = True
89.7484 	EXP 	Fixation: autoDraw = False
93.0339 	EXP 	Device response: <KeyPress from None: t=93.03110966697568, value=l, duration=None>
93.0346 	EXP 	New trial (rep=1, index=4): <Trial 11 (4 in rep 1) data={'reward_today': 78.0, 'future_reward': 80.0, 'delay': 162.0, 'thisN': 11, 'thisTrialN': 4, 'thisRepN': 1}>
93.0482 	DATA 	Keypress: l
93.0528 	EXP 	Fixation: autoDraw = False
93.0528 	EXP 	text: autoDraw = False
93.0528 	EXP 	text: height = np.float64(0.05)
93.0528 	EXP 	text: height = np.float64(0.05)
93.0528 	EXP 	text: height = np.float64(0.05)
93.0528 	EXP 	text: text = 'GBP78.0todayorGBP80.0after162.0days'
93.0528 	EXP 	Fixation: autoDraw = True
93.0910 	EXP 	Device response: <KeyPress from None: t=93.03110966697568, value=l, duration=0.054425875016022474>
94.0326 	INFO 	Keyboard events cleared
94.0323 	EXP 	text: autoDraw = True
94.0488 	EXP 	Fixation: autoDraw = False
96.9231 	EXP 	Device response: <KeyPress from None: t=96.91816995799309, value=t, duration=None>
96.9238 	EXP 	New trial (rep=1, index=5): <Trial 12 (5 in rep 1) data={'reward_today': 49.0, 'future_reward': 60.0, 'delay': 89.0, 'thisN': 12, 'thisTrialN': 5, 'thisRepN': 1}>
96.9359 	DATA 	Keypress: t
96.9404 	EXP 	Fixation: autoDraw = False
96.9404 	EXP 	text: autoDraw = False
96.9404 	EXP 	text: height = np.float64(0.05)
96.9404 	EXP 	text: height = np.float64(0.05)
96.9404 	EXP 	text: height = np.float64(0.05)
96.9404 	EXP 	text: text = 'GBP49.0todayorGBP60.0after89.0days'
96.9404 	EXP 	Fixation: autoDraw = True
97.0175 	EXP 	Device response: <KeyPress from None: t=96.91816995799309, value=t, duration=0.0922699169605039>
97.9237 	INFO 	Keyboard events cleared
97.9234 	EXP 	text: autoDraw = True
97.9318 	EXP 	Fixation: autoDraw = False
108.0899 	EXP 	Device response: <KeyPress from None: t=108.0757402079762, value=t, duration=None>
108.0914 	EXP 	New trial (rep=1, index=6): <Trial 13 (6 in rep 1) data={'reward_today': 67.0, 'future_reward': 75.0, 'delay': 119.0, 'thisN': 13, 'thisTrialN': 6, 'thisRepN': 1}>
108.1086 	DATA 	Keypress: t
108.1137 	EXP 	Fixation: autoDraw = False
108.1137 	EXP 	text: autoDraw = False
108.1137 	EXP 	text: height = np.float64(0.05)
108.1137 	EXP 	text: height = np.float64(0.05)
108.1137 	EXP 	text: height = np.float64(0.05)
108.1137 	EXP 	text: text = 'GBP67.0todayorGBP75.0after119.0days'
108.1137 	EXP 	Fixation: autoDraw = True
108.1532 	EXP 	Device response: <KeyPress from None: t=108.0757402079762, value=t, duration=0.07642966700950637>
109.0887 	INFO 	Keyboard events cleared
109.0885 	EXP 	text: autoDraw = True
109.1045 	EXP 	Fixation: autoDraw = False
110.7560 	EXP 	Device response: <KeyPress from None: t=110.7497163329972, value=t, duration=None>
110.7564 	EXP 	New trial (rep=2, index=0): <Trial 14 (0 in rep 2) data={'reward_today': 11.0, 'future_reward': 30.0, 'delay': 7.0, 'thisN': 14, 'thisTrialN': 0, 'thisRepN': 2}>
110.7675 	DATA 	Keypress: t
110.7719 	EXP 	Fixation: autoDraw = False
110.7719 	EXP 	text: autoDraw = False
110.7719 	EXP 	text: height = np.float64(0.05)
110.7719 	EXP 	text: height = np.float64(0.05)
110.7719 	EXP 	text: height = np.float64(0.05)
110.7719 	EXP 	text: text = 'GBP11.0todayorGBP30.0after7.0days'
110.7719 	EXP 	Fixation: autoDraw = True
110.8168 	EXP 	Device response: <KeyPress from None: t=110.7497163329972, value=t, duration=0.06035299994982779>
111.7557 	INFO 	Keyboard events cleared
111.7555 	EXP 	text: autoDraw = True
111.7654 	EXP 	Fixation: autoDraw = False
115.9502 	EXP 	Device response: <KeyPress from None: t=115.94840220798505, value=l, duration=None>
115.9507 	EXP 	New trial (rep=2, index=1): <Trial 15 (1 in rep 2) data={'reward_today': 67.0, 'future_reward': 75.0, 'delay': 119.0, 'thisN': 15, 'thisTrialN': 1, 'thisRepN': 2}>
115.9634 	DATA 	Keypress: l
115.9680 	EXP 	Fixation: autoDraw = False
115.9680 	EXP 	text: autoDraw = False
115.9680 	EXP 	text: height = np.float64(0.05)
115.9680 	EXP 	text: height = np.float64(0.05)
115.9680 	EXP 	text: height = np.float64(0.05)
115.9680 	EXP 	text: text = 'GBP67.0todayorGBP75.0after119.0days'
115.9680 	EXP 	Fixation: autoDraw = True
116.0505 	EXP 	Device response: <KeyPress from None: t=115.94840220798505, value=l, duration=0.09148245898541063>
116.9491 	INFO 	Keyboard events cleared
116.9486 	EXP 	text: autoDraw = True
116.9651 	EXP 	Fixation: autoDraw = False
135.1902 	EXP 	Device response: <KeyPress from None: t=135.17941604199586, value=t, duration=None>
135.1915 	EXP 	New trial (rep=2, index=2): <Trial 16 (2 in rep 2) data={'reward_today': 15.0, 'future_reward': 35.0, 'delay': 13.0, 'thisN': 16, 'thisTrialN': 2, 'thisRepN': 2}>
135.2093 	DATA 	Keypress: t
135.2144 	EXP 	Fixation: autoDraw = False
135.2144 	EXP 	text: autoDraw = False
135.2144 	EXP 	text: height = np.float64(0.05)
135.2144 	EXP 	text: height = np.float64(0.05)
135.2144 	EXP 	text: height = np.float64(0.05)
135.2144 	EXP 	text: text = 'GBP15.0todayorGBP35.0after13.0days'
135.2144 	EXP 	Fixation: autoDraw = True
135.2322 	EXP 	Device response: <KeyPress from None: t=135.17941604199586, value=t, duration=0.042497165966778994>
136.1897 	INFO 	Keyboard events cleared
136.1894 	EXP 	text: autoDraw = True
136.2028 	EXP 	Fixation: autoDraw = False
143.1378 	EXP 	Device response: <KeyPress from None: t=143.12114837497938, value=l, duration=None>
143.1387 	EXP 	New trial (rep=2, index=3): <Trial 17 (3 in rep 2) data={'reward_today': 78.0, 'future_reward': 80.0, 'delay': 162.0, 'thisN': 17, 'thisTrialN': 3, 'thisRepN': 2}>
143.1513 	DATA 	Keypress: l
143.1567 	EXP 	Fixation: autoDraw = False
143.1567 	EXP 	text: autoDraw = False
143.1567 	EXP 	text: height = np.float64(0.05)
143.1567 	EXP 	text: height = np.float64(0.05)
143.1567 	EXP 	text: height = np.float64(0.05)
143.1567 	EXP 	text: text = 'GBP78.0todayorGBP80.0after162.0days'
143.1567 	EXP 	Fixation: autoDraw = True
143.1826 	EXP 	Device response: <KeyPress from None: t=143.12114837497938, value=l, duration=0.050434458011295646>
144.1384 	INFO 	Keyboard events cleared
144.1381 	EXP 	text: autoDraw = True
144.1536 	EXP 	Fixation: autoDraw = False
146.6505 	EXP 	Device response: <KeyPress from None: t=146.63922479195753, value=t, duration=None>
146.6512 	EXP 	New trial (rep=2, index=4): <Trial 18 (4 in rep 2) data={'reward_today': 49.0, 'future_reward': 60.0, 'delay': 89.0, 'thisN': 18, 'thisTrialN': 4, 'thisRepN': 2}>
146.6611 	DATA 	Keypress: t
146.6659 	EXP 	Fixation: autoDraw = False
146.6659 	EXP 	text: autoDraw = False
146.6659 	EXP 	text: height = np.float64(0.05)
146.6659 	EXP 	text: height = np.float64(0.05)
146.6659 	EXP 	text: height = np.float64(0.05)
146.6659 	EXP 	text: text = 'GBP49.0todayorGBP60.0after89.0days'
146.6659 	EXP 	Fixation: autoDraw = True
146.7039 	EXP 	Device response: <KeyPress from None: t=146.63922479195753, value=t, duration=0.06025783298537135>
147.6485 	INFO 	Keyboard events cleared
147.6482 	EXP 	text: autoDraw = True
147.6652 	EXP 	Fixation: autoDraw = False
157.4911 	EXP 	Device response: <KeyPress from None: t=157.48664599994663, value=t, duration=None>
157.4923 	EXP 	New trial (rep=2, index=5): <Trial 19 (5 in rep 2) data={'reward_today': 40.0, 'future_reward': 55.0, 'delay': 62.0, 'thisN': 19, 'thisTrialN': 5, 'thisRepN': 2}>
157.5110 	DATA 	Keypress: t
157.5168 	EXP 	Fixation: autoDraw = False
157.5168 	EXP 	text: autoDraw = False
157.5168 	EXP 	text: height = np.float64(0.05)
157.5168 	EXP 	text: height = np.float64(0.05)
157.5168 	EXP 	text: height = np.float64(0.05)
157.5168 	EXP 	text: text = 'GBP40.0todayorGBP55.0after62.0days'
157.5168 	EXP 	Fixation: autoDraw = True
157.5322 	EXP 	Device response: <KeyPress from None: t=157.48664599994663, value=t, duration=0.030499625019729137>
158.4914 	INFO 	Keyboard events cleared
158.4912 	EXP 	text: autoDraw = True
158.5150 	EXP 	Fixation: autoDraw = False
160.5395 	EXP 	Device response: <KeyPress from None: t=160.53571645799093, value=t, duration=None>
160.5400 	EXP 	New trial (rep=2, index=6): <Trial 20 (6 in rep 2) data={'reward_today': 27.0, 'future_reward': 50.0, 'delay': 21.0, 'thisN': 20, 'thisTrialN': 6, 'thisRepN': 2}>
160.5516 	DATA 	Keypress: t
160.5561 	EXP 	Fixation: autoDraw = False
160.5561 	EXP 	text: autoDraw = False
160.5561 	EXP 	text: height = np.float64(0.05)
160.5561 	EXP 	text: height = np.float64(0.05)
160.5561 	EXP 	text: height = np.float64(0.05)
160.5561 	EXP 	text: text = 'GBP27.0todayorGBP50.0after21.0days'
160.5561 	EXP 	Fixation: autoDraw = True
160.7042 	EXP 	Device response: <KeyPress from None: t=160.53571645799093, value=t, duration=0.16422116698231548>
161.5393 	INFO 	Keyboard events cleared
161.5390 	EXP 	text: autoDraw = True
161.5486 	EXP 	Fixation: autoDraw = False
163.7505 	EXP 	Device response: <KeyPress from None: t=163.7407018749509, value=l, duration=None>
163.7511 	EXP 	New trial (rep=3, index=0): <Trial 21 (0 in rep 3) data={'reward_today': 11.0, 'future_reward': 30.0, 'delay': 7.0, 'thisN': 21, 'thisTrialN': 0, 'thisRepN': 3}>
163.7664 	DATA 	Keypress: l
163.7711 	EXP 	Fixation: autoDraw = False
163.7711 	EXP 	text: autoDraw = False
163.7711 	EXP 	text: height = np.float64(0.05)
163.7711 	EXP 	text: height = np.float64(0.05)
163.7711 	EXP 	text: height = np.float64(0.05)
163.7711 	EXP 	text: text = 'GBP11.0todayorGBP30.0after7.0days'
163.7711 	EXP 	Fixation: autoDraw = True
163.7999 	EXP 	Device response: <KeyPress from None: t=163.7407018749509, value=l, duration=0.0562286670319736>
164.7490 	INFO 	Keyboard events cleared
164.7488 	EXP 	text: autoDraw = True
164.7650 	EXP 	Fixation: autoDraw = False
165.9673 	EXP 	Device response: <KeyPress from None: t=165.9566075419425, value=l, duration=None>
165.9681 	EXP 	New trial (rep=3, index=1): <Trial 22 (1 in rep 3) data={'reward_today': 27.0, 'future_reward': 50.0, 'delay': 21.0, 'thisN': 22, 'thisTrialN': 1, 'thisRepN': 3}>
165.9825 	DATA 	Keypress: l
165.9870 	EXP 	Fixation: autoDraw = False
165.9870 	EXP 	text: autoDraw = False
165.9870 	EXP 	text: height = np.float64(0.05)
165.9870 	EXP 	text: height = np.float64(0.05)
165.9870 	EXP 	text: height = np.float64(0.05)
165.9870 	EXP 	text: text = 'GBP27.0todayorGBP50.0after21.0days'
165.9870 	EXP 	Fixation: autoDraw = True
166.0338 	EXP 	Device response: <KeyPress from None: t=165.9566075419425, value=l, duration=0.06828812503954396>
166.9660 	INFO 	Keyboard events cleared
166.9657 	EXP 	text: autoDraw = True
166.9823 	EXP 	Fixation: autoDraw = False
171.0727 	EXP 	Device response: <KeyPress from None: t=171.0548746669665, value=l, duration=None>
171.0746 	EXP 	New trial (rep=3, index=2): <Trial 23 (2 in rep 3) data={'reward_today': 49.0, 'future_reward': 60.0, 'delay': 89.0, 'thisN': 23, 'thisTrialN': 2, 'thisRepN': 3}>
171.0883 	DATA 	Keypress: l
171.0931 	EXP 	Fixation: autoDraw = False
171.0931 	EXP 	text: autoDraw = False
171.0931 	EXP 	text: height = np.float64(0.05)
171.0931 	EXP 	text: height = np.float64(0.05)
171.0931 	EXP 	text: height = np.float64(0.05)
171.0931 	EXP 	text: text = 'GBP49.0todayorGBP60.0after89.0days'
171.0931 	EXP 	Fixation: autoDraw = True
171.0940 	EXP 	Device response: <KeyPress from None: t=171.0548746669665, value=l, duration=0.034466749988496304>
172.0700 	INFO 	Keyboard events cleared
172.0697 	EXP 	text: autoDraw = True
172.0855 	EXP 	Fixation: autoDraw = False
173.8142 	EXP 	Device response: <KeyPress from None: t=173.80219762498746, value=t, duration=None>
173.8145 	EXP 	New trial (rep=3, index=3): <Trial 24 (3 in rep 3) data={'reward_today': 40.0, 'future_reward': 55.0, 'delay': 62.0, 'thisN': 24, 'thisTrialN': 3, 'thisRepN': 3}>
173.8208 	DATA 	Keypress: t
173.8254 	EXP 	Fixation: autoDraw = False
173.8254 	EXP 	text: autoDraw = False
173.8254 	EXP 	text: height = np.float64(0.05)
173.8254 	EXP 	text: height = np.float64(0.05)
173.8254 	EXP 	text: height = np.float64(0.05)
173.8254 	EXP 	text: text = 'GBP40.0todayorGBP55.0after62.0days'
173.8254 	EXP 	Fixation: autoDraw = True
173.8857 	EXP 	Device response: <KeyPress from None: t=173.80219762498746, value=t, duration=0.08047783299116418>
174.8069 	INFO 	Keyboard events cleared
174.8067 	EXP 	text: autoDraw = True
174.8198 	EXP 	Fixation: autoDraw = False
180.0899 	EXP 	Device response: <KeyPress from None: t=180.0848148749792, value=t, duration=None>
180.0923 	EXP 	New trial (rep=3, index=4): <Trial 25 (4 in rep 3) data={'reward_today': 15.0, 'future_reward': 35.0, 'delay': 13.0, 'thisN': 25, 'thisTrialN': 4, 'thisRepN': 3}>
180.1137 	DATA 	Keypress: t
180.1184 	EXP 	Fixation: autoDraw = False
180.1184 	EXP 	text: autoDraw = False
180.1184 	EXP 	text: height = np.float64(0.05)
180.1184 	EXP 	text: height = np.float64(0.05)
180.1184 	EXP 	text: height = np.float64(0.05)
180.1184 	EXP 	text: text = 'GBP15.0todayorGBP35.0after13.0days'
180.1184 	EXP 	Fixation: autoDraw = True
180.1821 	EXP 	Device response: <KeyPress from None: t=180.0848148749792, value=t, duration=0.08426508301636204>
181.0899 	INFO 	Keyboard events cleared
181.0896 	EXP 	text: autoDraw = True
181.1149 	EXP 	Fixation: autoDraw = False
185.0726 	EXP 	Device response: <KeyPress from None: t=185.06570987496525, value=l, duration=None>
185.0732 	EXP 	New trial (rep=3, index=5): <Trial 26 (5 in rep 3) data={'reward_today': 78.0, 'future_reward': 80.0, 'delay': 162.0, 'thisN': 26, 'thisTrialN': 5, 'thisRepN': 3}>
185.0904 	DATA 	Keypress: l
185.0952 	EXP 	Fixation: autoDraw = False
185.0952 	EXP 	text: autoDraw = False
185.0952 	EXP 	text: height = np.float64(0.05)
185.0952 	EXP 	text: height = np.float64(0.05)
185.0952 	EXP 	text: height = np.float64(0.05)
185.0952 	EXP 	text: text = 'GBP78.0todayorGBP80.0after162.0days'
185.0952 	EXP 	Fixation: autoDraw = True
185.1705 	EXP 	Device response: <KeyPress from None: t=185.06570987496525, value=l, duration=0.10013533302117139>
186.0717 	INFO 	Keyboard events cleared
186.0714 	EXP 	text: autoDraw = True
186.0866 	EXP 	Fixation: autoDraw = False
188.2061 	EXP 	Device response: <KeyPress from None: t=188.20056379196467, value=t, duration=None>
188.2065 	EXP 	New trial (rep=3, index=6): <Trial 27 (6 in rep 3) data={'reward_today': 67.0, 'future_reward': 75.0, 'delay': 119.0, 'thisN': 27, 'thisTrialN': 6, 'thisRepN': 3}>
188.2199 	DATA 	Keypress: t
188.2244 	EXP 	Fixation: autoDraw = False
188.2244 	EXP 	text: autoDraw = False
188.2244 	EXP 	text: height = np.float64(0.05)
188.2244 	EXP 	text: height = np.float64(0.05)
188.2244 	EXP 	text: height = np.float64(0.05)
188.2244 	EXP 	text: text = 'GBP67.0todayorGBP75.0after119.0days'
188.2244 	EXP 	Fixation: autoDraw = True
188.2662 	EXP 	Device response: <KeyPress from None: t=188.20056379196467, value=t, duration=0.06024866603547707>
189.2056 	INFO 	Keyboard events cleared
189.2053 	EXP 	text: autoDraw = True
189.2203 	EXP 	Fixation: autoDraw = False
191.8707 	EXP 	Device response: <KeyPress from None: t=191.8563382079592, value=t, duration=None>
191.8714 	EXP 	New trial (rep=4, index=0): <Trial 28 (0 in rep 4) data={'reward_today': 11.0, 'future_reward': 30.0, 'delay': 7.0, 'thisN': 28, 'thisTrialN': 0, 'thisRepN': 4}>
191.8821 	DATA 	Keypress: t
191.8858 	EXP 	Fixation: autoDraw = False
191.8858 	EXP 	text: autoDraw = False
191.8858 	EXP 	text: height = np.float64(0.05)
191.8858 	EXP 	text: height = np.float64(0.05)
191.8858 	EXP 	text: height = np.float64(0.05)
191.8858 	EXP 	text: text = 'GBP11.0todayorGBP30.0after7.0days'
191.8858 	EXP 	Fixation: autoDraw = True
191.9498 	EXP 	Device response: <KeyPress from None: t=191.8563382079592, value=t, duration=0.0845063750166446>
192.8652 	INFO 	Keyboard events cleared
192.8649 	EXP 	text: autoDraw = True
192.8817 	EXP 	Fixation: autoDraw = False
195.5672 	EXP 	Device response: <KeyPress from None: t=195.55638704198645, value=l, duration=None>
195.5679 	EXP 	New trial (rep=4, index=1): <Trial 29 (1 in rep 4) data={'reward_today': 27.0, 'future_reward': 50.0, 'delay': 21.0, 'thisN': 29, 'thisTrialN': 1, 'thisRepN': 4}>
195.5807 	DATA 	Keypress: l
195.5853 	EXP 	Fixation: autoDraw = False
195.5853 	EXP 	text: autoDraw = False
195.5853 	EXP 	text: height = np.float64(0.05)
195.5853 	EXP 	text: height = np.float64(0.05)
195.5853 	EXP 	text: height = np.float64(0.05)
195.5853 	EXP 	text: text = 'GBP27.0todayorGBP50.0after21.0days'
195.5853 	EXP 	Fixation: autoDraw = True
195.6720 	EXP 	Device response: <KeyPress from None: t=195.55638704198645, value=l, duration=0.11231716600013897>
196.5653 	INFO 	Keyboard events cleared
196.5651 	EXP 	text: autoDraw = True
196.5820 	EXP 	Fixation: autoDraw = False
198.6677 	EXP 	Device response: <KeyPress from None: t=198.6613004169776, value=t, duration=None>
198.6687 	EXP 	New trial (rep=4, index=2): <Trial 30 (2 in rep 4) data={'reward_today': 67.0, 'future_reward': 75.0, 'delay': 119.0, 'thisN': 30, 'thisTrialN': 2, 'thisRepN': 4}>
198.6811 	DATA 	Keypress: t
198.6857 	EXP 	Fixation: autoDraw = False
198.6857 	EXP 	text: autoDraw = False
198.6857 	EXP 	text: height = np.float64(0.05)
198.6857 	EXP 	text: height = np.float64(0.05)
198.6857 	EXP 	text: height = np.float64(0.05)
198.6857 	EXP 	text: text = 'GBP67.0todayorGBP75.0after119.0days'
198.6857 	EXP 	Fixation: autoDraw = True
198.7720 	EXP 	Device response: <KeyPress from None: t=198.6613004169776, value=t, duration=0.1041981250164099>
199.6656 	INFO 	Keyboard events cleared
199.6654 	EXP 	text: autoDraw = True
199.6815 	EXP 	Fixation: autoDraw = False
201.5605 	EXP 	Device response: <KeyPress from None: t=201.54918670799816, value=t, duration=None>
201.5615 	EXP 	New trial (rep=4, index=3): <Trial 31 (3 in rep 4) data={'reward_today': 40.0, 'future_reward': 55.0, 'delay': 62.0, 'thisN': 31, 'thisTrialN': 3, 'thisRepN': 4}>
201.5769 	DATA 	Keypress: t
201.5814 	EXP 	Fixation: autoDraw = False
201.5814 	EXP 	text: autoDraw = False
201.5814 	EXP 	text: height = np.float64(0.05)
201.5814 	EXP 	text: height = np.float64(0.05)
201.5814 	EXP 	text: height = np.float64(0.05)
201.5814 	EXP 	text: text = 'GBP40.0todayorGBP55.0after62.0days'
201.5814 	EXP 	Fixation: autoDraw = True
201.6707 	EXP 	Device response: <KeyPress from None: t=201.54918670799816, value=t, duration=0.11620320897782221>
202.5518 	INFO 	Keyboard events cleared
202.5517 	EXP 	text: autoDraw = True
202.5701 	EXP 	Fixation: autoDraw = False
207.6687 	EXP 	Device response: <KeyPress from None: t=207.65591320797103, value=t, duration=None>
207.6700 	EXP 	New trial (rep=4, index=4): <Trial 32 (4 in rep 4) data={'reward_today': 15.0, 'future_reward': 35.0, 'delay': 13.0, 'thisN': 32, 'thisTrialN': 4, 'thisRepN': 4}>
207.6854 	DATA 	Keypress: t
207.6929 	EXP 	Fixation: autoDraw = False
207.6929 	EXP 	text: autoDraw = False
207.6929 	EXP 	text: height = np.float64(0.05)
207.6929 	EXP 	text: height = np.float64(0.05)
207.6929 	EXP 	text: height = np.float64(0.05)
207.6929 	EXP 	text: text = 'GBP15.0todayorGBP35.0after13.0days'
207.6929 	EXP 	Fixation: autoDraw = True
207.8165 	EXP 	Device response: <KeyPress from None: t=207.65591320797103, value=t, duration=0.1484266669722274>
208.6653 	INFO 	Keyboard events cleared
208.6650 	EXP 	text: autoDraw = True
208.6868 	EXP 	Fixation: autoDraw = False
215.4074 	EXP 	Device response: <KeyPress from None: t=215.40179224999156, value=l, duration=None>
215.4090 	EXP 	New trial (rep=4, index=5): <Trial 33 (5 in rep 4) data={'reward_today': 78.0, 'future_reward': 80.0, 'delay': 162.0, 'thisN': 33, 'thisTrialN': 5, 'thisRepN': 4}>
215.4363 	DATA 	Keypress: l
215.4408 	EXP 	Fixation: autoDraw = False
215.4408 	EXP 	text: autoDraw = False
215.4408 	EXP 	text: height = np.float64(0.05)
215.4408 	EXP 	text: height = np.float64(0.05)
215.4408 	EXP 	text: height = np.float64(0.05)
215.4408 	EXP 	text: text = 'GBP78.0todayorGBP80.0after162.0days'
215.4408 	EXP 	Fixation: autoDraw = True
215.5164 	EXP 	Device response: <KeyPress from None: t=215.40179224999156, value=l, duration=0.11227666697232053>
216.4051 	INFO 	Keyboard events cleared
216.4048 	EXP 	text: autoDraw = True
216.4361 	EXP 	Fixation: autoDraw = False
217.8838 	EXP 	Device response: <KeyPress from None: t=217.87768920796225, value=t, duration=None>
217.8843 	EXP 	New trial (rep=4, index=6): <Trial 34 (6 in rep 4) data={'reward_today': 49.0, 'future_reward': 60.0, 'delay': 89.0, 'thisN': 34, 'thisTrialN': 6, 'thisRepN': 4}>
217.8963 	DATA 	Keypress: t
217.9006 	EXP 	Fixation: autoDraw = False
217.9006 	EXP 	text: autoDraw = False
217.9006 	EXP 	text: height = np.float64(0.05)
217.9006 	EXP 	text: height = np.float64(0.05)
217.9006 	EXP 	text: height = np.float64(0.05)
217.9006 	EXP 	text: text = 'GBP49.0todayorGBP60.0after89.0days'
217.9006 	EXP 	Fixation: autoDraw = True
218.0043 	EXP 	Device response: <KeyPress from None: t=217.87768920796225, value=t, duration=0.12438516702968627>
218.8819 	INFO 	Keyboard events cleared
218.8817 	EXP 	text: autoDraw = True
218.8982 	EXP 	Fixation: autoDraw = False
221.6871 	EXP 	Device response: <KeyPress from None: t=221.67860441695666, value=t, duration=None>
221.6882 	EXP 	New trial (rep=5, index=0): <Trial 35 (0 in rep 5) data={'reward_today': 49.0, 'future_reward': 60.0, 'delay': 89.0, 'thisN': 35, 'thisTrialN': 0, 'thisRepN': 5}>
221.7000 	DATA 	Keypress: t
221.7109 	EXP 	Fixation: autoDraw = False
221.7109 	EXP 	text: autoDraw = False
221.7109 	EXP 	text: text = 'GBP49.0todayorGBP60.0after89.0days'
221.7109 	EXP 	Fixation: autoDraw = True
221.7827 	EXP 	Device response: <KeyPress from None: t=221.67860441695666, value=t, duration=0.10027020802954212>
222.6811 	INFO 	Keyboard events cleared
222.6810 	EXP 	text: autoDraw = True
222.7035 	EXP 	Fixation: autoDraw = False
225.1337 	EXP 	Device response: <KeyPress from None: t=225.12749154196354, value=t, duration=None>
225.1342 	EXP 	New trial (rep=5, index=1): <Trial 36 (1 in rep 5) data={'reward_today': 15.0, 'future_reward': 35.0, 'delay': 13.0, 'thisN': 36, 'thisTrialN': 1, 'thisRepN': 5}>
225.1485 	DATA 	Keypress: t
225.1522 	EXP 	Fixation: autoDraw = False
225.1522 	EXP 	text: autoDraw = False
225.1522 	EXP 	text: height = np.float64(0.05)
225.1522 	EXP 	text: height = np.float64(0.05)
225.1522 	EXP 	text: height = np.float64(0.05)
225.1522 	EXP 	text: text = 'GBP15.0todayorGBP35.0after13.0days'
225.1522 	EXP 	Fixation: autoDraw = True
225.2330 	EXP 	Device response: <KeyPress from None: t=225.12749154196354, value=t, duration=0.10425937501713634>
226.1323 	INFO 	Keyboard events cleared
226.1321 	EXP 	text: autoDraw = True
226.1483 	EXP 	Fixation: autoDraw = False
228.5227 	EXP 	Device response: <KeyPress from None: t=228.518529791967, value=t, duration=None>
228.5233 	EXP 	New trial (rep=5, index=2): <Trial 37 (2 in rep 5) data={'reward_today': 11.0, 'future_reward': 30.0, 'delay': 7.0, 'thisN': 37, 'thisTrialN': 2, 'thisRepN': 5}>
228.5347 	DATA 	Keypress: t
228.5392 	EXP 	Fixation: autoDraw = False
228.5392 	EXP 	text: autoDraw = False
228.5392 	EXP 	text: height = np.float64(0.05)
228.5392 	EXP 	text: height = np.float64(0.05)
228.5392 	EXP 	text: height = np.float64(0.05)
228.5392 	EXP 	text: text = 'GBP11.0todayorGBP30.0after7.0days'
228.5392 	EXP 	Fixation: autoDraw = True
228.5989 	EXP 	Device response: <KeyPress from None: t=228.518529791967, value=t, duration=0.07221875002142042>
229.5220 	INFO 	Keyboard events cleared
229.5217 	EXP 	text: autoDraw = True
229.5318 	EXP 	Fixation: autoDraw = False
234.8055 	EXP 	Device response: <KeyPress from None: t=234.79924879199825, value=l, duration=None>
234.8059 	EXP 	New trial (rep=5, index=3): <Trial 38 (3 in rep 5) data={'reward_today': 27.0, 'future_reward': 50.0, 'delay': 21.0, 'thisN': 38, 'thisTrialN': 3, 'thisRepN': 5}>
234.8186 	DATA 	Keypress: l
234.8231 	EXP 	Fixation: autoDraw = False
234.8231 	EXP 	text: autoDraw = False
234.8231 	EXP 	text: height = np.float64(0.05)
234.8231 	EXP 	text: height = np.float64(0.05)
234.8231 	EXP 	text: height = np.float64(0.05)
234.8231 	EXP 	text: text = 'GBP27.0todayorGBP50.0after21.0days'
234.8231 	EXP 	Fixation: autoDraw = True
234.8998 	EXP 	Device response: <KeyPress from None: t=234.79924879199825, value=l, duration=0.09625454095657915>
235.8057 	INFO 	Keyboard events cleared
235.8055 	EXP 	text: autoDraw = True
235.8149 	EXP 	Fixation: autoDraw = False
237.6741 	EXP 	Device response: <KeyPress from None: t=237.65501929196762, value=l, duration=None>
237.6748 	EXP 	New trial (rep=5, index=4): <Trial 39 (4 in rep 5) data={'reward_today': 78.0, 'future_reward': 80.0, 'delay': 162.0, 'thisN': 39, 'thisTrialN': 4, 'thisRepN': 5}>
237.6816 	DATA 	Keypress: l
237.6858 	EXP 	Fixation: autoDraw = False
237.6858 	EXP 	text: autoDraw = False
237.6858 	EXP 	text: height = np.float64(0.05)
237.6858 	EXP 	text: height = np.float64(0.05)
237.6858 	EXP 	text: height = np.float64(0.05)
237.6858 	EXP 	text: text = 'GBP78.0todayorGBP80.0after162.0days'
237.6858 	EXP 	Fixation: autoDraw = True
237.8006 	EXP 	Device response: <KeyPress from None: t=237.65501929196762, value=l, duration=0.13231483299750835>
238.6727 	INFO 	Keyboard events cleared
238.6724 	EXP 	text: autoDraw = True
238.6818 	EXP 	Fixation: autoDraw = False
240.9669 	EXP 	Device response: <KeyPress from None: t=240.9625585419708, value=t, duration=None>
240.9678 	EXP 	New trial (rep=5, index=5): <Trial 40 (5 in rep 5) data={'reward_today': 67.0, 'future_reward': 75.0, 'delay': 119.0, 'thisN': 40, 'thisTrialN': 5, 'thisRepN': 5}>
240.9811 	DATA 	Keypress: t
240.9856 	EXP 	Fixation: autoDraw = False
240.9856 	EXP 	text: autoDraw = False
240.9856 	EXP 	text: height = np.float64(0.05)
240.9856 	EXP 	text: height = np.float64(0.05)
240.9856 	EXP 	text: height = np.float64(0.05)
240.9856 	EXP 	text: text = 'GBP67.0todayorGBP75.0after119.0days'
240.9856 	EXP 	Fixation: autoDraw = True
241.0836 	EXP 	Device response: <KeyPress from None: t=240.9625585419708, value=t, duration=0.11589462502161041>
241.9653 	INFO 	Keyboard events cleared
241.9651 	EXP 	text: autoDraw = True
241.9817 	EXP 	Fixation: autoDraw = False
244.0342 	EXP 	Device response: <KeyPress from None: t=244.027011166967, value=t, duration=None>
244.0350 	EXP 	New trial (rep=5, index=6): <Trial 41 (6 in rep 5) data={'reward_today': 40.0, 'future_reward': 55.0, 'delay': 62.0, 'thisN': 41, 'thisTrialN': 6, 'thisRepN': 5}>
244.0478 	DATA 	Keypress: t
244.0526 	EXP 	Fixation: autoDraw = False
244.0526 	EXP 	text: autoDraw = False
244.0526 	EXP 	text: height = np.float64(0.05)
244.0526 	EXP 	text: height = np.float64(0.05)
244.0526 	EXP 	text: height = np.float64(0.05)
244.0526 	EXP 	text: text = 'GBP40.0todayorGBP55.0after62.0days'
244.0526 	EXP 	Fixation: autoDraw = True
244.1160 	EXP 	Device response: <KeyPress from None: t=244.027011166967, value=t, duration=0.08434241602662951>
245.0317 	INFO 	Keyboard events cleared
245.0314 	EXP 	text: autoDraw = True
245.0480 	EXP 	Fixation: autoDraw = False
246.7043 	EXP 	Device response: <KeyPress from None: t=246.6868502079742, value=t, duration=None>
246.7049 	EXP 	New trial (rep=6, index=0): <Trial 42 (0 in rep 6) data={'reward_today': 40.0, 'future_reward': 55.0, 'delay': 62.0, 'thisN': 42, 'thisTrialN': 0, 'thisRepN': 6}>
246.7081 	DATA 	Keypress: t
246.7126 	EXP 	Fixation: autoDraw = False
246.7126 	EXP 	text: autoDraw = False
246.7126 	EXP 	text: text = 'GBP40.0todayorGBP55.0after62.0days'
246.7126 	EXP 	Fixation: autoDraw = True
246.7487 	EXP 	Device response: <KeyPress from None: t=246.6868502079742, value=t, duration=0.048215834016446024>
247.6983 	INFO 	Keyboard events cleared
247.6981 	EXP 	text: autoDraw = True
247.7043 	EXP 	Fixation: autoDraw = False
249.9139 	EXP 	Device response: <KeyPress from None: t=249.89174749999074, value=t, duration=None>
249.9147 	EXP 	New trial (rep=6, index=1): <Trial 43 (1 in rep 6) data={'reward_today': 49.0, 'future_reward': 60.0, 'delay': 89.0, 'thisN': 43, 'thisTrialN': 1, 'thisRepN': 6}>
249.9240 	DATA 	Keypress: t
249.9285 	EXP 	Fixation: autoDraw = False
249.9285 	EXP 	text: autoDraw = False
249.9285 	EXP 	text: height = np.float64(0.05)
249.9285 	EXP 	text: height = np.float64(0.05)
249.9285 	EXP 	text: height = np.float64(0.05)
249.9285 	EXP 	text: text = 'GBP49.0todayorGBP60.0after89.0days'
249.9285 	EXP 	Fixation: autoDraw = True
249.9656 	EXP 	Device response: <KeyPress from None: t=249.89174749999074, value=t, duration=0.07226758298929781>
250.9055 	INFO 	Keyboard events cleared
250.9051 	EXP 	text: autoDraw = True
250.9212 	EXP 	Fixation: autoDraw = False
252.8832 	EXP 	Device response: <KeyPress from None: t=252.8727497079526, value=t, duration=None>
252.8836 	EXP 	New trial (rep=6, index=2): <Trial 44 (2 in rep 6) data={'reward_today': 67.0, 'future_reward': 75.0, 'delay': 119.0, 'thisN': 44, 'thisTrialN': 2, 'thisRepN': 6}>
252.8964 	DATA 	Keypress: t
252.9008 	EXP 	Fixation: autoDraw = False
252.9008 	EXP 	text: autoDraw = False
252.9008 	EXP 	text: height = np.float64(0.05)
252.9008 	EXP 	text: height = np.float64(0.05)
252.9008 	EXP 	text: height = np.float64(0.05)
252.9008 	EXP 	text: text = 'GBP67.0todayorGBP75.0after119.0days'
252.9008 	EXP 	Fixation: autoDraw = True
252.9864 	EXP 	Device response: <KeyPress from None: t=252.8727497079526, value=t, duration=0.1121662090299651>
253.8817 	INFO 	Keyboard events cleared
253.8815 	EXP 	text: autoDraw = True
253.8981 	EXP 	Fixation: autoDraw = False
258.3358 	EXP 	Device response: <KeyPress from None: t=258.3315125419758, value=t, duration=None>
258.3372 	EXP 	New trial (rep=6, index=3): <Trial 45 (3 in rep 6) data={'reward_today': 27.0, 'future_reward': 50.0, 'delay': 21.0, 'thisN': 45, 'thisTrialN': 3, 'thisRepN': 6}>
258.3629 	DATA 	Keypress: t
258.3676 	EXP 	Fixation: autoDraw = False
258.3676 	EXP 	text: autoDraw = False
258.3676 	EXP 	text: height = np.float64(0.05)
258.3676 	EXP 	text: height = np.float64(0.05)
258.3676 	EXP 	text: height = np.float64(0.05)
258.3676 	EXP 	text: text = 'GBP27.0todayorGBP50.0after21.0days'
258.3676 	EXP 	Fixation: autoDraw = True
258.4836 	EXP 	Device response: <KeyPress from None: t=258.3315125419758, value=t, duration=0.14431120798690245>
259.3320 	INFO 	Keyboard events cleared
259.3315 	EXP 	text: autoDraw = True
259.3647 	EXP 	Fixation: autoDraw = False
263.2368 	EXP 	Device response: <KeyPress from None: t=263.230455916957, value=l, duration=None>
263.2384 	EXP 	New trial (rep=6, index=4): <Trial 46 (4 in rep 6) data={'reward_today': 11.0, 'future_reward': 30.0, 'delay': 7.0, 'thisN': 46, 'thisTrialN': 4, 'thisRepN': 6}>
263.2644 	DATA 	Keypress: l
263.2690 	EXP 	Fixation: autoDraw = False
263.2690 	EXP 	text: autoDraw = False
263.2690 	EXP 	text: height = np.float64(0.05)
263.2690 	EXP 	text: height = np.float64(0.05)
263.2690 	EXP 	text: height = np.float64(0.05)
263.2690 	EXP 	text: text = 'GBP11.0todayorGBP30.0after7.0days'
263.2690 	EXP 	Fixation: autoDraw = True
263.3819 	EXP 	Device response: <KeyPress from None: t=263.230455916957, value=l, duration=0.13619691599160433>
264.2384 	INFO 	Keyboard events cleared
264.2381 	EXP 	text: autoDraw = True
264.2646 	EXP 	Fixation: autoDraw = False
265.5999 	EXP 	Device response: <KeyPress from None: t=265.58726391696837, value=l, duration=None>
265.6003 	EXP 	New trial (rep=6, index=5): <Trial 47 (5 in rep 6) data={'reward_today': 15.0, 'future_reward': 35.0, 'delay': 13.0, 'thisN': 47, 'thisTrialN': 5, 'thisRepN': 6}>
265.6126 	DATA 	Keypress: l
265.6171 	EXP 	Fixation: autoDraw = False
265.6171 	EXP 	text: autoDraw = False
265.6171 	EXP 	text: height = np.float64(0.05)
265.6171 	EXP 	text: height = np.float64(0.05)
265.6171 	EXP 	text: height = np.float64(0.05)
265.6171 	EXP 	text: text = 'GBP15.0todayorGBP35.0after13.0days'
265.6171 	EXP 	Fixation: autoDraw = True
265.6530 	EXP 	Device response: <KeyPress from None: t=265.58726391696837, value=l, duration=0.06429970799945295>
266.5984 	INFO 	Keyboard events cleared
266.5981 	EXP 	text: autoDraw = True
266.6147 	EXP 	Fixation: autoDraw = False
267.6855 	EXP 	Device response: <KeyPress from None: t=267.66626412497135, value=l, duration=None>
267.6869 	EXP 	New trial (rep=6, index=6): <Trial 48 (6 in rep 6) data={'reward_today': 78.0, 'future_reward': 80.0, 'delay': 162.0, 'thisN': 48, 'thisTrialN': 6, 'thisRepN': 6}>
267.7027 	DATA 	Keypress: l
267.7078 	EXP 	Fixation: autoDraw = False
267.7078 	EXP 	text: autoDraw = False
267.7078 	EXP 	text: height = np.float64(0.05)
267.7078 	EXP 	text: height = np.float64(0.05)
267.7078 	EXP 	text: height = np.float64(0.05)
267.7078 	EXP 	text: text = 'GBP78.0todayorGBP80.0after162.0days'
267.7078 	EXP 	Fixation: autoDraw = True
267.7321 	EXP 	Device response: <KeyPress from None: t=267.66626412497135, value=l, duration=0.06429858301999047>
268.6824 	INFO 	Keyboard events cleared
268.6820 	EXP 	text: autoDraw = True
268.7151 	EXP 	Fixation: autoDraw = False
269.8151 	EXP 	Device response: <KeyPress from None: t=269.8091828749748, value=t, duration=None>
269.8153 	EXP 	New trial (rep=7, index=0): <Trial 49 (0 in rep 7) data={'reward_today': 49.0, 'future_reward': 60.0, 'delay': 89.0, 'thisN': 49, 'thisTrialN': 0, 'thisRepN': 7}>
269.8240 	DATA 	Keypress: t
269.8284 	EXP 	Fixation: autoDraw = False
269.8284 	EXP 	text: autoDraw = False
269.8284 	EXP 	text: height = np.float64(0.05)
269.8284 	EXP 	text: height = np.float64(0.05)
269.8284 	EXP 	text: height = np.float64(0.05)
269.8284 	EXP 	text: text = 'GBP49.0todayorGBP60.0after89.0days'
269.8284 	EXP 	Fixation: autoDraw = True
269.8995 	EXP 	Device response: <KeyPress from None: t=269.8091828749748, value=t, duration=0.08035916701192036>
270.8013 	INFO 	Keyboard events cleared
270.8013 	EXP 	text: autoDraw = True
270.8190 	EXP 	Fixation: autoDraw = False
272.2836 	EXP 	Device response: <KeyPress from None: t=272.27214770799037, value=t, duration=None>
272.2844 	EXP 	New trial (rep=7, index=1): <Trial 50 (1 in rep 7) data={'reward_today': 27.0, 'future_reward': 50.0, 'delay': 21.0, 'thisN': 50, 'thisTrialN': 1, 'thisRepN': 7}>
272.2972 	DATA 	Keypress: t
272.3018 	EXP 	Fixation: autoDraw = False
272.3018 	EXP 	text: autoDraw = False
272.3018 	EXP 	text: height = np.float64(0.05)
272.3018 	EXP 	text: height = np.float64(0.05)
272.3018 	EXP 	text: height = np.float64(0.05)
272.3018 	EXP 	text: text = 'GBP27.0todayorGBP50.0after21.0days'
272.3018 	EXP 	Fixation: autoDraw = True
272.3495 	EXP 	Device response: <KeyPress from None: t=272.27214770799037, value=t, duration=0.0682404589606449>
273.2818 	INFO 	Keyboard events cleared
273.2816 	EXP 	text: autoDraw = True
273.2981 	EXP 	Fixation: autoDraw = False
276.0393 	EXP 	Device response: <KeyPress from None: t=276.03594612499, value=l, duration=None>
276.0399 	EXP 	New trial (rep=7, index=2): <Trial 51 (2 in rep 7) data={'reward_today': 11.0, 'future_reward': 30.0, 'delay': 7.0, 'thisN': 51, 'thisTrialN': 2, 'thisRepN': 7}>
276.0523 	DATA 	Keypress: l
276.0568 	EXP 	Fixation: autoDraw = False
276.0568 	EXP 	text: autoDraw = False
276.0568 	EXP 	text: height = np.float64(0.05)
276.0568 	EXP 	text: height = np.float64(0.05)
276.0568 	EXP 	text: height = np.float64(0.05)
276.0568 	EXP 	text: text = 'GBP11.0todayorGBP30.0after7.0days'
276.0568 	EXP 	Fixation: autoDraw = True
276.1160 	EXP 	Device response: <KeyPress from None: t=276.03594612499, value=l, duration=0.07246741699054837>
277.0386 	INFO 	Keyboard events cleared
277.0384 	EXP 	text: autoDraw = True
277.0535 	EXP 	Fixation: autoDraw = False
279.0669 	EXP 	Device response: <KeyPress from None: t=279.06192429194925, value=l, duration=None>
279.0677 	EXP 	New trial (rep=7, index=3): <Trial 52 (3 in rep 7) data={'reward_today': 40.0, 'future_reward': 55.0, 'delay': 62.0, 'thisN': 52, 'thisTrialN': 3, 'thisRepN': 7}>
279.0807 	DATA 	Keypress: l
279.0849 	EXP 	Fixation: autoDraw = False
279.0849 	EXP 	text: autoDraw = False
279.0849 	EXP 	text: height = np.float64(0.05)
279.0849 	EXP 	text: height = np.float64(0.05)
279.0849 	EXP 	text: height = np.float64(0.05)
279.0849 	EXP 	text: text = 'GBP40.0todayorGBP55.0after62.0days'
279.0849 	EXP 	Fixation: autoDraw = True
279.1664 	EXP 	Device response: <KeyPress from None: t=279.06192429194925, value=l, duration=0.09638883301522583>
280.0654 	INFO 	Keyboard events cleared
280.0652 	EXP 	text: autoDraw = True
280.0818 	EXP 	Fixation: autoDraw = False
281.4843 	EXP 	Device response: <KeyPress from None: t=281.47180237498833, value=t, duration=None>
281.4848 	EXP 	New trial (rep=7, index=4): <Trial 53 (4 in rep 7) data={'reward_today': 15.0, 'future_reward': 35.0, 'delay': 13.0, 'thisN': 53, 'thisTrialN': 4, 'thisRepN': 7}>
281.4917 	DATA 	Keypress: t
281.4967 	EXP 	Fixation: autoDraw = False
281.4967 	EXP 	text: autoDraw = False
281.4967 	EXP 	text: height = np.float64(0.05)
281.4967 	EXP 	text: height = np.float64(0.05)
281.4967 	EXP 	text: height = np.float64(0.05)
281.4967 	EXP 	text: text = 'GBP15.0todayorGBP35.0after13.0days'
281.4967 	EXP 	Fixation: autoDraw = True
281.5494 	EXP 	Device response: <KeyPress from None: t=281.47180237498833, value=t, duration=0.07239924999885261>
282.4820 	INFO 	Keyboard events cleared
282.4817 	EXP 	text: autoDraw = True
282.4872 	EXP 	Fixation: autoDraw = False
283.6662 	EXP 	Device response: <KeyPress from None: t=283.65679716697196, value=l, duration=None>
283.6666 	EXP 	New trial (rep=7, index=5): <Trial 54 (5 in rep 7) data={'reward_today': 67.0, 'future_reward': 75.0, 'delay': 119.0, 'thisN': 54, 'thisTrialN': 5, 'thisRepN': 7}>
283.6787 	DATA 	Keypress: l
283.6832 	EXP 	Fixation: autoDraw = False
283.6832 	EXP 	text: autoDraw = False
283.6832 	EXP 	text: height = np.float64(0.05)
283.6832 	EXP 	text: height = np.float64(0.05)
283.6832 	EXP 	text: height = np.float64(0.05)
283.6832 	EXP 	text: text = 'GBP67.0todayorGBP75.0after119.0days'
283.6832 	EXP 	Fixation: autoDraw = True
283.7497 	EXP 	Device response: <KeyPress from None: t=283.65679716697196, value=l, duration=0.08437566598877311>
284.6715 	INFO 	Keyboard events cleared
284.6715 	EXP 	text: autoDraw = True
284.6810 	EXP 	Fixation: autoDraw = False
285.9002 	EXP 	Device response: <KeyPress from None: t=285.89370904199313, value=t, duration=None>
285.9009 	EXP 	New trial (rep=7, index=6): <Trial 55 (6 in rep 7) data={'reward_today': 78.0, 'future_reward': 80.0, 'delay': 162.0, 'thisN': 55, 'thisTrialN': 6, 'thisRepN': 7}>
285.9130 	DATA 	Keypress: t
285.9178 	EXP 	Fixation: autoDraw = False
285.9178 	EXP 	text: autoDraw = False
285.9178 	EXP 	text: height = np.float64(0.05)
285.9178 	EXP 	text: height = np.float64(0.05)
285.9178 	EXP 	text: height = np.float64(0.05)
285.9178 	EXP 	text: text = 'GBP78.0todayorGBP80.0after162.0days'
285.9178 	EXP 	Fixation: autoDraw = True
285.9660 	EXP 	Device response: <KeyPress from None: t=285.89370904199313, value=t, duration=0.060656749992631376>
286.8982 	INFO 	Keyboard events cleared
286.8979 	EXP 	text: autoDraw = True
286.9149 	EXP 	Fixation: autoDraw = False
288.5045 	EXP 	Device response: <KeyPress from None: t=288.49967008299427, value=t, duration=None>
288.5050 	EXP 	New trial (rep=8, index=0): <Trial 56 (0 in rep 8) data={'reward_today': 27.0, 'future_reward': 50.0, 'delay': 21.0, 'thisN': 56, 'thisTrialN': 0, 'thisRepN': 8}>
288.5169 	DATA 	Keypress: t
288.5214 	EXP 	Fixation: autoDraw = False
288.5214 	EXP 	text: autoDraw = False
288.5214 	EXP 	text: height = np.float64(0.05)
288.5214 	EXP 	text: height = np.float64(0.05)
288.5214 	EXP 	text: height = np.float64(0.05)
288.5214 	EXP 	text: text = 'GBP27.0todayorGBP50.0after21.0days'
288.5214 	EXP 	Fixation: autoDraw = True
288.5921 	EXP 	Device response: <KeyPress from None: t=288.49967008299427, value=t, duration=0.08429158397484571>
289.5001 	INFO 	Keyboard events cleared
289.5001 	EXP 	text: autoDraw = True
289.5177 	EXP 	Fixation: autoDraw = False
291.1665 	EXP 	Device response: <KeyPress from None: t=291.16458354197675, value=l, duration=None>
291.1671 	EXP 	New trial (rep=8, index=1): <Trial 57 (1 in rep 8) data={'reward_today': 49.0, 'future_reward': 60.0, 'delay': 89.0, 'thisN': 57, 'thisTrialN': 1, 'thisRepN': 8}>
291.1800 	DATA 	Keypress: l
291.1843 	EXP 	Fixation: autoDraw = False
291.1843 	EXP 	text: autoDraw = False
291.1843 	EXP 	text: height = np.float64(0.05)
291.1843 	EXP 	text: height = np.float64(0.05)
291.1843 	EXP 	text: height = np.float64(0.05)
291.1843 	EXP 	text: text = 'GBP49.0todayorGBP60.0after89.0days'
291.1843 	EXP 	Fixation: autoDraw = True
291.3002 	EXP 	Device response: <KeyPress from None: t=291.16458354197675, value=l, duration=0.128406708012335>
292.1651 	INFO 	Keyboard events cleared
292.1646 	EXP 	text: autoDraw = True
292.1818 	EXP 	Fixation: autoDraw = False
293.6059 	EXP 	Device response: <KeyPress from None: t=293.6015261669527, value=t, duration=None>
293.6063 	EXP 	New trial (rep=8, index=2): <Trial 58 (2 in rep 8) data={'reward_today': 15.0, 'future_reward': 35.0, 'delay': 13.0, 'thisN': 58, 'thisTrialN': 2, 'thisRepN': 8}>
293.6190 	DATA 	Keypress: t
293.6230 	EXP 	Fixation: autoDraw = False
293.6230 	EXP 	text: autoDraw = False
293.6230 	EXP 	text: height = np.float64(0.05)
293.6230 	EXP 	text: height = np.float64(0.05)
293.6230 	EXP 	text: height = np.float64(0.05)
293.6230 	EXP 	text: text = 'GBP15.0todayorGBP35.0after13.0days'
293.6230 	EXP 	Fixation: autoDraw = True
293.7164 	EXP 	Device response: <KeyPress from None: t=293.6015261669527, value=t, duration=0.11225887504406273>
294.6046 	INFO 	Keyboard events cleared
294.6044 	EXP 	text: autoDraw = True
294.6196 	EXP 	Fixation: autoDraw = False
296.5054 	EXP 	Device response: <KeyPress from None: t=296.50248699996155, value=l, duration=None>
296.5059 	EXP 	New trial (rep=8, index=3): <Trial 59 (3 in rep 8) data={'reward_today': 67.0, 'future_reward': 75.0, 'delay': 119.0, 'thisN': 59, 'thisTrialN': 3, 'thisRepN': 8}>
296.5174 	DATA 	Keypress: l
296.5218 	EXP 	Fixation: autoDraw = False
296.5218 	EXP 	text: autoDraw = False
296.5218 	EXP 	text: height = np.float64(0.05)
296.5218 	EXP 	text: height = np.float64(0.05)
296.5218 	EXP 	text: height = np.float64(0.05)
296.5218 	EXP 	text: text = 'GBP67.0todayorGBP75.0after119.0days'
296.5218 	EXP 	Fixation: autoDraw = True
296.6164 	EXP 	Device response: <KeyPress from None: t=296.50248699996155, value=l, duration=0.10425066703464836>
297.5150 	INFO 	Keyboard events cleared
297.5144 	EXP 	text: autoDraw = True
297.5198 	EXP 	Fixation: autoDraw = False
299.9559 	EXP 	Device response: <KeyPress from None: t=299.9418412919622, value=t, duration=None>
299.9578 	EXP 	New trial (rep=8, index=4): <Trial 60 (4 in rep 8) data={'reward_today': 78.0, 'future_reward': 80.0, 'delay': 162.0, 'thisN': 60, 'thisTrialN': 4, 'thisRepN': 8}>
299.9715 	DATA 	Keypress: t
299.9782 	EXP 	Fixation: autoDraw = False
299.9782 	EXP 	text: autoDraw = False
299.9782 	EXP 	text: height = np.float64(0.05)
299.9782 	EXP 	text: height = np.float64(0.05)
299.9782 	EXP 	text: height = np.float64(0.05)
299.9782 	EXP 	text: text = 'GBP78.0todayorGBP80.0after162.0days'
299.9782 	EXP 	Fixation: autoDraw = True
300.0648 	EXP 	Device response: <KeyPress from None: t=299.9418412919622, value=t, duration=0.11574433301575482>
300.9564 	INFO 	Keyboard events cleared
300.9561 	EXP 	text: autoDraw = True
300.9686 	EXP 	Fixation: autoDraw = False
302.1890 	EXP 	Device response: <KeyPress from None: t=302.18724045797717, value=t, duration=None>
302.1895 	EXP 	New trial (rep=8, index=5): <Trial 61 (5 in rep 8) data={'reward_today': 11.0, 'future_reward': 30.0, 'delay': 7.0, 'thisN': 61, 'thisTrialN': 5, 'thisRepN': 8}>
302.2009 	DATA 	Keypress: t
302.2055 	EXP 	Fixation: autoDraw = False
302.2055 	EXP 	text: autoDraw = False
302.2055 	EXP 	text: height = np.float64(0.05)
302.2055 	EXP 	text: height = np.float64(0.05)
302.2055 	EXP 	text: height = np.float64(0.05)
302.2055 	EXP 	text: text = 'GBP11.0todayorGBP30.0after7.0days'
302.2055 	EXP 	Fixation: autoDraw = True
302.2997 	EXP 	Device response: <KeyPress from None: t=302.18724045797717, value=t, duration=0.10834624996641651>
303.1892 	INFO 	Keyboard events cleared
303.1887 	EXP 	text: autoDraw = True
303.1977 	EXP 	Fixation: autoDraw = False
304.3718 	EXP 	Device response: <KeyPress from None: t=304.35718983295374, value=l, duration=None>
304.3728 	EXP 	New trial (rep=8, index=6): <Trial 62 (6 in rep 8) data={'reward_today': 40.0, 'future_reward': 55.0, 'delay': 62.0, 'thisN': 62, 'thisTrialN': 6, 'thisRepN': 8}>
304.3890 	DATA 	Keypress: l
304.3942 	EXP 	Fixation: autoDraw = False
304.3942 	EXP 	text: autoDraw = False
304.3942 	EXP 	text: height = np.float64(0.05)
304.3942 	EXP 	text: height = np.float64(0.05)
304.3942 	EXP 	text: height = np.float64(0.05)
304.3942 	EXP 	text: text = 'GBP40.0todayorGBP55.0after62.0days'
304.3942 	EXP 	Fixation: autoDraw = True
304.4529 	EXP 	Device response: <KeyPress from None: t=304.35718983295374, value=l, duration=0.09232325002085418>
305.3803 	INFO 	Keyboard events cleared
305.3802 	EXP 	text: autoDraw = True
305.3836 	EXP 	Fixation: autoDraw = False
307.4173 	EXP 	Device response: <KeyPress from None: t=307.4020901249605, value=t, duration=None>
307.4181 	EXP 	New trial (rep=9, index=0): <Trial 63 (0 in rep 9) data={'reward_today': 40.0, 'future_reward': 55.0, 'delay': 62.0, 'thisN': 63, 'thisTrialN': 0, 'thisRepN': 9}>
307.4232 	DATA 	Keypress: t
307.4309 	EXP 	Fixation: autoDraw = False
307.4309 	EXP 	text: autoDraw = False
307.4309 	EXP 	text: text = 'GBP40.0todayorGBP55.0after62.0days'
307.4309 	EXP 	Fixation: autoDraw = True
307.4983 	EXP 	Device response: <KeyPress from None: t=307.4020901249605, value=t, duration=0.09248325001681224>
308.4154 	INFO 	Keyboard events cleared
308.4151 	EXP 	text: autoDraw = True
308.4216 	EXP 	Fixation: autoDraw = False
309.9862 	EXP 	Device response: <KeyPress from None: t=309.981100999983, value=t, duration=None>
309.9877 	EXP 	New trial (rep=9, index=1): <Trial 64 (1 in rep 9) data={'reward_today': 67.0, 'future_reward': 75.0, 'delay': 119.0, 'thisN': 64, 'thisTrialN': 1, 'thisRepN': 9}>
310.0121 	DATA 	Keypress: t
310.0163 	EXP 	Fixation: autoDraw = False
310.0163 	EXP 	text: autoDraw = False
310.0163 	EXP 	text: height = np.float64(0.05)
310.0163 	EXP 	text: height = np.float64(0.05)
310.0163 	EXP 	text: height = np.float64(0.05)
310.0163 	EXP 	text: text = 'GBP67.0todayorGBP75.0after119.0days'
310.0163 	EXP 	Fixation: autoDraw = True
310.0694 	EXP 	Device response: <KeyPress from None: t=309.981100999983, value=t, duration=0.08411008300026879>
310.9839 	INFO 	Keyboard events cleared
310.9837 	EXP 	text: autoDraw = True
311.0144 	EXP 	Fixation: autoDraw = False
312.8993 	EXP 	Device response: <KeyPress from None: t=312.8919382079621, value=t, duration=None>
312.8997 	EXP 	New trial (rep=9, index=2): <Trial 65 (2 in rep 9) data={'reward_today': 11.0, 'future_reward': 30.0, 'delay': 7.0, 'thisN': 65, 'thisTrialN': 2, 'thisRepN': 9}>
312.9117 	DATA 	Keypress: t
312.9160 	EXP 	Fixation: autoDraw = False
312.9160 	EXP 	text: autoDraw = False
312.9160 	EXP 	text: height = np.float64(0.05)
312.9160 	EXP 	text: height = np.float64(0.05)
312.9160 	EXP 	text: height = np.float64(0.05)
312.9160 	EXP 	text: text = 'GBP11.0todayorGBP30.0after7.0days'
312.9160 	EXP 	Fixation: autoDraw = True
312.9828 	EXP 	Device response: <KeyPress from None: t=312.8919382079621, value=t, duration=0.08038520900299773>
313.8983 	INFO 	Keyboard events cleared
313.8979 	EXP 	text: autoDraw = True
313.9147 	EXP 	Fixation: autoDraw = False
316.6666 	EXP 	Device response: <KeyPress from None: t=316.65480191697134, value=l, duration=None>
316.6672 	EXP 	New trial (rep=9, index=3): <Trial 66 (3 in rep 9) data={'reward_today': 15.0, 'future_reward': 35.0, 'delay': 13.0, 'thisN': 66, 'thisTrialN': 3, 'thisRepN': 9}>
316.6810 	DATA 	Keypress: l
316.6857 	EXP 	Fixation: autoDraw = False
316.6857 	EXP 	text: autoDraw = False
316.6857 	EXP 	text: height = np.float64(0.05)
316.6857 	EXP 	text: height = np.float64(0.05)
316.6857 	EXP 	text: height = np.float64(0.05)
316.6857 	EXP 	text: text = 'GBP15.0todayorGBP35.0after13.0days'
316.6857 	EXP 	Fixation: autoDraw = True
316.7543 	EXP 	Device response: <KeyPress from None: t=316.65480191697134, value=l, duration=0.0964771659928374>
317.6654 	INFO 	Keyboard events cleared
317.6651 	EXP 	text: autoDraw = True
317.6815 	EXP 	Fixation: autoDraw = False
319.0551 	EXP 	Device response: <KeyPress from None: t=319.0526990419603, value=l, duration=None>
319.0555 	EXP 	New trial (rep=9, index=4): <Trial 67 (4 in rep 9) data={'reward_today': 27.0, 'future_reward': 50.0, 'delay': 21.0, 'thisN': 67, 'thisTrialN': 4, 'thisRepN': 9}>
319.0743 	DATA 	Keypress: l
319.0784 	EXP 	Fixation: autoDraw = False
319.0784 	EXP 	text: autoDraw = False
319.0784 	EXP 	text: height = np.float64(0.05)
319.0784 	EXP 	text: height = np.float64(0.05)
319.0784 	EXP 	text: height = np.float64(0.05)
319.0784 	EXP 	text: text = 'GBP27.0todayorGBP50.0after21.0days'
319.0784 	EXP 	Fixation: autoDraw = True
319.1152 	EXP 	Device response: <KeyPress from None: t=319.0526990419603, value=l, duration=0.06038412498310208>
320.0548 	INFO 	Keyboard events cleared
320.0545 	EXP 	text: autoDraw = True
320.0706 	EXP 	Fixation: autoDraw = False
321.0700 	EXP 	Device response: <KeyPress from None: t=321.06072429195046, value=l, duration=None>
321.0728 	EXP 	New trial (rep=9, index=5): <Trial 68 (5 in rep 9) data={'reward_today': 49.0, 'future_reward': 60.0, 'delay': 89.0, 'thisN': 68, 'thisTrialN': 5, 'thisRepN': 9}>
321.0876 	DATA 	Keypress: l
321.0919 	EXP 	Fixation: autoDraw = False
321.0919 	EXP 	text: autoDraw = False
321.0919 	EXP 	text: height = np.float64(0.05)
321.0919 	EXP 	text: height = np.float64(0.05)
321.0919 	EXP 	text: height = np.float64(0.05)
321.0919 	EXP 	text: text = 'GBP49.0todayorGBP60.0after89.0days'
321.0919 	EXP 	Fixation: autoDraw = True
321.1323 	EXP 	Device response: <KeyPress from None: t=321.06072429195046, value=l, duration=0.06830370804527774>
322.0714 	INFO 	Keyboard events cleared
322.0712 	EXP 	text: autoDraw = True
322.0868 	EXP 	Fixation: autoDraw = False
323.2566 	EXP 	Device response: <KeyPress from None: t=323.24569099996006, value=t, duration=None>
323.2576 	EXP 	New trial (rep=9, index=6): <Trial 69 (6 in rep 9) data={'reward_today': 78.0, 'future_reward': 80.0, 'delay': 162.0, 'thisN': 69, 'thisTrialN': 6, 'thisRepN': 9}>
323.2809 	DATA 	Keypress: t
323.2858 	EXP 	Fixation: autoDraw = False
323.2858 	EXP 	text: autoDraw = False
323.2858 	EXP 	text: height = np.float64(0.05)
323.2858 	EXP 	text: height = np.float64(0.05)
323.2858 	EXP 	text: height = np.float64(0.05)
323.2858 	EXP 	text: text = 'GBP78.0todayorGBP80.0after162.0days'
323.2858 	EXP 	Fixation: autoDraw = True
323.3665 	EXP 	Device response: <KeyPress from None: t=323.24569099996006, value=t, duration=0.11227641702862456>
324.2557 	INFO 	Keyboard events cleared
324.2553 	EXP 	text: autoDraw = True
324.2817 	EXP 	Fixation: autoDraw = False
325.2000 	EXP 	Device response: <KeyPress from None: t=325.19862149999244, value=t, duration=None>
325.2066 	EXP 	New trial (rep=10, index=0): <Trial 70 (0 in rep 10) data={'reward_today': 40.0, 'future_reward': 55.0, 'delay': 62.0, 'thisN': 70, 'thisTrialN': 0, 'thisRepN': 10}>
325.2176 	DATA 	Keypress: t
325.2220 	EXP 	Fixation: autoDraw = False
325.2220 	EXP 	text: autoDraw = False
325.2220 	EXP 	text: height = np.float64(0.05)
325.2220 	EXP 	text: height = np.float64(0.05)
325.2220 	EXP 	text: height = np.float64(0.05)
325.2220 	EXP 	text: text = 'GBP40.0todayorGBP55.0after62.0days'
325.2220 	EXP 	Fixation: autoDraw = True
325.2828 	EXP 	Device response: <KeyPress from None: t=325.19862149999244, value=t, duration=0.07226220797747374>
326.2145 	INFO 	Keyboard events cleared
326.2144 	EXP 	text: autoDraw = True
326.2175 	EXP 	Fixation: autoDraw = False
329.9031 	EXP 	Device response: <KeyPress from None: t=329.88844887499, value=t, duration=None>
329.9046 	EXP 	New trial (rep=10, index=1): <Trial 71 (1 in rep 10) data={'reward_today': 15.0, 'future_reward': 35.0, 'delay': 13.0, 'thisN': 71, 'thisTrialN': 1, 'thisRepN': 10}>
329.9187 	DATA 	Keypress: t
329.9234 	EXP 	Fixation: autoDraw = False
329.9234 	EXP 	text: autoDraw = False
329.9234 	EXP 	text: height = np.float64(0.05)
329.9234 	EXP 	text: height = np.float64(0.05)
329.9234 	EXP 	text: height = np.float64(0.05)
329.9234 	EXP 	text: text = 'GBP15.0todayorGBP35.0after13.0days'
329.9234 	EXP 	Fixation: autoDraw = True
330.0159 	EXP 	Device response: <KeyPress from None: t=329.88844887499, value=t, duration=0.12035541696241125>
330.9054 	INFO 	Keyboard events cleared
330.9052 	EXP 	text: autoDraw = True
330.9186 	EXP 	Fixation: autoDraw = False
332.3894 	EXP 	Device response: <KeyPress from None: t=332.3863992499537, value=l, duration=None>
332.3897 	EXP 	New trial (rep=10, index=2): <Trial 72 (2 in rep 10) data={'reward_today': 27.0, 'future_reward': 50.0, 'delay': 21.0, 'thisN': 72, 'thisTrialN': 2, 'thisRepN': 10}>
332.4015 	DATA 	Keypress: l
332.4061 	EXP 	Fixation: autoDraw = False
332.4061 	EXP 	text: autoDraw = False
332.4061 	EXP 	text: height = np.float64(0.05)
332.4061 	EXP 	text: height = np.float64(0.05)
332.4061 	EXP 	text: height = np.float64(0.05)
332.4061 	EXP 	text: text = 'GBP27.0todayorGBP50.0after21.0days'
332.4061 	EXP 	Fixation: autoDraw = True
332.4697 	EXP 	Device response: <KeyPress from None: t=332.3863992499537, value=l, duration=0.08028983301483095>
333.3892 	INFO 	Keyboard events cleared
333.3889 	EXP 	text: autoDraw = True
333.3981 	EXP 	Fixation: autoDraw = False
335.7368 	EXP 	Device response: <KeyPress from None: t=335.72327574994415, value=l, duration=None>
335.7472 	EXP 	New trial (rep=10, index=3): <Trial 73 (3 in rep 10) data={'reward_today': 67.0, 'future_reward': 75.0, 'delay': 119.0, 'thisN': 73, 'thisTrialN': 3, 'thisRepN': 10}>
335.7708 	DATA 	Keypress: l
335.7777 	EXP 	Fixation: autoDraw = False
335.7777 	EXP 	text: autoDraw = False
335.7777 	EXP 	text: height = np.float64(0.05)
335.7777 	EXP 	text: height = np.float64(0.05)
335.7777 	EXP 	text: height = np.float64(0.05)
335.7777 	EXP 	text: text = 'GBP67.0todayorGBP75.0after119.0days'
335.7777 	EXP 	Fixation: autoDraw = True
335.7999 	EXP 	Device response: <KeyPress from None: t=335.72327574994415, value=l, duration=0.0723942500189878>
336.7396 	INFO 	Keyboard events cleared
336.7394 	EXP 	text: autoDraw = True
336.7690 	EXP 	Fixation: autoDraw = False
338.1346 	EXP 	Device response: <KeyPress from None: t=338.1226667499868, value=t, duration=None>
338.1371 	EXP 	New trial (rep=10, index=4): <Trial 74 (4 in rep 10) data={'reward_today': 49.0, 'future_reward': 60.0, 'delay': 89.0, 'thisN': 74, 'thisTrialN': 4, 'thisRepN': 10}>
338.1513 	DATA 	Keypress: t
338.1574 	EXP 	Fixation: autoDraw = False
338.1574 	EXP 	text: autoDraw = False
338.1574 	EXP 	text: height = np.float64(0.05)
338.1574 	EXP 	text: height = np.float64(0.05)
338.1574 	EXP 	text: height = np.float64(0.05)
338.1574 	EXP 	text: text = 'GBP49.0todayorGBP60.0after89.0days'
338.1574 	EXP 	Fixation: autoDraw = True
338.2152 	EXP 	Device response: <KeyPress from None: t=338.1226667499868, value=t, duration=0.0838381249923259>
339.1386 	INFO 	Keyboard events cleared
339.1383 	EXP 	text: autoDraw = True
339.1536 	EXP 	Fixation: autoDraw = False
342.8842 	EXP 	Device response: <KeyPress from None: t=342.87911991699366, value=t, duration=None>
342.8852 	EXP 	New trial (rep=10, index=5): <Trial 75 (5 in rep 10) data={'reward_today': 78.0, 'future_reward': 80.0, 'delay': 162.0, 'thisN': 75, 'thisTrialN': 5, 'thisRepN': 10}>
342.8986 	DATA 	Keypress: t
342.9032 	EXP 	Fixation: autoDraw = False
342.9032 	EXP 	text: autoDraw = False
342.9032 	EXP 	text: height = np.float64(0.05)
342.9032 	EXP 	text: height = np.float64(0.05)
342.9032 	EXP 	text: height = np.float64(0.05)
342.9032 	EXP 	text: text = 'GBP78.0todayorGBP80.0after162.0days'
342.9032 	EXP 	Fixation: autoDraw = True
342.9693 	EXP 	Device response: <KeyPress from None: t=342.87911991699366, value=t, duration=0.08823774999473244>
343.8814 	INFO 	Keyboard events cleared
343.8811 	EXP 	text: autoDraw = True
343.8977 	EXP 	Fixation: autoDraw = False
345.9656 	EXP 	Device response: <KeyPress from None: t=345.9638889169437, value=t, duration=None>
345.9659 	EXP 	New trial (rep=10, index=6): <Trial 76 (6 in rep 10) data={'reward_today': 11.0, 'future_reward': 30.0, 'delay': 7.0, 'thisN': 76, 'thisTrialN': 6, 'thisRepN': 10}>
345.9764 	DATA 	Keypress: t
345.9813 	EXP 	Fixation: autoDraw = False
345.9813 	EXP 	text: autoDraw = False
345.9813 	EXP 	text: height = np.float64(0.05)
345.9813 	EXP 	text: height = np.float64(0.05)
345.9813 	EXP 	text: height = np.float64(0.05)
345.9813 	EXP 	text: text = 'GBP11.0todayorGBP30.0after7.0days'
345.9813 	EXP 	Fixation: autoDraw = True
346.0490 	EXP 	Device response: <KeyPress from None: t=345.9638889169437, value=t, duration=0.08040262502618134>
346.9647 	INFO 	Keyboard events cleared
346.9645 	EXP 	text: autoDraw = True
346.9694 	EXP 	Fixation: autoDraw = False
348.5005 	EXP 	Device response: <KeyPress from None: t=348.49293083295925, value=l, duration=None>
348.5014 	EXP 	New trial (rep=11, index=0): <Trial 77 (0 in rep 11) data={'reward_today': 49.0, 'future_reward': 60.0, 'delay': 89.0, 'thisN': 77, 'thisTrialN': 0, 'thisRepN': 11}>
348.5147 	DATA 	Keypress: l
348.5193 	EXP 	Fixation: autoDraw = False
348.5193 	EXP 	text: autoDraw = False
348.5193 	EXP 	text: height = np.float64(0.05)
348.5193 	EXP 	text: height = np.float64(0.05)
348.5193 	EXP 	text: height = np.float64(0.05)
348.5193 	EXP 	text: text = 'GBP49.0todayorGBP60.0after89.0days'
348.5193 	EXP 	Fixation: autoDraw = True
348.5815 	EXP 	Device response: <KeyPress from None: t=348.49293083295925, value=l, duration=0.08426491700811312>
349.4974 	INFO 	Keyboard events cleared
349.4971 	EXP 	text: autoDraw = True
349.5141 	EXP 	Fixation: autoDraw = False
351.0659 	EXP 	Device response: <KeyPress from None: t=351.0628257499775, value=t, duration=None>
351.0664 	EXP 	New trial (rep=11, index=1): <Trial 78 (1 in rep 11) data={'reward_today': 15.0, 'future_reward': 35.0, 'delay': 13.0, 'thisN': 78, 'thisTrialN': 1, 'thisRepN': 11}>
351.0797 	DATA 	Keypress: t
351.0842 	EXP 	Fixation: autoDraw = False
351.0842 	EXP 	text: autoDraw = False
351.0842 	EXP 	text: height = np.float64(0.05)
351.0842 	EXP 	text: height = np.float64(0.05)
351.0842 	EXP 	text: height = np.float64(0.05)
351.0842 	EXP 	text: text = 'GBP15.0todayorGBP35.0after13.0days'
351.0842 	EXP 	Fixation: autoDraw = True
351.1491 	EXP 	Device response: <KeyPress from None: t=351.0628257499775, value=t, duration=0.07635124999796972>
352.0711 	INFO 	Keyboard events cleared
352.0710 	EXP 	text: autoDraw = True
352.0807 	EXP 	Fixation: autoDraw = False
354.3199 	EXP 	Device response: <KeyPress from None: t=354.3037003329955, value=l, duration=None>
354.3207 	EXP 	New trial (rep=11, index=2): <Trial 79 (2 in rep 11) data={'reward_today': 11.0, 'future_reward': 30.0, 'delay': 7.0, 'thisN': 79, 'thisTrialN': 2, 'thisRepN': 11}>
354.3324 	DATA 	Keypress: l
354.3371 	EXP 	Fixation: autoDraw = False
354.3371 	EXP 	text: autoDraw = False
354.3371 	EXP 	text: height = np.float64(0.05)
354.3371 	EXP 	text: height = np.float64(0.05)
354.3371 	EXP 	text: height = np.float64(0.05)
354.3371 	EXP 	text: text = 'GBP11.0todayorGBP30.0after7.0days'
354.3371 	EXP 	Fixation: autoDraw = True
354.3654 	EXP 	Device response: <KeyPress from None: t=354.3037003329955, value=l, duration=0.05237316695274785>
355.3149 	INFO 	Keyboard events cleared
355.3146 	EXP 	text: autoDraw = True
355.3343 	EXP 	Fixation: autoDraw = False
356.1560 	EXP 	Device response: <KeyPress from None: t=356.1497343329829, value=l, duration=None>
356.1564 	EXP 	New trial (rep=11, index=3): <Trial 80 (3 in rep 11) data={'reward_today': 40.0, 'future_reward': 55.0, 'delay': 62.0, 'thisN': 80, 'thisTrialN': 3, 'thisRepN': 11}>
356.1674 	DATA 	Keypress: l
356.1720 	EXP 	Fixation: autoDraw = False
356.1720 	EXP 	text: autoDraw = False
356.1720 	EXP 	text: height = np.float64(0.05)
356.1720 	EXP 	text: height = np.float64(0.05)
356.1720 	EXP 	text: height = np.float64(0.05)
356.1720 	EXP 	text: text = 'GBP40.0todayorGBP55.0after62.0days'
356.1720 	EXP 	Fixation: autoDraw = True
356.2326 	EXP 	Device response: <KeyPress from None: t=356.1497343329829, value=l, duration=0.0762154589756392>
357.1554 	INFO 	Keyboard events cleared
357.1551 	EXP 	text: autoDraw = True
357.1647 	EXP 	Fixation: autoDraw = False
358.4333 	EXP 	Device response: <KeyPress from None: t=358.4245720829931, value=t, duration=None>
358.4340 	EXP 	New trial (rep=11, index=4): <Trial 81 (4 in rep 11) data={'reward_today': 67.0, 'future_reward': 75.0, 'delay': 119.0, 'thisN': 81, 'thisTrialN': 4, 'thisRepN': 11}>
358.4462 	DATA 	Keypress: t
358.4506 	EXP 	Fixation: autoDraw = False
358.4506 	EXP 	text: autoDraw = False
358.4506 	EXP 	text: height = np.float64(0.05)
358.4506 	EXP 	text: height = np.float64(0.05)
358.4506 	EXP 	text: height = np.float64(0.05)
358.4506 	EXP 	text: text = 'GBP67.0todayorGBP75.0after119.0days'
358.4506 	EXP 	Fixation: autoDraw = True
358.5158 	EXP 	Device response: <KeyPress from None: t=358.4245720829931, value=t, duration=0.08443429198814556>
359.4314 	INFO 	Keyboard events cleared
359.4311 	EXP 	text: autoDraw = True
359.4478 	EXP 	Fixation: autoDraw = False
360.8695 	EXP 	Device response: <KeyPress from None: t=360.85860579198925, value=t, duration=None>
360.8703 	EXP 	New trial (rep=11, index=5): <Trial 82 (5 in rep 11) data={'reward_today': 27.0, 'future_reward': 50.0, 'delay': 21.0, 'thisN': 82, 'thisTrialN': 5, 'thisRepN': 11}>
360.8827 	DATA 	Keypress: t
360.8870 	EXP 	Fixation: autoDraw = False
360.8870 	EXP 	text: autoDraw = False
360.8870 	EXP 	text: height = np.float64(0.05)
360.8870 	EXP 	text: height = np.float64(0.05)
360.8870 	EXP 	text: height = np.float64(0.05)
360.8870 	EXP 	text: text = 'GBP27.0todayorGBP50.0after21.0days'
360.8870 	EXP 	Fixation: autoDraw = True
360.9830 	EXP 	Device response: <KeyPress from None: t=360.85860579198925, value=t, duration=0.12027570797363296>
361.8647 	INFO 	Keyboard events cleared
361.8643 	EXP 	text: autoDraw = True
361.8809 	EXP 	Fixation: autoDraw = False
363.5714 	EXP 	Device response: <KeyPress from None: t=363.5694338749745, value=l, duration=None>
363.5718 	EXP 	New trial (rep=11, index=6): <Trial 83 (6 in rep 11) data={'reward_today': 78.0, 'future_reward': 80.0, 'delay': 162.0, 'thisN': 83, 'thisTrialN': 6, 'thisRepN': 11}>
363.5836 	DATA 	Keypress: l
363.5899 	EXP 	Fixation: autoDraw = False
363.5899 	EXP 	text: autoDraw = False
363.5899 	EXP 	text: height = np.float64(0.05)
363.5899 	EXP 	text: height = np.float64(0.05)
363.5899 	EXP 	text: height = np.float64(0.05)
363.5899 	EXP 	text: text = 'GBP78.0todayorGBP80.0after162.0days'
363.5899 	EXP 	Fixation: autoDraw = True
363.6157 	EXP 	Device response: <KeyPress from None: t=363.5694338749745, value=l, duration=0.036302957974839956>
364.5712 	INFO 	Keyboard events cleared
364.5710 	EXP 	text: autoDraw = True
364.5863 	EXP 	Fixation: autoDraw = False
365.7992 	EXP 	Device response: <KeyPress from None: t=365.7873908749898, value=t, duration=None>
365.7997 	EXP 	New trial (rep=12, index=0): <Trial 84 (0 in rep 12) data={'reward_today': 27.0, 'future_reward': 50.0, 'delay': 21.0, 'thisN': 84, 'thisTrialN': 0, 'thisRepN': 12}>
365.8117 	DATA 	Keypress: t
365.8163 	EXP 	Fixation: autoDraw = False
365.8163 	EXP 	text: autoDraw = False
365.8163 	EXP 	text: height = np.float64(0.05)
365.8163 	EXP 	text: height = np.float64(0.05)
365.8163 	EXP 	text: height = np.float64(0.05)
365.8163 	EXP 	text: text = 'GBP27.0todayorGBP50.0after21.0days'
365.8163 	EXP 	Fixation: autoDraw = True
365.9163 	EXP 	Device response: <KeyPress from None: t=365.7873908749898, value=t, duration=0.12033958296524361>
366.7982 	INFO 	Keyboard events cleared
366.7978 	EXP 	text: autoDraw = True
366.8147 	EXP 	Fixation: autoDraw = False
368.0865 	EXP 	Device response: <KeyPress from None: t=368.07133124995744, value=l, duration=None>
368.0876 	EXP 	New trial (rep=12, index=1): <Trial 85 (1 in rep 12) data={'reward_today': 11.0, 'future_reward': 30.0, 'delay': 7.0, 'thisN': 85, 'thisTrialN': 1, 'thisRepN': 12}>
368.1068 	DATA 	Keypress: l
368.1117 	EXP 	Fixation: autoDraw = False
368.1117 	EXP 	text: autoDraw = False
368.1117 	EXP 	text: height = np.float64(0.05)
368.1117 	EXP 	text: height = np.float64(0.05)
368.1117 	EXP 	text: height = np.float64(0.05)
368.1117 	EXP 	text: text = 'GBP11.0todayorGBP30.0after7.0days'
368.1117 	EXP 	Fixation: autoDraw = True
368.1487 	EXP 	Device response: <KeyPress from None: t=368.07133124995744, value=l, duration=0.07228520803619176>
369.0878 	INFO 	Keyboard events cleared
369.0876 	EXP 	text: autoDraw = True
369.1024 	EXP 	Fixation: autoDraw = False
369.8331 	EXP 	Device response: <KeyPress from None: t=369.8242983749951, value=l, duration=None>
369.8338 	EXP 	New trial (rep=12, index=2): <Trial 86 (2 in rep 12) data={'reward_today': 15.0, 'future_reward': 35.0, 'delay': 13.0, 'thisN': 86, 'thisTrialN': 2, 'thisRepN': 12}>
369.8460 	DATA 	Keypress: l
369.8505 	EXP 	Fixation: autoDraw = False
369.8505 	EXP 	text: autoDraw = False
369.8505 	EXP 	text: height = np.float64(0.05)
369.8505 	EXP 	text: height = np.float64(0.05)
369.8505 	EXP 	text: height = np.float64(0.05)
369.8505 	EXP 	text: text = 'GBP15.0todayorGBP35.0after13.0days'
369.8505 	EXP 	Fixation: autoDraw = True
369.9315 	EXP 	Device response: <KeyPress from None: t=369.8242983749951, value=l, duration=0.10039849998429418>
370.8311 	INFO 	Keyboard events cleared
370.8309 	EXP 	text: autoDraw = True
370.8476 	EXP 	Fixation: autoDraw = False
373.2826 	EXP 	Device response: <KeyPress from None: t=373.2781275419984, value=l, duration=None>
373.2830 	EXP 	New trial (rep=12, index=3): <Trial 87 (3 in rep 12) data={'reward_today': 49.0, 'future_reward': 60.0, 'delay': 89.0, 'thisN': 87, 'thisTrialN': 3, 'thisRepN': 12}>
373.2951 	DATA 	Keypress: l
373.2998 	EXP 	Fixation: autoDraw = False
373.2998 	EXP 	text: autoDraw = False
373.2998 	EXP 	text: height = np.float64(0.05)
373.2998 	EXP 	text: height = np.float64(0.05)
373.2998 	EXP 	text: height = np.float64(0.05)
373.2998 	EXP 	text: text = 'GBP49.0todayorGBP60.0after89.0days'
373.2998 	EXP 	Fixation: autoDraw = True
373.3992 	EXP 	Device response: <KeyPress from None: t=373.2781275419984, value=l, duration=0.11650220799492672>
374.2814 	INFO 	Keyboard events cleared
374.2811 	EXP 	text: autoDraw = True
374.3094 	EXP 	Fixation: autoDraw = False
376.0495 	EXP 	Device response: <KeyPress from None: t=376.047114874993, value=t, duration=None>
376.0501 	EXP 	New trial (rep=12, index=4): <Trial 88 (4 in rep 12) data={'reward_today': 78.0, 'future_reward': 80.0, 'delay': 162.0, 'thisN': 88, 'thisTrialN': 4, 'thisRepN': 12}>
376.0648 	DATA 	Keypress: t
376.0694 	EXP 	Fixation: autoDraw = False
376.0694 	EXP 	text: autoDraw = False
376.0694 	EXP 	text: height = np.float64(0.05)
376.0694 	EXP 	text: height = np.float64(0.05)
376.0694 	EXP 	text: height = np.float64(0.05)
376.0694 	EXP 	text: text = 'GBP78.0todayorGBP80.0after162.0days'
376.0694 	EXP 	Fixation: autoDraw = True
376.1490 	EXP 	Device response: <KeyPress from None: t=376.047114874993, value=t, duration=0.09237979195313528>
377.0478 	INFO 	Keyboard events cleared
377.0475 	EXP 	text: autoDraw = True
377.0644 	EXP 	Fixation: autoDraw = False
381.2837 	EXP 	Device response: <KeyPress from None: t=381.2799104999867, value=t, duration=None>
381.2981 	EXP 	New trial (rep=12, index=5): <Trial 89 (5 in rep 12) data={'reward_today': 67.0, 'future_reward': 75.0, 'delay': 119.0, 'thisN': 89, 'thisTrialN': 5, 'thisRepN': 12}>
381.3055 	DATA 	Keypress: t
381.3094 	EXP 	Fixation: autoDraw = False
381.3094 	EXP 	text: autoDraw = False
381.3094 	EXP 	text: height = np.float64(0.05)
381.3094 	EXP 	text: height = np.float64(0.05)
381.3094 	EXP 	text: height = np.float64(0.05)
381.3094 	EXP 	text: text = 'GBP67.0todayorGBP75.0after119.0days'
381.3094 	EXP 	Fixation: autoDraw = True
381.3825 	EXP 	Device response: <KeyPress from None: t=381.2799104999867, value=t, duration=0.10041212500073016>
382.2883 	INFO 	Keyboard events cleared
382.2880 	EXP 	text: autoDraw = True
382.3019 	EXP 	Fixation: autoDraw = False
384.9907 	EXP 	Device response: <KeyPress from None: t=384.9718581669731, value=t, duration=None>
384.9914 	EXP 	New trial (rep=12, index=6): <Trial 90 (6 in rep 12) data={'reward_today': 40.0, 'future_reward': 55.0, 'delay': 62.0, 'thisN': 90, 'thisTrialN': 6, 'thisRepN': 12}>
385.0000 	DATA 	Keypress: t
385.0044 	EXP 	Fixation: autoDraw = False
385.0044 	EXP 	text: autoDraw = False
385.0044 	EXP 	text: height = np.float64(0.05)
385.0044 	EXP 	text: height = np.float64(0.05)
385.0044 	EXP 	text: height = np.float64(0.05)
385.0044 	EXP 	text: text = 'GBP40.0todayorGBP55.0after62.0days'
385.0044 	EXP 	Fixation: autoDraw = True
385.0547 	EXP 	Device response: <KeyPress from None: t=384.9718581669731, value=t, duration=0.08024941600160673>
385.9877 	INFO 	Keyboard events cleared
385.9875 	EXP 	text: autoDraw = True
385.9974 	EXP 	Fixation: autoDraw = False
387.3722 	EXP 	Device response: <KeyPress from None: t=387.3677452499978, value=t, duration=None>
387.3732 	EXP 	New trial (rep=13, index=0): <Trial 91 (0 in rep 13) data={'reward_today': 78.0, 'future_reward': 80.0, 'delay': 162.0, 'thisN': 91, 'thisTrialN': 0, 'thisRepN': 13}>
387.3845 	DATA 	Keypress: t
387.3888 	EXP 	Fixation: autoDraw = False
387.3888 	EXP 	text: autoDraw = False
387.3888 	EXP 	text: height = np.float64(0.05)
387.3888 	EXP 	text: height = np.float64(0.05)
387.3888 	EXP 	text: height = np.float64(0.05)
387.3888 	EXP 	text: text = 'GBP78.0todayorGBP80.0after162.0days'
387.3888 	EXP 	Fixation: autoDraw = True
387.4706 	EXP 	Device response: <KeyPress from None: t=387.3677452499978, value=t, duration=0.10037866694619879>
388.3798 	INFO 	Keyboard events cleared
388.3796 	EXP 	Fixation: autoDraw = False
388.3796 	EXP 	text: autoDraw = True
392.9327 	EXP 	Device response: <KeyPress from None: t=392.9265652919421, value=t, duration=None>
392.9332 	EXP 	New trial (rep=13, index=1): <Trial 92 (1 in rep 13) data={'reward_today': 49.0, 'future_reward': 60.0, 'delay': 89.0, 'thisN': 92, 'thisTrialN': 1, 'thisRepN': 13}>
392.9457 	DATA 	Keypress: t
392.9506 	EXP 	Fixation: autoDraw = False
392.9506 	EXP 	text: autoDraw = False
392.9506 	EXP 	text: height = np.float64(0.05)
392.9506 	EXP 	text: height = np.float64(0.05)
392.9506 	EXP 	text: height = np.float64(0.05)
392.9506 	EXP 	text: text = 'GBP49.0todayorGBP60.0after89.0days'
392.9506 	EXP 	Fixation: autoDraw = True
393.0420 	EXP 	Device response: <KeyPress from None: t=392.9265652919421, value=t, duration=0.11235454102279618>
393.9318 	INFO 	Keyboard events cleared
393.9317 	EXP 	text: autoDraw = True
393.9478 	EXP 	Fixation: autoDraw = False
395.7043 	EXP 	Device response: <KeyPress from None: t=395.68960341694765, value=t, duration=None>
395.7049 	EXP 	New trial (rep=13, index=2): <Trial 93 (2 in rep 13) data={'reward_today': 40.0, 'future_reward': 55.0, 'delay': 62.0, 'thisN': 93, 'thisTrialN': 2, 'thisRepN': 13}>
395.7146 	DATA 	Keypress: t
395.7190 	EXP 	Fixation: autoDraw = False
395.7190 	EXP 	text: autoDraw = False
395.7190 	EXP 	text: height = np.float64(0.05)
395.7190 	EXP 	text: height = np.float64(0.05)
395.7190 	EXP 	text: height = np.float64(0.05)
395.7190 	EXP 	text: text = 'GBP40.0todayorGBP55.0after62.0days'
395.7190 	EXP 	Fixation: autoDraw = True
395.8544 	EXP 	Device response: <KeyPress from None: t=395.68960341694765, value=t, duration=0.16030979104107246>
396.7047 	INFO 	Keyboard events cleared
396.7044 	EXP 	text: autoDraw = True
396.7142 	EXP 	Fixation: autoDraw = False
397.9853 	EXP 	Device response: <KeyPress from None: t=397.9774949999992, value=t, duration=None>
397.9864 	EXP 	New trial (rep=13, index=3): <Trial 94 (3 in rep 13) data={'reward_today': 27.0, 'future_reward': 50.0, 'delay': 21.0, 'thisN': 94, 'thisTrialN': 3, 'thisRepN': 13}>
397.9993 	DATA 	Keypress: t
398.0036 	EXP 	Fixation: autoDraw = False
398.0036 	EXP 	text: autoDraw = False
398.0036 	EXP 	text: height = np.float64(0.05)
398.0036 	EXP 	text: height = np.float64(0.05)
398.0036 	EXP 	text: height = np.float64(0.05)
398.0036 	EXP 	text: text = 'GBP27.0todayorGBP50.0after21.0days'
398.0036 	EXP 	Fixation: autoDraw = True
398.0830 	EXP 	Device response: <KeyPress from None: t=397.9774949999992, value=t, duration=0.10031712497584522>
398.9811 	INFO 	Keyboard events cleared
398.9809 	EXP 	text: autoDraw = True
399.0000 	EXP 	Fixation: autoDraw = False
403.7061 	EXP 	Device response: <KeyPress from None: t=403.68834245798644, value=l, duration=None>
403.7068 	EXP 	New trial (rep=13, index=4): <Trial 95 (4 in rep 13) data={'reward_today': 11.0, 'future_reward': 30.0, 'delay': 7.0, 'thisN': 95, 'thisTrialN': 4, 'thisRepN': 13}>
403.7164 	DATA 	Keypress: l
403.7207 	EXP 	Fixation: autoDraw = False
403.7207 	EXP 	text: autoDraw = False
403.7207 	EXP 	text: height = np.float64(0.05)
403.7207 	EXP 	text: height = np.float64(0.05)
403.7207 	EXP 	text: height = np.float64(0.05)
403.7207 	EXP 	text: text = 'GBP11.0todayorGBP30.0after7.0days'
403.7207 	EXP 	Fixation: autoDraw = True
403.7999 	EXP 	Device response: <KeyPress from None: t=403.68834245798644, value=l, duration=0.10027333401376382>
404.7046 	INFO 	Keyboard events cleared
404.7043 	EXP 	text: autoDraw = True
404.7144 	EXP 	Fixation: autoDraw = False
406.7218 	EXP 	Device response: <KeyPress from None: t=406.717118999979, value=l, duration=None>
406.7222 	EXP 	New trial (rep=13, index=5): <Trial 96 (5 in rep 13) data={'reward_today': 15.0, 'future_reward': 35.0, 'delay': 13.0, 'thisN': 96, 'thisTrialN': 5, 'thisRepN': 13}>
406.7330 	DATA 	Keypress: l
406.7375 	EXP 	Fixation: autoDraw = False
406.7375 	EXP 	text: autoDraw = False
406.7375 	EXP 	text: height = np.float64(0.05)
406.7375 	EXP 	text: height = np.float64(0.05)
406.7375 	EXP 	text: height = np.float64(0.05)
406.7375 	EXP 	text: text = 'GBP15.0todayorGBP35.0after13.0days'
406.7375 	EXP 	Fixation: autoDraw = True
406.7973 	EXP 	Device response: <KeyPress from None: t=406.717118999979, value=l, duration=0.07639079197542742>
407.7212 	INFO 	Keyboard events cleared
407.7210 	EXP 	text: autoDraw = True
407.7312 	EXP 	Fixation: autoDraw = False
408.6494 	EXP 	Device response: <KeyPress from None: t=408.63814041699516, value=l, duration=None>
408.6499 	EXP 	New trial (rep=13, index=6): <Trial 97 (6 in rep 13) data={'reward_today': 67.0, 'future_reward': 75.0, 'delay': 119.0, 'thisN': 97, 'thisTrialN': 6, 'thisRepN': 13}>
408.6640 	DATA 	Keypress: l
408.6685 	EXP 	Fixation: autoDraw = False
408.6685 	EXP 	text: autoDraw = False
408.6685 	EXP 	text: height = np.float64(0.05)
408.6685 	EXP 	text: height = np.float64(0.05)
408.6685 	EXP 	text: height = np.float64(0.05)
408.6685 	EXP 	text: text = 'GBP67.0todayorGBP75.0after119.0days'
408.6685 	EXP 	Fixation: autoDraw = True
408.7376 	EXP 	Device response: <KeyPress from None: t=408.63814041699516, value=l, duration=0.09635370795149356>
409.6491 	INFO 	Keyboard events cleared
409.6482 	EXP 	text: autoDraw = True
409.6648 	EXP 	Fixation: autoDraw = False
410.5659 	EXP 	Device response: <KeyPress from None: t=410.55507387494436, value=t, duration=None>
410.5663 	EXP 	New trial (rep=14, index=0): <Trial 98 (0 in rep 14) data={'reward_today': 15.0, 'future_reward': 35.0, 'delay': 13.0, 'thisN': 98, 'thisTrialN': 0, 'thisRepN': 14}>
410.5808 	DATA 	Keypress: t
410.5855 	EXP 	Fixation: autoDraw = False
410.5855 	EXP 	text: autoDraw = False
410.5855 	EXP 	text: height = np.float64(0.05)
410.5855 	EXP 	text: height = np.float64(0.05)
410.5855 	EXP 	text: height = np.float64(0.05)
410.5855 	EXP 	text: text = 'GBP15.0todayorGBP35.0after13.0days'
410.5855 	EXP 	Fixation: autoDraw = True
410.6656 	EXP 	Device response: <KeyPress from None: t=410.55507387494436, value=t, duration=0.10024212504504248>
411.5645 	INFO 	Keyboard events cleared
411.5645 	EXP 	text: autoDraw = True
411.5857 	EXP 	Fixation: autoDraw = False
412.4825 	EXP 	Device response: <KeyPress from None: t=412.4791954579996, value=l, duration=None>
412.4830 	EXP 	New trial (rep=14, index=1): <Trial 99 (1 in rep 14) data={'reward_today': 78.0, 'future_reward': 80.0, 'delay': 162.0, 'thisN': 99, 'thisTrialN': 1, 'thisRepN': 14}>
412.4951 	DATA 	Keypress: l
412.4998 	EXP 	Fixation: autoDraw = False
412.4998 	EXP 	text: autoDraw = False
412.4998 	EXP 	text: height = np.float64(0.05)
412.4998 	EXP 	text: height = np.float64(0.05)
412.4998 	EXP 	text: height = np.float64(0.05)
412.4998 	EXP 	text: text = 'GBP78.0todayorGBP80.0after162.0days'
412.4998 	EXP 	Fixation: autoDraw = True
412.5696 	EXP 	Device response: <KeyPress from None: t=412.4791954579996, value=l, duration=0.08820074994582683>
413.4812 	INFO 	Keyboard events cleared
413.4810 	EXP 	text: autoDraw = True
413.4979 	EXP 	Fixation: autoDraw = False
414.4998 	EXP 	Device response: <KeyPress from None: t=414.48893237498123, value=t, duration=None>
414.5008 	EXP 	New trial (rep=14, index=2): <Trial 100 (2 in rep 14) data={'reward_today': 11.0, 'future_reward': 30.0, 'delay': 7.0, 'thisN': 100, 'thisTrialN': 2, 'thisRepN': 14}>
414.5132 	DATA 	Keypress: t
414.5178 	EXP 	Fixation: autoDraw = False
414.5178 	EXP 	text: autoDraw = False
414.5178 	EXP 	text: height = np.float64(0.05)
414.5178 	EXP 	text: height = np.float64(0.05)
414.5178 	EXP 	text: height = np.float64(0.05)
414.5178 	EXP 	text: text = 'GBP11.0todayorGBP30.0after7.0days'
414.5178 	EXP 	Fixation: autoDraw = True
414.6163 	EXP 	Device response: <KeyPress from None: t=414.48893237498123, value=t, duration=0.12437174998922274>
415.4981 	INFO 	Keyboard events cleared
415.4978 	EXP 	text: autoDraw = True
415.5145 	EXP 	Fixation: autoDraw = False
417.0877 	EXP 	Device response: <KeyPress from None: t=417.0829094579676, value=l, duration=None>
417.0881 	EXP 	New trial (rep=14, index=3): <Trial 101 (3 in rep 14) data={'reward_today': 67.0, 'future_reward': 75.0, 'delay': 119.0, 'thisN': 101, 'thisTrialN': 3, 'thisRepN': 14}>
417.0987 	DATA 	Keypress: l
417.1033 	EXP 	Fixation: autoDraw = False
417.1033 	EXP 	text: autoDraw = False
417.1033 	EXP 	text: height = np.float64(0.05)
417.1033 	EXP 	text: height = np.float64(0.05)
417.1033 	EXP 	text: height = np.float64(0.05)
417.1033 	EXP 	text: text = 'GBP67.0todayorGBP75.0after119.0days'
417.1033 	EXP 	Fixation: autoDraw = True
417.1826 	EXP 	Device response: <KeyPress from None: t=417.0829094579676, value=l, duration=0.09630587499123067>
418.0872 	INFO 	Keyboard events cleared
418.0870 	EXP 	text: autoDraw = True
418.0974 	EXP 	Fixation: autoDraw = False
419.3662 	EXP 	Device response: <KeyPress from None: t=419.3637305419543, value=t, duration=None>
419.3667 	EXP 	New trial (rep=14, index=4): <Trial 102 (4 in rep 14) data={'reward_today': 40.0, 'future_reward': 55.0, 'delay': 62.0, 'thisN': 102, 'thisTrialN': 4, 'thisRepN': 14}>
419.3784 	DATA 	Keypress: t
419.3829 	EXP 	Fixation: autoDraw = False
419.3829 	EXP 	text: autoDraw = False
419.3829 	EXP 	text: height = np.float64(0.05)
419.3829 	EXP 	text: height = np.float64(0.05)
419.3829 	EXP 	text: height = np.float64(0.05)
419.3829 	EXP 	text: text = 'GBP40.0todayorGBP55.0after62.0days'
419.3829 	EXP 	Fixation: autoDraw = True
419.4710 	EXP 	Device response: <KeyPress from None: t=419.3637305419543, value=t, duration=0.10445670800982043>
420.3646 	INFO 	Keyboard events cleared
420.3643 	EXP 	text: autoDraw = True
420.3813 	EXP 	Fixation: autoDraw = False
422.1383 	EXP 	Device response: <KeyPress from None: t=422.12068391696084, value=t, duration=None>
422.1392 	EXP 	New trial (rep=14, index=5): <Trial 103 (5 in rep 14) data={'reward_today': 49.0, 'future_reward': 60.0, 'delay': 89.0, 'thisN': 103, 'thisTrialN': 5, 'thisRepN': 14}>
422.1492 	DATA 	Keypress: t
422.1535 	EXP 	Fixation: autoDraw = False
422.1535 	EXP 	text: autoDraw = False
422.1535 	EXP 	text: height = np.float64(0.05)
422.1535 	EXP 	text: height = np.float64(0.05)
422.1535 	EXP 	text: height = np.float64(0.05)
422.1535 	EXP 	text: text = 'GBP49.0todayorGBP60.0after89.0days'
422.1535 	EXP 	Fixation: autoDraw = True
422.1993 	EXP 	Device response: <KeyPress from None: t=422.12068391696084, value=t, duration=0.07639241602737457>
423.1381 	INFO 	Keyboard events cleared
423.1379 	EXP 	text: autoDraw = True
423.1478 	EXP 	Fixation: autoDraw = False
424.5834 	EXP 	Device response: <KeyPress from None: t=424.5767218329711, value=t, duration=None>
424.5842 	EXP 	New trial (rep=14, index=6): <Trial 104 (6 in rep 14) data={'reward_today': 27.0, 'future_reward': 50.0, 'delay': 21.0, 'thisN': 104, 'thisTrialN': 6, 'thisRepN': 14}>
424.5962 	DATA 	Keypress: t
424.6006 	EXP 	Fixation: autoDraw = False
424.6006 	EXP 	text: autoDraw = False
424.6006 	EXP 	text: height = np.float64(0.05)
424.6006 	EXP 	text: height = np.float64(0.05)
424.6006 	EXP 	text: height = np.float64(0.05)
424.6006 	EXP 	text: text = 'GBP27.0todayorGBP50.0after21.0days'
424.6006 	EXP 	Fixation: autoDraw = True
424.6993 	EXP 	Device response: <KeyPress from None: t=424.5767218329711, value=t, duration=0.11222845898009837>
425.5813 	INFO 	Keyboard events cleared
425.5811 	EXP 	text: autoDraw = True
425.5974 	EXP 	Fixation: autoDraw = False
429.1830 	EXP 	Device response: <KeyPress from None: t=429.1696154169622, value=l, duration=None>
429.1923 	DATA 	Keypress: l
429.1974 	EXP 	Fixation: autoDraw = False
429.1974 	EXP 	text: autoDraw = False
429.1993 	EXP 	delay discounting: status = STOPPED
429.2694 	INFO 	saved data to '/Users/tiaragajjar/Desktop/lab/EXP7 Delay Discounting /data/3_delay discounting_2025-10-24_14h36.30.442.csv'
429.3000 	INFO 	saved data to /Users/tiaragajjar/Desktop/lab/EXP7 Delay Discounting /data/3_delay discounting_2025-10-24_14h36.30.442.psydat
430.9443 	WARNING 	Stopping key buffers but this could be dangerous ifother keyboards rely on the same.
430.9452 	WARNING 	Stopping key buffers but this could be dangerous ifother keyboards rely on the same.
