31.7193 	WARNING 	Font Manager failed to load file /System/Library/PrivateFrameworks/FontServices.framework/Resources/Reserved/PingFangUI.ttc
31.8302 	WARNING 	Font Manager failed to load file /System/Library/PrivateFrameworks/FontServices.framework/Resources/Reserved/PingFangUI.ttc
58.3820 	INFO 	Loaded monitor calibration from ['2025_08_07 12:17']
58.4182 	WARNING 	User requested fullscreen with size [1024  768], but screen is actually [1440, 900]. Using actual size
58.7768 	INFO 	Using renderer 'Apple M2' for graphics
58.7769 	INFO 	OpenGL version supported by driver is 2..
58.8644 	EXP 	Created window1 = Window(allowGUI=False, allowStencil=False, autoLog=True, backendConf=UNKNOWN, backgroundFit=<method-wrapper '__getattribute__' of attributeSetter object at 0x151f797e0>, backgroundImage=<method-wrapper '__getattribute__' of attributeSetter object at 0x151f79780>, bitsMode=UNKNOWN, blendMode='avg', bpc=(8, 8, 8), color=array([0, 0, 0]), colorSpace='rgb', depthBits=8, fullscr=True, gamma=None, gammaErrorPolicy='raise', infoMsg=UNKNOWN, lms=UNKNOWN, monitor=<psychopy.monitors.calibTools.Monitor object at 0x151f2eb30>, multiSample=False, name='window1', numSamples=2, pos=[np.float64(0.0), np.float64(0.0)], screen=0, size=array([2880, 1800]), stencilBits=0, stereo=False, title='PsychoPy', units='height', useFBO=True, useRetina=True, viewOri=0.0, viewPos=None, viewScale=None, waitBlanking=True, winType='pyglet')
58.8646 	EXP 	window1: backgroundImage = ''
58.8647 	EXP 	window1: backgroundFit = 'none'
59.4424 	EXP 	window1: Attempting to measure frame rate of screen (0) ...
59.4424 	EXP 	window1: recordFrameIntervals = False
60.0791 	EXP 	window1: recordFrameIntervals = True
60.9159 	WARNING 	Couldn't measure a consistent frame rate!
  - Is your graphics card set to sync to vertical blank?
  - Are you running other processes on your computer?

63.3858 	INFO 	keyboard.Keyboard is using ptb backend.
63.8514 	INFO 	keyboard.Keyboard is using ptb backend.
63.8516 	EXP 	delay discounting: status = STARTED
63.8691 	EXP 	Created Fixation = ShapeStim(__class__=<class 'psychopy.visual.shape.ShapeStim'>, anchor=('center', 'center'), autoDraw=False, autoLog=True, closeShape=True, color=method-wrapper(...), colorSpace='rgb', contrast=None, depth=0.0, draggable=False, fillColor=array([1, 1, 1]), fillColorSpace='rgb', fillRGB=array([1, 1, 1]), interpolate=True, lineColor=array([1., 1., 1.]), lineColorSpace='rgb', lineRGB=array([1, 1, 1]), lineWidth=1.0, name='Fixation', opacity=1, ori=0.0, pos=array([0., 0.]), size=array([0.5, 0.5]), units='height', vertices=ndarray(...), win=Window(...), windingRule=None)
63.9004 	EXP 	Created text = TextStim(__class__=<class 'psychopy.visual.text.TextStim'>, alignHoriz=method-wrapper(...), alignText='center', alignVert=method-wrapper(...), anchorHoriz='center', anchorVert='center', antialias=True, autoDraw=False, autoLog=True, bold=False, color=array([1., 1., 1.]), colorSpace='rgb', contrast=1.0, depth=-1.0, draggable=False, flipHoriz=False, flipVert=False, font='Arial', fontFiles=[], height=0.05, italic=False, languageStyle='LTR', name='text', opacity=1, ori=0.0, pos=array([0., 0.]), rgb=UNKNOWN, text='', units='height', win=Window(...), wrapWidth=1)
0.0330 	EXP 	Imported EXP7.xlsx as conditions, 7 conditions, 3 params
0.0401 	EXP 	New trial (rep=0, index=0): <Trial 0 (0 in rep 0) data={'reward_today': 27.0, 'future_reward': 50.0, 'delay': 21.0, 'thisN': 0, 'thisTrialN': 0, 'thisRepN': 0}>
0.0986 	WARNING 	t of last frame was 84.52ms (=1/11)
0.0986 	EXP 	text: height = np.float64(0.05)
0.0986 	EXP 	text: height = np.float64(0.05)
0.0986 	EXP 	text: height = np.float64(0.05)
0.0986 	EXP 	text: text = 'GBP27.0todayorGBP50.0after21.0days'
0.0986 	EXP 	Fixation: autoDraw = True
1.0066 	INFO 	Keyboard events cleared
1.0064 	EXP 	text: autoDraw = True
1.0919 	EXP 	Fixation: autoDraw = False
5.2345 	WARNING 	t of last frame was 21.05ms (=1/47)
6.7877 	WARNING 	t of last frame was 22.98ms (=1/43)
12.8268 	EXP 	Device response: <KeyPress from None: t=12.366335834027268, value=t, duration=None>
12.8270 	EXP 	Device response: <KeyPress from None: t=12.366335834027268, value=t, duration=0.17037145799258724>
12.8274 	EXP 	New trial (rep=0, index=1): <Trial 1 (1 in rep 0) data={'reward_today': 15.0, 'future_reward': 35.0, 'delay': 13.0, 'thisN': 1, 'thisTrialN': 1, 'thisRepN': 0}>
12.8514 	DATA 	Keypress: t
12.8585 	WARNING 	t of last frame was 482.98ms (=1/2)
12.8585 	EXP 	Fixation: autoDraw = False
12.8585 	EXP 	text: autoDraw = False
12.8585 	EXP 	text: height = np.float64(0.05)
12.8585 	EXP 	text: height = np.float64(0.05)
12.8585 	EXP 	text: height = np.float64(0.05)
12.8585 	EXP 	text: text = 'GBP15.0todayorGBP35.0after13.0days'
12.8585 	EXP 	Fixation: autoDraw = True
13.8249 	INFO 	Keyboard events cleared
13.8247 	EXP 	text: autoDraw = True
13.8465 	EXP 	Fixation: autoDraw = False
16.6796 	WARNING 	Multiple dropped frames have occurred - I'll stop bothering you about them!
18.5973 	EXP 	Device response: <KeyPress from None: t=18.586926334013697, value=l, duration=None>
18.5981 	EXP 	New trial (rep=0, index=2): <Trial 2 (2 in rep 0) data={'reward_today': 78.0, 'future_reward': 80.0, 'delay': 162.0, 'thisN': 2, 'thisTrialN': 2, 'thisRepN': 0}>
18.6109 	DATA 	Keypress: l
18.6152 	EXP 	Fixation: autoDraw = False
18.6152 	EXP 	text: autoDraw = False
18.6152 	EXP 	text: height = np.float64(0.05)
18.6152 	EXP 	text: height = np.float64(0.05)
18.6152 	EXP 	text: height = np.float64(0.05)
18.6152 	EXP 	text: text = 'GBP78.0todayorGBP80.0after162.0days'
18.6152 	EXP 	Fixation: autoDraw = True
18.7312 	EXP 	Device response: <KeyPress from None: t=18.586926334013697, value=l, duration=0.13847095798701048>
19.5956 	INFO 	Keyboard events cleared
19.5955 	EXP 	text: autoDraw = True
19.6133 	EXP 	Fixation: autoDraw = False
21.9100 	EXP 	Device response: <KeyPress from None: t=21.907932624977548, value=t, duration=None>
21.9106 	EXP 	New trial (rep=0, index=3): <Trial 3 (3 in rep 0) data={'reward_today': 49.0, 'future_reward': 60.0, 'delay': 89.0, 'thisN': 3, 'thisTrialN': 3, 'thisRepN': 0}>
21.9256 	DATA 	Keypress: t
21.9302 	EXP 	Fixation: autoDraw = False
21.9302 	EXP 	text: autoDraw = False
21.9302 	EXP 	text: height = np.float64(0.05)
21.9302 	EXP 	text: height = np.float64(0.05)
21.9302 	EXP 	text: height = np.float64(0.05)
21.9302 	EXP 	text: text = 'GBP49.0todayorGBP60.0after89.0days'
21.9302 	EXP 	Fixation: autoDraw = True
22.0437 	EXP 	Device response: <KeyPress from None: t=21.907932624977548, value=t, duration=0.13242783403256908>
22.9088 	INFO 	Keyboard events cleared
22.9085 	EXP 	text: autoDraw = True
22.9249 	EXP 	Fixation: autoDraw = False
25.6502 	EXP 	Device response: <KeyPress from None: t=25.63990312500391, value=t, duration=None>
25.6523 	EXP 	New trial (rep=0, index=4): <Trial 4 (4 in rep 0) data={'reward_today': 11.0, 'future_reward': 30.0, 'delay': 7.0, 'thisN': 4, 'thisTrialN': 4, 'thisRepN': 0}>
25.6816 	DATA 	Keypress: t
25.6858 	EXP 	Fixation: autoDraw = False
25.6858 	EXP 	text: autoDraw = False
25.6858 	EXP 	text: height = np.float64(0.05)
25.6858 	EXP 	text: height = np.float64(0.05)
25.6858 	EXP 	text: height = np.float64(0.05)
25.6858 	EXP 	text: text = 'GBP11.0todayorGBP30.0after7.0days'
25.6858 	EXP 	Fixation: autoDraw = True
25.7794 	EXP 	Device response: <KeyPress from None: t=25.63990312500391, value=t, duration=0.13631920900661498>
26.6492 	INFO 	Keyboard events cleared
26.6490 	EXP 	text: autoDraw = True
26.6815 	EXP 	Fixation: autoDraw = False
28.6436 	EXP 	Device response: <KeyPress from None: t=28.6407947090338, value=l, duration=None>
28.6443 	EXP 	New trial (rep=0, index=5): <Trial 5 (5 in rep 0) data={'reward_today': 40.0, 'future_reward': 55.0, 'delay': 62.0, 'thisN': 5, 'thisTrialN': 5, 'thisRepN': 0}>
28.6569 	DATA 	Keypress: l
28.6615 	EXP 	Fixation: autoDraw = False
28.6615 	EXP 	text: autoDraw = False
28.6615 	EXP 	text: height = np.float64(0.05)
28.6615 	EXP 	text: height = np.float64(0.05)
28.6615 	EXP 	text: height = np.float64(0.05)
28.6615 	EXP 	text: text = 'GBP40.0todayorGBP55.0after62.0days'
28.6615 	EXP 	Fixation: autoDraw = True
28.8268 	EXP 	Device response: <KeyPress from None: t=28.6407947090338, value=l, duration=0.1803525829454884>
29.6417 	INFO 	Keyboard events cleared
29.6414 	EXP 	text: autoDraw = True
29.6583 	EXP 	Fixation: autoDraw = False
32.6161 	EXP 	Device response: <KeyPress from None: t=32.60965487500653, value=t, duration=None>
32.6166 	EXP 	New trial (rep=0, index=6): <Trial 6 (6 in rep 0) data={'reward_today': 67.0, 'future_reward': 75.0, 'delay': 119.0, 'thisN': 6, 'thisTrialN': 6, 'thisRepN': 0}>
32.6287 	DATA 	Keypress: t
32.6332 	EXP 	Fixation: autoDraw = False
32.6332 	EXP 	text: autoDraw = False
32.6332 	EXP 	text: height = np.float64(0.05)
32.6332 	EXP 	text: height = np.float64(0.05)
32.6332 	EXP 	text: height = np.float64(0.05)
32.6332 	EXP 	text: text = 'GBP67.0todayorGBP75.0after119.0days'
32.6332 	EXP 	Fixation: autoDraw = True
32.7603 	EXP 	Device response: <KeyPress from None: t=32.60965487500653, value=t, duration=0.14440749998902902>
33.6075 	INFO 	Keyboard events cleared
33.6072 	EXP 	text: autoDraw = True
33.6303 	EXP 	Fixation: autoDraw = False
35.5769 	EXP 	Device response: <KeyPress from None: t=35.57170612498885, value=t, duration=None>
35.5775 	EXP 	New trial (rep=1, index=0): <Trial 7 (0 in rep 1) data={'reward_today': 49.0, 'future_reward': 60.0, 'delay': 89.0, 'thisN': 7, 'thisTrialN': 0, 'thisRepN': 1}>
35.5896 	DATA 	Keypress: t
35.5941 	EXP 	Fixation: autoDraw = False
35.5941 	EXP 	text: autoDraw = False
35.5941 	EXP 	text: height = np.float64(0.05)
35.5941 	EXP 	text: height = np.float64(0.05)
35.5941 	EXP 	text: height = np.float64(0.05)
35.5941 	EXP 	text: text = 'GBP49.0todayorGBP60.0after89.0days'
35.5941 	EXP 	Fixation: autoDraw = True
35.6935 	EXP 	Device response: <KeyPress from None: t=35.57170612498885, value=t, duration=0.11209075001534075>
36.5754 	INFO 	Keyboard events cleared
36.5752 	EXP 	text: autoDraw = True
36.5919 	EXP 	Fixation: autoDraw = False
39.9401 	EXP 	Device response: <KeyPress from None: t=39.92632904200582, value=t, duration=None>
39.9413 	EXP 	New trial (rep=1, index=1): <Trial 8 (1 in rep 1) data={'reward_today': 15.0, 'future_reward': 35.0, 'delay': 13.0, 'thisN': 8, 'thisTrialN': 1, 'thisRepN': 1}>
39.9521 	DATA 	Keypress: t
39.9564 	EXP 	Fixation: autoDraw = False
39.9564 	EXP 	text: autoDraw = False
39.9564 	EXP 	text: height = np.float64(0.05)
39.9564 	EXP 	text: height = np.float64(0.05)
39.9564 	EXP 	text: height = np.float64(0.05)
39.9564 	EXP 	text: text = 'GBP15.0todayorGBP35.0after13.0days'
39.9564 	EXP 	Fixation: autoDraw = True
40.0433 	EXP 	Device response: <KeyPress from None: t=39.92632904200582, value=t, duration=0.10639829200226814>
40.9324 	INFO 	Keyboard events cleared
40.9322 	EXP 	text: autoDraw = True
40.9466 	EXP 	Fixation: autoDraw = False
42.9931 	EXP 	Device response: <KeyPress from None: t=42.98739308398217, value=l, duration=None>
42.9936 	EXP 	New trial (rep=1, index=2): <Trial 9 (2 in rep 1) data={'reward_today': 27.0, 'future_reward': 50.0, 'delay': 21.0, 'thisN': 9, 'thisTrialN': 2, 'thisRepN': 1}>
43.0054 	DATA 	Keypress: l
43.0097 	EXP 	Fixation: autoDraw = False
43.0097 	EXP 	text: autoDraw = False
43.0097 	EXP 	text: height = np.float64(0.05)
43.0097 	EXP 	text: height = np.float64(0.05)
43.0097 	EXP 	text: height = np.float64(0.05)
43.0097 	EXP 	text: text = 'GBP27.0todayorGBP50.0after21.0days'
43.0097 	EXP 	Fixation: autoDraw = True
43.1523 	EXP 	Device response: <KeyPress from None: t=42.98739308398217, value=l, duration=0.1522935830289498>
43.9921 	INFO 	Keyboard events cleared
43.9919 	EXP 	text: autoDraw = True
44.0087 	EXP 	Fixation: autoDraw = False
46.7621 	EXP 	Device response: <KeyPress from None: t=46.75224950001575, value=l, duration=None>
46.7635 	EXP 	New trial (rep=1, index=3): <Trial 10 (3 in rep 1) data={'reward_today': 67.0, 'future_reward': 75.0, 'delay': 119.0, 'thisN': 10, 'thisTrialN': 3, 'thisRepN': 1}>
46.7791 	DATA 	Keypress: l
46.7838 	EXP 	Fixation: autoDraw = False
46.7838 	EXP 	text: autoDraw = False
46.7838 	EXP 	text: height = np.float64(0.05)
46.7838 	EXP 	text: height = np.float64(0.05)
46.7838 	EXP 	text: height = np.float64(0.05)
46.7838 	EXP 	text: text = 'GBP67.0todayorGBP75.0after119.0days'
46.7838 	EXP 	Fixation: autoDraw = True
46.8932 	EXP 	Device response: <KeyPress from None: t=46.75224950001575, value=l, duration=0.13631695898948237>
47.7592 	INFO 	Keyboard events cleared
47.7589 	EXP 	text: autoDraw = True
47.7795 	EXP 	Fixation: autoDraw = False
49.4205 	EXP 	Device response: <KeyPress from None: t=49.410210874979384, value=t, duration=None>
49.4217 	EXP 	New trial (rep=1, index=4): <Trial 11 (4 in rep 1) data={'reward_today': 11.0, 'future_reward': 30.0, 'delay': 7.0, 'thisN': 11, 'thisTrialN': 4, 'thisRepN': 1}>
49.4384 	DATA 	Keypress: t
49.4422 	EXP 	Fixation: autoDraw = False
49.4422 	EXP 	text: autoDraw = False
49.4422 	EXP 	text: height = np.float64(0.05)
49.4422 	EXP 	text: height = np.float64(0.05)
49.4422 	EXP 	text: height = np.float64(0.05)
49.4422 	EXP 	text: text = 'GBP11.0todayorGBP30.0after7.0days'
49.4422 	EXP 	Fixation: autoDraw = True
49.6097 	EXP 	Device response: <KeyPress from None: t=49.410210874979384, value=t, duration=0.18829254200682044>
50.4181 	INFO 	Keyboard events cleared
50.4178 	EXP 	text: autoDraw = True
50.4405 	EXP 	Fixation: autoDraw = False
51.2495 	EXP 	Device response: <KeyPress from None: t=51.2441809590091, value=l, duration=None>
51.2502 	EXP 	New trial (rep=1, index=5): <Trial 12 (5 in rep 1) data={'reward_today': 78.0, 'future_reward': 80.0, 'delay': 162.0, 'thisN': 12, 'thisTrialN': 5, 'thisRepN': 1}>
51.2637 	DATA 	Keypress: l
51.2684 	EXP 	Fixation: autoDraw = False
51.2684 	EXP 	text: autoDraw = False
51.2684 	EXP 	text: height = np.float64(0.05)
51.2684 	EXP 	text: height = np.float64(0.05)
51.2684 	EXP 	text: height = np.float64(0.05)
51.2684 	EXP 	text: text = 'GBP78.0todayorGBP80.0after162.0days'
51.2684 	EXP 	Fixation: autoDraw = True
51.3625 	EXP 	Device response: <KeyPress from None: t=51.2441809590091, value=l, duration=0.11230491602327675>
52.2489 	INFO 	Keyboard events cleared
52.2487 	EXP 	text: autoDraw = True
52.2665 	EXP 	Fixation: autoDraw = False
53.2991 	EXP 	Device response: <KeyPress from None: t=53.29210433398839, value=t, duration=None>
53.2994 	EXP 	New trial (rep=1, index=6): <Trial 13 (6 in rep 1) data={'reward_today': 40.0, 'future_reward': 55.0, 'delay': 62.0, 'thisN': 13, 'thisTrialN': 6, 'thisRepN': 1}>
53.3104 	DATA 	Keypress: t
53.3149 	EXP 	Fixation: autoDraw = False
53.3149 	EXP 	text: autoDraw = False
53.3149 	EXP 	text: height = np.float64(0.05)
53.3149 	EXP 	text: height = np.float64(0.05)
53.3149 	EXP 	text: height = np.float64(0.05)
53.3149 	EXP 	text: text = 'GBP40.0todayorGBP55.0after62.0days'
53.3149 	EXP 	Fixation: autoDraw = True
53.4163 	EXP 	Device response: <KeyPress from None: t=53.29210433398839, value=t, duration=0.10830254101892933>
54.2991 	INFO 	Keyboard events cleared
54.2989 	EXP 	text: autoDraw = True
54.3084 	EXP 	Fixation: autoDraw = False
55.4147 	EXP 	Device response: <KeyPress from None: t=55.40892483398784, value=t, duration=None>
55.4151 	EXP 	New trial (rep=2, index=0): <Trial 14 (0 in rep 2) data={'reward_today': 40.0, 'future_reward': 55.0, 'delay': 62.0, 'thisN': 14, 'thisTrialN': 0, 'thisRepN': 2}>
55.4214 	DATA 	Keypress: t
55.4272 	EXP 	Fixation: autoDraw = False
55.4272 	EXP 	text: autoDraw = False
55.4272 	EXP 	text: text = 'GBP40.0todayorGBP55.0after62.0days'
55.4272 	EXP 	Fixation: autoDraw = True
55.5420 	EXP 	Device response: <KeyPress from None: t=55.40892483398784, value=t, duration=0.12427537504117936>
56.4152 	INFO 	Keyboard events cleared
56.4150 	EXP 	text: autoDraw = True
56.4249 	EXP 	Fixation: autoDraw = False
57.1992 	EXP 	Device response: <KeyPress from None: t=57.19197929202346, value=t, duration=None>
57.1996 	EXP 	New trial (rep=2, index=1): <Trial 15 (1 in rep 2) data={'reward_today': 49.0, 'future_reward': 60.0, 'delay': 89.0, 'thisN': 15, 'thisTrialN': 1, 'thisRepN': 2}>
57.2121 	DATA 	Keypress: t
57.2167 	EXP 	Fixation: autoDraw = False
57.2167 	EXP 	text: autoDraw = False
57.2167 	EXP 	text: height = np.float64(0.05)
57.2167 	EXP 	text: height = np.float64(0.05)
57.2167 	EXP 	text: height = np.float64(0.05)
57.2167 	EXP 	text: text = 'GBP49.0todayorGBP60.0after89.0days'
57.2167 	EXP 	Fixation: autoDraw = True
57.3267 	EXP 	Device response: <KeyPress from None: t=57.19197929202346, value=t, duration=0.1243317499756813>
58.1990 	INFO 	Keyboard events cleared
58.1988 	EXP 	text: autoDraw = True
58.2125 	EXP 	Fixation: autoDraw = False
59.1824 	EXP 	Device response: <KeyPress from None: t=59.176923874998465, value=t, duration=None>
59.1828 	EXP 	New trial (rep=2, index=2): <Trial 16 (2 in rep 2) data={'reward_today': 27.0, 'future_reward': 50.0, 'delay': 21.0, 'thisN': 16, 'thisTrialN': 2, 'thisRepN': 2}>
59.1934 	DATA 	Keypress: t
59.1982 	EXP 	Fixation: autoDraw = False
59.1982 	EXP 	text: autoDraw = False
59.1982 	EXP 	text: height = np.float64(0.05)
59.1982 	EXP 	text: height = np.float64(0.05)
59.1982 	EXP 	text: height = np.float64(0.05)
59.1982 	EXP 	text: text = 'GBP27.0todayorGBP50.0after21.0days'
59.1982 	EXP 	Fixation: autoDraw = True
59.3437 	EXP 	Device response: <KeyPress from None: t=59.176923874998465, value=t, duration=0.16037562501151115>
60.1830 	INFO 	Keyboard events cleared
60.1829 	EXP 	text: autoDraw = True
60.1915 	EXP 	Fixation: autoDraw = False
61.0102 	EXP 	Device response: <KeyPress from None: t=61.00690833397675, value=l, duration=None>
61.0109 	EXP 	New trial (rep=2, index=3): <Trial 17 (3 in rep 2) data={'reward_today': 11.0, 'future_reward': 30.0, 'delay': 7.0, 'thisN': 17, 'thisTrialN': 3, 'thisRepN': 2}>
61.0237 	DATA 	Keypress: l
61.0281 	EXP 	Fixation: autoDraw = False
61.0281 	EXP 	text: autoDraw = False
61.0281 	EXP 	text: height = np.float64(0.05)
61.0281 	EXP 	text: height = np.float64(0.05)
61.0281 	EXP 	text: height = np.float64(0.05)
61.0281 	EXP 	text: text = 'GBP11.0todayorGBP30.0after7.0days'
61.0281 	EXP 	Fixation: autoDraw = True
61.1485 	EXP 	Device response: <KeyPress from None: t=61.00690833397675, value=l, duration=0.13615991600090638>
62.0086 	INFO 	Keyboard events cleared
62.0083 	EXP 	text: autoDraw = True
62.0246 	EXP 	Fixation: autoDraw = False
62.7811 	EXP 	Device response: <KeyPress from None: t=62.776837416982744, value=l, duration=None>
62.7815 	EXP 	New trial (rep=2, index=4): <Trial 18 (4 in rep 2) data={'reward_today': 15.0, 'future_reward': 35.0, 'delay': 13.0, 'thisN': 18, 'thisTrialN': 4, 'thisRepN': 2}>
62.7915 	DATA 	Keypress: l
62.7950 	EXP 	Fixation: autoDraw = False
62.7950 	EXP 	text: autoDraw = False
62.7950 	EXP 	text: height = np.float64(0.05)
62.7950 	EXP 	text: height = np.float64(0.05)
62.7950 	EXP 	text: height = np.float64(0.05)
62.7950 	EXP 	text: text = 'GBP15.0todayorGBP35.0after13.0days'
62.7950 	EXP 	Fixation: autoDraw = True
62.9431 	EXP 	Device response: <KeyPress from None: t=62.776837416982744, value=l, duration=0.15618541702860966>
63.7752 	INFO 	Keyboard events cleared
63.7748 	EXP 	text: autoDraw = True
63.7917 	EXP 	Fixation: autoDraw = False
64.4768 	EXP 	Device response: <KeyPress from None: t=64.46867675002431, value=l, duration=None>
64.4775 	EXP 	New trial (rep=2, index=5): <Trial 19 (5 in rep 2) data={'reward_today': 78.0, 'future_reward': 80.0, 'delay': 162.0, 'thisN': 19, 'thisTrialN': 5, 'thisRepN': 2}>
64.4893 	DATA 	Keypress: l
64.4938 	EXP 	Fixation: autoDraw = False
64.4938 	EXP 	text: autoDraw = False
64.4938 	EXP 	text: height = np.float64(0.05)
64.4938 	EXP 	text: height = np.float64(0.05)
64.4938 	EXP 	text: height = np.float64(0.05)
64.4938 	EXP 	text: text = 'GBP78.0todayorGBP80.0after162.0days'
64.4938 	EXP 	Fixation: autoDraw = True
64.5983 	EXP 	Device response: <KeyPress from None: t=64.46867675002431, value=l, duration=0.12839299999177456>
65.4745 	INFO 	Keyboard events cleared
65.4743 	EXP 	text: autoDraw = True
65.4919 	EXP 	Fixation: autoDraw = False
66.1641 	EXP 	Device response: <KeyPress from None: t=66.16068879200611, value=t, duration=None>
66.1645 	EXP 	New trial (rep=2, index=6): <Trial 20 (6 in rep 2) data={'reward_today': 67.0, 'future_reward': 75.0, 'delay': 119.0, 'thisN': 20, 'thisTrialN': 6, 'thisRepN': 2}>
66.1753 	DATA 	Keypress: t
66.1789 	EXP 	Fixation: autoDraw = False
66.1789 	EXP 	text: autoDraw = False
66.1789 	EXP 	text: height = np.float64(0.05)
66.1789 	EXP 	text: height = np.float64(0.05)
66.1789 	EXP 	text: height = np.float64(0.05)
66.1789 	EXP 	text: text = 'GBP67.0todayorGBP75.0after119.0days'
66.1789 	EXP 	Fixation: autoDraw = True
66.2767 	EXP 	Device response: <KeyPress from None: t=66.16068879200611, value=t, duration=0.10837712499778718>
67.1586 	INFO 	Keyboard events cleared
67.1583 	EXP 	text: autoDraw = True
67.1778 	EXP 	Fixation: autoDraw = False
68.0268 	EXP 	Device response: <KeyPress from None: t=68.02360658399994, value=t, duration=None>
68.0276 	EXP 	New trial (rep=3, index=0): <Trial 21 (0 in rep 3) data={'reward_today': 40.0, 'future_reward': 55.0, 'delay': 62.0, 'thisN': 21, 'thisTrialN': 0, 'thisRepN': 3}>
68.0393 	DATA 	Keypress: t
68.0438 	EXP 	Fixation: autoDraw = False
68.0438 	EXP 	text: autoDraw = False
68.0438 	EXP 	text: height = np.float64(0.05)
68.0438 	EXP 	text: height = np.float64(0.05)
68.0438 	EXP 	text: height = np.float64(0.05)
68.0438 	EXP 	text: text = 'GBP40.0todayorGBP55.0after62.0days'
68.0438 	EXP 	Fixation: autoDraw = True
68.1826 	EXP 	Device response: <KeyPress from None: t=68.02360658399994, value=t, duration=0.15238195803249255>
69.0250 	INFO 	Keyboard events cleared
69.0248 	EXP 	text: autoDraw = True
69.0418 	EXP 	Fixation: autoDraw = False
69.7097 	EXP 	Device response: <KeyPress from None: t=69.70766641700175, value=t, duration=None>
69.7102 	EXP 	New trial (rep=3, index=1): <Trial 22 (1 in rep 3) data={'reward_today': 78.0, 'future_reward': 80.0, 'delay': 162.0, 'thisN': 22, 'thisTrialN': 1, 'thisRepN': 3}>
69.7226 	DATA 	Keypress: t
69.7271 	EXP 	Fixation: autoDraw = False
69.7271 	EXP 	text: autoDraw = False
69.7271 	EXP 	text: height = np.float64(0.05)
69.7271 	EXP 	text: height = np.float64(0.05)
69.7271 	EXP 	text: height = np.float64(0.05)
69.7271 	EXP 	text: text = 'GBP78.0todayorGBP80.0after162.0days'
69.7271 	EXP 	Fixation: autoDraw = True
69.8650 	EXP 	Device response: <KeyPress from None: t=69.70766641700175, value=t, duration=0.15229350002482533>
70.7083 	INFO 	Keyboard events cleared
70.7080 	EXP 	text: autoDraw = True
70.7251 	EXP 	Fixation: autoDraw = False
71.2270 	EXP 	Device response: <KeyPress from None: t=71.2235846670228, value=t, duration=None>
71.2278 	EXP 	New trial (rep=3, index=2): <Trial 23 (2 in rep 3) data={'reward_today': 67.0, 'future_reward': 75.0, 'delay': 119.0, 'thisN': 23, 'thisTrialN': 2, 'thisRepN': 3}>
71.2412 	DATA 	Keypress: t
71.2458 	EXP 	Fixation: autoDraw = False
71.2458 	EXP 	text: autoDraw = False
71.2458 	EXP 	text: height = np.float64(0.05)
71.2458 	EXP 	text: height = np.float64(0.05)
71.2458 	EXP 	text: height = np.float64(0.05)
71.2458 	EXP 	text: text = 'GBP67.0todayorGBP75.0after119.0days'
71.2458 	EXP 	Fixation: autoDraw = True
71.3598 	EXP 	Device response: <KeyPress from None: t=71.2235846670228, value=t, duration=0.13231187500059605>
72.2253 	INFO 	Keyboard events cleared
72.2251 	EXP 	text: autoDraw = True
72.2407 	EXP 	Fixation: autoDraw = False
72.7487 	EXP 	Device response: <KeyPress from None: t=72.74756212503416, value=t, duration=None>
72.7491 	EXP 	New trial (rep=3, index=3): <Trial 24 (3 in rep 3) data={'reward_today': 49.0, 'future_reward': 60.0, 'delay': 89.0, 'thisN': 24, 'thisTrialN': 3, 'thisRepN': 3}>
72.7601 	DATA 	Keypress: t
72.7647 	EXP 	Fixation: autoDraw = False
72.7647 	EXP 	text: autoDraw = False
72.7647 	EXP 	text: height = np.float64(0.05)
72.7647 	EXP 	text: height = np.float64(0.05)
72.7647 	EXP 	text: height = np.float64(0.05)
72.7647 	EXP 	text: text = 'GBP49.0todayorGBP60.0after89.0days'
72.7647 	EXP 	Fixation: autoDraw = True
72.8646 	EXP 	Device response: <KeyPress from None: t=72.74756212503416, value=t, duration=0.11226933397119865>
73.7489 	INFO 	Keyboard events cleared
73.7486 	EXP 	text: autoDraw = True
73.7581 	EXP 	Fixation: autoDraw = False
74.3765 	EXP 	Device response: <KeyPress from None: t=74.36649512499571, value=t, duration=None>
74.3770 	EXP 	New trial (rep=3, index=4): <Trial 25 (4 in rep 3) data={'reward_today': 15.0, 'future_reward': 35.0, 'delay': 13.0, 'thisN': 25, 'thisTrialN': 4, 'thisRepN': 3}>
74.3895 	DATA 	Keypress: t
74.3937 	EXP 	Fixation: autoDraw = False
74.3937 	EXP 	text: autoDraw = False
74.3937 	EXP 	text: height = np.float64(0.05)
74.3937 	EXP 	text: height = np.float64(0.05)
74.3937 	EXP 	text: height = np.float64(0.05)
74.3937 	EXP 	text: text = 'GBP15.0todayorGBP35.0after13.0days'
74.3937 	EXP 	Fixation: autoDraw = True
74.4641 	EXP 	Device response: <KeyPress from None: t=74.36649512499571, value=t, duration=0.09620204201200977>
75.3750 	INFO 	Keyboard events cleared
75.3746 	EXP 	text: autoDraw = True
75.3913 	EXP 	Fixation: autoDraw = False
76.0958 	EXP 	Device response: <KeyPress from None: t=76.08745379198808, value=l, duration=None>
76.0968 	EXP 	New trial (rep=3, index=5): <Trial 26 (5 in rep 3) data={'reward_today': 27.0, 'future_reward': 50.0, 'delay': 21.0, 'thisN': 26, 'thisTrialN': 5, 'thisRepN': 3}>
76.1152 	DATA 	Keypress: l
76.1197 	EXP 	Fixation: autoDraw = False
76.1197 	EXP 	text: autoDraw = False
76.1197 	EXP 	text: height = np.float64(0.05)
76.1197 	EXP 	text: height = np.float64(0.05)
76.1197 	EXP 	text: height = np.float64(0.05)
76.1197 	EXP 	text: text = 'GBP27.0todayorGBP50.0after21.0days'
76.1197 	EXP 	Fixation: autoDraw = True
76.2130 	EXP 	Device response: <KeyPress from None: t=76.08745379198808, value=l, duration=0.12420716701308265>
77.0917 	INFO 	Keyboard events cleared
77.0915 	EXP 	text: autoDraw = True
77.1134 	EXP 	Fixation: autoDraw = False
77.8640 	EXP 	Device response: <KeyPress from None: t=77.8593730420107, value=l, duration=None>
77.8644 	EXP 	New trial (rep=3, index=6): <Trial 27 (6 in rep 3) data={'reward_today': 11.0, 'future_reward': 30.0, 'delay': 7.0, 'thisN': 27, 'thisTrialN': 6, 'thisRepN': 3}>
77.8746 	DATA 	Keypress: l
77.8779 	EXP 	Fixation: autoDraw = False
77.8779 	EXP 	text: autoDraw = False
77.8779 	EXP 	text: height = np.float64(0.05)
77.8779 	EXP 	text: height = np.float64(0.05)
77.8779 	EXP 	text: height = np.float64(0.05)
77.8779 	EXP 	text: text = 'GBP11.0todayorGBP30.0after7.0days'
77.8779 	EXP 	Fixation: autoDraw = True
77.9929 	EXP 	Device response: <KeyPress from None: t=77.8593730420107, value=l, duration=0.12418099999194965>
78.8664 	INFO 	Keyboard events cleared
78.8660 	EXP 	text: autoDraw = True
78.8741 	EXP 	Fixation: autoDraw = False
80.1114 	EXP 	Device response: <KeyPress from None: t=80.1063332920312, value=l, duration=None>
80.1126 	EXP 	New trial (rep=4, index=0): <Trial 28 (0 in rep 4) data={'reward_today': 15.0, 'future_reward': 35.0, 'delay': 13.0, 'thisN': 28, 'thisTrialN': 0, 'thisRepN': 4}>
80.1335 	DATA 	Keypress: l
80.1382 	EXP 	Fixation: autoDraw = False
80.1382 	EXP 	text: autoDraw = False
80.1382 	EXP 	text: height = np.float64(0.05)
80.1382 	EXP 	text: height = np.float64(0.05)
80.1382 	EXP 	text: height = np.float64(0.05)
80.1382 	EXP 	text: text = 'GBP15.0todayorGBP35.0after13.0days'
80.1382 	EXP 	Fixation: autoDraw = True
80.2142 	EXP 	Device response: <KeyPress from None: t=80.1063332920312, value=l, duration=0.1042515829904005>
81.1098 	INFO 	Keyboard events cleared
81.1096 	EXP 	text: autoDraw = True
81.1307 	EXP 	Fixation: autoDraw = False
82.6128 	EXP 	Device response: <KeyPress from None: t=82.60315275000175, value=l, duration=None>
82.6183 	EXP 	New trial (rep=4, index=1): <Trial 29 (1 in rep 4) data={'reward_today': 78.0, 'future_reward': 80.0, 'delay': 162.0, 'thisN': 29, 'thisTrialN': 1, 'thisRepN': 4}>
82.6341 	DATA 	Keypress: l
82.6387 	EXP 	Fixation: autoDraw = False
82.6387 	EXP 	text: autoDraw = False
82.6387 	EXP 	text: height = np.float64(0.05)
82.6387 	EXP 	text: height = np.float64(0.05)
82.6387 	EXP 	text: height = np.float64(0.05)
82.6387 	EXP 	text: text = 'GBP78.0todayorGBP80.0after162.0days'
82.6387 	EXP 	Fixation: autoDraw = True
82.7598 	EXP 	Device response: <KeyPress from None: t=82.60315275000175, value=l, duration=0.15241212502587587>
83.6152 	INFO 	Keyboard events cleared
83.6149 	EXP 	text: autoDraw = True
83.6302 	EXP 	Fixation: autoDraw = False
85.5998 	EXP 	Device response: <KeyPress from None: t=85.593063584005, value=l, duration=None>
85.6008 	EXP 	New trial (rep=4, index=2): <Trial 30 (2 in rep 4) data={'reward_today': 40.0, 'future_reward': 55.0, 'delay': 62.0, 'thisN': 30, 'thisTrialN': 2, 'thisRepN': 4}>
85.6195 	DATA 	Keypress: l
85.6242 	EXP 	Fixation: autoDraw = False
85.6242 	EXP 	text: autoDraw = False
85.6242 	EXP 	text: height = np.float64(0.05)
85.6242 	EXP 	text: height = np.float64(0.05)
85.6242 	EXP 	text: height = np.float64(0.05)
85.6242 	EXP 	text: text = 'GBP40.0todayorGBP55.0after62.0days'
85.6242 	EXP 	Fixation: autoDraw = True
85.6598 	EXP 	Device response: <KeyPress from None: t=85.65712008398259, value=t, duration=None>
85.6642 	DATA 	Keypress: t
85.7768 	EXP 	Device response: <KeyPress from None: t=85.593063584005, value=l, duration=0.1760913750040345>
85.7771 	EXP 	Device response: <KeyPress from None: t=85.65712008398259, value=t, duration=0.11633675004122779>
86.5992 	INFO 	Keyboard events cleared
86.5990 	EXP 	text: autoDraw = True
86.6131 	EXP 	Fixation: autoDraw = False
88.7098 	EXP 	Device response: <KeyPress from None: t=88.69700808398193, value=t, duration=None>
88.7103 	EXP 	New trial (rep=4, index=3): <Trial 31 (3 in rep 4) data={'reward_today': 49.0, 'future_reward': 60.0, 'delay': 89.0, 'thisN': 31, 'thisTrialN': 3, 'thisRepN': 4}>
88.7222 	DATA 	Keypress: t
88.7266 	EXP 	Fixation: autoDraw = False
88.7266 	EXP 	text: autoDraw = False
88.7266 	EXP 	text: height = np.float64(0.05)
88.7266 	EXP 	text: height = np.float64(0.05)
88.7266 	EXP 	text: height = np.float64(0.05)
88.7266 	EXP 	text: text = 'GBP49.0todayorGBP60.0after89.0days'
88.7266 	EXP 	Fixation: autoDraw = True
88.8151 	EXP 	Device response: <KeyPress from None: t=88.69700808398193, value=t, duration=0.11627862503519282>
89.7085 	INFO 	Keyboard events cleared
89.7083 	EXP 	text: autoDraw = True
89.7248 	EXP 	Fixation: autoDraw = False
91.0653 	EXP 	Device response: <KeyPress from None: t=91.06001545902109, value=t, duration=None>
91.0657 	EXP 	New trial (rep=4, index=4): <Trial 32 (4 in rep 4) data={'reward_today': 67.0, 'future_reward': 75.0, 'delay': 119.0, 'thisN': 32, 'thisTrialN': 4, 'thisRepN': 4}>
91.0767 	DATA 	Keypress: t
91.0810 	EXP 	Fixation: autoDraw = False
91.0810 	EXP 	text: autoDraw = False
91.0810 	EXP 	text: height = np.float64(0.05)
91.0810 	EXP 	text: height = np.float64(0.05)
91.0810 	EXP 	text: height = np.float64(0.05)
91.0810 	EXP 	text: text = 'GBP67.0todayorGBP75.0after119.0days'
91.0810 	EXP 	Fixation: autoDraw = True
91.1639 	EXP 	Device response: <KeyPress from None: t=91.06001545902109, value=t, duration=0.10028879099991173>
92.0579 	INFO 	Keyboard events cleared
92.0578 	EXP 	text: autoDraw = True
92.0787 	EXP 	Fixation: autoDraw = False
92.6276 	EXP 	Device response: <KeyPress from None: t=92.62300841702381, value=t, duration=None>
92.6283 	EXP 	New trial (rep=4, index=5): <Trial 33 (5 in rep 4) data={'reward_today': 11.0, 'future_reward': 30.0, 'delay': 7.0, 'thisN': 33, 'thisTrialN': 5, 'thisRepN': 4}>
92.6409 	DATA 	Keypress: t
92.6455 	EXP 	Fixation: autoDraw = False
92.6455 	EXP 	text: autoDraw = False
92.6455 	EXP 	text: height = np.float64(0.05)
92.6455 	EXP 	text: height = np.float64(0.05)
92.6455 	EXP 	text: height = np.float64(0.05)
92.6455 	EXP 	text: text = 'GBP11.0todayorGBP30.0after7.0days'
92.6455 	EXP 	Fixation: autoDraw = True
92.7309 	EXP 	Device response: <KeyPress from None: t=92.62300841702381, value=t, duration=0.10426991700660437>
93.6251 	INFO 	Keyboard events cleared
93.6249 	EXP 	text: autoDraw = True
93.6415 	EXP 	Fixation: autoDraw = False
94.0492 	EXP 	Device response: <KeyPress from None: t=94.04283062502509, value=l, duration=None>
94.0496 	EXP 	New trial (rep=4, index=6): <Trial 34 (6 in rep 4) data={'reward_today': 27.0, 'future_reward': 50.0, 'delay': 21.0, 'thisN': 34, 'thisTrialN': 6, 'thisRepN': 4}>
94.0599 	DATA 	Keypress: l
94.0643 	EXP 	Fixation: autoDraw = False
94.0643 	EXP 	text: autoDraw = False
94.0643 	EXP 	text: height = np.float64(0.05)
94.0643 	EXP 	text: height = np.float64(0.05)
94.0643 	EXP 	text: height = np.float64(0.05)
94.0643 	EXP 	text: text = 'GBP27.0todayorGBP50.0after21.0days'
94.0643 	EXP 	Fixation: autoDraw = True
94.1650 	EXP 	Device response: <KeyPress from None: t=94.04283062502509, value=l, duration=0.12031762499827892>
95.0488 	INFO 	Keyboard events cleared
95.0486 	EXP 	text: autoDraw = True
95.0582 	EXP 	Fixation: autoDraw = False
95.4494 	EXP 	Device response: <KeyPress from None: t=95.44487216701964, value=l, duration=None>
95.4498 	EXP 	New trial (rep=5, index=0): <Trial 35 (0 in rep 5) data={'reward_today': 78.0, 'future_reward': 80.0, 'delay': 162.0, 'thisN': 35, 'thisTrialN': 0, 'thisRepN': 5}>
95.4669 	DATA 	Keypress: l
95.4707 	EXP 	Fixation: autoDraw = False
95.4707 	EXP 	text: autoDraw = False
95.4707 	EXP 	text: height = np.float64(0.05)
95.4707 	EXP 	text: height = np.float64(0.05)
95.4707 	EXP 	text: height = np.float64(0.05)
95.4707 	EXP 	text: text = 'GBP78.0todayorGBP80.0after162.0days'
95.4707 	EXP 	Fixation: autoDraw = True
95.5472 	EXP 	Device response: <KeyPress from None: t=95.44487216701964, value=l, duration=0.10031408298527822>
96.4497 	INFO 	Keyboard events cleared
96.4493 	EXP 	text: autoDraw = True
96.4618 	EXP 	Fixation: autoDraw = False
96.9987 	EXP 	Device response: <KeyPress from None: t=96.9937582089915, value=t, duration=None>
96.9991 	EXP 	New trial (rep=5, index=1): <Trial 36 (1 in rep 5) data={'reward_today': 27.0, 'future_reward': 50.0, 'delay': 21.0, 'thisN': 36, 'thisTrialN': 1, 'thisRepN': 5}>
97.0099 	DATA 	Keypress: t
97.0144 	EXP 	Fixation: autoDraw = False
97.0144 	EXP 	text: autoDraw = False
97.0144 	EXP 	text: height = np.float64(0.05)
97.0144 	EXP 	text: height = np.float64(0.05)
97.0144 	EXP 	text: height = np.float64(0.05)
97.0144 	EXP 	text: text = 'GBP27.0todayorGBP50.0after21.0days'
97.0144 	EXP 	Fixation: autoDraw = True
97.1266 	EXP 	Device response: <KeyPress from None: t=96.9937582089915, value=t, duration=0.12030508299358189>
97.9993 	INFO 	Keyboard events cleared
97.9989 	EXP 	text: autoDraw = True
98.0086 	EXP 	Fixation: autoDraw = False
98.3354 	EXP 	Device response: <KeyPress from None: t=98.32873374997871, value=t, duration=None>
98.3364 	EXP 	New trial (rep=5, index=2): <Trial 37 (2 in rep 5) data={'reward_today': 11.0, 'future_reward': 30.0, 'delay': 7.0, 'thisN': 37, 'thisTrialN': 2, 'thisRepN': 5}>
98.3519 	DATA 	Keypress: t
98.3588 	EXP 	Fixation: autoDraw = False
98.3588 	EXP 	text: autoDraw = False
98.3588 	EXP 	text: height = np.float64(0.05)
98.3588 	EXP 	text: height = np.float64(0.05)
98.3588 	EXP 	text: height = np.float64(0.05)
98.3588 	EXP 	text: text = 'GBP11.0todayorGBP30.0after7.0days'
98.3588 	EXP 	Fixation: autoDraw = True
98.4611 	EXP 	Device response: <KeyPress from None: t=98.32873374997871, value=t, duration=0.12440537504153326>
99.3326 	INFO 	Keyboard events cleared
99.3319 	EXP 	text: autoDraw = True
99.3579 	EXP 	Fixation: autoDraw = False
99.7936 	EXP 	Device response: <KeyPress from None: t=99.7806489589857, value=t, duration=None>
99.7941 	EXP 	New trial (rep=5, index=3): <Trial 38 (3 in rep 5) data={'reward_today': 15.0, 'future_reward': 35.0, 'delay': 13.0, 'thisN': 38, 'thisTrialN': 3, 'thisRepN': 5}>
99.8044 	DATA 	Keypress: t
99.8100 	EXP 	Fixation: autoDraw = False
99.8100 	EXP 	text: autoDraw = False
99.8100 	EXP 	text: height = np.float64(0.05)
99.8100 	EXP 	text: height = np.float64(0.05)
99.8100 	EXP 	text: height = np.float64(0.05)
99.8100 	EXP 	text: text = 'GBP15.0todayorGBP35.0after13.0days'
99.8100 	EXP 	Fixation: autoDraw = True
99.9143 	EXP 	Device response: <KeyPress from None: t=99.7806489589857, value=t, duration=0.1284086660016328>
100.7969 	INFO 	Keyboard events cleared
100.7969 	EXP 	text: autoDraw = True
100.8078 	EXP 	Fixation: autoDraw = False
101.5145 	EXP 	Device response: <KeyPress from None: t=101.51263229199685, value=t, duration=None>
101.5150 	EXP 	New trial (rep=5, index=4): <Trial 39 (4 in rep 5) data={'reward_today': 40.0, 'future_reward': 55.0, 'delay': 62.0, 'thisN': 39, 'thisTrialN': 4, 'thisRepN': 5}>
101.5262 	DATA 	Keypress: t
101.5304 	EXP 	Fixation: autoDraw = False
101.5304 	EXP 	text: autoDraw = False
101.5304 	EXP 	text: height = np.float64(0.05)
101.5304 	EXP 	text: height = np.float64(0.05)
101.5304 	EXP 	text: height = np.float64(0.05)
101.5304 	EXP 	text: text = 'GBP40.0todayorGBP55.0after62.0days'
101.5304 	EXP 	Fixation: autoDraw = True
101.6761 	EXP 	Device response: <KeyPress from None: t=101.51263229199685, value=t, duration=0.15238033299101517>
102.5086 	INFO 	Keyboard events cleared
102.5084 	EXP 	text: autoDraw = True
102.5248 	EXP 	Fixation: autoDraw = False
103.4148 	EXP 	Device response: <KeyPress from None: t=103.40363575000083, value=t, duration=None>
103.4156 	EXP 	New trial (rep=5, index=5): <Trial 40 (5 in rep 5) data={'reward_today': 49.0, 'future_reward': 60.0, 'delay': 89.0, 'thisN': 40, 'thisTrialN': 5, 'thisRepN': 5}>
103.4273 	DATA 	Keypress: t
103.4320 	EXP 	Fixation: autoDraw = False
103.4320 	EXP 	text: autoDraw = False
103.4320 	EXP 	text: height = np.float64(0.05)
103.4320 	EXP 	text: height = np.float64(0.05)
103.4320 	EXP 	text: height = np.float64(0.05)
103.4320 	EXP 	text: text = 'GBP49.0todayorGBP60.0after89.0days'
103.4320 	EXP 	Fixation: autoDraw = True
103.5266 	EXP 	Device response: <KeyPress from None: t=103.40363575000083, value=t, duration=0.11631837498862296>
104.4161 	INFO 	Keyboard events cleared
104.4159 	EXP 	text: autoDraw = True
104.4246 	EXP 	Fixation: autoDraw = False
105.0414 	EXP 	Device response: <KeyPress from None: t=105.0304971250007, value=t, duration=None>
105.0416 	EXP 	New trial (rep=5, index=6): <Trial 41 (6 in rep 5) data={'reward_today': 67.0, 'future_reward': 75.0, 'delay': 119.0, 'thisN': 41, 'thisTrialN': 6, 'thisRepN': 5}>
105.0463 	DATA 	Keypress: t
105.0500 	EXP 	Fixation: autoDraw = False
105.0500 	EXP 	text: autoDraw = False
105.0500 	EXP 	text: height = np.float64(0.05)
105.0500 	EXP 	text: height = np.float64(0.05)
105.0500 	EXP 	text: height = np.float64(0.05)
105.0500 	EXP 	text: text = 'GBP67.0todayorGBP75.0after119.0days'
105.0500 	EXP 	Fixation: autoDraw = True
105.1269 	EXP 	Device response: <KeyPress from None: t=105.0304971250007, value=t, duration=0.09245912497863173>
106.0321 	INFO 	Keyboard events cleared
106.0319 	EXP 	text: autoDraw = True
106.0475 	EXP 	Fixation: autoDraw = False
106.5761 	EXP 	Device response: <KeyPress from None: t=106.57456433400512, value=t, duration=None>
106.5766 	EXP 	New trial (rep=6, index=0): <Trial 42 (0 in rep 6) data={'reward_today': 49.0, 'future_reward': 60.0, 'delay': 89.0, 'thisN': 42, 'thisTrialN': 0, 'thisRepN': 6}>
106.5898 	DATA 	Keypress: t
106.5943 	EXP 	Fixation: autoDraw = False
106.5943 	EXP 	text: autoDraw = False
106.5943 	EXP 	text: height = np.float64(0.05)
106.5943 	EXP 	text: height = np.float64(0.05)
106.5943 	EXP 	text: height = np.float64(0.05)
106.5943 	EXP 	text: text = 'GBP49.0todayorGBP60.0after89.0days'
106.5943 	EXP 	Fixation: autoDraw = True
106.6934 	EXP 	Device response: <KeyPress from None: t=106.57456433400512, value=t, duration=0.10820504097500816>
107.5747 	INFO 	Keyboard events cleared
107.5745 	EXP 	text: autoDraw = True
107.5913 	EXP 	Fixation: autoDraw = False
108.0434 	EXP 	Device response: <KeyPress from None: t=108.0375210000202, value=t, duration=None>
108.0440 	EXP 	New trial (rep=6, index=1): <Trial 43 (1 in rep 6) data={'reward_today': 40.0, 'future_reward': 55.0, 'delay': 62.0, 'thisN': 43, 'thisTrialN': 1, 'thisRepN': 6}>
108.0560 	DATA 	Keypress: t
108.0605 	EXP 	Fixation: autoDraw = False
108.0605 	EXP 	text: autoDraw = False
108.0605 	EXP 	text: height = np.float64(0.05)
108.0605 	EXP 	text: height = np.float64(0.05)
108.0605 	EXP 	text: height = np.float64(0.05)
108.0605 	EXP 	text: text = 'GBP40.0todayorGBP55.0after62.0days'
108.0605 	EXP 	Fixation: autoDraw = True
108.1309 	EXP 	Device response: <KeyPress from None: t=108.0375210000202, value=t, duration=0.09228595899185166>
109.0417 	INFO 	Keyboard events cleared
109.0415 	EXP 	text: autoDraw = True
109.0582 	EXP 	Fixation: autoDraw = False
109.5109 	EXP 	Device response: <KeyPress from None: t=109.50138062500628, value=t, duration=None>
109.5119 	EXP 	New trial (rep=6, index=2): <Trial 44 (2 in rep 6) data={'reward_today': 11.0, 'future_reward': 30.0, 'delay': 7.0, 'thisN': 44, 'thisTrialN': 2, 'thisRepN': 6}>
109.5247 	DATA 	Keypress: t
109.5292 	EXP 	Fixation: autoDraw = False
109.5292 	EXP 	text: autoDraw = False
109.5292 	EXP 	text: height = np.float64(0.05)
109.5292 	EXP 	text: height = np.float64(0.05)
109.5292 	EXP 	text: height = np.float64(0.05)
109.5292 	EXP 	text: text = 'GBP11.0todayorGBP30.0after7.0days'
109.5292 	EXP 	Fixation: autoDraw = True
109.6095 	EXP 	Device response: <KeyPress from None: t=109.50138062500628, value=t, duration=0.10439408401725814>
110.5085 	INFO 	Keyboard events cleared
110.5083 	EXP 	text: autoDraw = True
110.5249 	EXP 	Fixation: autoDraw = False
111.2432 	EXP 	Device response: <KeyPress from None: t=111.23638641700381, value=l, duration=None>
111.2438 	EXP 	New trial (rep=6, index=3): <Trial 45 (3 in rep 6) data={'reward_today': 78.0, 'future_reward': 80.0, 'delay': 162.0, 'thisN': 45, 'thisTrialN': 3, 'thisRepN': 6}>
111.2534 	DATA 	Keypress: l
111.2574 	EXP 	Fixation: autoDraw = False
111.2574 	EXP 	text: autoDraw = False
111.2574 	EXP 	text: height = np.float64(0.05)
111.2574 	EXP 	text: height = np.float64(0.05)
111.2574 	EXP 	text: height = np.float64(0.05)
111.2574 	EXP 	text: text = 'GBP78.0todayorGBP80.0after162.0days'
111.2574 	EXP 	Fixation: autoDraw = True
111.3599 	EXP 	Device response: <KeyPress from None: t=111.23638641700381, value=l, duration=0.11623945797327906>
112.2425 	INFO 	Keyboard events cleared
112.2423 	EXP 	text: autoDraw = True
112.2584 	EXP 	Fixation: autoDraw = False
112.9657 	EXP 	Device response: <KeyPress from None: t=112.95532354200259, value=t, duration=None>
112.9668 	EXP 	New trial (rep=6, index=4): <Trial 46 (4 in rep 6) data={'reward_today': 27.0, 'future_reward': 50.0, 'delay': 21.0, 'thisN': 46, 'thisTrialN': 4, 'thisRepN': 6}>
112.9811 	DATA 	Keypress: t
112.9860 	EXP 	Fixation: autoDraw = False
112.9860 	EXP 	text: autoDraw = False
112.9860 	EXP 	text: height = np.float64(0.05)
112.9860 	EXP 	text: height = np.float64(0.05)
112.9860 	EXP 	text: height = np.float64(0.05)
112.9860 	EXP 	text: text = 'GBP27.0todayorGBP50.0after21.0days'
112.9860 	EXP 	Fixation: autoDraw = True
113.0633 	EXP 	Device response: <KeyPress from None: t=112.95532354200259, value=t, duration=0.10437825002009049>
113.9748 	INFO 	Keyboard events cleared
113.9744 	EXP 	text: autoDraw = True
113.9793 	EXP 	Fixation: autoDraw = False
114.6171 	EXP 	Device response: <KeyPress from None: t=114.59430362499552, value=t, duration=None>
114.6188 	EXP 	New trial (rep=6, index=5): <Trial 47 (5 in rep 6) data={'reward_today': 15.0, 'future_reward': 35.0, 'delay': 13.0, 'thisN': 47, 'thisTrialN': 5, 'thisRepN': 6}>
114.6358 	DATA 	Keypress: t
114.6399 	EXP 	Fixation: autoDraw = False
114.6399 	EXP 	text: autoDraw = False
114.6399 	EXP 	text: height = np.float64(0.05)
114.6399 	EXP 	text: height = np.float64(0.05)
114.6399 	EXP 	text: height = np.float64(0.05)
114.6399 	EXP 	text: text = 'GBP15.0todayorGBP35.0after13.0days'
114.6399 	EXP 	Fixation: autoDraw = True
114.7268 	EXP 	Device response: <KeyPress from None: t=114.59430362499552, value=t, duration=0.12830783403478563>
115.6166 	INFO 	Keyboard events cleared
115.6163 	EXP 	text: autoDraw = True
115.6299 	EXP 	Fixation: autoDraw = False
116.2411 	EXP 	Device response: <KeyPress from None: t=116.2382289590314, value=t, duration=None>
116.2414 	EXP 	New trial (rep=6, index=6): <Trial 48 (6 in rep 6) data={'reward_today': 67.0, 'future_reward': 75.0, 'delay': 119.0, 'thisN': 48, 'thisTrialN': 6, 'thisRepN': 6}>
116.2481 	DATA 	Keypress: t
116.2524 	EXP 	Fixation: autoDraw = False
116.2524 	EXP 	text: autoDraw = False
116.2524 	EXP 	text: height = np.float64(0.05)
116.2524 	EXP 	text: height = np.float64(0.05)
116.2524 	EXP 	text: height = np.float64(0.05)
116.2524 	EXP 	text: text = 'GBP67.0todayorGBP75.0after119.0days'
116.2524 	EXP 	Fixation: autoDraw = True
116.4313 	EXP 	Device response: <KeyPress from None: t=116.2382289590314, value=t, duration=0.18836145795648918>
117.2421 	INFO 	Keyboard events cleared
117.2417 	EXP 	text: autoDraw = True
117.2490 	EXP 	Fixation: autoDraw = False
117.7657 	EXP 	Device response: <KeyPress from None: t=117.76315554202301, value=t, duration=None>
117.7661 	EXP 	New trial (rep=7, index=0): <Trial 49 (0 in rep 7) data={'reward_today': 49.0, 'future_reward': 60.0, 'delay': 89.0, 'thisN': 49, 'thisTrialN': 0, 'thisRepN': 7}>
117.7790 	DATA 	Keypress: t
117.7835 	EXP 	Fixation: autoDraw = False
117.7835 	EXP 	text: autoDraw = False
117.7835 	EXP 	text: height = np.float64(0.05)
117.7835 	EXP 	text: height = np.float64(0.05)
117.7835 	EXP 	text: height = np.float64(0.05)
117.7835 	EXP 	text: text = 'GBP49.0todayorGBP60.0after89.0days'
117.7835 	EXP 	Fixation: autoDraw = True
117.8927 	EXP 	Device response: <KeyPress from None: t=117.76315554202301, value=t, duration=0.1202483749948442>
118.7657 	INFO 	Keyboard events cleared
118.7654 	EXP 	text: autoDraw = True
118.7786 	EXP 	Fixation: autoDraw = False
119.5770 	EXP 	Device response: <KeyPress from None: t=119.56917420902755, value=t, duration=None>
119.5774 	EXP 	New trial (rep=7, index=1): <Trial 50 (1 in rep 7) data={'reward_today': 40.0, 'future_reward': 55.0, 'delay': 62.0, 'thisN': 50, 'thisTrialN': 1, 'thisRepN': 7}>
119.5897 	DATA 	Keypress: t
119.5941 	EXP 	Fixation: autoDraw = False
119.5941 	EXP 	text: autoDraw = False
119.5941 	EXP 	text: height = np.float64(0.05)
119.5941 	EXP 	text: height = np.float64(0.05)
119.5941 	EXP 	text: height = np.float64(0.05)
119.5941 	EXP 	text: text = 'GBP40.0todayorGBP55.0after62.0days'
119.5941 	EXP 	Fixation: autoDraw = True
119.6809 	EXP 	Device response: <KeyPress from None: t=119.56917420902755, value=t, duration=0.10828912496799603>
120.5749 	INFO 	Keyboard events cleared
120.5745 	EXP 	text: autoDraw = True
120.5912 	EXP 	Fixation: autoDraw = False
121.2767 	EXP 	Device response: <KeyPress from None: t=121.2712429999956, value=t, duration=None>
121.2774 	EXP 	New trial (rep=7, index=2): <Trial 51 (2 in rep 7) data={'reward_today': 27.0, 'future_reward': 50.0, 'delay': 21.0, 'thisN': 51, 'thisTrialN': 2, 'thisRepN': 7}>
121.2899 	DATA 	Keypress: t
121.2944 	EXP 	Fixation: autoDraw = False
121.2944 	EXP 	text: autoDraw = False
121.2944 	EXP 	text: height = np.float64(0.05)
121.2944 	EXP 	text: height = np.float64(0.05)
121.2944 	EXP 	text: height = np.float64(0.05)
121.2944 	EXP 	text: text = 'GBP27.0todayorGBP50.0after21.0days'
121.2944 	EXP 	Fixation: autoDraw = True
121.3768 	EXP 	Device response: <KeyPress from None: t=121.2712429999956, value=t, duration=0.10025254200445488>
122.2751 	INFO 	Keyboard events cleared
122.2748 	EXP 	text: autoDraw = True
122.2925 	EXP 	Fixation: autoDraw = False
122.9472 	EXP 	Device response: <KeyPress from None: t=122.9380518749822, value=t, duration=None>
122.9474 	EXP 	New trial (rep=7, index=3): <Trial 52 (3 in rep 7) data={'reward_today': 78.0, 'future_reward': 80.0, 'delay': 162.0, 'thisN': 52, 'thisTrialN': 3, 'thisRepN': 7}>
122.9530 	DATA 	Keypress: t
122.9572 	EXP 	Fixation: autoDraw = False
122.9572 	EXP 	text: autoDraw = False
122.9572 	EXP 	text: height = np.float64(0.05)
122.9572 	EXP 	text: height = np.float64(0.05)
122.9572 	EXP 	text: height = np.float64(0.05)
122.9572 	EXP 	text: text = 'GBP78.0todayorGBP80.0after162.0days'
122.9572 	EXP 	Fixation: autoDraw = True
123.0425 	EXP 	Device response: <KeyPress from None: t=122.9380518749822, value=t, duration=0.0963388750096783>
123.9416 	INFO 	Keyboard events cleared
123.9413 	EXP 	text: autoDraw = True
123.9478 	EXP 	Fixation: autoDraw = False
124.4988 	EXP 	Device response: <KeyPress from None: t=124.49594316701405, value=t, duration=None>
124.4992 	EXP 	New trial (rep=7, index=4): <Trial 53 (4 in rep 7) data={'reward_today': 11.0, 'future_reward': 30.0, 'delay': 7.0, 'thisN': 53, 'thisTrialN': 4, 'thisRepN': 7}>
124.5094 	DATA 	Keypress: t
124.5136 	EXP 	Fixation: autoDraw = False
124.5136 	EXP 	text: autoDraw = False
124.5136 	EXP 	text: height = np.float64(0.05)
124.5136 	EXP 	text: height = np.float64(0.05)
124.5136 	EXP 	text: height = np.float64(0.05)
124.5136 	EXP 	text: text = 'GBP11.0todayorGBP30.0after7.0days'
124.5136 	EXP 	Fixation: autoDraw = True
124.6096 	EXP 	Device response: <KeyPress from None: t=124.49594316701405, value=t, duration=0.10041949996957555>
125.4977 	INFO 	Keyboard events cleared
125.4975 	EXP 	text: autoDraw = True
125.5079 	EXP 	Fixation: autoDraw = False
126.1434 	EXP 	Device response: <KeyPress from None: t=126.13896920898696, value=t, duration=None>
126.1438 	EXP 	New trial (rep=7, index=5): <Trial 54 (5 in rep 7) data={'reward_today': 67.0, 'future_reward': 75.0, 'delay': 119.0, 'thisN': 54, 'thisTrialN': 5, 'thisRepN': 7}>
126.1543 	DATA 	Keypress: t
126.1589 	EXP 	Fixation: autoDraw = False
126.1589 	EXP 	text: autoDraw = False
126.1589 	EXP 	text: height = np.float64(0.05)
126.1589 	EXP 	text: height = np.float64(0.05)
126.1589 	EXP 	text: height = np.float64(0.05)
126.1589 	EXP 	text: text = 'GBP67.0todayorGBP75.0after119.0days'
126.1589 	EXP 	Fixation: autoDraw = True
126.2300 	EXP 	Device response: <KeyPress from None: t=126.13896920898696, value=t, duration=0.08822462504031137>
127.1416 	INFO 	Keyboard events cleared
127.1413 	EXP 	text: autoDraw = True
127.1478 	EXP 	Fixation: autoDraw = False
127.6655 	EXP 	Device response: <KeyPress from None: t=127.66195716703078, value=t, duration=None>
127.6661 	EXP 	New trial (rep=7, index=6): <Trial 55 (6 in rep 7) data={'reward_today': 15.0, 'future_reward': 35.0, 'delay': 13.0, 'thisN': 55, 'thisTrialN': 6, 'thisRepN': 7}>
127.6771 	DATA 	Keypress: t
127.6813 	EXP 	Fixation: autoDraw = False
127.6813 	EXP 	text: autoDraw = False
127.6813 	EXP 	text: height = np.float64(0.05)
127.6813 	EXP 	text: height = np.float64(0.05)
127.6813 	EXP 	text: height = np.float64(0.05)
127.6813 	EXP 	text: text = 'GBP15.0todayorGBP35.0after13.0days'
127.6813 	EXP 	Fixation: autoDraw = True
127.7597 	EXP 	Device response: <KeyPress from None: t=127.66195716703078, value=t, duration=0.08830549998674542>
128.6653 	INFO 	Keyboard events cleared
128.6651 	EXP 	text: autoDraw = True
128.6745 	EXP 	Fixation: autoDraw = False
129.2766 	EXP 	Device response: <KeyPress from None: t=129.27380220900523, value=t, duration=None>
129.2773 	EXP 	New trial (rep=8, index=0): <Trial 56 (0 in rep 8) data={'reward_today': 15.0, 'future_reward': 35.0, 'delay': 13.0, 'thisN': 56, 'thisTrialN': 0, 'thisRepN': 8}>
129.2830 	DATA 	Keypress: t
129.2879 	EXP 	Fixation: autoDraw = False
129.2879 	EXP 	text: autoDraw = False
129.2879 	EXP 	text: text = 'GBP15.0todayorGBP35.0after13.0days'
129.2879 	EXP 	Fixation: autoDraw = True
129.3982 	EXP 	Device response: <KeyPress from None: t=129.27380220900523, value=t, duration=0.12039429100695997>
130.2750 	INFO 	Keyboard events cleared
130.2747 	EXP 	text: autoDraw = True
130.2809 	EXP 	Fixation: autoDraw = False
130.8099 	EXP 	Device response: <KeyPress from None: t=130.8038016249775, value=t, duration=None>
130.8104 	EXP 	New trial (rep=8, index=1): <Trial 57 (1 in rep 8) data={'reward_today': 78.0, 'future_reward': 80.0, 'delay': 162.0, 'thisN': 57, 'thisTrialN': 1, 'thisRepN': 8}>
130.8215 	DATA 	Keypress: t
130.8260 	EXP 	Fixation: autoDraw = False
130.8260 	EXP 	text: autoDraw = False
130.8260 	EXP 	text: height = np.float64(0.05)
130.8260 	EXP 	text: height = np.float64(0.05)
130.8260 	EXP 	text: height = np.float64(0.05)
130.8260 	EXP 	text: text = 'GBP78.0todayorGBP80.0after162.0days'
130.8260 	EXP 	Fixation: autoDraw = True
130.8934 	EXP 	Device response: <KeyPress from None: t=130.8038016249775, value=t, duration=0.08828012505546212>
131.8080 	INFO 	Keyboard events cleared
131.8077 	EXP 	text: autoDraw = True
131.8246 	EXP 	Fixation: autoDraw = False
132.3127 	EXP 	Device response: <KeyPress from None: t=132.30778737500077, value=t, duration=None>
132.3131 	EXP 	New trial (rep=8, index=2): <Trial 58 (2 in rep 8) data={'reward_today': 67.0, 'future_reward': 75.0, 'delay': 119.0, 'thisN': 58, 'thisTrialN': 2, 'thisRepN': 8}>
132.3238 	DATA 	Keypress: t
132.3274 	EXP 	Fixation: autoDraw = False
132.3274 	EXP 	text: autoDraw = False
132.3274 	EXP 	text: height = np.float64(0.05)
132.3274 	EXP 	text: height = np.float64(0.05)
132.3274 	EXP 	text: height = np.float64(0.05)
132.3274 	EXP 	text: text = 'GBP67.0todayorGBP75.0after119.0days'
132.3274 	EXP 	Fixation: autoDraw = True
132.4099 	EXP 	Device response: <KeyPress from None: t=132.30778737500077, value=t, duration=0.08826325001427904>
133.3086 	INFO 	Keyboard events cleared
133.3084 	EXP 	text: autoDraw = True
133.3273 	EXP 	Fixation: autoDraw = False
133.8600 	EXP 	Device response: <KeyPress from None: t=133.8537039590301, value=t, duration=None>
133.8607 	EXP 	New trial (rep=8, index=3): <Trial 59 (3 in rep 8) data={'reward_today': 27.0, 'future_reward': 50.0, 'delay': 21.0, 'thisN': 59, 'thisTrialN': 3, 'thisRepN': 8}>
133.8742 	DATA 	Keypress: t
133.8791 	EXP 	Fixation: autoDraw = False
133.8791 	EXP 	text: autoDraw = False
133.8791 	EXP 	text: height = np.float64(0.05)
133.8791 	EXP 	text: height = np.float64(0.05)
133.8791 	EXP 	text: height = np.float64(0.05)
133.8791 	EXP 	text: text = 'GBP27.0todayorGBP50.0after21.0days'
133.8791 	EXP 	Fixation: autoDraw = True
133.9636 	EXP 	Device response: <KeyPress from None: t=133.8537039590301, value=t, duration=0.10836499999277294>
134.8583 	INFO 	Keyboard events cleared
134.8579 	EXP 	text: autoDraw = True
134.8747 	EXP 	Fixation: autoDraw = False
135.3653 	EXP 	Device response: <KeyPress from None: t=135.36360512499232, value=t, duration=None>
135.3657 	EXP 	New trial (rep=8, index=4): <Trial 60 (4 in rep 8) data={'reward_today': 11.0, 'future_reward': 30.0, 'delay': 7.0, 'thisN': 60, 'thisTrialN': 4, 'thisRepN': 8}>
135.3764 	DATA 	Keypress: t
135.3810 	EXP 	Fixation: autoDraw = False
135.3810 	EXP 	text: autoDraw = False
135.3810 	EXP 	text: height = np.float64(0.05)
135.3810 	EXP 	text: height = np.float64(0.05)
135.3810 	EXP 	text: height = np.float64(0.05)
135.3810 	EXP 	text: text = 'GBP11.0todayorGBP30.0after7.0days'
135.3810 	EXP 	Fixation: autoDraw = True
135.4650 	EXP 	Device response: <KeyPress from None: t=135.36360512499232, value=t, duration=0.09635333402547985>
136.3656 	INFO 	Keyboard events cleared
136.3654 	EXP 	text: autoDraw = True
136.3746 	EXP 	Fixation: autoDraw = False
136.8991 	EXP 	Device response: <KeyPress from None: t=136.89168220898136, value=t, duration=None>
136.8994 	EXP 	New trial (rep=8, index=5): <Trial 61 (5 in rep 8) data={'reward_today': 40.0, 'future_reward': 55.0, 'delay': 62.0, 'thisN': 61, 'thisTrialN': 5, 'thisRepN': 8}>
136.9059 	DATA 	Keypress: t
136.9099 	EXP 	Fixation: autoDraw = False
136.9099 	EXP 	text: autoDraw = False
136.9099 	EXP 	text: height = np.float64(0.05)
136.9099 	EXP 	text: height = np.float64(0.05)
136.9099 	EXP 	text: height = np.float64(0.05)
136.9099 	EXP 	text: text = 'GBP40.0todayorGBP55.0after62.0days'
136.9099 	EXP 	Fixation: autoDraw = True
137.0426 	EXP 	Device response: <KeyPress from None: t=136.89168220898136, value=t, duration=0.14432691602269188>
137.8980 	INFO 	Keyboard events cleared
137.8978 	EXP 	text: autoDraw = True
137.9079 	EXP 	Fixation: autoDraw = False
138.3267 	EXP 	Device response: <KeyPress from None: t=138.31563408399234, value=t, duration=None>
138.3270 	EXP 	New trial (rep=8, index=6): <Trial 62 (6 in rep 8) data={'reward_today': 49.0, 'future_reward': 60.0, 'delay': 89.0, 'thisN': 62, 'thisTrialN': 6, 'thisRepN': 8}>
138.3391 	DATA 	Keypress: t
138.3437 	EXP 	Fixation: autoDraw = False
138.3437 	EXP 	text: autoDraw = False
138.3437 	EXP 	text: height = np.float64(0.05)
138.3437 	EXP 	text: height = np.float64(0.05)
138.3437 	EXP 	text: height = np.float64(0.05)
138.3437 	EXP 	text: text = 'GBP49.0todayorGBP60.0after89.0days'
138.3437 	EXP 	Fixation: autoDraw = True
138.4477 	EXP 	Device response: <KeyPress from None: t=138.31563408399234, value=t, duration=0.1282761250040494>
139.3253 	INFO 	Keyboard events cleared
139.3251 	EXP 	text: autoDraw = True
139.3422 	EXP 	Fixation: autoDraw = False
139.6104 	EXP 	Device response: <KeyPress from None: t=139.5955393339973, value=t, duration=None>
139.6110 	EXP 	New trial (rep=9, index=0): <Trial 63 (0 in rep 9) data={'reward_today': 11.0, 'future_reward': 30.0, 'delay': 7.0, 'thisN': 63, 'thisTrialN': 0, 'thisRepN': 9}>
139.6216 	DATA 	Keypress: t
139.6268 	EXP 	Fixation: autoDraw = False
139.6268 	EXP 	text: autoDraw = False
139.6268 	EXP 	text: height = np.float64(0.05)
139.6268 	EXP 	text: height = np.float64(0.05)
139.6268 	EXP 	text: height = np.float64(0.05)
139.6268 	EXP 	text: text = 'GBP11.0todayorGBP30.0after7.0days'
139.6268 	EXP 	Fixation: autoDraw = True
139.7432 	EXP 	Device response: <KeyPress from None: t=139.5955393339973, value=t, duration=0.14033958298387006>
140.6085 	INFO 	Keyboard events cleared
140.6082 	EXP 	text: autoDraw = True
140.6241 	EXP 	Fixation: autoDraw = False
140.8823 	EXP 	Device response: <KeyPress from None: t=140.87849375000224, value=t, duration=None>
140.8829 	EXP 	New trial (rep=9, index=1): <Trial 64 (1 in rep 9) data={'reward_today': 40.0, 'future_reward': 55.0, 'delay': 62.0, 'thisN': 64, 'thisTrialN': 1, 'thisRepN': 9}>
140.8959 	DATA 	Keypress: t
140.9006 	EXP 	Fixation: autoDraw = False
140.9006 	EXP 	text: autoDraw = False
140.9006 	EXP 	text: height = np.float64(0.05)
140.9006 	EXP 	text: height = np.float64(0.05)
140.9006 	EXP 	text: height = np.float64(0.05)
140.9006 	EXP 	text: text = 'GBP40.0todayorGBP55.0after62.0days'
140.9006 	EXP 	Fixation: autoDraw = True
141.0427 	EXP 	Device response: <KeyPress from None: t=140.87849375000224, value=t, duration=0.15234587498707697>
141.8797 	INFO 	Keyboard events cleared
141.8796 	EXP 	text: autoDraw = True
141.8943 	EXP 	Fixation: autoDraw = False
142.1494 	EXP 	Device response: <KeyPress from None: t=142.14340129197808, value=t, duration=None>
142.1498 	EXP 	New trial (rep=9, index=2): <Trial 65 (2 in rep 9) data={'reward_today': 15.0, 'future_reward': 35.0, 'delay': 13.0, 'thisN': 65, 'thisTrialN': 2, 'thisRepN': 9}>
142.1605 	DATA 	Keypress: t
142.1649 	EXP 	Fixation: autoDraw = False
142.1649 	EXP 	text: autoDraw = False
142.1649 	EXP 	text: height = np.float64(0.05)
142.1649 	EXP 	text: height = np.float64(0.05)
142.1649 	EXP 	text: height = np.float64(0.05)
142.1649 	EXP 	text: text = 'GBP15.0todayorGBP35.0after13.0days'
142.1649 	EXP 	Fixation: autoDraw = True
142.2635 	EXP 	Device response: <KeyPress from None: t=142.14340129197808, value=t, duration=0.11687062500277534>
143.1480 	INFO 	Keyboard events cleared
143.1478 	EXP 	text: autoDraw = True
143.1582 	EXP 	Fixation: autoDraw = False
143.4432 	EXP 	Device response: <KeyPress from None: t=143.43447633401956, value=t, duration=None>
143.4437 	EXP 	New trial (rep=9, index=3): <Trial 66 (3 in rep 9) data={'reward_today': 78.0, 'future_reward': 80.0, 'delay': 162.0, 'thisN': 66, 'thisTrialN': 3, 'thisRepN': 9}>
143.4563 	DATA 	Keypress: t
143.4607 	EXP 	Fixation: autoDraw = False
143.4607 	EXP 	text: autoDraw = False
143.4607 	EXP 	text: height = np.float64(0.05)
143.4607 	EXP 	text: height = np.float64(0.05)
143.4607 	EXP 	text: height = np.float64(0.05)
143.4607 	EXP 	text: text = 'GBP78.0todayorGBP80.0after162.0days'
143.4607 	EXP 	Fixation: autoDraw = True
143.5598 	EXP 	Device response: <KeyPress from None: t=143.43447633401956, value=t, duration=0.11630175000755116>
144.4415 	INFO 	Keyboard events cleared
144.4411 	EXP 	text: autoDraw = True
144.4578 	EXP 	Fixation: autoDraw = False
144.8772 	EXP 	Device response: <KeyPress from None: t=144.86746333399788, value=t, duration=None>
144.8782 	EXP 	New trial (rep=9, index=4): <Trial 67 (4 in rep 9) data={'reward_today': 27.0, 'future_reward': 50.0, 'delay': 21.0, 'thisN': 67, 'thisTrialN': 4, 'thisRepN': 9}>
144.8914 	DATA 	Keypress: t
144.8961 	EXP 	Fixation: autoDraw = False
144.8961 	EXP 	text: autoDraw = False
144.8961 	EXP 	text: height = np.float64(0.05)
144.8961 	EXP 	text: height = np.float64(0.05)
144.8961 	EXP 	text: height = np.float64(0.05)
144.8961 	EXP 	text: text = 'GBP27.0todayorGBP50.0after21.0days'
144.8961 	EXP 	Fixation: autoDraw = True
144.9811 	EXP 	Device response: <KeyPress from None: t=144.86746333399788, value=t, duration=0.10811791598098353>
145.8748 	INFO 	Keyboard events cleared
145.8745 	EXP 	text: autoDraw = True
145.8911 	EXP 	Fixation: autoDraw = False
146.3099 	EXP 	Device response: <KeyPress from None: t=146.30636333400616, value=t, duration=None>
146.3103 	EXP 	New trial (rep=9, index=5): <Trial 68 (5 in rep 9) data={'reward_today': 49.0, 'future_reward': 60.0, 'delay': 89.0, 'thisN': 68, 'thisTrialN': 5, 'thisRepN': 9}>
146.3220 	DATA 	Keypress: t
146.3266 	EXP 	Fixation: autoDraw = False
146.3266 	EXP 	text: autoDraw = False
146.3266 	EXP 	text: height = np.float64(0.05)
146.3266 	EXP 	text: height = np.float64(0.05)
146.3266 	EXP 	text: height = np.float64(0.05)
146.3266 	EXP 	text: text = 'GBP49.0todayorGBP60.0after89.0days'
146.3266 	EXP 	Fixation: autoDraw = True
146.4134 	EXP 	Device response: <KeyPress from None: t=146.30636333400616, value=t, duration=0.10429608297999948>
147.3082 	INFO 	Keyboard events cleared
147.3079 	EXP 	text: autoDraw = True
147.3245 	EXP 	Fixation: autoDraw = False
148.1259 	EXP 	Device response: <KeyPress from None: t=148.12128808401758, value=t, duration=None>
148.1264 	EXP 	New trial (rep=9, index=6): <Trial 69 (6 in rep 9) data={'reward_today': 67.0, 'future_reward': 75.0, 'delay': 119.0, 'thisN': 69, 'thisTrialN': 6, 'thisRepN': 9}>
148.1382 	DATA 	Keypress: t
148.1428 	EXP 	Fixation: autoDraw = False
148.1428 	EXP 	text: autoDraw = False
148.1428 	EXP 	text: height = np.float64(0.05)
148.1428 	EXP 	text: height = np.float64(0.05)
148.1428 	EXP 	text: height = np.float64(0.05)
148.1428 	EXP 	text: text = 'GBP67.0todayorGBP75.0after119.0days'
148.1428 	EXP 	Fixation: autoDraw = True
148.2427 	EXP 	Device response: <KeyPress from None: t=148.12128808401758, value=t, duration=0.1122740829596296>
149.1247 	INFO 	Keyboard events cleared
149.1245 	EXP 	text: autoDraw = True
149.1413 	EXP 	Fixation: autoDraw = False
149.6596 	EXP 	Device response: <KeyPress from None: t=149.65545729198493, value=t, duration=None>
149.6601 	EXP 	New trial (rep=10, index=0): <Trial 70 (0 in rep 10) data={'reward_today': 67.0, 'future_reward': 75.0, 'delay': 119.0, 'thisN': 70, 'thisTrialN': 0, 'thisRepN': 10}>
149.6662 	DATA 	Keypress: t
149.6710 	EXP 	Fixation: autoDraw = False
149.6710 	EXP 	text: autoDraw = False
149.6710 	EXP 	text: text = 'GBP67.0todayorGBP75.0after119.0days'
149.6710 	EXP 	Fixation: autoDraw = True
149.7467 	EXP 	Device response: <KeyPress from None: t=149.65545729198493, value=t, duration=0.08809837501030415>
150.6579 	INFO 	Keyboard events cleared
150.6577 	EXP 	text: autoDraw = True
150.6630 	EXP 	Fixation: autoDraw = False
151.0263 	EXP 	Device response: <KeyPress from None: t=151.0144135840237, value=t, duration=None>
151.0268 	EXP 	New trial (rep=10, index=1): <Trial 71 (1 in rep 10) data={'reward_today': 40.0, 'future_reward': 55.0, 'delay': 62.0, 'thisN': 71, 'thisTrialN': 1, 'thisRepN': 10}>
151.0386 	DATA 	Keypress: t
151.0430 	EXP 	Fixation: autoDraw = False
151.0430 	EXP 	text: autoDraw = False
151.0430 	EXP 	text: height = np.float64(0.05)
151.0430 	EXP 	text: height = np.float64(0.05)
151.0430 	EXP 	text: height = np.float64(0.05)
151.0430 	EXP 	text: text = 'GBP40.0todayorGBP55.0after62.0days'
151.0430 	EXP 	Fixation: autoDraw = True
151.1268 	EXP 	Device response: <KeyPress from None: t=151.0144135840237, value=t, duration=0.10820770799182355>
152.0248 	INFO 	Keyboard events cleared
152.0244 	EXP 	text: autoDraw = True
152.0413 	EXP 	Fixation: autoDraw = False
152.6810 	EXP 	Device response: <KeyPress from None: t=152.67515258397907, value=t, duration=None>
152.6814 	EXP 	New trial (rep=10, index=2): <Trial 72 (2 in rep 10) data={'reward_today': 78.0, 'future_reward': 80.0, 'delay': 162.0, 'thisN': 72, 'thisTrialN': 2, 'thisRepN': 10}>
152.6875 	DATA 	Keypress: t
152.7074 	EXP 	Fixation: autoDraw = False
152.7074 	EXP 	text: autoDraw = False
152.7074 	EXP 	text: height = np.float64(0.05)
152.7074 	EXP 	text: height = np.float64(0.05)
152.7074 	EXP 	text: height = np.float64(0.05)
152.7074 	EXP 	text: text = 'GBP78.0todayorGBP80.0after162.0days'
152.7074 	EXP 	Fixation: autoDraw = True
152.7806 	EXP 	Device response: <KeyPress from None: t=152.67515258397907, value=t, duration=0.10437912499764934>
153.5598 	EXP 	Device response: <KeyPress from None: t=153.55319291702472, value=l, duration=None>
153.5660 	DATA 	Keypress: l
153.6753 	INFO 	Keyboard events cleared
153.6750 	EXP 	text: autoDraw = True
153.6977 	EXP 	Fixation: autoDraw = False
153.6988 	EXP 	Device response: <KeyPress from None: t=153.55319291702472, value=l, duration=0.14427716698264703>
154.3936 	EXP 	Device response: <KeyPress from None: t=154.38819562498247, value=t, duration=None>
154.3945 	EXP 	New trial (rep=10, index=3): <Trial 73 (3 in rep 10) data={'reward_today': 11.0, 'future_reward': 30.0, 'delay': 7.0, 'thisN': 73, 'thisTrialN': 3, 'thisRepN': 10}>
154.4070 	DATA 	Keypress: t
154.4117 	EXP 	Fixation: autoDraw = False
154.4117 	EXP 	text: autoDraw = False
154.4117 	EXP 	text: height = np.float64(0.05)
154.4117 	EXP 	text: height = np.float64(0.05)
154.4117 	EXP 	text: height = np.float64(0.05)
154.4117 	EXP 	text: text = 'GBP11.0todayorGBP30.0after7.0days'
154.4117 	EXP 	Fixation: autoDraw = True
154.4927 	EXP 	Device response: <KeyPress from None: t=154.38819562498247, value=t, duration=0.10026112501509488>
155.3914 	INFO 	Keyboard events cleared
155.3911 	EXP 	text: autoDraw = True
155.4077 	EXP 	Fixation: autoDraw = False
156.0593 	EXP 	Device response: <KeyPress from None: t=156.05109266698128, value=l, duration=None>
156.0597 	EXP 	New trial (rep=10, index=4): <Trial 74 (4 in rep 10) data={'reward_today': 27.0, 'future_reward': 50.0, 'delay': 21.0, 'thisN': 74, 'thisTrialN': 4, 'thisRepN': 10}>
156.0717 	DATA 	Keypress: l
156.0764 	EXP 	Fixation: autoDraw = False
156.0764 	EXP 	text: autoDraw = False
156.0764 	EXP 	text: height = np.float64(0.05)
156.0764 	EXP 	text: height = np.float64(0.05)
156.0764 	EXP 	text: height = np.float64(0.05)
156.0764 	EXP 	text: text = 'GBP27.0todayorGBP50.0after21.0days'
156.0764 	EXP 	Fixation: autoDraw = True
156.1648 	EXP 	Device response: <KeyPress from None: t=156.05109266698128, value=l, duration=0.1082957920152694>
157.0583 	INFO 	Keyboard events cleared
157.0581 	EXP 	text: autoDraw = True
157.0748 	EXP 	Fixation: autoDraw = False
157.6931 	EXP 	Device response: <KeyPress from None: t=157.69103175000055, value=l, duration=None>
157.6937 	EXP 	New trial (rep=10, index=5): <Trial 75 (5 in rep 10) data={'reward_today': 49.0, 'future_reward': 60.0, 'delay': 89.0, 'thisN': 75, 'thisTrialN': 5, 'thisRepN': 10}>
157.7050 	DATA 	Keypress: l
157.7100 	EXP 	Fixation: autoDraw = False
157.7100 	EXP 	text: autoDraw = False
157.7100 	EXP 	text: height = np.float64(0.05)
157.7100 	EXP 	text: height = np.float64(0.05)
157.7100 	EXP 	text: height = np.float64(0.05)
157.7100 	EXP 	text: text = 'GBP49.0todayorGBP60.0after89.0days'
157.7100 	EXP 	Fixation: autoDraw = True
157.8099 	EXP 	Device response: <KeyPress from None: t=157.69103175000055, value=l, duration=0.11628883401863277>
158.6916 	INFO 	Keyboard events cleared
158.6911 	EXP 	text: autoDraw = True
158.7086 	EXP 	Fixation: autoDraw = False
159.0505 	EXP 	Device response: <KeyPress from None: t=159.03093304199865, value=l, duration=None>
159.0513 	EXP 	New trial (rep=10, index=6): <Trial 76 (6 in rep 10) data={'reward_today': 15.0, 'future_reward': 35.0, 'delay': 13.0, 'thisN': 76, 'thisTrialN': 6, 'thisRepN': 10}>
159.0683 	DATA 	Keypress: l
159.0731 	EXP 	Fixation: autoDraw = False
159.0731 	EXP 	text: autoDraw = False
159.0731 	EXP 	text: height = np.float64(0.05)
159.0731 	EXP 	text: height = np.float64(0.05)
159.0731 	EXP 	text: height = np.float64(0.05)
159.0731 	EXP 	text: text = 'GBP15.0todayorGBP35.0after13.0days'
159.0731 	EXP 	Fixation: autoDraw = True
159.1423 	EXP 	Device response: <KeyPress from None: t=159.03093304199865, value=l, duration=0.10839683300582692>
160.0476 	INFO 	Keyboard events cleared
160.0473 	EXP 	text: autoDraw = True
160.0628 	EXP 	Fixation: autoDraw = False
160.2822 	EXP 	Device response: <KeyPress from None: t=160.27993016701657, value=t, duration=None>
160.2827 	EXP 	New trial (rep=11, index=0): <Trial 77 (0 in rep 11) data={'reward_today': 40.0, 'future_reward': 55.0, 'delay': 62.0, 'thisN': 77, 'thisTrialN': 0, 'thisRepN': 11}>
160.2969 	DATA 	Keypress: t
160.3019 	EXP 	Fixation: autoDraw = False
160.3019 	EXP 	text: autoDraw = False
160.3019 	EXP 	text: height = np.float64(0.05)
160.3019 	EXP 	text: height = np.float64(0.05)
160.3019 	EXP 	text: height = np.float64(0.05)
160.3019 	EXP 	text: text = 'GBP40.0todayorGBP55.0after62.0days'
160.3019 	EXP 	Fixation: autoDraw = True
160.3959 	EXP 	Device response: <KeyPress from None: t=160.27993016701657, value=t, duration=0.11231341696111485>
161.2815 	INFO 	Keyboard events cleared
161.2813 	EXP 	text: autoDraw = True
161.2963 	EXP 	Fixation: autoDraw = False
161.5761 	EXP 	Device response: <KeyPress from None: t=161.56700812501367, value=t, duration=None>
161.5765 	EXP 	New trial (rep=11, index=1): <Trial 78 (1 in rep 11) data={'reward_today': 15.0, 'future_reward': 35.0, 'delay': 13.0, 'thisN': 78, 'thisTrialN': 1, 'thisRepN': 11}>
161.5881 	DATA 	Keypress: t
161.5927 	EXP 	Fixation: autoDraw = False
161.5927 	EXP 	text: autoDraw = False
161.5927 	EXP 	text: height = np.float64(0.05)
161.5927 	EXP 	text: height = np.float64(0.05)
161.5927 	EXP 	text: height = np.float64(0.05)
161.5927 	EXP 	text: text = 'GBP15.0todayorGBP35.0after13.0days'
161.5927 	EXP 	Fixation: autoDraw = True
161.6932 	EXP 	Device response: <KeyPress from None: t=161.56700812501367, value=t, duration=0.11225779197411612>
162.5749 	INFO 	Keyboard events cleared
162.5746 	EXP 	text: autoDraw = True
162.5913 	EXP 	Fixation: autoDraw = False
163.1929 	EXP 	Device response: <KeyPress from None: t=163.19088854198344, value=l, duration=None>
163.1935 	EXP 	New trial (rep=11, index=2): <Trial 79 (2 in rep 11) data={'reward_today': 27.0, 'future_reward': 50.0, 'delay': 21.0, 'thisN': 79, 'thisTrialN': 2, 'thisRepN': 11}>
163.2057 	DATA 	Keypress: l
163.2103 	EXP 	Fixation: autoDraw = False
163.2103 	EXP 	text: autoDraw = False
163.2103 	EXP 	text: height = np.float64(0.05)
163.2103 	EXP 	text: height = np.float64(0.05)
163.2103 	EXP 	text: height = np.float64(0.05)
163.2103 	EXP 	text: text = 'GBP27.0todayorGBP50.0after21.0days'
163.2103 	EXP 	Fixation: autoDraw = True
163.3414 	EXP 	Device response: <KeyPress from None: t=163.19088854198344, value=l, duration=0.1405608330387622>
164.1906 	INFO 	Keyboard events cleared
164.1905 	EXP 	text: autoDraw = True
164.2088 	EXP 	Fixation: autoDraw = False
164.9761 	EXP 	Device response: <KeyPress from None: t=164.96886566700414, value=l, duration=None>
164.9766 	EXP 	New trial (rep=11, index=3): <Trial 80 (3 in rep 11) data={'reward_today': 11.0, 'future_reward': 30.0, 'delay': 7.0, 'thisN': 80, 'thisTrialN': 3, 'thisRepN': 11}>
164.9893 	DATA 	Keypress: l
164.9938 	EXP 	Fixation: autoDraw = False
164.9938 	EXP 	text: autoDraw = False
164.9938 	EXP 	text: height = np.float64(0.05)
164.9938 	EXP 	text: height = np.float64(0.05)
164.9938 	EXP 	text: height = np.float64(0.05)
164.9938 	EXP 	text: text = 'GBP11.0todayorGBP30.0after7.0days'
164.9938 	EXP 	Fixation: autoDraw = True
165.0810 	EXP 	Device response: <KeyPress from None: t=164.96886566700414, value=l, duration=0.10828450002009049>
165.9750 	INFO 	Keyboard events cleared
165.9746 	EXP 	text: autoDraw = True
165.9911 	EXP 	Fixation: autoDraw = False
166.5605 	EXP 	Device response: <KeyPress from None: t=166.54882937500952, value=l, duration=None>
166.5612 	EXP 	New trial (rep=11, index=4): <Trial 81 (4 in rep 11) data={'reward_today': 67.0, 'future_reward': 75.0, 'delay': 119.0, 'thisN': 81, 'thisTrialN': 4, 'thisRepN': 11}>
166.5738 	DATA 	Keypress: l
166.5783 	EXP 	Fixation: autoDraw = False
166.5783 	EXP 	text: autoDraw = False
166.5783 	EXP 	text: height = np.float64(0.05)
166.5783 	EXP 	text: height = np.float64(0.05)
166.5783 	EXP 	text: height = np.float64(0.05)
166.5783 	EXP 	text: text = 'GBP67.0todayorGBP75.0after119.0days'
166.5783 	EXP 	Fixation: autoDraw = True
166.6598 	EXP 	Device response: <KeyPress from None: t=166.54882937500952, value=l, duration=0.10422512498917058>
167.5582 	INFO 	Keyboard events cleared
167.5578 	EXP 	text: autoDraw = True
167.5748 	EXP 	Fixation: autoDraw = False
168.2142 	EXP 	Device response: <KeyPress from None: t=168.20867533399723, value=t, duration=None>
168.2146 	EXP 	New trial (rep=11, index=5): <Trial 82 (5 in rep 11) data={'reward_today': 49.0, 'future_reward': 60.0, 'delay': 89.0, 'thisN': 82, 'thisTrialN': 5, 'thisRepN': 11}>
168.2262 	DATA 	Keypress: t
168.2302 	EXP 	Fixation: autoDraw = False
168.2302 	EXP 	text: autoDraw = False
168.2302 	EXP 	text: height = np.float64(0.05)
168.2302 	EXP 	text: height = np.float64(0.05)
168.2302 	EXP 	text: height = np.float64(0.05)
168.2302 	EXP 	text: text = 'GBP49.0todayorGBP60.0after89.0days'
168.2302 	EXP 	Fixation: autoDraw = True
168.2922 	EXP 	Device response: <KeyPress from None: t=168.20867533399723, value=t, duration=0.08045591600239277>
169.2136 	INFO 	Keyboard events cleared
169.2133 	EXP 	text: autoDraw = True
169.2234 	EXP 	Fixation: autoDraw = False
169.6485 	EXP 	Device response: <KeyPress from None: t=169.6436518339906, value=t, duration=None>
169.6490 	EXP 	New trial (rep=11, index=6): <Trial 83 (6 in rep 11) data={'reward_today': 78.0, 'future_reward': 80.0, 'delay': 162.0, 'thisN': 83, 'thisTrialN': 6, 'thisRepN': 11}>
169.6649 	DATA 	Keypress: t
169.6698 	EXP 	Fixation: autoDraw = False
169.6698 	EXP 	text: autoDraw = False
169.6698 	EXP 	text: height = np.float64(0.05)
169.6698 	EXP 	text: height = np.float64(0.05)
169.6698 	EXP 	text: height = np.float64(0.05)
169.6698 	EXP 	text: text = 'GBP78.0todayorGBP80.0after162.0days'
169.6698 	EXP 	Fixation: autoDraw = True
169.7293 	EXP 	Device response: <KeyPress from None: t=169.6436518339906, value=t, duration=0.08438970800489187>
170.6485 	INFO 	Keyboard events cleared
170.6483 	EXP 	text: autoDraw = True
170.6751 	EXP 	Fixation: autoDraw = False
171.1763 	EXP 	Device response: <KeyPress from None: t=171.16973304201383, value=t, duration=None>
171.1768 	EXP 	New trial (rep=12, index=0): <Trial 84 (0 in rep 12) data={'reward_today': 40.0, 'future_reward': 55.0, 'delay': 62.0, 'thisN': 84, 'thisTrialN': 0, 'thisRepN': 12}>
171.1895 	DATA 	Keypress: t
171.1944 	EXP 	Fixation: autoDraw = False
171.1944 	EXP 	text: autoDraw = False
171.1944 	EXP 	text: height = np.float64(0.05)
171.1944 	EXP 	text: height = np.float64(0.05)
171.1944 	EXP 	text: height = np.float64(0.05)
171.1944 	EXP 	text: text = 'GBP40.0todayorGBP55.0after62.0days'
171.1944 	EXP 	Fixation: autoDraw = True
171.2636 	EXP 	Device response: <KeyPress from None: t=171.16973304201383, value=t, duration=0.08822954201605171>
172.1746 	INFO 	Keyboard events cleared
172.1743 	EXP 	text: autoDraw = True
172.1909 	EXP 	Fixation: autoDraw = False
172.7929 	EXP 	Device response: <KeyPress from None: t=172.7885691249976, value=t, duration=None>
172.7935 	EXP 	New trial (rep=12, index=1): <Trial 85 (1 in rep 12) data={'reward_today': 67.0, 'future_reward': 75.0, 'delay': 119.0, 'thisN': 85, 'thisTrialN': 1, 'thisRepN': 12}>
172.8065 	DATA 	Keypress: t
172.8110 	EXP 	Fixation: autoDraw = False
172.8110 	EXP 	text: autoDraw = False
172.8110 	EXP 	text: height = np.float64(0.05)
172.8110 	EXP 	text: height = np.float64(0.05)
172.8110 	EXP 	text: height = np.float64(0.05)
172.8110 	EXP 	text: text = 'GBP67.0todayorGBP75.0after119.0days'
172.8110 	EXP 	Fixation: autoDraw = True
172.8929 	EXP 	Device response: <KeyPress from None: t=172.7885691249976, value=t, duration=0.09239362500375137>
173.7914 	INFO 	Keyboard events cleared
173.7911 	EXP 	text: autoDraw = True
173.8076 	EXP 	Fixation: autoDraw = False
174.1773 	EXP 	Device response: <KeyPress from None: t=174.1696161670261, value=t, duration=None>
174.1783 	EXP 	New trial (rep=12, index=2): <Trial 86 (2 in rep 12) data={'reward_today': 78.0, 'future_reward': 80.0, 'delay': 162.0, 'thisN': 86, 'thisTrialN': 2, 'thisRepN': 12}>
174.1917 	DATA 	Keypress: t
174.1964 	EXP 	Fixation: autoDraw = False
174.1964 	EXP 	text: autoDraw = False
174.1964 	EXP 	text: height = np.float64(0.05)
174.1964 	EXP 	text: height = np.float64(0.05)
174.1964 	EXP 	text: height = np.float64(0.05)
174.1964 	EXP 	text: text = 'GBP78.0todayorGBP80.0after162.0days'
174.1964 	EXP 	Fixation: autoDraw = True
174.2761 	EXP 	Device response: <KeyPress from None: t=174.1696161670261, value=t, duration=0.10028062498895451>
175.1748 	INFO 	Keyboard events cleared
175.1745 	EXP 	text: autoDraw = True
175.1912 	EXP 	Fixation: autoDraw = False
175.5643 	EXP 	Device response: <KeyPress from None: t=175.5554894169909, value=t, duration=None>
175.5645 	EXP 	New trial (rep=12, index=3): <Trial 87 (3 in rep 12) data={'reward_today': 15.0, 'future_reward': 35.0, 'delay': 13.0, 'thisN': 87, 'thisTrialN': 3, 'thisRepN': 12}>
175.5701 	DATA 	Keypress: t
175.5743 	EXP 	Fixation: autoDraw = False
175.5743 	EXP 	text: autoDraw = False
175.5743 	EXP 	text: height = np.float64(0.05)
175.5743 	EXP 	text: height = np.float64(0.05)
175.5743 	EXP 	text: height = np.float64(0.05)
175.5743 	EXP 	text: text = 'GBP15.0todayorGBP35.0after13.0days'
175.5743 	EXP 	Fixation: autoDraw = True
175.6817 	EXP 	Device response: <KeyPress from None: t=175.5554894169909, value=t, duration=0.124367207987234>
176.5645 	INFO 	Keyboard events cleared
176.5643 	EXP 	Fixation: autoDraw = False
176.5643 	EXP 	text: autoDraw = True
177.0426 	EXP 	Device response: <KeyPress from None: t=177.0364217919996, value=t, duration=None>
177.0430 	EXP 	New trial (rep=12, index=4): <Trial 88 (4 in rep 12) data={'reward_today': 27.0, 'future_reward': 50.0, 'delay': 21.0, 'thisN': 88, 'thisTrialN': 4, 'thisRepN': 12}>
177.0557 	DATA 	Keypress: t
177.0602 	EXP 	Fixation: autoDraw = False
177.0602 	EXP 	text: autoDraw = False
177.0602 	EXP 	text: height = np.float64(0.05)
177.0602 	EXP 	text: height = np.float64(0.05)
177.0602 	EXP 	text: height = np.float64(0.05)
177.0602 	EXP 	text: text = 'GBP27.0todayorGBP50.0after21.0days'
177.0602 	EXP 	Fixation: autoDraw = True
177.1976 	EXP 	Device response: <KeyPress from None: t=177.0364217919996, value=t, duration=0.1562420420232229>
178.0415 	INFO 	Keyboard events cleared
178.0412 	EXP 	text: autoDraw = True
178.0578 	EXP 	Fixation: autoDraw = False
179.0142 	EXP 	Device response: <KeyPress from None: t=179.01038991700625, value=l, duration=None>
179.0151 	EXP 	New trial (rep=12, index=5): <Trial 89 (5 in rep 12) data={'reward_today': 11.0, 'future_reward': 30.0, 'delay': 7.0, 'thisN': 89, 'thisTrialN': 5, 'thisRepN': 12}>
179.0263 	DATA 	Keypress: l
179.0307 	EXP 	Fixation: autoDraw = False
179.0307 	EXP 	text: autoDraw = False
179.0307 	EXP 	text: height = np.float64(0.05)
179.0307 	EXP 	text: height = np.float64(0.05)
179.0307 	EXP 	text: height = np.float64(0.05)
179.0307 	EXP 	text: text = 'GBP11.0todayorGBP30.0after7.0days'
179.0307 	EXP 	Fixation: autoDraw = True
179.1593 	EXP 	Device response: <KeyPress from None: t=179.01038991700625, value=l, duration=0.13633762497920543>
180.0153 	INFO 	Keyboard events cleared
180.0150 	EXP 	text: autoDraw = True
180.0244 	EXP 	Fixation: autoDraw = False
180.5926 	EXP 	Device response: <KeyPress from None: t=180.5832750420086, value=l, duration=None>
180.5929 	EXP 	New trial (rep=12, index=6): <Trial 90 (6 in rep 12) data={'reward_today': 49.0, 'future_reward': 60.0, 'delay': 89.0, 'thisN': 90, 'thisTrialN': 6, 'thisRepN': 12}>
180.6046 	DATA 	Keypress: l
180.6087 	EXP 	Fixation: autoDraw = False
180.6087 	EXP 	text: autoDraw = False
180.6087 	EXP 	text: height = np.float64(0.05)
180.6087 	EXP 	text: height = np.float64(0.05)
180.6087 	EXP 	text: height = np.float64(0.05)
180.6087 	EXP 	text: text = 'GBP49.0todayorGBP60.0after89.0days'
180.6087 	EXP 	Fixation: autoDraw = True
180.6927 	EXP 	Device response: <KeyPress from None: t=180.5832750420086, value=l, duration=0.09652979200473055>
181.5910 	INFO 	Keyboard events cleared
181.5906 	EXP 	text: autoDraw = True
181.6073 	EXP 	Fixation: autoDraw = False
182.1928 	EXP 	Device response: <KeyPress from None: t=182.18327283399412, value=t, duration=None>
182.1933 	EXP 	New trial (rep=13, index=0): <Trial 91 (0 in rep 13) data={'reward_today': 49.0, 'future_reward': 60.0, 'delay': 89.0, 'thisN': 91, 'thisTrialN': 0, 'thisRepN': 13}>
182.2004 	DATA 	Keypress: t
182.2053 	EXP 	Fixation: autoDraw = False
182.2053 	EXP 	text: autoDraw = False
182.2053 	EXP 	text: text = 'GBP49.0todayorGBP60.0after89.0days'
182.2053 	EXP 	Fixation: autoDraw = True
182.2984 	EXP 	Device response: <KeyPress from None: t=182.18327283399412, value=t, duration=0.10839283303357661>
183.1915 	INFO 	Keyboard events cleared
183.1912 	EXP 	text: autoDraw = True
183.1976 	EXP 	Fixation: autoDraw = False
183.4802 	EXP 	Device response: <KeyPress from None: t=183.47421604202827, value=t, duration=None>
183.4805 	EXP 	New trial (rep=13, index=1): <Trial 92 (1 in rep 13) data={'reward_today': 67.0, 'future_reward': 75.0, 'delay': 119.0, 'thisN': 92, 'thisTrialN': 1, 'thisRepN': 13}>
183.4920 	DATA 	Keypress: t
183.4962 	EXP 	Fixation: autoDraw = False
183.4962 	EXP 	text: autoDraw = False
183.4962 	EXP 	text: height = np.float64(0.05)
183.4962 	EXP 	text: height = np.float64(0.05)
183.4962 	EXP 	text: height = np.float64(0.05)
183.4962 	EXP 	text: text = 'GBP67.0todayorGBP75.0after119.0days'
183.4962 	EXP 	Fixation: autoDraw = True
183.5631 	EXP 	Device response: <KeyPress from None: t=183.47421604202827, value=t, duration=0.08426516695180908>
184.4813 	INFO 	Keyboard events cleared
184.4811 	EXP 	text: autoDraw = True
184.4909 	EXP 	Fixation: autoDraw = False
184.7933 	EXP 	Device response: <KeyPress from None: t=184.7843076250283, value=t, duration=None>
184.7939 	EXP 	New trial (rep=13, index=2): <Trial 93 (2 in rep 13) data={'reward_today': 11.0, 'future_reward': 30.0, 'delay': 7.0, 'thisN': 93, 'thisTrialN': 2, 'thisRepN': 13}>
184.8064 	DATA 	Keypress: t
184.8111 	EXP 	Fixation: autoDraw = False
184.8111 	EXP 	text: autoDraw = False
184.8111 	EXP 	text: height = np.float64(0.05)
184.8111 	EXP 	text: height = np.float64(0.05)
184.8111 	EXP 	text: height = np.float64(0.05)
184.8111 	EXP 	text: text = 'GBP11.0todayorGBP30.0after7.0days'
184.8111 	EXP 	Fixation: autoDraw = True
184.8793 	EXP 	Device response: <KeyPress from None: t=184.7843076250283, value=t, duration=0.09222937497543171>
185.7918 	INFO 	Keyboard events cleared
185.7915 	EXP 	text: autoDraw = True
185.8076 	EXP 	Fixation: autoDraw = False
186.3931 	EXP 	Device response: <KeyPress from None: t=186.38311683398206, value=l, duration=None>
186.3938 	EXP 	New trial (rep=13, index=3): <Trial 94 (3 in rep 13) data={'reward_today': 15.0, 'future_reward': 35.0, 'delay': 13.0, 'thisN': 94, 'thisTrialN': 3, 'thisRepN': 13}>
186.4072 	DATA 	Keypress: l
186.4118 	EXP 	Fixation: autoDraw = False
186.4118 	EXP 	text: autoDraw = False
186.4118 	EXP 	text: height = np.float64(0.05)
186.4118 	EXP 	text: height = np.float64(0.05)
186.4118 	EXP 	text: height = np.float64(0.05)
186.4118 	EXP 	text: text = 'GBP15.0todayorGBP35.0after13.0days'
186.4118 	EXP 	Fixation: autoDraw = True
186.4925 	EXP 	Device response: <KeyPress from None: t=186.38311683398206, value=l, duration=0.10438566602533683>
187.3918 	INFO 	Keyboard events cleared
187.3914 	EXP 	text: autoDraw = True
187.4078 	EXP 	Fixation: autoDraw = False
187.9766 	EXP 	Device response: <KeyPress from None: t=187.9671410000301, value=l, duration=None>
187.9775 	EXP 	New trial (rep=13, index=4): <Trial 95 (4 in rep 13) data={'reward_today': 78.0, 'future_reward': 80.0, 'delay': 162.0, 'thisN': 95, 'thisTrialN': 4, 'thisRepN': 13}>
187.9908 	DATA 	Keypress: l
187.9954 	EXP 	Fixation: autoDraw = False
187.9954 	EXP 	text: autoDraw = False
187.9954 	EXP 	text: height = np.float64(0.05)
187.9954 	EXP 	text: height = np.float64(0.05)
187.9954 	EXP 	text: height = np.float64(0.05)
187.9954 	EXP 	text: text = 'GBP78.0todayorGBP80.0after162.0days'
187.9954 	EXP 	Fixation: autoDraw = True
188.0764 	EXP 	Device response: <KeyPress from None: t=187.9671410000301, value=l, duration=0.10429795895470306>
188.9752 	INFO 	Keyboard events cleared
188.9749 	EXP 	text: autoDraw = True
188.9918 	EXP 	Fixation: autoDraw = False
189.7592 	EXP 	Device response: <KeyPress from None: t=189.7530762500246, value=t, duration=None>
189.7596 	EXP 	New trial (rep=13, index=5): <Trial 96 (5 in rep 13) data={'reward_today': 27.0, 'future_reward': 50.0, 'delay': 21.0, 'thisN': 96, 'thisTrialN': 5, 'thisRepN': 13}>
189.7716 	DATA 	Keypress: t
189.7765 	EXP 	Fixation: autoDraw = False
189.7765 	EXP 	text: autoDraw = False
189.7765 	EXP 	text: height = np.float64(0.05)
189.7765 	EXP 	text: height = np.float64(0.05)
189.7765 	EXP 	text: height = np.float64(0.05)
189.7765 	EXP 	text: text = 'GBP27.0todayorGBP50.0after21.0days'
189.7765 	EXP 	Fixation: autoDraw = True
189.8931 	EXP 	Device response: <KeyPress from None: t=189.7530762500246, value=t, duration=0.12832783395424485>
190.7581 	INFO 	Keyboard events cleared
190.7578 	EXP 	text: autoDraw = True
190.7742 	EXP 	Fixation: autoDraw = False
191.7096 	EXP 	Device response: <KeyPress from None: t=191.7080583749921, value=l, duration=None>
191.7156 	EXP 	New trial (rep=13, index=6): <Trial 97 (6 in rep 13) data={'reward_today': 40.0, 'future_reward': 55.0, 'delay': 62.0, 'thisN': 97, 'thisTrialN': 6, 'thisRepN': 13}>
191.7261 	DATA 	Keypress: l
191.7306 	EXP 	Fixation: autoDraw = False
191.7306 	EXP 	text: autoDraw = False
191.7306 	EXP 	text: height = np.float64(0.05)
191.7306 	EXP 	text: height = np.float64(0.05)
191.7306 	EXP 	text: height = np.float64(0.05)
191.7306 	EXP 	text: text = 'GBP40.0todayorGBP55.0after62.0days'
191.7306 	EXP 	Fixation: autoDraw = True
191.8263 	EXP 	Device response: <KeyPress from None: t=191.7080583749921, value=l, duration=0.11651299998629838>
192.7073 	INFO 	Keyboard events cleared
192.7072 	EXP 	text: autoDraw = True
192.7273 	EXP 	Fixation: autoDraw = False
193.7316 	EXP 	Device response: <KeyPress from None: t=193.7269596250262, value=t, duration=None>
193.7319 	EXP 	New trial (rep=14, index=0): <Trial 98 (0 in rep 14) data={'reward_today': 67.0, 'future_reward': 75.0, 'delay': 119.0, 'thisN': 98, 'thisTrialN': 0, 'thisRepN': 14}>
193.7430 	DATA 	Keypress: t
193.7474 	EXP 	Fixation: autoDraw = False
193.7474 	EXP 	text: autoDraw = False
193.7474 	EXP 	text: height = np.float64(0.05)
193.7474 	EXP 	text: height = np.float64(0.05)
193.7474 	EXP 	text: height = np.float64(0.05)
193.7474 	EXP 	text: text = 'GBP67.0todayorGBP75.0after119.0days'
193.7474 	EXP 	Fixation: autoDraw = True
193.8588 	EXP 	Device response: <KeyPress from None: t=193.7269596250262, value=t, duration=0.12022049998631701>
194.7328 	INFO 	Keyboard events cleared
194.7326 	EXP 	text: autoDraw = True
194.7414 	EXP 	Fixation: autoDraw = False
195.3437 	EXP 	Device response: <KeyPress from None: t=195.3359369999962, value=t, duration=None>
195.3439 	EXP 	New trial (rep=14, index=1): <Trial 99 (1 in rep 14) data={'reward_today': 78.0, 'future_reward': 80.0, 'delay': 162.0, 'thisN': 99, 'thisTrialN': 1, 'thisRepN': 14}>
195.3495 	DATA 	Keypress: t
195.3573 	EXP 	Fixation: autoDraw = False
195.3573 	EXP 	text: autoDraw = False
195.3573 	EXP 	text: height = np.float64(0.05)
195.3573 	EXP 	text: height = np.float64(0.05)
195.3573 	EXP 	text: height = np.float64(0.05)
195.3573 	EXP 	text: text = 'GBP78.0todayorGBP80.0after162.0days'
195.3573 	EXP 	Fixation: autoDraw = True
195.4593 	EXP 	Device response: <KeyPress from None: t=195.3359369999962, value=t, duration=0.11625691701192409>
196.3408 	INFO 	Keyboard events cleared
196.3406 	EXP 	text: autoDraw = True
196.3451 	EXP 	Fixation: autoDraw = False
196.7430 	EXP 	Device response: <KeyPress from None: t=196.73280620900914, value=t, duration=None>
196.7437 	EXP 	New trial (rep=14, index=2): <Trial 100 (2 in rep 14) data={'reward_today': 15.0, 'future_reward': 35.0, 'delay': 13.0, 'thisN': 100, 'thisTrialN': 2, 'thisRepN': 14}>
196.7560 	DATA 	Keypress: t
196.7606 	EXP 	Fixation: autoDraw = False
196.7606 	EXP 	text: autoDraw = False
196.7606 	EXP 	text: height = np.float64(0.05)
196.7606 	EXP 	text: height = np.float64(0.05)
196.7606 	EXP 	text: height = np.float64(0.05)
196.7606 	EXP 	text: text = 'GBP15.0todayorGBP35.0after13.0days'
196.7606 	EXP 	Fixation: autoDraw = True
196.8318 	EXP 	Device response: <KeyPress from None: t=196.73280620900914, value=t, duration=0.09640387498075143>
197.7416 	INFO 	Keyboard events cleared
197.7413 	EXP 	text: autoDraw = True
197.7579 	EXP 	Fixation: autoDraw = False
198.0092 	EXP 	Device response: <KeyPress from None: t=197.99984512501396, value=t, duration=None>
198.0096 	EXP 	New trial (rep=14, index=3): <Trial 101 (3 in rep 14) data={'reward_today': 27.0, 'future_reward': 50.0, 'delay': 21.0, 'thisN': 101, 'thisTrialN': 3, 'thisRepN': 14}>
198.0315 	DATA 	Keypress: t
198.0362 	EXP 	Fixation: autoDraw = False
198.0362 	EXP 	text: autoDraw = False
198.0362 	EXP 	text: height = np.float64(0.05)
198.0362 	EXP 	text: height = np.float64(0.05)
198.0362 	EXP 	text: height = np.float64(0.05)
198.0362 	EXP 	text: text = 'GBP27.0todayorGBP50.0after21.0days'
198.0362 	EXP 	Fixation: autoDraw = True
198.0787 	EXP 	Device response: <KeyPress from None: t=197.99984512501396, value=t, duration=0.07626666699070483>
199.0081 	INFO 	Keyboard events cleared
199.0077 	EXP 	text: autoDraw = True
199.0290 	EXP 	Fixation: autoDraw = False
199.2258 	EXP 	Device response: <KeyPress from None: t=199.22379666700726, value=t, duration=None>
199.2262 	EXP 	New trial (rep=14, index=4): <Trial 102 (4 in rep 14) data={'reward_today': 49.0, 'future_reward': 60.0, 'delay': 89.0, 'thisN': 102, 'thisTrialN': 4, 'thisRepN': 14}>
199.2400 	DATA 	Keypress: t
199.2447 	EXP 	Fixation: autoDraw = False
199.2447 	EXP 	text: autoDraw = False
199.2447 	EXP 	text: height = np.float64(0.05)
199.2447 	EXP 	text: height = np.float64(0.05)
199.2447 	EXP 	text: height = np.float64(0.05)
199.2447 	EXP 	text: text = 'GBP49.0todayorGBP60.0after89.0days'
199.2447 	EXP 	Fixation: autoDraw = True
199.3430 	EXP 	Device response: <KeyPress from None: t=199.22379666700726, value=t, duration=0.11234145797789097>
200.1148 	EXP 	Device response: <KeyPress from None: t=200.10880091699073, value=t, duration=None>
200.1205 	DATA 	Keypress: t
200.2143 	EXP 	Device response: <KeyPress from None: t=200.10880091699073, value=t, duration=0.10031754203373566>
200.2236 	INFO 	Keyboard events cleared
200.2233 	EXP 	text: autoDraw = True
200.2415 	EXP 	Fixation: autoDraw = False
200.6486 	EXP 	Device response: <KeyPress from None: t=200.6437357920222, value=t, duration=None>
200.6490 	EXP 	New trial (rep=14, index=5): <Trial 103 (5 in rep 14) data={'reward_today': 40.0, 'future_reward': 55.0, 'delay': 62.0, 'thisN': 103, 'thisTrialN': 5, 'thisRepN': 14}>
200.6602 	DATA 	Keypress: t
200.6653 	EXP 	Fixation: autoDraw = False
200.6653 	EXP 	text: autoDraw = False
200.6653 	EXP 	text: height = np.float64(0.05)
200.6653 	EXP 	text: height = np.float64(0.05)
200.6653 	EXP 	text: height = np.float64(0.05)
200.6653 	EXP 	text: text = 'GBP40.0todayorGBP55.0after62.0days'
200.6653 	EXP 	Fixation: autoDraw = True
200.7422 	EXP 	Device response: <KeyPress from None: t=200.6437357920222, value=t, duration=0.0883898749598302>
201.6472 	INFO 	Keyboard events cleared
201.6470 	EXP 	text: autoDraw = True
201.6632 	EXP 	Fixation: autoDraw = False
202.3793 	EXP 	Device response: <KeyPress from None: t=202.37367916700896, value=l, duration=None>
202.3804 	EXP 	New trial (rep=14, index=6): <Trial 104 (6 in rep 14) data={'reward_today': 11.0, 'future_reward': 30.0, 'delay': 7.0, 'thisN': 104, 'thisTrialN': 6, 'thisRepN': 14}>
202.3953 	DATA 	Keypress: l
202.4004 	EXP 	Fixation: autoDraw = False
202.4004 	EXP 	text: autoDraw = False
202.4004 	EXP 	text: height = np.float64(0.05)
202.4004 	EXP 	text: height = np.float64(0.05)
202.4004 	EXP 	text: height = np.float64(0.05)
202.4004 	EXP 	text: text = 'GBP11.0todayorGBP30.0after7.0days'
202.4004 	EXP 	Fixation: autoDraw = True
202.4925 	EXP 	Device response: <KeyPress from None: t=202.37367916700896, value=l, duration=0.10429516702424735>
203.3744 	INFO 	Keyboard events cleared
203.3741 	EXP 	text: autoDraw = True
203.3961 	EXP 	Fixation: autoDraw = False
203.8143 	EXP 	Device response: <KeyPress from None: t=203.81172154197702, value=t, duration=None>
203.8221 	DATA 	Keypress: t
203.8273 	EXP 	Fixation: autoDraw = False
203.8273 	EXP 	text: autoDraw = False
203.8279 	EXP 	delay discounting: status = STOPPED
203.8699 	INFO 	saved data to '/Users/tiaragajjar/Desktop/lab/EXP7 Delay Discounting /data/4_delay discounting_2025-10-24_14h46.07.526.csv'
203.8830 	INFO 	saved data to /Users/tiaragajjar/Desktop/lab/EXP7 Delay Discounting /data/4_delay discounting_2025-10-24_14h46.07.526.psydat
205.2083 	WARNING 	Stopping key buffers but this could be dangerous ifother keyboards rely on the same.
205.2095 	WARNING 	Stopping key buffers but this could be dangerous ifother keyboards rely on the same.
