31.8174 	WARNING 	Font Manager failed to load file /System/Library/PrivateFrameworks/FontServices.framework/Resources/Reserved/PingFangUI.ttc
31.9953 	WARNING 	Font Manager failed to load file /System/Library/PrivateFrameworks/FontServices.framework/Resources/Reserved/PingFangUI.ttc
45.0729 	INFO 	Loaded monitor calibration from ['2025_08_07 12:17']
45.5825 	INFO 	Using renderer 'Apple M2' for graphics
45.5825 	INFO 	OpenGL version supported by driver is 2..
45.6928 	EXP 	Created window1 = Window(allowGUI=True, allowStencil=False, autoLog=True, backendConf=UNKNOWN, backgroundFit=<method-wrapper '__getattribute__' of attributeSetter object at 0x153c82830>, backgroundImage=<method-wrapper '__getattribute__' of attributeSetter object at 0x153c82890>, bitsMode=UNKNOWN, blendMode='avg', bpc=(8, 8, 8), color=array([0, 0, 0]), colorSpace='rgb', depthBits=8, fullscr=True, gamma=None, gammaErrorPolicy='raise', infoMsg=UNKNOWN, lms=UNKNOWN, monitor=<psychopy.monitors.calibTools.Monitor object at 0x153d140d0>, multiSample=False, name='window1', numSamples=2, pos=[np.float64(0.0), np.float64(0.0)], screen=0, size=array([2880, 1800]), stencilBits=0, stereo=False, title='PsychoPy', units='height', useFBO=True, useRetina=True, viewOri=0.0, viewPos=None, viewScale=None, waitBlanking=True, winType='pyglet')
45.6931 	EXP 	window1: backgroundImage = ''
45.6931 	EXP 	window1: backgroundFit = 'none'
46.3137 	EXP 	window1: Attempting to measure frame rate of screen (0) ...
46.3137 	EXP 	window1: recordFrameIntervals = False
46.6327 	EXP 	window1: recordFrameIntervals = True
47.4835 	WARNING 	Couldn't measure a consistent frame rate!
  - Is your graphics card set to sync to vertical blank?
  - Are you running other processes on your computer?

50.1385 	INFO 	keyboard.Keyboard is using ptb backend.
50.4916 	INFO 	Created stream for speaker device: MacBook Pro Speakers (1.0)
50.5630 	EXP 	animal words: status = STARTED
50.5839 	EXP 	Created start_l_rect = Rect(__class__=<class 'psychopy.visual.rect.Rect'>, anchor=('center', 'center'), autoDraw=False, autoLog=True, closeShape=True, color=method-wrapper(...), colorSpace='rgb', contrast=None, depth=0.0, draggable=False, fillColor=array([1, 1, 1]), fillColorSpace='rgb', fillRGB=array([1, 1, 1]), interpolate=True, lineColor=array([1., 1., 1.]), lineColorSpace='rgb', lineRGB=array([1, 1, 1]), lineWidth=1.0, name='start_l_rect', opacity=1, ori=0.0, pos=array([-0.4,  0. ]), size=array([0.5, 0.5]), units='height', vertices=ndarray(...), win=Window(...))
50.5897 	EXP 	Created start_r_rect = Rect(__class__=<class 'psychopy.visual.rect.Rect'>, anchor=('center', 'center'), autoDraw=False, autoLog=True, closeShape=True, color=method-wrapper(...), colorSpace='rgb', contrast=None, depth=-1.0, draggable=False, fillColor=array([1, 1, 1]), fillColorSpace='rgb', fillRGB=array([1, 1, 1]), interpolate=True, lineColor=array([1., 1., 1.]), lineColorSpace='rgb', lineRGB=array([1, 1, 1]), lineWidth=1.0, name='start_r_rect', opacity=1, ori=0.0, pos=array([0.4, 0. ]), size=array([0.5, 0.5]), units='height', vertices=ndarray(...), win=Window(...))
50.6458 	EXP 	Created start_l_image = ImageStim(__class__=<class 'psychopy.visual.image.ImageStim'>, anchor=('center', 'center'), autoLog=True, color=array([1., 1., 1.]), colorSpace='rgb', contrast=1.0, depth=-2.0, draggable=False, flipHoriz=np.False_, flipVert=np.False_, image='default.png', interpolate=True, mask=None, maskParams=None, name='start_l_image', opacity=1, ori=0.0, pos=array([-0.4,  0. ]), size=array([0.5, 0.5]), texRes=128.0, units='height', win=Window(...))
50.6569 	EXP 	Created start_r_image = ImageStim(__class__=<class 'psychopy.visual.image.ImageStim'>, anchor=('center', 'center'), autoLog=True, color=array([1., 1., 1.]), colorSpace='rgb', contrast=1.0, depth=-3.0, draggable=False, flipHoriz=np.False_, flipVert=np.False_, image='default.png', interpolate=True, mask=None, maskParams=None, name='start_r_image', opacity=1, ori=0.0, pos=array([0.4, 0. ]), size=array([0.5, 0.5]), texRes=128.0, units='height', win=Window(...))
50.6713 	EXP 	Created star = ShapeStim(__class__=<class 'psychopy.visual.shape.ShapeStim'>, anchor=('center', 'center'), autoDraw=False, autoLog=True, closeShape=True, color=method-wrapper(...), colorSpace='rgb', contrast=None, depth=-4.0, draggable=False, fillColor=array([ 1,  1, -1]), fillColorSpace='rgb', fillRGB=array([ 1,  1, -1]), interpolate=True, lineColor=array([ 1.,  1., -1.]), lineColorSpace='rgb', lineRGB=array([ 1,  1, -1]), lineWidth=1.0, name='star', opacity=1, ori=0.0, pos=array([0., 0.]), size=array([0.15, 0.15]), units='height', vertices=ndarray(...), win=Window(...), windingRule=None)
50.6768 	EXP 	Created right_rectangle = Rect(__class__=<class 'psychopy.visual.rect.Rect'>, anchor=('center', 'center'), autoDraw=False, autoLog=True, closeShape=True, color=method-wrapper(...), colorSpace='rgb', contrast=None, depth=0.0, draggable=False, fillColor=array([1, 1, 1]), fillColorSpace='rgb', fillRGB=array([1, 1, 1]), interpolate=True, lineColor=array([1., 1., 1.]), lineColorSpace='rgb', lineRGB=array([1, 1, 1]), lineWidth=1.0, name='right_rectangle', opacity=1, ori=0.0, pos=array([0.4, 0. ]), size=array([0.5, 0.5]), units='height', vertices=ndarray(...), win=Window(...))
50.6824 	EXP 	Created left_rectangle = Rect(__class__=<class 'psychopy.visual.rect.Rect'>, anchor=('center', 'center'), autoDraw=False, autoLog=True, closeShape=True, color=method-wrapper(...), colorSpace='rgb', contrast=None, depth=-1.0, draggable=False, fillColor=array([1, 1, 1]), fillColorSpace='rgb', fillRGB=array([1, 1, 1]), interpolate=True, lineColor=array([1., 1., 1.]), lineColorSpace='rgb', lineRGB=array([1, 1, 1]), lineWidth=1.0, name='left_rectangle', opacity=1, ori=0.0, pos=array([-0.4,  0. ]), size=array([0.5, 0.5]), units='height', vertices=ndarray(...), win=Window(...))
50.6922 	EXP 	Created left_image = ImageStim(__class__=<class 'psychopy.visual.image.ImageStim'>, anchor=('center', 'center'), autoLog=True, color=array([1., 1., 1.]), colorSpace='rgb', contrast=1.0, depth=-2.0, draggable=False, flipHoriz=np.False_, flipVert=np.False_, image='default.png', interpolate=True, mask=None, maskParams=None, name='left_image', opacity=1, ori=0.0, pos=array([-0.4,  0. ]), size=array([0.5, 0.5]), texRes=128.0, units='height', win=Window(...))
50.7021 	EXP 	Created right_image = ImageStim(__class__=<class 'psychopy.visual.image.ImageStim'>, anchor=('center', 'center'), autoLog=True, color=array([1., 1., 1.]), colorSpace='rgb', contrast=1.0, depth=-3.0, draggable=False, flipHoriz=np.False_, flipVert=np.False_, image='default.png', interpolate=True, mask=None, maskParams=None, name='right_image', opacity=1, ori=0.0, pos=array([0.4, 0. ]), size=array([0.5, 0.5]), texRes=128.0, units='height', win=Window(...))
50.7025 	EXP 	trial_sound: sampleRate = 44100
50.7025 	EXP 	trial_sound: channels = None
50.7063 	EXP 	Sound trial_sound set volume 1.000
0.1299 	EXP 	Imported trials.csv as conditions, 4 conditions, 4 params
0.1371 	EXP 	New trial (rep=0, index=0): <Trial 0 (0 in rep 0) data={'l_image': 'stimuli/dog.png', 'r_image': 'stimuli/pig.png', 'target_sound': 'stimuli/dog.wav', 'correct': 'stimuli/dog.png', 'thisN': 0, 'thisTrialN': 0, 'thisRepN': 0}>
0.2008 	WARNING 	t of last frame was 157.10ms (=1/6)
0.2008 	EXP 	start_l_image: image = 'stimuli/dog.png'
0.2008 	EXP 	start_r_image: image = 'stimuli/pig.png'
0.2008 	EXP 	start_l_rect: autoDraw = True
0.2008 	EXP 	start_r_rect: autoDraw = True
0.2008 	EXP 	start_l_image: autoDraw = True
0.2008 	EXP 	start_r_image: autoDraw = True
0.2008 	EXP 	star: autoDraw = True
3.0265 	WARNING 	t of last frame was 20.17ms (=1/49)
4.5766 	WARNING 	t of last frame was 23.09ms (=1/43)
4.8051 	DATA 	Mouse: Left button down, pos=(717,474)
4.8149 	DATA 	Mouse:  Left button up, pos=(717,474)
4.8568 	EXP 	trial_sound: sampleRate = 48000
4.8763 	INFO 	Resampled audio from 48000Hz to 44100Hz using method 'default'.
4.8772 	EXP 	Sound trial_sound reached end of file
4.8829 	EXP 	Playing sound trial_sound on speaker MacBook Pro Speakers
4.8833 	WARNING 	t of last frame was 83.77ms (=1/11)
4.8833 	EXP 	start_l_rect: autoDraw = False
4.8833 	EXP 	start_r_rect: autoDraw = False
4.8833 	EXP 	start_l_image: autoDraw = False
4.8833 	EXP 	start_r_image: autoDraw = False
4.8833 	EXP 	star: autoDraw = False
4.8833 	EXP 	left_image: image = 'stimuli/dog.png'
4.8833 	EXP 	right_image: image = 'stimuli/pig.png'
4.8833 	EXP 	right_rectangle: autoDraw = True
4.8833 	EXP 	left_rectangle: autoDraw = True
4.8833 	EXP 	left_image: autoDraw = True
4.8833 	EXP 	right_image: autoDraw = True
6.4685 	EXP 	Sound trial_sound stopped
6.9014 	WARNING 	Multiple dropped frames have occurred - I'll stop bothering you about them!
7.7147 	DATA 	Mouse: Left button down, pos=(430,478)
7.7217 	EXP 	New trial (rep=0, index=1): <Trial 1 (1 in rep 0) data={'l_image': 'stimuli/penguin.png', 'r_image': 'stimuli/tiger.png', 'target_sound': 'stimuli/tiger.wav', 'correct': 'stimuli/tiger.png', 'thisN': 1, 'thisTrialN': 1, 'thisRepN': 0}>
7.7598 	DATA 	Mouse:  Left button up, pos=(430,478)
7.7656 	EXP 	right_rectangle: autoDraw = False
7.7656 	EXP 	left_rectangle: autoDraw = False
7.7656 	EXP 	left_image: autoDraw = False
7.7656 	EXP 	right_image: autoDraw = False
7.7656 	EXP 	start_l_image: image = 'stimuli/penguin.png'
7.7656 	EXP 	start_r_image: image = 'stimuli/tiger.png'
7.7656 	EXP 	start_l_rect: autoDraw = True
7.7656 	EXP 	start_r_rect: autoDraw = True
7.7656 	EXP 	start_l_image: autoDraw = True
7.7656 	EXP 	start_r_image: autoDraw = True
7.7656 	EXP 	star: autoDraw = True
9.6818 	DATA 	Mouse: Left button down, pos=(716,448)
9.6829 	DATA 	Mouse:  Left button up, pos=(716,448)
12.1504 	DATA 	Mouse: Left button down, pos=(716,448)
12.1937 	EXP 	trial_sound: sampleRate = 48000
12.2048 	INFO 	Resampled audio from 48000Hz to 44100Hz using method 'default'.
12.2059 	EXP 	Sound trial_sound reached end of file
12.2155 	EXP 	Playing sound trial_sound on speaker MacBook Pro Speakers
12.2065 	DATA 	Mouse:  Left button up, pos=(716,448)
12.2116 	EXP 	start_l_rect: autoDraw = False
12.2116 	EXP 	start_r_rect: autoDraw = False
12.2116 	EXP 	start_l_image: autoDraw = False
12.2116 	EXP 	start_r_image: autoDraw = False
12.2116 	EXP 	star: autoDraw = False
12.2116 	EXP 	left_image: image = 'stimuli/penguin.png'
12.2116 	EXP 	right_image: image = 'stimuli/tiger.png'
12.2116 	EXP 	right_rectangle: autoDraw = True
12.2116 	EXP 	left_rectangle: autoDraw = True
12.2116 	EXP 	left_image: autoDraw = True
12.2116 	EXP 	right_image: autoDraw = True
13.8002 	EXP 	Sound trial_sound stopped
14.5852 	DATA 	Mouse: Left button down, pos=(1070,476)
14.5858 	DATA 	Mouse:  Left button up, pos=(1070,476)
15.8664 	DATA 	Mouse: Left button down, pos=(1070,476)
15.8690 	EXP 	New trial (rep=0, index=2): <Trial 2 (2 in rep 0) data={'l_image': 'stimuli/pig.png', 'r_image': 'stimuli/dog.png', 'target_sound': 'stimuli/pig.wav', 'correct': 'stimuli/pig.png', 'thisN': 2, 'thisTrialN': 2, 'thisRepN': 0}>
15.9083 	DATA 	Mouse:  Left button up, pos=(1070,476)
15.9143 	EXP 	right_rectangle: autoDraw = False
15.9143 	EXP 	left_rectangle: autoDraw = False
15.9143 	EXP 	left_image: autoDraw = False
15.9143 	EXP 	right_image: autoDraw = False
15.9143 	EXP 	start_l_image: image = 'stimuli/pig.png'
15.9143 	EXP 	start_r_image: image = 'stimuli/dog.png'
15.9143 	EXP 	start_l_rect: autoDraw = True
15.9143 	EXP 	start_r_rect: autoDraw = True
15.9143 	EXP 	start_l_image: autoDraw = True
15.9143 	EXP 	start_r_image: autoDraw = True
15.9143 	EXP 	star: autoDraw = True
17.8526 	DATA 	Mouse: Left button down, pos=(724,450)
17.8925 	EXP 	trial_sound: sampleRate = 48000
17.9046 	INFO 	Resampled audio from 48000Hz to 44100Hz using method 'default'.
17.9057 	EXP 	Sound trial_sound reached end of file
17.9184 	EXP 	Playing sound trial_sound on speaker MacBook Pro Speakers
17.9064 	DATA 	Mouse:  Left button up, pos=(724,450)
17.9114 	EXP 	start_l_rect: autoDraw = False
17.9114 	EXP 	start_r_rect: autoDraw = False
17.9114 	EXP 	start_l_image: autoDraw = False
17.9114 	EXP 	start_r_image: autoDraw = False
17.9114 	EXP 	star: autoDraw = False
17.9114 	EXP 	left_image: image = 'stimuli/pig.png'
17.9114 	EXP 	right_image: image = 'stimuli/dog.png'
17.9114 	EXP 	right_rectangle: autoDraw = True
17.9114 	EXP 	left_rectangle: autoDraw = True
17.9114 	EXP 	left_image: autoDraw = True
17.9114 	EXP 	right_image: autoDraw = True
19.5007 	EXP 	Sound trial_sound stopped
21.4351 	DATA 	Mouse: Left button down, pos=(415,486)
21.4359 	DATA 	Mouse:  Left button up, pos=(415,486)
22.4303 	DATA 	Mouse: Left button down, pos=(415,486)
22.4393 	EXP 	New trial (rep=0, index=3): <Trial 3 (3 in rep 0) data={'l_image': 'stimuli/tiger.png', 'r_image': 'stimuli/penguin.png', 'target_sound': 'stimuli/penguin.wav', 'correct': 'stimuli/penguin.png', 'thisN': 3, 'thisTrialN': 3, 'thisRepN': 0}>
22.4750 	DATA 	Mouse:  Left button up, pos=(415,486)
22.4810 	EXP 	right_rectangle: autoDraw = False
22.4810 	EXP 	left_rectangle: autoDraw = False
22.4810 	EXP 	left_image: autoDraw = False
22.4810 	EXP 	right_image: autoDraw = False
22.4810 	EXP 	start_l_image: image = 'stimuli/tiger.png'
22.4810 	EXP 	start_r_image: image = 'stimuli/penguin.png'
22.4810 	EXP 	start_l_rect: autoDraw = True
22.4810 	EXP 	start_r_rect: autoDraw = True
22.4810 	EXP 	start_l_image: autoDraw = True
22.4810 	EXP 	start_r_image: autoDraw = True
22.4810 	EXP 	star: autoDraw = True
24.0962 	DATA 	Mouse: Left button down, pos=(735,473)
24.1333 	EXP 	trial_sound: sampleRate = 48000
24.1443 	INFO 	Resampled audio from 48000Hz to 44100Hz using method 'default'.
24.1455 	EXP 	Sound trial_sound reached end of file
24.1506 	EXP 	Playing sound trial_sound on speaker MacBook Pro Speakers
24.1462 	DATA 	Mouse:  Left button up, pos=(735,473)
24.1510 	EXP 	start_l_rect: autoDraw = False
24.1510 	EXP 	start_r_rect: autoDraw = False
24.1510 	EXP 	start_l_image: autoDraw = False
24.1510 	EXP 	start_r_image: autoDraw = False
24.1510 	EXP 	star: autoDraw = False
24.1510 	EXP 	left_image: image = 'stimuli/tiger.png'
24.1510 	EXP 	right_image: image = 'stimuli/penguin.png'
24.1510 	EXP 	right_rectangle: autoDraw = True
24.1510 	EXP 	left_rectangle: autoDraw = True
24.1510 	EXP 	left_image: autoDraw = True
24.1510 	EXP 	right_image: autoDraw = True
25.7357 	EXP 	Sound trial_sound stopped
26.3462 	DATA 	Mouse: Left button down, pos=(1058,453)
26.3589 	EXP 	right_rectangle: autoDraw = False
26.3589 	EXP 	left_rectangle: autoDraw = False
26.3589 	EXP 	left_image: autoDraw = False
26.3589 	EXP 	right_image: autoDraw = False
26.3591 	EXP 	animal words: status = STOPPED
26.3648 	INFO 	saved data to '/Users/tiaragajjar/Desktop/lab/solo porject/data/5_animal words_2025-11-18_10h59.34.424.csv'
26.3681 	INFO 	saved data to /Users/tiaragajjar/Desktop/lab/solo porject/data/5_animal words_2025-11-18_10h59.34.424.psydat
26.3691 	DATA 	Mouse:  Left button up, pos=(1058,453)
27.3164 	WARNING 	Stopping key buffers but this could be dangerous ifother keyboards rely on the same.
