31.2009 	WARNING 	Font Manager failed to load file /System/Library/PrivateFrameworks/FontServices.framework/Resources/Reserved/PingFangUI.ttc
31.5070 	WARNING 	Font Manager failed to load file /System/Library/PrivateFrameworks/FontServices.framework/Resources/Reserved/PingFangUI.ttc
38.0956 	INFO 	Loaded monitor calibration from ['2025_08_07 12:17']
38.5170 	INFO 	Using renderer 'Apple M2' for graphics
38.5170 	INFO 	OpenGL version supported by driver is 2..
38.6082 	EXP 	Created window1 = Window(allowGUI=True, allowStencil=False, autoLog=True, backendConf=UNKNOWN, backgroundFit=<method-wrapper '__getattribute__' of attributeSetter object at 0x154b9e830>, backgroundImage=<method-wrapper '__getattribute__' of attributeSetter object at 0x154b9e890>, bitsMode=UNKNOWN, blendMode='avg', bpc=(8, 8, 8), color=array([0, 0, 0]), colorSpace='rgb', depthBits=8, fullscr=True, gamma=None, gammaErrorPolicy='raise', infoMsg=UNKNOWN, lms=UNKNOWN, monitor=<psychopy.monitors.calibTools.Monitor object at 0x154c27f40>, multiSample=False, name='window1', numSamples=2, pos=[np.float64(0.0), np.float64(0.0)], screen=0, size=array([2880, 1800]), stencilBits=0, stereo=False, title='PsychoPy', units='height', useFBO=True, useRetina=True, viewOri=0.0, viewPos=None, viewScale=None, waitBlanking=True, winType='pyglet')
38.6086 	EXP 	window1: backgroundImage = ''
38.6086 	EXP 	window1: backgroundFit = 'none'
39.2203 	EXP 	window1: Attempting to measure frame rate of screen (0) ...
39.2203 	EXP 	window1: recordFrameIntervals = False
39.4611 	EXP 	window1: recordFrameIntervals = True
40.2982 	WARNING 	Couldn't measure a consistent frame rate!
  - Is your graphics card set to sync to vertical blank?
  - Are you running other processes on your computer?

42.8960 	INFO 	keyboard.Keyboard is using ptb backend.
43.2443 	INFO 	Created stream for speaker device: MacBook Pro Speakers (1.0)
43.3377 	EXP 	animal words: status = STARTED
43.3590 	EXP 	Created start_l_rect = Rect(__class__=<class 'psychopy.visual.rect.Rect'>, anchor=('center', 'center'), autoDraw=False, autoLog=True, closeShape=True, color=method-wrapper(...), colorSpace='rgb', contrast=None, depth=0.0, draggable=False, fillColor=array([1, 1, 1]), fillColorSpace='rgb', fillRGB=array([1, 1, 1]), interpolate=True, lineColor=array([1., 1., 1.]), lineColorSpace='rgb', lineRGB=array([1, 1, 1]), lineWidth=1.0, name='start_l_rect', opacity=1, ori=0.0, pos=array([-0.4,  0. ]), size=array([0.5, 0.5]), units='height', vertices=ndarray(...), win=Window(...))
43.3649 	EXP 	Created start_r_rect = Rect(__class__=<class 'psychopy.visual.rect.Rect'>, anchor=('center', 'center'), autoDraw=False, autoLog=True, closeShape=True, color=method-wrapper(...), colorSpace='rgb', contrast=None, depth=-1.0, draggable=False, fillColor=array([1, 1, 1]), fillColorSpace='rgb', fillRGB=array([1, 1, 1]), interpolate=True, lineColor=array([1., 1., 1.]), lineColorSpace='rgb', lineRGB=array([1, 1, 1]), lineWidth=1.0, name='start_r_rect', opacity=1, ori=0.0, pos=array([0.4, 0. ]), size=array([0.5, 0.5]), units='height', vertices=ndarray(...), win=Window(...))
43.4308 	EXP 	Created start_l_image = ImageStim(__class__=<class 'psychopy.visual.image.ImageStim'>, anchor=('center', 'center'), autoLog=True, color=array([1., 1., 1.]), colorSpace='rgb', contrast=1.0, depth=-2.0, draggable=False, flipHoriz=np.False_, flipVert=np.False_, image='default.png', interpolate=True, mask=None, maskParams=None, name='start_l_image', opacity=1, ori=0.0, pos=array([-0.4,  0. ]), size=array([0.5, 0.5]), texRes=128.0, units='height', win=Window(...))
43.4418 	EXP 	Created start_r_image = ImageStim(__class__=<class 'psychopy.visual.image.ImageStim'>, anchor=('center', 'center'), autoLog=True, color=array([1., 1., 1.]), colorSpace='rgb', contrast=1.0, depth=-3.0, draggable=False, flipHoriz=np.False_, flipVert=np.False_, image='default.png', interpolate=True, mask=None, maskParams=None, name='start_r_image', opacity=1, ori=0.0, pos=array([0.4, 0. ]), size=array([0.5, 0.5]), texRes=128.0, units='height', win=Window(...))
43.4583 	EXP 	Created star = ShapeStim(__class__=<class 'psychopy.visual.shape.ShapeStim'>, anchor=('center', 'center'), autoDraw=False, autoLog=True, closeShape=True, color=method-wrapper(...), colorSpace='rgb', contrast=None, depth=-4.0, draggable=False, fillColor=array([ 1,  1, -1]), fillColorSpace='rgb', fillRGB=array([ 1,  1, -1]), interpolate=True, lineColor=array([ 1.,  1., -1.]), lineColorSpace='rgb', lineRGB=array([ 1,  1, -1]), lineWidth=1.0, name='star', opacity=1, ori=0.0, pos=array([0., 0.]), size=array([0.15, 0.15]), units='height', vertices=ndarray(...), win=Window(...), windingRule=None)
43.4635 	EXP 	Created right_rectangle = Rect(__class__=<class 'psychopy.visual.rect.Rect'>, anchor=('center', 'center'), autoDraw=False, autoLog=True, closeShape=True, color=method-wrapper(...), colorSpace='rgb', contrast=None, depth=0.0, draggable=False, fillColor=array([1, 1, 1]), fillColorSpace='rgb', fillRGB=array([1, 1, 1]), interpolate=True, lineColor=array([1., 1., 1.]), lineColorSpace='rgb', lineRGB=array([1, 1, 1]), lineWidth=1.0, name='right_rectangle', opacity=1, ori=0.0, pos=array([0.4, 0. ]), size=array([0.5, 0.5]), units='height', vertices=ndarray(...), win=Window(...))
43.4684 	EXP 	Created left_rectangle = Rect(__class__=<class 'psychopy.visual.rect.Rect'>, anchor=('center', 'center'), autoDraw=False, autoLog=True, closeShape=True, color=method-wrapper(...), colorSpace='rgb', contrast=None, depth=-1.0, draggable=False, fillColor=array([1, 1, 1]), fillColorSpace='rgb', fillRGB=array([1, 1, 1]), interpolate=True, lineColor=array([1., 1., 1.]), lineColorSpace='rgb', lineRGB=array([1, 1, 1]), lineWidth=1.0, name='left_rectangle', opacity=1, ori=0.0, pos=array([-0.4,  0. ]), size=array([0.5, 0.5]), units='height', vertices=ndarray(...), win=Window(...))
43.4781 	EXP 	Created left_image = ImageStim(__class__=<class 'psychopy.visual.image.ImageStim'>, anchor=('center', 'center'), autoLog=True, color=array([1., 1., 1.]), colorSpace='rgb', contrast=1.0, depth=-2.0, draggable=False, flipHoriz=np.False_, flipVert=np.False_, image='default.png', interpolate=True, mask=None, maskParams=None, name='left_image', opacity=1, ori=0.0, pos=array([-0.4,  0. ]), size=array([0.5, 0.5]), texRes=128.0, units='height', win=Window(...))
43.4876 	EXP 	Created right_image = ImageStim(__class__=<class 'psychopy.visual.image.ImageStim'>, anchor=('center', 'center'), autoLog=True, color=array([1., 1., 1.]), colorSpace='rgb', contrast=1.0, depth=-3.0, draggable=False, flipHoriz=np.False_, flipVert=np.False_, image='default.png', interpolate=True, mask=None, maskParams=None, name='right_image', opacity=1, ori=0.0, pos=array([0.4, 0. ]), size=array([0.5, 0.5]), texRes=128.0, units='height', win=Window(...))
43.4880 	EXP 	trial_sound: sampleRate = 44100
43.4880 	EXP 	trial_sound: channels = None
43.4923 	EXP 	Sound trial_sound set volume 1.000
0.1230 	EXP 	Imported trials.csv as conditions, 4 conditions, 4 params
0.1304 	EXP 	New trial (rep=0, index=0): <Trial 0 (0 in rep 0) data={'l_image': 'stimuli/dog.png', 'r_image': 'stimuli/pig.png', 'target_sound': 'stimuli/dog.wav', 'correct': 'stimuli/dog.png', 'thisN': 0, 'thisTrialN': 0, 'thisRepN': 0}>
0.1923 	WARNING 	t of last frame was 152.20ms (=1/6)
0.1923 	EXP 	start_l_image: image = 'stimuli/dog.png'
0.1923 	EXP 	start_r_image: image = 'stimuli/pig.png'
0.1923 	EXP 	start_l_rect: autoDraw = True
0.1923 	EXP 	start_r_rect: autoDraw = True
0.1923 	EXP 	start_l_image: autoDraw = True
0.1923 	EXP 	start_r_image: autoDraw = True
0.1923 	EXP 	star: autoDraw = True
0.6407 	DATA 	Mouse: Left button down, pos=(708,439)
0.6886 	EXP 	trial_sound: sampleRate = 48000
0.7111 	INFO 	Resampled audio from 48000Hz to 44100Hz using method 'default'.
0.7117 	EXP 	Sound trial_sound reached end of file
0.7216 	EXP 	Playing sound trial_sound on speaker MacBook Pro Speakers
0.7179 	WARNING 	t of last frame was 79.67ms (=1/12)
0.7179 	EXP 	start_l_rect: autoDraw = False
0.7179 	EXP 	start_r_rect: autoDraw = False
0.7179 	EXP 	start_l_image: autoDraw = False
0.7179 	EXP 	start_r_image: autoDraw = False
0.7179 	EXP 	star: autoDraw = False
0.7179 	EXP 	left_image: image = 'stimuli/dog.png'
0.7179 	EXP 	right_image: image = 'stimuli/pig.png'
0.7179 	EXP 	right_rectangle: autoDraw = True
0.7179 	EXP 	left_rectangle: autoDraw = True
0.7179 	EXP 	left_image: autoDraw = True
0.7179 	EXP 	right_image: autoDraw = True
0.7346 	DATA 	Mouse:  Left button up, pos=(708,439)
2.3085 	EXP 	Sound trial_sound stopped
2.4694 	DATA 	Mouse: Left button down, pos=(448,449)
2.4764 	EXP 	New trial (rep=0, index=1): <Trial 1 (1 in rep 0) data={'l_image': 'stimuli/penguin.png', 'r_image': 'stimuli/tiger.png', 'target_sound': 'stimuli/tiger.wav', 'correct': 'stimuli/tiger.png', 'thisN': 1, 'thisTrialN': 1, 'thisRepN': 0}>
2.5169 	WARNING 	t of last frame was 42.77ms (=1/23)
2.5169 	EXP 	right_rectangle: autoDraw = False
2.5169 	EXP 	left_rectangle: autoDraw = False
2.5169 	EXP 	left_image: autoDraw = False
2.5169 	EXP 	right_image: autoDraw = False
2.5169 	EXP 	start_l_image: image = 'stimuli/penguin.png'
2.5169 	EXP 	start_r_image: image = 'stimuli/tiger.png'
2.5169 	EXP 	start_l_rect: autoDraw = True
2.5169 	EXP 	start_r_rect: autoDraw = True
2.5169 	EXP 	start_l_image: autoDraw = True
2.5169 	EXP 	start_r_image: autoDraw = True
2.5169 	EXP 	star: autoDraw = True
2.6519 	DATA 	Mouse:  Left button up, pos=(448,449)
3.4184 	DATA 	Mouse: Left button down, pos=(709,449)
3.4516 	EXP 	trial_sound: sampleRate = 48000
3.4592 	INFO 	Resampled audio from 48000Hz to 44100Hz using method 'default'.
3.4599 	EXP 	Sound trial_sound reached end of file
3.4727 	EXP 	Playing sound trial_sound on speaker MacBook Pro Speakers
3.4648 	WARNING 	t of last frame was 42.05ms (=1/23)
3.4648 	EXP 	start_l_rect: autoDraw = False
3.4648 	EXP 	start_r_rect: autoDraw = False
3.4648 	EXP 	start_l_image: autoDraw = False
3.4648 	EXP 	start_r_image: autoDraw = False
3.4648 	EXP 	star: autoDraw = False
3.4648 	EXP 	left_image: image = 'stimuli/penguin.png'
3.4648 	EXP 	right_image: image = 'stimuli/tiger.png'
3.4648 	EXP 	right_rectangle: autoDraw = True
3.4648 	EXP 	left_rectangle: autoDraw = True
3.4648 	EXP 	left_image: autoDraw = True
3.4648 	EXP 	right_image: autoDraw = True
3.5699 	DATA 	Mouse:  Left button up, pos=(709,449)
5.0560 	EXP 	Sound trial_sound stopped
5.1691 	DATA 	Mouse: Left button down, pos=(997,487)
5.1767 	EXP 	New trial (rep=0, index=2): <Trial 2 (2 in rep 0) data={'l_image': 'stimuli/pig.png', 'r_image': 'stimuli/dog.png', 'target_sound': 'stimuli/pig.wav', 'correct': 'stimuli/pig.png', 'thisN': 2, 'thisTrialN': 2, 'thisRepN': 0}>
5.2204 	WARNING 	Multiple dropped frames have occurred - I'll stop bothering you about them!
5.2203 	EXP 	right_rectangle: autoDraw = False
5.2203 	EXP 	left_rectangle: autoDraw = False
5.2203 	EXP 	left_image: autoDraw = False
5.2203 	EXP 	right_image: autoDraw = False
5.2203 	EXP 	start_l_image: image = 'stimuli/pig.png'
5.2203 	EXP 	start_r_image: image = 'stimuli/dog.png'
5.2203 	EXP 	start_l_rect: autoDraw = True
5.2203 	EXP 	start_r_rect: autoDraw = True
5.2203 	EXP 	start_l_image: autoDraw = True
5.2203 	EXP 	start_r_image: autoDraw = True
5.2203 	EXP 	star: autoDraw = True
5.3200 	DATA 	Mouse:  Left button up, pos=(997,487)
5.8854 	DATA 	Mouse: Left button down, pos=(685,438)
5.9218 	EXP 	trial_sound: sampleRate = 48000
5.9353 	INFO 	Resampled audio from 48000Hz to 44100Hz using method 'default'.
5.9359 	EXP 	Sound trial_sound reached end of file
5.9399 	EXP 	Playing sound trial_sound on speaker MacBook Pro Speakers
5.9409 	EXP 	start_l_rect: autoDraw = False
5.9409 	EXP 	start_r_rect: autoDraw = False
5.9409 	EXP 	start_l_image: autoDraw = False
5.9409 	EXP 	start_r_image: autoDraw = False
5.9409 	EXP 	star: autoDraw = False
5.9409 	EXP 	left_image: image = 'stimuli/pig.png'
5.9409 	EXP 	right_image: image = 'stimuli/dog.png'
5.9409 	EXP 	right_rectangle: autoDraw = True
5.9409 	EXP 	left_rectangle: autoDraw = True
5.9409 	EXP 	left_image: autoDraw = True
5.9409 	EXP 	right_image: autoDraw = True
5.9854 	DATA 	Mouse:  Left button up, pos=(685,438)
7.4230 	DATA 	Mouse: Left button down, pos=(478,471)
7.4326 	EXP 	Sound trial_sound paused
7.4333 	EXP 	New trial (rep=0, index=3): <Trial 3 (3 in rep 0) data={'l_image': 'stimuli/tiger.png', 'r_image': 'stimuli/penguin.png', 'target_sound': 'stimuli/penguin.wav', 'correct': 'stimuli/penguin.png', 'thisN': 3, 'thisTrialN': 3, 'thisRepN': 0}>
7.4731 	EXP 	right_rectangle: autoDraw = False
7.4731 	EXP 	left_rectangle: autoDraw = False
7.4731 	EXP 	left_image: autoDraw = False
7.4731 	EXP 	right_image: autoDraw = False
7.4731 	EXP 	start_l_image: image = 'stimuli/tiger.png'
7.4731 	EXP 	start_r_image: image = 'stimuli/penguin.png'
7.4731 	EXP 	start_l_rect: autoDraw = True
7.4731 	EXP 	start_r_rect: autoDraw = True
7.4731 	EXP 	start_l_image: autoDraw = True
7.4731 	EXP 	start_r_image: autoDraw = True
7.4731 	EXP 	star: autoDraw = True
7.5536 	DATA 	Mouse:  Left button up, pos=(478,471)
8.3692 	DATA 	Mouse: Left button down, pos=(736,433)
8.4052 	EXP 	trial_sound: sampleRate = 48000
8.4131 	INFO 	Resampled audio from 48000Hz to 44100Hz using method 'default'.
8.4138 	EXP 	Sound trial_sound reached end of file
8.4240 	EXP 	Playing sound trial_sound on speaker MacBook Pro Speakers
8.4182 	EXP 	start_l_rect: autoDraw = False
8.4182 	EXP 	start_r_rect: autoDraw = False
8.4182 	EXP 	start_l_image: autoDraw = False
8.4182 	EXP 	start_r_image: autoDraw = False
8.4182 	EXP 	star: autoDraw = False
8.4182 	EXP 	left_image: image = 'stimuli/tiger.png'
8.4182 	EXP 	right_image: image = 'stimuli/penguin.png'
8.4182 	EXP 	right_rectangle: autoDraw = True
8.4182 	EXP 	left_rectangle: autoDraw = True
8.4182 	EXP 	left_image: autoDraw = True
8.4182 	EXP 	right_image: autoDraw = True
8.4691 	DATA 	Mouse:  Left button up, pos=(736,433)
9.9189 	DATA 	Mouse: Left button down, pos=(1066,464)
9.9337 	EXP 	Sound trial_sound paused
9.9394 	EXP 	right_rectangle: autoDraw = False
9.9394 	EXP 	left_rectangle: autoDraw = False
9.9394 	EXP 	left_image: autoDraw = False
9.9394 	EXP 	right_image: autoDraw = False
9.9396 	EXP 	animal words: status = STOPPED
9.9450 	INFO 	saved data to '/Users/tiaragajjar/Desktop/lab/solo porject/data/6_animal words_2025-11-18_19h28.00.106.csv'
9.9523 	INFO 	saved data to /Users/tiaragajjar/Desktop/lab/solo porject/data/6_animal words_2025-11-18_19h28.00.106.psydat
10.5473 	WARNING 	Stopping key buffers but this could be dangerous ifother keyboards rely on the same.
