27.3579 	WARNING 	Font Manager failed to load file /System/Library/PrivateFrameworks/FontServices.framework/Resources/Reserved/PingFangUI.ttc
27.5558 	WARNING 	Font Manager failed to load file /System/Library/PrivateFrameworks/FontServices.framework/Resources/Reserved/PingFangUI.ttc
52.0461 	INFO 	Loaded monitor calibration from ['2025_08_07 12:17']
52.0862 	WARNING 	User requested fullscreen with size [1024  768], but screen is actually [1440, 900]. Using actual size
52.4420 	INFO 	Using renderer 'Apple M2' for graphics
52.4421 	INFO 	OpenGL version supported by driver is 2..
52.5288 	EXP 	Created window1 = Window(allowGUI=False, allowStencil=False, autoLog=True, backendConf=UNKNOWN, backgroundFit=<method-wrapper '__getattribute__' of attributeSetter object at 0x15442b4f0>, backgroundImage=<method-wrapper '__getattribute__' of attributeSetter object at 0x15442b550>, bitsMode=UNKNOWN, blendMode='avg', bpc=(8, 8, 8), color=array([0, 0, 0]), colorSpace='rgb', depthBits=8, fullscr=True, gamma=None, gammaErrorPolicy='raise', infoMsg=UNKNOWN, lms=UNKNOWN, monitor=<psychopy.monitors.calibTools.Monitor object at 0x1543f5660>, multiSample=False, name='window1', numSamples=2, pos=[np.float64(0.0), np.float64(0.0)], screen=0, size=array([2880, 1800]), stencilBits=0, stereo=False, title='PsychoPy', units='height', useFBO=True, useRetina=True, viewOri=0.0, viewPos=None, viewScale=None, waitBlanking=True, winType='pyglet')
52.5289 	EXP 	window1: backgroundImage = ''
52.5289 	EXP 	window1: backgroundFit = 'none'
53.0784 	EXP 	window1: Attempting to measure frame rate of screen (0) ...
53.0784 	EXP 	window1: recordFrameIntervals = False
53.6009 	EXP 	window1: recordFrameIntervals = True
53.8078 	WARNING 	t of last frame was 43.39ms (=1/23)
54.2235 	WARNING 	t of last frame was 20.20ms (=1/49)
54.4859 	WARNING 	Couldn't measure a consistent frame rate!
  - Is your graphics card set to sync to vertical blank?
  - Are you running other processes on your computer?

56.8639 	INFO 	keyboard.Keyboard is using ptb backend.
57.3422 	INFO 	keyboard.Keyboard is using ptb backend.
57.3426 	EXP 	EXP 3 Orientation Discrimination task | Measures of Signal Detection: status = STARTED
57.3631 	EXP 	Created fixation = ShapeStim(__class__=<class 'psychopy.visual.shape.ShapeStim'>, anchor=('center', 'center'), autoDraw=False, autoLog=True, closeShape=True, color=method-wrapper(...), colorSpace='rgb', contrast=None, depth=0.0, draggable=False, fillColor=array([1, 1, 1]), fillColorSpace='rgb', fillRGB=array([1, 1, 1]), interpolate=True, lineColor=array([1., 1., 1.]), lineColorSpace='rgb', lineRGB=array([1, 1, 1]), lineWidth=1.0, name='fixation', opacity=1, ori=0.0, pos=array([0., 0.]), size=array([10., 10.]), units='pix', vertices=ndarray(...), win=Window(...), windingRule=None)
57.3713 	EXP 	Created grating = GratingStim(__class__=<class 'psychopy.visual.grating.GratingStim'>, anchor='center', autoDraw=False, autoLog=True, blendmode='avg', color=array([0.3, 0.3, 0.3]), colorSpace='rgb', contrast=0.3, depth=-1.0, draggable=False, interpolate=True, mask='gauss', maskParams=None, name='grating', opacity=1, ori=1.0, phase=array([0., 0.]), pos=array([0., 0.]), rgbPedestal=array([0., 0., 0.]), sf=array([5., 5.]), size=array([0.2, 0.2]), tex='sin', texRes=128.0, units='height', win=Window(...))
0.0557 	EXP 	New trial (rep=0, index=0): <Trial 0 (0 in rep 0) data={'thisN': 0, 'thisTrialN': 0, 'thisRepN': 0}>
0.0654 	EXP 	grating: ori = np.float64(0.0)
0.0654 	EXP 	fixation: autoDraw = True
1.0148 	INFO 	Keyboard events cleared
1.0146 	WARNING 	t of last frame was 24.14ms (=1/41)
1.0146 	EXP 	grating: autoDraw = True
1.0146 	EXP 	grating: tex = 'sin'
1.0613 	EXP 	fixation: autoDraw = False
1.3119 	EXP 	grating: autoDraw = False
2.0510 	EXP 	Device response: <KeyPress from None: t=1.633770958011155, value=up, duration=None>
2.0512 	EXP 	Device response: <KeyPress from None: t=1.633770958011155, value=up, duration=0.15441291699244175>
2.0514 	EXP 	New trial (rep=1, index=0): <Trial 1 (0 in rep 1) data={'thisN': 1, 'thisTrialN': 0, 'thisRepN': 1}>
2.1446 	DATA 	Keypress: up
2.1514 	WARNING 	t of last frame was 510.36ms (=1/1)
2.1514 	EXP 	fixation: autoDraw = False
2.1514 	EXP 	grating: autoDraw = False
2.1514 	EXP 	grating: ori = np.float64(0.0)
2.1514 	EXP 	fixation: autoDraw = True
3.0476 	INFO 	Keyboard events cleared
3.0474 	EXP 	grating: autoDraw = True
3.1458 	EXP 	fixation: autoDraw = False
3.3443 	EXP 	grating: autoDraw = False
3.7925 	EXP 	Device response: <KeyPress from None: t=3.783857000002172, value=up, duration=None>
3.7933 	EXP 	New trial (rep=2, index=0): <Trial 2 (0 in rep 2) data={'thisN': 2, 'thisTrialN': 0, 'thisRepN': 2}>
3.8159 	DATA 	Keypress: up
3.8198 	WARNING 	Multiple dropped frames have occurred - I'll stop bothering you about them!
3.8198 	EXP 	fixation: autoDraw = False
3.8198 	EXP 	grating: autoDraw = False
3.8198 	EXP 	grating: ori = np.float64(0.0)
3.8198 	EXP 	fixation: autoDraw = True
3.9759 	EXP 	Device response: <KeyPress from None: t=3.783857000002172, value=up, duration=0.18828483299876098>
4.7908 	INFO 	Keyboard events cleared
4.7905 	EXP 	grating: autoDraw = True
4.8121 	EXP 	fixation: autoDraw = False
5.0786 	EXP 	grating: autoDraw = False
6.2260 	EXP 	Device response: <KeyPress from None: t=6.2206652910099365, value=up, duration=None>
6.2268 	EXP 	New trial (rep=3, index=0): <Trial 3 (0 in rep 3) data={'thisN': 3, 'thisTrialN': 0, 'thisRepN': 3}>
6.2314 	DATA 	Keypress: up
6.2354 	EXP 	fixation: autoDraw = False
6.2354 	EXP 	grating: autoDraw = False
6.2354 	EXP 	grating: ori = np.float64(0.0)
6.2354 	EXP 	fixation: autoDraw = True
6.3923 	EXP 	Device response: <KeyPress from None: t=6.2206652910099365, value=up, duration=0.1684607089991914>
7.2243 	INFO 	Keyboard events cleared
7.2241 	EXP 	grating: autoDraw = True
7.2301 	EXP 	fixation: autoDraw = False
7.5118 	EXP 	grating: autoDraw = False
7.9097 	EXP 	Device response: <KeyPress from None: t=7.89979358301207, value=up, duration=None>
7.9105 	EXP 	New trial (rep=4, index=0): <Trial 4 (0 in rep 4) data={'thisN': 4, 'thisTrialN': 0, 'thisRepN': 4}>
7.9154 	DATA 	Keypress: up
7.9198 	EXP 	fixation: autoDraw = False
7.9198 	EXP 	grating: autoDraw = False
7.9198 	EXP 	grating: ori = np.float64(0.0)
7.9198 	EXP 	fixation: autoDraw = True
8.0421 	EXP 	Device response: <KeyPress from None: t=7.89979358301207, value=up, duration=0.13226862499141134>
8.9075 	INFO 	Keyboard events cleared
8.9071 	EXP 	grating: autoDraw = True
8.9133 	EXP 	fixation: autoDraw = False
9.1955 	EXP 	grating: autoDraw = False
9.7625 	EXP 	Device response: <KeyPress from None: t=9.76061437500175, value=up, duration=None>
9.7653 	EXP 	New trial (rep=5, index=0): <Trial 5 (0 in rep 5) data={'thisN': 5, 'thisTrialN': 0, 'thisRepN': 5}>
9.7709 	DATA 	Keypress: up
9.7762 	EXP 	fixation: autoDraw = False
9.7762 	EXP 	grating: autoDraw = False
9.7762 	EXP 	grating: ori = np.float64(-3.0)
9.7762 	EXP 	fixation: autoDraw = True
9.9422 	EXP 	Device response: <KeyPress from None: t=9.76061437500175, value=up, duration=0.17239508300554007>
10.7631 	INFO 	Keyboard events cleared
10.7628 	EXP 	grating: autoDraw = True
10.7739 	EXP 	fixation: autoDraw = False
11.0610 	EXP 	grating: autoDraw = False
11.4634 	EXP 	Device response: <KeyPress from None: t=11.460522875000606, value=down, duration=None>
11.4642 	EXP 	New trial (rep=6, index=0): <Trial 6 (0 in rep 6) data={'thisN': 6, 'thisTrialN': 0, 'thisRepN': 6}>
11.4693 	DATA 	Keypress: down
11.4735 	EXP 	fixation: autoDraw = False
11.4735 	EXP 	grating: autoDraw = False
11.4735 	EXP 	grating: ori = np.float64(0.0)
11.4735 	EXP 	fixation: autoDraw = True
11.5925 	EXP 	Device response: <KeyPress from None: t=11.460522875000606, value=down, duration=0.12440662500739563>
12.4644 	INFO 	Keyboard events cleared
12.4642 	EXP 	fixation: autoDraw = False
12.4642 	EXP 	grating: autoDraw = True
12.7611 	EXP 	grating: autoDraw = False
13.7924 	EXP 	Device response: <KeyPress from None: t=13.780555666002329, value=up, duration=None>
13.7933 	EXP 	New trial (rep=7, index=0): <Trial 7 (0 in rep 7) data={'thisN': 7, 'thisTrialN': 0, 'thisRepN': 7}>
13.7988 	DATA 	Keypress: up
13.8030 	EXP 	fixation: autoDraw = False
13.8030 	EXP 	grating: autoDraw = False
13.8030 	EXP 	grating: ori = np.float64(0.0)
13.8030 	EXP 	fixation: autoDraw = True
13.9419 	EXP 	Device response: <KeyPress from None: t=13.780555666002329, value=up, duration=0.15230379199783783>
14.7908 	INFO 	Keyboard events cleared
14.7906 	EXP 	grating: autoDraw = True
14.7960 	EXP 	fixation: autoDraw = False
15.0779 	EXP 	grating: autoDraw = False
15.5424 	EXP 	Device response: <KeyPress from None: t=15.538567291005165, value=up, duration=None>
15.5432 	EXP 	New trial (rep=8, index=0): <Trial 8 (0 in rep 8) data={'thisN': 8, 'thisTrialN': 0, 'thisRepN': 8}>
15.5488 	DATA 	Keypress: up
15.5529 	EXP 	fixation: autoDraw = False
15.5529 	EXP 	grating: autoDraw = False
15.5529 	EXP 	grating: ori = np.float64(0.0)
15.5529 	EXP 	fixation: autoDraw = True
15.6587 	EXP 	Device response: <KeyPress from None: t=15.538567291005165, value=up, duration=0.10815866700431798>
16.5408 	INFO 	Keyboard events cleared
16.5406 	EXP 	grating: autoDraw = True
16.5461 	EXP 	fixation: autoDraw = False
16.8281 	EXP 	grating: autoDraw = False
17.8260 	EXP 	Device response: <KeyPress from None: t=17.81245116601349, value=down, duration=None>
17.8268 	EXP 	New trial (rep=9, index=0): <Trial 9 (0 in rep 9) data={'thisN': 9, 'thisTrialN': 0, 'thisRepN': 9}>
17.8318 	DATA 	Keypress: down
17.8359 	EXP 	fixation: autoDraw = False
17.8359 	EXP 	grating: autoDraw = False
17.8359 	EXP 	grating: ori = np.float64(0.0)
17.8359 	EXP 	fixation: autoDraw = True
17.9419 	EXP 	Device response: <KeyPress from None: t=17.81245116601349, value=down, duration=0.12825991699355654>
18.8237 	INFO 	Keyboard events cleared
18.8234 	EXP 	grating: autoDraw = True
18.8291 	EXP 	fixation: autoDraw = False
19.1114 	EXP 	grating: autoDraw = False
19.4431 	EXP 	Device response: <KeyPress from None: t=19.43336358301167, value=up, duration=None>
19.4440 	EXP 	New trial (rep=10, index=0): <Trial 10 (0 in rep 10) data={'thisN': 10, 'thisTrialN': 0, 'thisRepN': 10}>
19.4496 	DATA 	Keypress: up
19.4539 	EXP 	fixation: autoDraw = False
19.4539 	EXP 	grating: autoDraw = False
19.4539 	EXP 	grating: ori = np.float64(0.0)
19.4539 	EXP 	fixation: autoDraw = True
19.6141 	EXP 	Device response: <KeyPress from None: t=19.43336358301167, value=up, duration=0.17634779198851902>
20.4408 	INFO 	Keyboard events cleared
20.4406 	EXP 	grating: autoDraw = True
20.4461 	EXP 	fixation: autoDraw = False
20.7287 	EXP 	grating: autoDraw = False
21.5638 	EXP 	Device response: <KeyPress from None: t=21.558343916010926, value=up, duration=None>
21.5643 	EXP 	New trial (rep=11, index=0): <Trial 11 (0 in rep 11) data={'thisN': 11, 'thisTrialN': 0, 'thisRepN': 11}>
21.5690 	DATA 	Keypress: up
21.5732 	EXP 	fixation: autoDraw = False
21.5732 	EXP 	grating: autoDraw = False
21.5732 	EXP 	grating: ori = np.float64(-3.0)
21.5732 	EXP 	fixation: autoDraw = True
21.6916 	EXP 	Device response: <KeyPress from None: t=21.558343916010926, value=up, duration=0.12425170899950899>
22.5637 	INFO 	Keyboard events cleared
22.5634 	EXP 	fixation: autoDraw = False
22.5634 	EXP 	grating: autoDraw = True
22.8627 	EXP 	grating: autoDraw = False
23.2591 	EXP 	Device response: <KeyPress from None: t=23.248100583004998, value=up, duration=None>
23.2600 	EXP 	New trial (rep=12, index=0): <Trial 12 (0 in rep 12) data={'thisN': 12, 'thisTrialN': 0, 'thisRepN': 12}>
23.2650 	DATA 	Keypress: up
23.2690 	EXP 	fixation: autoDraw = False
23.2690 	EXP 	grating: autoDraw = False
23.2690 	EXP 	grating: ori = np.float64(-4.0)
23.2690 	EXP 	fixation: autoDraw = True
23.4257 	EXP 	Device response: <KeyPress from None: t=23.248100583004998, value=up, duration=0.16741537500638515>
24.2574 	INFO 	Keyboard events cleared
24.2572 	EXP 	grating: autoDraw = True
24.2627 	EXP 	fixation: autoDraw = False
24.5451 	EXP 	grating: autoDraw = False
25.1305 	EXP 	Device response: <KeyPress from None: t=25.125151750005898, value=down, duration=None>
25.1312 	EXP 	New trial (rep=13, index=0): <Trial 13 (0 in rep 13) data={'thisN': 13, 'thisTrialN': 0, 'thisRepN': 13}>
25.1361 	DATA 	Keypress: down
25.1403 	EXP 	fixation: autoDraw = False
25.1403 	EXP 	grating: autoDraw = False
25.1403 	EXP 	grating: ori = np.float64(-3.0)
25.1403 	EXP 	fixation: autoDraw = True
25.2424 	EXP 	Device response: <KeyPress from None: t=25.125151750005898, value=down, duration=0.10846899999887682>
26.1306 	INFO 	Keyboard events cleared
26.1304 	EXP 	fixation: autoDraw = False
26.1304 	EXP 	grating: autoDraw = True
26.4239 	EXP 	grating: autoDraw = False
26.6585 	EXP 	Device response: <KeyPress from None: t=26.64816758300003, value=up, duration=None>
26.6592 	EXP 	New trial (rep=14, index=0): <Trial 14 (0 in rep 14) data={'thisN': 14, 'thisTrialN': 0, 'thisRepN': 14}>
26.6621 	DATA 	Keypress: up
26.6652 	EXP 	fixation: autoDraw = False
26.6652 	EXP 	grating: autoDraw = False
26.6652 	EXP 	grating: ori = np.float64(0.0)
26.6652 	EXP 	fixation: autoDraw = True
26.8141 	EXP 	Device response: <KeyPress from None: t=26.64816758300003, value=up, duration=0.16431983301299624>
27.6578 	INFO 	Keyboard events cleared
27.6575 	EXP 	grating: autoDraw = True
27.6639 	EXP 	fixation: autoDraw = False
27.9457 	EXP 	grating: autoDraw = False
28.4925 	EXP 	Device response: <KeyPress from None: t=28.483169666011236, value=down, duration=None>
28.4931 	EXP 	New trial (rep=15, index=0): <Trial 15 (0 in rep 15) data={'thisN': 15, 'thisTrialN': 0, 'thisRepN': 15}>
28.4982 	DATA 	Keypress: down
28.5024 	EXP 	fixation: autoDraw = False
28.5024 	EXP 	grating: autoDraw = False
28.5024 	EXP 	grating: ori = np.float64(1.0)
28.5024 	EXP 	fixation: autoDraw = True
28.6087 	EXP 	Device response: <KeyPress from None: t=28.483169666011236, value=down, duration=0.1162930839927867>
29.4910 	INFO 	Keyboard events cleared
29.4907 	EXP 	grating: autoDraw = True
29.4970 	EXP 	fixation: autoDraw = False
29.7788 	EXP 	grating: autoDraw = False
30.2425 	EXP 	Device response: <KeyPress from None: t=30.235089750000043, value=down, duration=None>
30.2432 	EXP 	New trial (rep=16, index=0): <Trial 16 (0 in rep 16) data={'thisN': 16, 'thisTrialN': 0, 'thisRepN': 16}>
30.2482 	DATA 	Keypress: down
30.2522 	EXP 	fixation: autoDraw = False
30.2522 	EXP 	grating: autoDraw = False
30.2522 	EXP 	grating: ori = np.float64(-3.0)
30.2522 	EXP 	fixation: autoDraw = True
30.3649 	EXP 	Device response: <KeyPress from None: t=30.235089750000043, value=down, duration=0.1282995410001604>
31.2407 	INFO 	Keyboard events cleared
31.2404 	EXP 	grating: autoDraw = True
31.2464 	EXP 	fixation: autoDraw = False
31.5284 	EXP 	grating: autoDraw = False
32.3919 	EXP 	Device response: <KeyPress from None: t=32.38502570800483, value=down, duration=None>
32.3924 	EXP 	New trial (rep=17, index=0): <Trial 17 (0 in rep 17) data={'thisN': 17, 'thisTrialN': 0, 'thisRepN': 17}>
32.3974 	DATA 	Keypress: down
32.4016 	EXP 	fixation: autoDraw = False
32.4016 	EXP 	grating: autoDraw = False
32.4016 	EXP 	grating: ori = np.float64(-4.0)
32.4016 	EXP 	fixation: autoDraw = True
32.4921 	EXP 	Device response: <KeyPress from None: t=32.38502570800483, value=down, duration=0.10031812499801163>
33.3905 	INFO 	Keyboard events cleared
33.3903 	EXP 	grating: autoDraw = True
33.3960 	EXP 	fixation: autoDraw = False
33.6793 	EXP 	grating: autoDraw = False
33.9410 	EXP 	Device response: <KeyPress from None: t=33.939946208003676, value=up, duration=None>
33.9412 	EXP 	New trial (rep=18, index=0): <Trial 18 (0 in rep 18) data={'thisN': 18, 'thisTrialN': 0, 'thisRepN': 18}>
33.9450 	EXP 	fixation: autoDraw = False
33.9450 	EXP 	grating: autoDraw = False
33.9450 	EXP 	grating: ori = np.float64(1.0)
33.9450 	EXP 	fixation: autoDraw = True
33.9467 	DATA 	Keypress: up
34.1087 	EXP 	Device response: <KeyPress from None: t=33.939946208003676, value=up, duration=0.1643166249996284>
34.9311 	INFO 	Keyboard events cleared
34.9309 	EXP 	grating: autoDraw = True
34.9405 	EXP 	fixation: autoDraw = False
35.2274 	EXP 	grating: autoDraw = False
35.4966 	EXP 	Device response: <KeyPress from None: t=35.49191187501128, value=up, duration=None>
35.4969 	EXP 	New trial (rep=19, index=0): <Trial 19 (0 in rep 19) data={'thisN': 19, 'thisTrialN': 0, 'thisRepN': 19}>
35.5014 	DATA 	Keypress: up
35.5061 	EXP 	fixation: autoDraw = False
35.5061 	EXP 	grating: autoDraw = False
35.5061 	EXP 	grating: ori = np.float64(0.0)
35.5061 	EXP 	fixation: autoDraw = True
35.6143 	EXP 	Device response: <KeyPress from None: t=35.49191187501128, value=up, duration=0.11634741599846166>
36.4906 	INFO 	Keyboard events cleared
36.4903 	EXP 	grating: autoDraw = True
36.4965 	EXP 	fixation: autoDraw = False
36.7784 	EXP 	grating: autoDraw = False
37.3256 	EXP 	Device response: <KeyPress from None: t=37.32290008300333, value=down, duration=None>
37.3265 	EXP 	New trial (rep=20, index=0): <Trial 20 (0 in rep 20) data={'thisN': 20, 'thisTrialN': 0, 'thisRepN': 20}>
37.3320 	DATA 	Keypress: down
37.3361 	EXP 	fixation: autoDraw = False
37.3361 	EXP 	grating: autoDraw = False
37.3361 	EXP 	grating: ori = np.float64(4.0)
37.3361 	EXP 	fixation: autoDraw = True
37.4258 	EXP 	Device response: <KeyPress from None: t=37.32290008300333, value=down, duration=0.09224125000764616>
38.3241 	INFO 	Keyboard events cleared
38.3237 	EXP 	grating: autoDraw = True
38.3300 	EXP 	fixation: autoDraw = False
38.6107 	EXP 	grating: autoDraw = False
38.9750 	EXP 	Device response: <KeyPress from None: t=38.9659002910048, value=down, duration=None>
38.9754 	EXP 	New trial (rep=21, index=0): <Trial 21 (0 in rep 21) data={'thisN': 21, 'thisTrialN': 0, 'thisRepN': 21}>
38.9803 	DATA 	Keypress: down
38.9843 	EXP 	fixation: autoDraw = False
38.9843 	EXP 	grating: autoDraw = False
38.9843 	EXP 	grating: ori = np.float64(-3.0)
38.9843 	EXP 	fixation: autoDraw = True
39.0921 	EXP 	Device response: <KeyPress from None: t=38.9659002910048, value=down, duration=0.12020683400623966>
39.9740 	INFO 	Keyboard events cleared
39.9738 	EXP 	grating: autoDraw = True
39.9792 	EXP 	fixation: autoDraw = False
40.2625 	EXP 	grating: autoDraw = False
40.8757 	EXP 	Device response: <KeyPress from None: t=40.86577991601371, value=up, duration=None>
40.8765 	EXP 	New trial (rep=22, index=0): <Trial 22 (0 in rep 22) data={'thisN': 22, 'thisTrialN': 0, 'thisRepN': 22}>
40.8820 	DATA 	Keypress: up
40.8862 	EXP 	fixation: autoDraw = False
40.8862 	EXP 	grating: autoDraw = False
40.8862 	EXP 	grating: ori = np.float64(0.0)
40.8862 	EXP 	fixation: autoDraw = True
41.0089 	EXP 	Device response: <KeyPress from None: t=40.86577991601371, value=up, duration=0.13641533399641048>
41.8744 	INFO 	Keyboard events cleared
41.8741 	EXP 	grating: autoDraw = True
41.8804 	EXP 	fixation: autoDraw = False
42.1622 	EXP 	grating: autoDraw = False
54.5109 	EXP 	Device response: <KeyPress from None: t=54.497364333001315, value=down, duration=None>
54.5118 	EXP 	New trial (rep=23, index=0): <Trial 23 (0 in rep 23) data={'thisN': 23, 'thisTrialN': 0, 'thisRepN': 23}>
54.5177 	DATA 	Keypress: down
54.5220 	EXP 	fixation: autoDraw = False
54.5220 	EXP 	grating: autoDraw = False
54.5220 	EXP 	grating: ori = np.float64(0.0)
54.5220 	EXP 	fixation: autoDraw = True
54.5982 	EXP 	Device response: <KeyPress from None: t=54.497364333001315, value=down, duration=0.09448862500721589>
55.5074 	INFO 	Keyboard events cleared
55.5072 	EXP 	grating: autoDraw = True
55.5128 	EXP 	fixation: autoDraw = False
55.7939 	EXP 	grating: autoDraw = False
57.3469 	EXP 	Device response: <KeyPress from None: t=57.34439983300399, value=down, duration=None>
57.3473 	EXP 	New trial (rep=24, index=0): <Trial 24 (0 in rep 24) data={'thisN': 24, 'thisTrialN': 0, 'thisRepN': 24}>
57.3523 	DATA 	Keypress: down
57.3566 	EXP 	fixation: autoDraw = False
57.3566 	EXP 	grating: autoDraw = False
57.3566 	EXP 	grating: ori = np.float64(0.0)
57.3566 	EXP 	fixation: autoDraw = True
57.4807 	EXP 	Device response: <KeyPress from None: t=57.34439983300399, value=down, duration=0.13246233300014865>
58.3464 	INFO 	Keyboard events cleared
58.3461 	EXP 	fixation: autoDraw = False
58.3461 	EXP 	grating: autoDraw = True
58.6406 	EXP 	grating: autoDraw = False
59.0084 	EXP 	Device response: <KeyPress from None: t=59.003462333013886, value=up, duration=None>
59.0089 	EXP 	New trial (rep=25, index=0): <Trial 25 (0 in rep 25) data={'thisN': 25, 'thisTrialN': 0, 'thisRepN': 25}>
59.0142 	DATA 	Keypress: up
59.0185 	EXP 	fixation: autoDraw = False
59.0185 	EXP 	grating: autoDraw = False
59.0185 	EXP 	grating: ori = np.float64(3.0)
59.0185 	EXP 	fixation: autoDraw = True
59.1586 	EXP 	Device response: <KeyPress from None: t=59.003462333013886, value=up, duration=0.14429483299318235>
60.0072 	INFO 	Keyboard events cleared
60.0070 	EXP 	grating: autoDraw = True
60.0117 	EXP 	fixation: autoDraw = False
60.2949 	EXP 	grating: autoDraw = False
60.7302 	EXP 	Device response: <KeyPress from None: t=60.72525775000395, value=up, duration=None>
60.7306 	EXP 	New trial (rep=26, index=0): <Trial 26 (0 in rep 26) data={'thisN': 26, 'thisTrialN': 0, 'thisRepN': 26}>
60.7353 	DATA 	Keypress: up
60.7396 	EXP 	fixation: autoDraw = False
60.7396 	EXP 	grating: autoDraw = False
60.7396 	EXP 	grating: ori = np.float64(0.0)
60.7396 	EXP 	fixation: autoDraw = True
60.8587 	EXP 	Device response: <KeyPress from None: t=60.72525775000395, value=up, duration=0.12852029100758955>
61.7237 	INFO 	Keyboard events cleared
61.7237 	EXP 	grating: autoDraw = True
61.7269 	EXP 	fixation: autoDraw = False
62.0131 	EXP 	grating: autoDraw = False
63.0088 	EXP 	Device response: <KeyPress from None: t=63.00631166600215, value=down, duration=None>
63.0098 	EXP 	New trial (rep=27, index=0): <Trial 27 (0 in rep 27) data={'thisN': 27, 'thisTrialN': 0, 'thisRepN': 27}>
63.0151 	DATA 	Keypress: down
63.0194 	EXP 	fixation: autoDraw = False
63.0194 	EXP 	grating: autoDraw = False
63.0194 	EXP 	grating: ori = np.float64(-5.0)
63.0194 	EXP 	fixation: autoDraw = True
63.1637 	EXP 	Device response: <KeyPress from None: t=63.00631166600215, value=down, duration=0.15632804200868122>
64.0073 	INFO 	Keyboard events cleared
64.0071 	EXP 	grating: autoDraw = True
64.0125 	EXP 	fixation: autoDraw = False
64.2959 	EXP 	grating: autoDraw = False
65.0297 	EXP 	Device response: <KeyPress from None: t=65.02418954099994, value=down, duration=None>
65.0302 	EXP 	New trial (rep=28, index=0): <Trial 28 (0 in rep 28) data={'thisN': 28, 'thisTrialN': 0, 'thisRepN': 28}>
65.0354 	DATA 	Keypress: down
65.0399 	EXP 	fixation: autoDraw = False
65.0399 	EXP 	grating: autoDraw = False
65.0399 	EXP 	grating: ori = np.float64(0.0)
65.0399 	EXP 	fixation: autoDraw = True
65.1250 	EXP 	Device response: <KeyPress from None: t=65.02418954099994, value=down, duration=0.0924152090010466>
66.0235 	INFO 	Keyboard events cleared
66.0233 	EXP 	grating: autoDraw = True
66.0285 	EXP 	fixation: autoDraw = False
66.3128 	EXP 	grating: autoDraw = False
66.7758 	EXP 	Device response: <KeyPress from None: t=66.77220575000683, value=up, duration=None>
66.7766 	EXP 	New trial (rep=29, index=0): <Trial 29 (0 in rep 29) data={'thisN': 29, 'thisTrialN': 0, 'thisRepN': 29}>
66.7821 	DATA 	Keypress: up
66.7863 	EXP 	fixation: autoDraw = False
66.7863 	EXP 	grating: autoDraw = False
66.7863 	EXP 	grating: ori = np.float64(0.0)
66.7863 	EXP 	fixation: autoDraw = True
66.8964 	EXP 	Device response: <KeyPress from None: t=66.77220575000683, value=up, duration=0.12030366600083653>
67.7740 	INFO 	Keyboard events cleared
67.7738 	EXP 	grating: autoDraw = True
67.7792 	EXP 	fixation: autoDraw = False
68.0609 	EXP 	grating: autoDraw = False
68.6255 	EXP 	Device response: <KeyPress from None: t=68.623244833012, value=up, duration=None>
68.6263 	EXP 	New trial (rep=30, index=0): <Trial 30 (0 in rep 30) data={'thisN': 30, 'thisTrialN': 0, 'thisRepN': 30}>
68.6312 	DATA 	Keypress: up
68.6354 	EXP 	fixation: autoDraw = False
68.6354 	EXP 	grating: autoDraw = False
68.6354 	EXP 	grating: ori = np.float64(2.0)
68.6354 	EXP 	fixation: autoDraw = True
68.7755 	EXP 	Device response: <KeyPress from None: t=68.623244833012, value=up, duration=0.14829504198860377>
69.6241 	INFO 	Keyboard events cleared
69.6238 	EXP 	grating: autoDraw = True
69.6299 	EXP 	fixation: autoDraw = False
69.9119 	EXP 	grating: autoDraw = False
70.9411 	EXP 	Device response: <KeyPress from None: t=70.93910504100495, value=down, duration=None>
70.9413 	EXP 	New trial (rep=31, index=0): <Trial 31 (0 in rep 31) data={'thisN': 31, 'thisTrialN': 0, 'thisRepN': 31}>
70.9445 	EXP 	fixation: autoDraw = False
70.9445 	EXP 	grating: autoDraw = False
70.9445 	EXP 	grating: ori = np.float64(-4.0)
70.9445 	EXP 	fixation: autoDraw = True
70.9459 	DATA 	Keypress: down
71.0413 	EXP 	Device response: <KeyPress from None: t=70.93910504100495, value=down, duration=0.09237212500011083>
71.9307 	INFO 	Keyboard events cleared
71.9305 	EXP 	grating: autoDraw = True
71.9404 	EXP 	fixation: autoDraw = False
72.2286 	EXP 	grating: autoDraw = False
72.5588 	EXP 	Device response: <KeyPress from None: t=72.55308900000819, value=down, duration=None>
72.5596 	EXP 	New trial (rep=32, index=0): <Trial 32 (0 in rep 32) data={'thisN': 32, 'thisTrialN': 0, 'thisRepN': 32}>
72.5637 	DATA 	Keypress: down
72.5675 	EXP 	fixation: autoDraw = False
72.5675 	EXP 	grating: autoDraw = False
72.5675 	EXP 	grating: ori = np.float64(-4.0)
72.5675 	EXP 	fixation: autoDraw = True
72.6922 	EXP 	Device response: <KeyPress from None: t=72.55308900000819, value=down, duration=0.13231033299234696>
73.5574 	INFO 	Keyboard events cleared
73.5572 	EXP 	grating: autoDraw = True
73.5632 	EXP 	fixation: autoDraw = False
73.8455 	EXP 	grating: autoDraw = False
75.3758 	EXP 	Device response: <KeyPress from None: t=75.36299016600242, value=up, duration=None>
75.3767 	EXP 	New trial (rep=33, index=0): <Trial 33 (0 in rep 33) data={'thisN': 33, 'thisTrialN': 0, 'thisRepN': 33}>
75.3822 	DATA 	Keypress: up
75.3864 	EXP 	fixation: autoDraw = False
75.3864 	EXP 	grating: autoDraw = False
75.3864 	EXP 	grating: ori = np.float64(0.0)
75.3864 	EXP 	fixation: autoDraw = True
75.5249 	EXP 	Device response: <KeyPress from None: t=75.36299016600242, value=up, duration=0.15223566700296942>
76.3740 	INFO 	Keyboard events cleared
76.3738 	EXP 	grating: autoDraw = True
76.3798 	EXP 	fixation: autoDraw = False
76.6617 	EXP 	grating: autoDraw = False
77.2421 	EXP 	Device response: <KeyPress from None: t=77.23782545801078, value=up, duration=None>
77.2429 	EXP 	New trial (rep=34, index=0): <Trial 34 (0 in rep 34) data={'thisN': 34, 'thisTrialN': 0, 'thisRepN': 34}>
77.2481 	DATA 	Keypress: up
77.2525 	EXP 	fixation: autoDraw = False
77.2525 	EXP 	grating: autoDraw = False
77.2525 	EXP 	grating: ori = np.float64(-2.0)
77.2525 	EXP 	fixation: autoDraw = True
77.4081 	EXP 	Device response: <KeyPress from None: t=77.23782545801078, value=up, duration=0.16449537499283906>
78.2407 	INFO 	Keyboard events cleared
78.2405 	EXP 	grating: autoDraw = True
78.2465 	EXP 	fixation: autoDraw = False
78.5285 	EXP 	grating: autoDraw = False
78.9799 	EXP 	Device response: <KeyPress from None: t=78.97887350000383, value=up, duration=None>
78.9803 	EXP 	New trial (rep=35, index=0): <Trial 35 (0 in rep 35) data={'thisN': 35, 'thisTrialN': 0, 'thisRepN': 35}>
78.9851 	DATA 	Keypress: up
78.9892 	EXP 	fixation: autoDraw = False
78.9892 	EXP 	grating: autoDraw = False
78.9892 	EXP 	grating: ori = np.float64(0.0)
78.9892 	EXP 	fixation: autoDraw = True
79.1424 	EXP 	Device response: <KeyPress from None: t=78.97887350000383, value=up, duration=0.1603341250010999>
79.9740 	INFO 	Keyboard events cleared
79.9737 	EXP 	grating: autoDraw = True
79.9801 	EXP 	fixation: autoDraw = False
80.2624 	EXP 	grating: autoDraw = False
80.7923 	EXP 	Device response: <KeyPress from None: t=80.78977354100789, value=up, duration=None>
80.7932 	EXP 	New trial (rep=36, index=0): <Trial 36 (0 in rep 36) data={'thisN': 36, 'thisTrialN': 0, 'thisRepN': 36}>
80.7984 	DATA 	Keypress: up
80.8026 	EXP 	fixation: autoDraw = False
80.8026 	EXP 	grating: autoDraw = False
80.8026 	EXP 	grating: ori = np.float64(-2.0)
80.8026 	EXP 	fixation: autoDraw = True
80.9637 	EXP 	Device response: <KeyPress from None: t=80.78977354100789, value=up, duration=0.17237879200547468>
81.7904 	INFO 	Keyboard events cleared
81.7900 	EXP 	grating: autoDraw = True
81.7957 	EXP 	fixation: autoDraw = False
82.0792 	EXP 	grating: autoDraw = False
82.5256 	EXP 	Device response: <KeyPress from None: t=82.51898491600878, value=up, duration=None>
82.5263 	EXP 	New trial (rep=37, index=0): <Trial 37 (0 in rep 37) data={'thisN': 37, 'thisTrialN': 0, 'thisRepN': 37}>
82.5317 	DATA 	Keypress: up
82.5359 	EXP 	fixation: autoDraw = False
82.5359 	EXP 	grating: autoDraw = False
82.5359 	EXP 	grating: ori = np.float64(0.0)
82.5359 	EXP 	fixation: autoDraw = True
82.6810 	EXP 	Device response: <KeyPress from None: t=82.51898491600878, value=up, duration=0.15599975000077393>
83.5241 	INFO 	Keyboard events cleared
83.5238 	EXP 	grating: autoDraw = True
83.5300 	EXP 	fixation: autoDraw = False
83.8127 	EXP 	grating: autoDraw = False
84.1922 	EXP 	Device response: <KeyPress from None: t=84.18574479100062, value=up, duration=None>
84.1929 	EXP 	New trial (rep=38, index=0): <Trial 38 (0 in rep 38) data={'thisN': 38, 'thisTrialN': 0, 'thisRepN': 38}>
84.1979 	DATA 	Keypress: up
84.2021 	EXP 	fixation: autoDraw = False
84.2021 	EXP 	grating: autoDraw = False
84.2021 	EXP 	grating: ori = np.float64(0.0)
84.2021 	EXP 	fixation: autoDraw = True
84.3253 	EXP 	Device response: <KeyPress from None: t=84.18574479100062, value=up, duration=0.1283160840102937>
85.1907 	INFO 	Keyboard events cleared
85.1904 	EXP 	grating: autoDraw = True
85.1965 	EXP 	fixation: autoDraw = False
85.4773 	EXP 	grating: autoDraw = False
86.1963 	EXP 	Device response: <KeyPress from None: t=86.19167095801095, value=up, duration=None>
86.1967 	EXP 	New trial (rep=39, index=0): <Trial 39 (0 in rep 39) data={'thisN': 39, 'thisTrialN': 0, 'thisRepN': 39}>
86.2011 	DATA 	Keypress: up
86.2061 	EXP 	fixation: autoDraw = False
86.2061 	EXP 	grating: autoDraw = False
86.2061 	EXP 	grating: ori = np.float64(0.0)
86.2061 	EXP 	fixation: autoDraw = True
86.3470 	EXP 	Device response: <KeyPress from None: t=86.19167095801095, value=up, duration=0.15230349999910686>
87.1907 	INFO 	Keyboard events cleared
87.1904 	EXP 	grating: autoDraw = True
87.1962 	EXP 	fixation: autoDraw = False
87.4783 	EXP 	grating: autoDraw = False
87.9785 	EXP 	Device response: <KeyPress from None: t=87.97451454101247, value=up, duration=None>
87.9789 	EXP 	New trial (rep=40, index=0): <Trial 40 (0 in rep 40) data={'thisN': 40, 'thisTrialN': 0, 'thisRepN': 40}>
87.9835 	DATA 	Keypress: up
87.9890 	EXP 	fixation: autoDraw = False
87.9890 	EXP 	grating: autoDraw = False
87.9890 	EXP 	grating: ori = np.float64(2.0)
87.9890 	EXP 	fixation: autoDraw = True
88.1473 	EXP 	Device response: <KeyPress from None: t=87.97451454101247, value=up, duration=0.168471666998812>
88.9740 	INFO 	Keyboard events cleared
88.9738 	EXP 	grating: autoDraw = True
88.9797 	EXP 	fixation: autoDraw = False
89.2612 	EXP 	grating: autoDraw = False
89.5636 	EXP 	Device response: <KeyPress from None: t=89.56157479100511, value=up, duration=None>
89.5642 	EXP 	New trial (rep=41, index=0): <Trial 41 (0 in rep 41) data={'thisN': 41, 'thisTrialN': 0, 'thisRepN': 41}>
89.5691 	DATA 	Keypress: up
89.5731 	EXP 	fixation: autoDraw = False
89.5731 	EXP 	grating: autoDraw = False
89.5731 	EXP 	grating: ori = np.float64(0.0)
89.5731 	EXP 	fixation: autoDraw = True
89.7246 	EXP 	Device response: <KeyPress from None: t=89.56157479100511, value=up, duration=0.15225795899459627>
90.5632 	INFO 	Keyboard events cleared
90.5630 	EXP 	fixation: autoDraw = False
90.5630 	EXP 	grating: autoDraw = True
90.8614 	EXP 	grating: autoDraw = False
91.1603 	EXP 	Device response: <KeyPress from None: t=91.15553804101364, value=up, duration=None>
91.1611 	EXP 	New trial (rep=42, index=0): <Trial 42 (0 in rep 42) data={'thisN': 42, 'thisTrialN': 0, 'thisRepN': 42}>
91.1674 	EXP 	fixation: autoDraw = False
91.1674 	EXP 	grating: autoDraw = False
91.1674 	EXP 	grating: ori = np.float64(-2.0)
91.1674 	EXP 	fixation: autoDraw = True
91.1722 	DATA 	Keypress: up
91.3259 	EXP 	Device response: <KeyPress from None: t=91.15553804101364, value=up, duration=0.168290874993545>
92.1572 	INFO 	Keyboard events cleared
92.1570 	EXP 	grating: autoDraw = True
92.1625 	EXP 	fixation: autoDraw = False
92.4433 	EXP 	grating: autoDraw = False
93.0140 	EXP 	Device response: <KeyPress from None: t=93.01250145801168, value=down, duration=None>
93.0144 	EXP 	New trial (rep=43, index=0): <Trial 43 (0 in rep 43) data={'thisN': 43, 'thisTrialN': 0, 'thisRepN': 43}>
93.0195 	DATA 	Keypress: down
93.0407 	EXP 	fixation: autoDraw = False
93.0407 	EXP 	grating: autoDraw = False
93.0407 	EXP 	grating: ori = np.float64(0.0)
93.0407 	EXP 	fixation: autoDraw = True
93.1586 	EXP 	Device response: <KeyPress from None: t=93.01250145801168, value=down, duration=0.14032545799273066>
94.0150 	INFO 	Keyboard events cleared
94.0148 	EXP 	grating: autoDraw = True
94.0274 	EXP 	fixation: autoDraw = False
94.3113 	EXP 	grating: autoDraw = False
95.1630 	EXP 	Device response: <KeyPress from None: t=95.15940683300141, value=up, duration=None>
95.1634 	EXP 	New trial (rep=44, index=0): <Trial 44 (0 in rep 44) data={'thisN': 44, 'thisTrialN': 0, 'thisRepN': 44}>
95.1682 	DATA 	Keypress: up
95.1731 	EXP 	fixation: autoDraw = False
95.1731 	EXP 	grating: autoDraw = False
95.1731 	EXP 	grating: ori = np.float64(4.0)
95.1731 	EXP 	fixation: autoDraw = True
95.2758 	EXP 	Device response: <KeyPress from None: t=95.15940683300141, value=up, duration=0.1082414999982575>
96.1636 	INFO 	Keyboard events cleared
96.1633 	EXP 	fixation: autoDraw = False
96.1633 	EXP 	grating: autoDraw = True
96.4618 	EXP 	grating: autoDraw = False
96.8421 	EXP 	Device response: <KeyPress from None: t=96.83640483301133, value=down, duration=None>
96.8429 	EXP 	New trial (rep=45, index=0): <Trial 45 (0 in rep 45) data={'thisN': 45, 'thisTrialN': 0, 'thisRepN': 45}>
96.8481 	DATA 	Keypress: down
96.8523 	EXP 	fixation: autoDraw = False
96.8523 	EXP 	grating: autoDraw = False
96.8523 	EXP 	grating: ori = np.float64(0.0)
96.8523 	EXP 	fixation: autoDraw = True
96.9575 	EXP 	Device response: <KeyPress from None: t=96.83640483301133, value=down, duration=0.11620533298992086>
97.8406 	INFO 	Keyboard events cleared
97.8404 	EXP 	grating: autoDraw = True
97.8463 	EXP 	fixation: autoDraw = False
98.1287 	EXP 	grating: autoDraw = False
98.6417 	EXP 	Device response: <KeyPress from None: t=98.63135783300095, value=up, duration=None>
98.6424 	EXP 	New trial (rep=46, index=0): <Trial 46 (0 in rep 46) data={'thisN': 46, 'thisTrialN': 0, 'thisRepN': 46}>
98.6477 	DATA 	Keypress: up
98.6518 	EXP 	fixation: autoDraw = False
98.6518 	EXP 	grating: autoDraw = False
98.6518 	EXP 	grating: ori = np.float64(0.0)
98.6518 	EXP 	fixation: autoDraw = True
98.7472 	EXP 	Device response: <KeyPress from None: t=98.63135783300095, value=up, duration=0.11231454199878499>
99.6407 	INFO 	Keyboard events cleared
99.6404 	EXP 	grating: autoDraw = True
99.6466 	EXP 	fixation: autoDraw = False
99.9285 	EXP 	grating: autoDraw = False
100.4090 	EXP 	Device response: <KeyPress from None: t=100.40430045800167, value=up, duration=None>
100.4100 	EXP 	New trial (rep=47, index=0): <Trial 47 (0 in rep 47) data={'thisN': 47, 'thisTrialN': 0, 'thisRepN': 47}>
100.4154 	DATA 	Keypress: up
100.4197 	EXP 	fixation: autoDraw = False
100.4197 	EXP 	grating: autoDraw = False
100.4197 	EXP 	grating: ori = np.float64(0.0)
100.4197 	EXP 	fixation: autoDraw = True
100.5084 	EXP 	Device response: <KeyPress from None: t=100.40430045800167, value=up, duration=0.09218991700618062>
101.4074 	INFO 	Keyboard events cleared
101.4072 	EXP 	grating: autoDraw = True
101.4130 	EXP 	fixation: autoDraw = False
101.6945 	EXP 	grating: autoDraw = False
102.1089 	EXP 	Device response: <KeyPress from None: t=102.10719891601184, value=up, duration=None>
102.1096 	EXP 	New trial (rep=48, index=0): <Trial 48 (0 in rep 48) data={'thisN': 48, 'thisTrialN': 0, 'thisRepN': 48}>
102.1145 	DATA 	Keypress: up
102.1187 	EXP 	fixation: autoDraw = False
102.1187 	EXP 	grating: autoDraw = False
102.1187 	EXP 	grating: ori = np.float64(-4.0)
102.1187 	EXP 	fixation: autoDraw = True
102.2423 	EXP 	Device response: <KeyPress from None: t=102.10719891601184, value=up, duration=0.1243373339966638>
103.1072 	INFO 	Keyboard events cleared
103.1070 	EXP 	grating: autoDraw = True
103.1124 	EXP 	fixation: autoDraw = False
103.3954 	EXP 	grating: autoDraw = False
103.8090 	EXP 	Device response: <KeyPress from None: t=103.80611979101377, value=down, duration=None>
103.8097 	EXP 	New trial (rep=49, index=0): <Trial 49 (0 in rep 49) data={'thisN': 49, 'thisTrialN': 0, 'thisRepN': 49}>
103.8147 	DATA 	Keypress: down
103.8189 	EXP 	fixation: autoDraw = False
103.8189 	EXP 	grating: autoDraw = False
103.8189 	EXP 	grating: ori = np.float64(0.0)
103.8189 	EXP 	fixation: autoDraw = True
103.9416 	EXP 	Device response: <KeyPress from None: t=103.80611979101377, value=down, duration=0.12434212499647401>
104.8076 	INFO 	Keyboard events cleared
104.8073 	EXP 	grating: autoDraw = True
104.8136 	EXP 	fixation: autoDraw = False
105.0955 	EXP 	grating: autoDraw = False
105.2752 	EXP 	Device response: <KeyPress from None: t=105.26823975000298, value=up, duration=None>
105.2758 	EXP 	New trial (rep=50, index=0): <Trial 50 (0 in rep 50) data={'thisN': 50, 'thisTrialN': 0, 'thisRepN': 50}>
105.2811 	DATA 	Keypress: up
105.2854 	EXP 	fixation: autoDraw = False
105.2854 	EXP 	grating: autoDraw = False
105.2854 	EXP 	grating: ori = np.float64(-2.0)
105.2854 	EXP 	fixation: autoDraw = True
105.3926 	EXP 	Device response: <KeyPress from None: t=105.26823975000298, value=up, duration=0.1162125830014702>
106.2739 	INFO 	Keyboard events cleared
106.2735 	EXP 	grating: autoDraw = True
106.2793 	EXP 	fixation: autoDraw = False
106.5627 	EXP 	grating: autoDraw = False
106.9925 	EXP 	Device response: <KeyPress from None: t=106.98509704100434, value=up, duration=None>
106.9935 	EXP 	New trial (rep=51, index=0): <Trial 51 (0 in rep 51) data={'thisN': 51, 'thisTrialN': 0, 'thisRepN': 51}>
106.9990 	DATA 	Keypress: up
107.0036 	EXP 	fixation: autoDraw = False
107.0036 	EXP 	grating: autoDraw = False
107.0036 	EXP 	grating: ori = np.float64(-2.0)
107.0036 	EXP 	fixation: autoDraw = True
107.0923 	EXP 	Device response: <KeyPress from None: t=106.98509704100434, value=up, duration=0.10033391699835192>
107.9905 	INFO 	Keyboard events cleared
107.9903 	EXP 	grating: autoDraw = True
107.9947 	EXP 	fixation: autoDraw = False
108.2788 	EXP 	grating: autoDraw = False
112.0138 	EXP 	Device response: <KeyPress from None: t=112.009284166008, value=down, duration=None>
112.0142 	EXP 	New trial (rep=52, index=0): <Trial 52 (0 in rep 52) data={'thisN': 52, 'thisTrialN': 0, 'thisRepN': 52}>
112.0187 	DATA 	Keypress: down
112.0228 	EXP 	fixation: autoDraw = False
112.0228 	EXP 	grating: autoDraw = False
112.0228 	EXP 	grating: ori = np.float64(0.0)
112.0228 	EXP 	fixation: autoDraw = True
112.1423 	EXP 	Device response: <KeyPress from None: t=112.009284166008, value=down, duration=0.12649437499931082>
113.0135 	INFO 	Keyboard events cleared
113.0133 	EXP 	fixation: autoDraw = False
113.0133 	EXP 	grating: autoDraw = True
113.3114 	EXP 	grating: autoDraw = False
113.6781 	EXP 	Device response: <KeyPress from None: t=113.6665144580038, value=up, duration=None>
113.6784 	EXP 	New trial (rep=53, index=0): <Trial 53 (0 in rep 53) data={'thisN': 53, 'thisTrialN': 0, 'thisRepN': 53}>
113.6813 	DATA 	Keypress: up
113.6902 	EXP 	fixation: autoDraw = False
113.6902 	EXP 	grating: autoDraw = False
113.6902 	EXP 	grating: ori = np.float64(2.0)
113.6902 	EXP 	fixation: autoDraw = True
113.8421 	EXP 	Device response: <KeyPress from None: t=113.6665144580038, value=up, duration=0.16825149999931455>
114.6739 	INFO 	Keyboard events cleared
114.6735 	EXP 	grating: autoDraw = True
114.6800 	EXP 	fixation: autoDraw = False
114.9616 	EXP 	grating: autoDraw = False
115.3748 	EXP 	Device response: <KeyPress from None: t=115.3643035000132, value=down, duration=None>
115.3753 	EXP 	New trial (rep=54, index=0): <Trial 54 (0 in rep 54) data={'thisN': 54, 'thisTrialN': 0, 'thisRepN': 54}>
115.3806 	DATA 	Keypress: down
115.3849 	EXP 	fixation: autoDraw = False
115.3849 	EXP 	grating: autoDraw = False
115.3849 	EXP 	grating: ori = np.float64(0.0)
115.3849 	EXP 	fixation: autoDraw = True
115.4585 	EXP 	Device response: <KeyPress from None: t=115.3643035000132, value=down, duration=0.09231966600054875>
116.3738 	INFO 	Keyboard events cleared
116.3736 	EXP 	grating: autoDraw = True
116.3791 	EXP 	fixation: autoDraw = False
116.6616 	EXP 	grating: autoDraw = False
117.0922 	EXP 	Device response: <KeyPress from None: t=117.08426325001346, value=down, duration=None>
117.0933 	EXP 	New trial (rep=55, index=0): <Trial 55 (0 in rep 55) data={'thisN': 55, 'thisTrialN': 0, 'thisRepN': 55}>
117.0990 	DATA 	Keypress: down
117.1032 	EXP 	fixation: autoDraw = False
117.1032 	EXP 	grating: autoDraw = False
117.1032 	EXP 	grating: ori = np.float64(3.0)
117.1032 	EXP 	fixation: autoDraw = True
117.3243 	EXP 	Device response: <KeyPress from None: t=117.08426325001346, value=down, duration=0.2323875829897588>
118.0907 	INFO 	Keyboard events cleared
118.0904 	EXP 	grating: autoDraw = True
118.0968 	EXP 	fixation: autoDraw = False
118.3774 	EXP 	grating: autoDraw = False
118.9595 	EXP 	Device response: <KeyPress from None: t=118.94620645800023, value=up, duration=None>
118.9603 	EXP 	New trial (rep=56, index=0): <Trial 56 (0 in rep 56) data={'thisN': 56, 'thisTrialN': 0, 'thisRepN': 56}>
118.9658 	DATA 	Keypress: up
118.9701 	EXP 	fixation: autoDraw = False
118.9701 	EXP 	grating: autoDraw = False
118.9701 	EXP 	grating: ori = np.float64(0.0)
118.9701 	EXP 	fixation: autoDraw = True
119.1629 	EXP 	Device response: <KeyPress from None: t=118.94620645800023, value=up, duration=0.2124368330114521>
119.9571 	INFO 	Keyboard events cleared
119.9569 	EXP 	grating: autoDraw = True
119.9624 	EXP 	fixation: autoDraw = False
120.2450 	EXP 	grating: autoDraw = False
120.6916 	EXP 	Device response: <KeyPress from None: t=120.68320975000097, value=up, duration=None>
120.6920 	EXP 	New trial (rep=57, index=0): <Trial 57 (0 in rep 57) data={'thisN': 57, 'thisTrialN': 0, 'thisRepN': 57}>
120.6970 	DATA 	Keypress: up
120.7012 	EXP 	fixation: autoDraw = False
120.7012 	EXP 	grating: autoDraw = False
120.7012 	EXP 	grating: ori = np.float64(0.0)
120.7012 	EXP 	fixation: autoDraw = True
120.8750 	EXP 	Device response: <KeyPress from None: t=120.68320975000097, value=up, duration=0.1844181250053225>
121.6906 	INFO 	Keyboard events cleared
121.6904 	EXP 	grating: autoDraw = True
121.6958 	EXP 	fixation: autoDraw = False
121.9787 	EXP 	grating: autoDraw = False
122.4087 	EXP 	Device response: <KeyPress from None: t=122.40422720801143, value=up, duration=None>
122.4094 	EXP 	New trial (rep=58, index=0): <Trial 58 (0 in rep 58) data={'thisN': 58, 'thisTrialN': 0, 'thisRepN': 58}>
122.4143 	DATA 	Keypress: up
122.4184 	EXP 	fixation: autoDraw = False
122.4184 	EXP 	grating: autoDraw = False
122.4184 	EXP 	grating: ori = np.float64(0.0)
122.4184 	EXP 	fixation: autoDraw = True
122.6752 	EXP 	Device response: <KeyPress from None: t=122.40422720801143, value=up, duration=0.26018729199131485>
123.4073 	INFO 	Keyboard events cleared
123.4071 	EXP 	grating: autoDraw = True
123.4131 	EXP 	fixation: autoDraw = False
123.6950 	EXP 	grating: autoDraw = False
124.1588 	EXP 	Device response: <KeyPress from None: t=124.1502018750034, value=up, duration=None>
124.1595 	EXP 	New trial (rep=59, index=0): <Trial 59 (0 in rep 59) data={'thisN': 59, 'thisTrialN': 0, 'thisRepN': 59}>
124.1649 	DATA 	Keypress: up
124.1691 	EXP 	fixation: autoDraw = False
124.1691 	EXP 	grating: autoDraw = False
124.1691 	EXP 	grating: ori = np.float64(-4.0)
124.1691 	EXP 	fixation: autoDraw = True
124.3750 	EXP 	Device response: <KeyPress from None: t=124.1502018750034, value=up, duration=0.21642650000285357>
125.1572 	INFO 	Keyboard events cleared
125.1570 	EXP 	grating: autoDraw = True
125.1632 	EXP 	fixation: autoDraw = False
125.4437 	EXP 	grating: autoDraw = False
125.8086 	EXP 	Device response: <KeyPress from None: t=125.80522316601127, value=up, duration=None>
125.8090 	EXP 	New trial (rep=60, index=0): <Trial 60 (0 in rep 60) data={'thisN': 60, 'thisTrialN': 0, 'thisRepN': 60}>
125.8139 	DATA 	Keypress: up
125.8182 	EXP 	fixation: autoDraw = False
125.8182 	EXP 	grating: autoDraw = False
125.8182 	EXP 	grating: ori = np.float64(0.0)
125.8182 	EXP 	fixation: autoDraw = True
126.0750 	EXP 	Device response: <KeyPress from None: t=125.80522316601127, value=up, duration=0.26014187499822583>
126.8074 	INFO 	Keyboard events cleared
126.8072 	EXP 	grating: autoDraw = True
126.8132 	EXP 	fixation: autoDraw = False
127.0942 	EXP 	grating: autoDraw = False
127.7755 	EXP 	Device response: <KeyPress from None: t=127.76204800000414, value=up, duration=None>
127.7762 	EXP 	New trial (rep=61, index=0): <Trial 61 (0 in rep 61) data={'thisN': 61, 'thisTrialN': 0, 'thisRepN': 61}>
127.7813 	DATA 	Keypress: up
127.7854 	EXP 	fixation: autoDraw = False
127.7854 	EXP 	grating: autoDraw = False
127.7854 	EXP 	grating: ori = np.float64(-2.0)
127.7854 	EXP 	fixation: autoDraw = True
128.0255 	EXP 	Device response: <KeyPress from None: t=127.76204800000414, value=up, duration=0.25636924999707844>
128.7739 	INFO 	Keyboard events cleared
128.7736 	EXP 	grating: autoDraw = True
128.7801 	EXP 	fixation: autoDraw = False
129.0617 	EXP 	grating: autoDraw = False
129.7588 	EXP 	Device response: <KeyPress from None: t=129.7489805410005, value=down, duration=None>
129.7594 	EXP 	New trial (rep=62, index=0): <Trial 62 (0 in rep 62) data={'thisN': 62, 'thisTrialN': 0, 'thisRepN': 62}>
129.7642 	DATA 	Keypress: down
129.7682 	EXP 	fixation: autoDraw = False
129.7682 	EXP 	grating: autoDraw = False
129.7682 	EXP 	grating: ori = np.float64(-5.0)
129.7682 	EXP 	fixation: autoDraw = True
129.9469 	EXP 	Device response: <KeyPress from None: t=129.7489805410005, value=down, duration=0.19299966700782534>
130.7572 	INFO 	Keyboard events cleared
130.7569 	EXP 	grating: autoDraw = True
130.7627 	EXP 	fixation: autoDraw = False
131.0450 	EXP 	grating: autoDraw = False
131.6249 	EXP 	Device response: <KeyPress from None: t=131.6179475000099, value=down, duration=None>
131.6253 	EXP 	New trial (rep=63, index=0): <Trial 63 (0 in rep 63) data={'thisN': 63, 'thisTrialN': 0, 'thisRepN': 63}>
131.6303 	DATA 	Keypress: down
131.6345 	EXP 	fixation: autoDraw = False
131.6345 	EXP 	grating: autoDraw = False
131.6345 	EXP 	grating: ori = np.float64(-2.0)
131.6345 	EXP 	fixation: autoDraw = True
131.7638 	EXP 	Device response: <KeyPress from None: t=131.6179475000099, value=down, duration=0.14029324999137316>
132.6239 	INFO 	Keyboard events cleared
132.6237 	EXP 	grating: autoDraw = True
132.6296 	EXP 	fixation: autoDraw = False
132.9121 	EXP 	grating: autoDraw = False
133.4922 	EXP 	Device response: <KeyPress from None: t=133.48394350000308, value=up, duration=None>
133.4929 	EXP 	New trial (rep=64, index=0): <Trial 64 (0 in rep 64) data={'thisN': 64, 'thisTrialN': 0, 'thisRepN': 64}>
133.4977 	DATA 	Keypress: up
133.5018 	EXP 	fixation: autoDraw = False
133.5018 	EXP 	grating: autoDraw = False
133.5018 	EXP 	grating: ori = np.float64(2.0)
133.5018 	EXP 	fixation: autoDraw = True
133.6588 	EXP 	Device response: <KeyPress from None: t=133.48394350000308, value=up, duration=0.17229058301018085>
134.4905 	INFO 	Keyboard events cleared
134.4903 	EXP 	grating: autoDraw = True
134.4958 	EXP 	fixation: autoDraw = False
134.7783 	EXP 	grating: autoDraw = False
135.3962 	EXP 	Device response: <KeyPress from None: t=135.39075858300203, value=down, duration=None>
135.3966 	EXP 	New trial (rep=65, index=0): <Trial 65 (0 in rep 65) data={'thisN': 65, 'thisTrialN': 0, 'thisRepN': 65}>
135.4012 	DATA 	Keypress: down
135.4063 	EXP 	fixation: autoDraw = False
135.4063 	EXP 	grating: autoDraw = False
135.4063 	EXP 	grating: ori = np.float64(1.0)
135.4063 	EXP 	fixation: autoDraw = True
135.5138 	EXP 	Device response: <KeyPress from None: t=135.39075858300203, value=down, duration=0.11940945799869951>
136.3905 	INFO 	Keyboard events cleared
136.3901 	EXP 	grating: autoDraw = True
136.3963 	EXP 	fixation: autoDraw = False
136.6777 	EXP 	grating: autoDraw = False
137.9127 	EXP 	Device response: <KeyPress from None: t=137.90774512500502, value=down, duration=None>
137.9131 	EXP 	New trial (rep=66, index=0): <Trial 66 (0 in rep 66) data={'thisN': 66, 'thisTrialN': 0, 'thisRepN': 66}>
137.9180 	DATA 	Keypress: down
137.9230 	EXP 	fixation: autoDraw = False
137.9230 	EXP 	grating: autoDraw = False
137.9230 	EXP 	grating: ori = np.float64(0.0)
137.9230 	EXP 	fixation: autoDraw = True
138.0249 	EXP 	Device response: <KeyPress from None: t=137.90774512500502, value=down, duration=0.11245162499835715>
138.9072 	INFO 	Keyboard events cleared
138.9069 	EXP 	grating: autoDraw = True
138.9125 	EXP 	fixation: autoDraw = False
139.1959 	EXP 	grating: autoDraw = False
139.9919 	EXP 	Device response: <KeyPress from None: t=139.9897600000113, value=up, duration=None>
139.9925 	EXP 	New trial (rep=67, index=0): <Trial 67 (0 in rep 67) data={'thisN': 67, 'thisTrialN': 0, 'thisRepN': 67}>
139.9973 	DATA 	Keypress: up
140.0020 	EXP 	fixation: autoDraw = False
140.0020 	EXP 	grating: autoDraw = False
140.0020 	EXP 	grating: ori = np.float64(0.0)
140.0020 	EXP 	fixation: autoDraw = True
140.1756 	EXP 	Device response: <KeyPress from None: t=139.9897600000113, value=up, duration=0.18026991598890163>
140.9905 	INFO 	Keyboard events cleared
140.9903 	EXP 	grating: autoDraw = True
140.9954 	EXP 	fixation: autoDraw = False
141.2791 	EXP 	grating: autoDraw = False
141.7790 	EXP 	Device response: <KeyPress from None: t=141.7745074580016, value=up, duration=None>
141.7795 	EXP 	New trial (rep=68, index=0): <Trial 68 (0 in rep 68) data={'thisN': 68, 'thisTrialN': 0, 'thisRepN': 68}>
141.7832 	DATA 	Keypress: up
141.7892 	EXP 	fixation: autoDraw = False
141.7892 	EXP 	grating: autoDraw = False
141.7892 	EXP 	grating: ori = np.float64(0.0)
141.7892 	EXP 	fixation: autoDraw = True
141.9254 	EXP 	Device response: <KeyPress from None: t=141.7745074580016, value=up, duration=0.1444251670036465>
142.7738 	INFO 	Keyboard events cleared
142.7735 	EXP 	grating: autoDraw = True
142.7791 	EXP 	fixation: autoDraw = False
143.0604 	EXP 	grating: autoDraw = False
143.4237 	EXP 	Device response: <KeyPress from None: t=143.4125431660068, value=up, duration=None>
143.4240 	EXP 	New trial (rep=69, index=0): <Trial 69 (0 in rep 69) data={'thisN': 69, 'thisTrialN': 0, 'thisRepN': 69}>
143.4257 	DATA 	Keypress: up
143.4292 	EXP 	fixation: autoDraw = False
143.4292 	EXP 	grating: autoDraw = False
143.4292 	EXP 	grating: ori = np.float64(3.0)
143.4292 	EXP 	fixation: autoDraw = True
143.5636 	EXP 	Device response: <KeyPress from None: t=143.4125431660068, value=up, duration=0.14834391699696425>
144.4137 	INFO 	Keyboard events cleared
144.4135 	EXP 	grating: autoDraw = True
144.4235 	EXP 	fixation: autoDraw = False
144.7121 	EXP 	grating: autoDraw = False
145.1249 	EXP 	Device response: <KeyPress from None: t=145.12349637500301, value=down, duration=None>
145.1254 	EXP 	New trial (rep=70, index=0): <Trial 70 (0 in rep 70) data={'thisN': 70, 'thisTrialN': 0, 'thisRepN': 70}>
145.1302 	DATA 	Keypress: down
145.1344 	EXP 	fixation: autoDraw = False
145.1344 	EXP 	grating: autoDraw = False
145.1344 	EXP 	grating: ori = np.float64(0.0)
145.1344 	EXP 	fixation: autoDraw = True
145.2752 	EXP 	Device response: <KeyPress from None: t=145.12349637500301, value=down, duration=0.1442572500091046>
146.1239 	INFO 	Keyboard events cleared
146.1236 	EXP 	grating: autoDraw = True
146.1293 	EXP 	fixation: autoDraw = False
146.4121 	EXP 	grating: autoDraw = False
147.2121 	EXP 	Device response: <KeyPress from None: t=147.2070399160002, value=down, duration=None>
147.2125 	EXP 	New trial (rep=71, index=0): <Trial 71 (0 in rep 71) data={'thisN': 71, 'thisTrialN': 0, 'thisRepN': 71}>
147.2173 	DATA 	Keypress: down
147.2225 	EXP 	fixation: autoDraw = False
147.2225 	EXP 	grating: autoDraw = False
147.2225 	EXP 	grating: ori = np.float64(0.0)
147.2225 	EXP 	fixation: autoDraw = True
147.2913 	EXP 	Device response: <KeyPress from None: t=147.2070399160002, value=down, duration=0.07976437501201872>
148.2070 	INFO 	Keyboard events cleared
148.2066 	EXP 	grating: autoDraw = True
148.2128 	EXP 	fixation: autoDraw = False
148.4948 	EXP 	grating: autoDraw = False
150.3587 	EXP 	Device response: <KeyPress from None: t=150.35140758300258, value=up, duration=None>
150.3592 	EXP 	New trial (rep=72, index=0): <Trial 72 (0 in rep 72) data={'thisN': 72, 'thisTrialN': 0, 'thisRepN': 72}>
150.3648 	DATA 	Keypress: up
150.3692 	EXP 	fixation: autoDraw = False
150.3692 	EXP 	grating: autoDraw = False
150.3692 	EXP 	grating: ori = np.float64(0.0)
150.3692 	EXP 	fixation: autoDraw = True
150.5419 	EXP 	Device response: <KeyPress from None: t=150.35140758300258, value=up, duration=0.18830999999772757>
151.3571 	INFO 	Keyboard events cleared
151.3568 	EXP 	grating: autoDraw = True
151.3624 	EXP 	fixation: autoDraw = False
151.6450 	EXP 	grating: autoDraw = False
152.4981 	EXP 	Device response: <KeyPress from None: t=152.4782607500092, value=up, duration=None>
152.4989 	EXP 	New trial (rep=73, index=0): <Trial 73 (0 in rep 73) data={'thisN': 73, 'thisTrialN': 0, 'thisRepN': 73}>
152.5116 	DATA 	Keypress: up
152.5157 	EXP 	fixation: autoDraw = False
152.5157 	EXP 	grating: autoDraw = False
152.5157 	EXP 	grating: ori = np.float64(2.0)
152.5157 	EXP 	fixation: autoDraw = True
152.7811 	EXP 	Device response: <KeyPress from None: t=152.4782607500092, value=up, duration=0.2962906659959117>
153.4975 	INFO 	Keyboard events cleared
153.4974 	EXP 	grating: autoDraw = True
153.5107 	EXP 	fixation: autoDraw = False
153.7948 	EXP 	grating: autoDraw = False
154.6255 	EXP 	Device response: <KeyPress from None: t=154.6232919160102, value=down, duration=None>
154.6265 	EXP 	New trial (rep=74, index=0): <Trial 74 (0 in rep 74) data={'thisN': 74, 'thisTrialN': 0, 'thisRepN': 74}>
154.6315 	DATA 	Keypress: down
154.6355 	EXP 	fixation: autoDraw = False
154.6355 	EXP 	grating: autoDraw = False
154.6355 	EXP 	grating: ori = np.float64(0.0)
154.6355 	EXP 	fixation: autoDraw = True
154.8585 	EXP 	Device response: <KeyPress from None: t=154.6232919160102, value=down, duration=0.22433008399093524>
155.6238 	INFO 	Keyboard events cleared
155.6236 	EXP 	grating: autoDraw = True
155.6290 	EXP 	fixation: autoDraw = False
155.9130 	EXP 	grating: autoDraw = False
156.6751 	EXP 	Device response: <KeyPress from None: t=156.67131104100554, value=up, duration=None>
156.6758 	EXP 	New trial (rep=75, index=0): <Trial 75 (0 in rep 75) data={'thisN': 75, 'thisTrialN': 0, 'thisRepN': 75}>
156.6807 	DATA 	Keypress: up
156.6850 	EXP 	fixation: autoDraw = False
156.6850 	EXP 	grating: autoDraw = False
156.6850 	EXP 	grating: ori = np.float64(4.0)
156.6850 	EXP 	fixation: autoDraw = True
156.9253 	EXP 	Device response: <KeyPress from None: t=156.67131104100554, value=up, duration=0.25226104199828114>
157.6736 	INFO 	Keyboard events cleared
157.6732 	EXP 	grating: autoDraw = True
157.6794 	EXP 	fixation: autoDraw = False
157.9616 	EXP 	grating: autoDraw = False
158.7421 	EXP 	Device response: <KeyPress from None: t=158.7291284580133, value=down, duration=None>
158.7426 	EXP 	New trial (rep=76, index=0): <Trial 76 (0 in rep 76) data={'thisN': 76, 'thisTrialN': 0, 'thisRepN': 76}>
158.7477 	DATA 	Keypress: down
158.7518 	EXP 	fixation: autoDraw = False
158.7518 	EXP 	grating: autoDraw = False
158.7518 	EXP 	grating: ori = np.float64(0.0)
158.7518 	EXP 	fixation: autoDraw = True
158.8916 	EXP 	Device response: <KeyPress from None: t=158.7291284580133, value=down, duration=0.15237962499668356>
159.7403 	INFO 	Keyboard events cleared
159.7399 	EXP 	grating: autoDraw = True
159.7460 	EXP 	fixation: autoDraw = False
160.0280 	EXP 	grating: autoDraw = False
160.2422 	EXP 	Device response: <KeyPress from None: t=160.24012308300007, value=up, duration=None>
160.2427 	EXP 	New trial (rep=77, index=0): <Trial 77 (0 in rep 77) data={'thisN': 77, 'thisTrialN': 0, 'thisRepN': 77}>
160.2473 	DATA 	Keypress: up
160.2513 	EXP 	fixation: autoDraw = False
160.2513 	EXP 	grating: autoDraw = False
160.2513 	EXP 	grating: ori = np.float64(0.0)
160.2513 	EXP 	fixation: autoDraw = True
160.5424 	EXP 	Device response: <KeyPress from None: t=160.24012308300007, value=up, duration=0.29635858300025575>
161.2408 	INFO 	Keyboard events cleared
161.2405 	EXP 	grating: autoDraw = True
161.2469 	EXP 	fixation: autoDraw = False
161.5277 	EXP 	grating: autoDraw = False
162.1083 	EXP 	Device response: <KeyPress from None: t=162.09914870800276, value=up, duration=None>
162.1089 	EXP 	New trial (rep=78, index=0): <Trial 78 (0 in rep 78) data={'thisN': 78, 'thisTrialN': 0, 'thisRepN': 78}>
162.1141 	DATA 	Keypress: up
162.1182 	EXP 	fixation: autoDraw = False
162.1182 	EXP 	grating: autoDraw = False
162.1182 	EXP 	grating: ori = np.float64(0.0)
162.1182 	EXP 	fixation: autoDraw = True
162.3083 	EXP 	Device response: <KeyPress from None: t=162.09914870800276, value=up, duration=0.2002637920086272>
163.1070 	INFO 	Keyboard events cleared
163.1068 	EXP 	grating: autoDraw = True
163.1115 	EXP 	fixation: autoDraw = False
163.3957 	EXP 	grating: autoDraw = False
163.7258 	EXP 	Device response: <KeyPress from None: t=163.7170143330004, value=up, duration=None>
163.7264 	EXP 	New trial (rep=79, index=0): <Trial 79 (0 in rep 79) data={'thisN': 79, 'thisTrialN': 0, 'thisRepN': 79}>
163.7312 	DATA 	Keypress: up
163.7355 	EXP 	fixation: autoDraw = False
163.7355 	EXP 	grating: autoDraw = False
163.7355 	EXP 	grating: ori = np.float64(0.0)
163.7355 	EXP 	fixation: autoDraw = True
163.9751 	EXP 	Device response: <KeyPress from None: t=163.7170143330004, value=up, duration=0.25636179200955667>
164.7237 	INFO 	Keyboard events cleared
164.7233 	EXP 	grating: autoDraw = True
164.7295 	EXP 	fixation: autoDraw = False
165.0123 	EXP 	grating: autoDraw = False
166.4460 	EXP 	Device response: <KeyPress from None: t=166.44293050000852, value=up, duration=None>
166.4465 	EXP 	New trial (rep=80, index=0): <Trial 80 (0 in rep 80) data={'thisN': 80, 'thisTrialN': 0, 'thisRepN': 80}>
166.4511 	DATA 	Keypress: up
166.4562 	EXP 	fixation: autoDraw = False
166.4562 	EXP 	grating: autoDraw = False
166.4562 	EXP 	grating: ori = np.float64(-5.0)
166.4562 	EXP 	fixation: autoDraw = True
166.6253 	EXP 	Device response: <KeyPress from None: t=166.44293050000852, value=up, duration=0.17635470800451003>
167.4402 	INFO 	Keyboard events cleared
167.4399 	EXP 	grating: autoDraw = True
167.4459 	EXP 	fixation: autoDraw = False
167.7281 	EXP 	grating: autoDraw = False
167.9456 	EXP 	Device response: <KeyPress from None: t=167.94088887500402, value=down, duration=None>
167.9460 	EXP 	New trial (rep=81, index=0): <Trial 81 (0 in rep 81) data={'thisN': 81, 'thisTrialN': 0, 'thisRepN': 81}>
167.9506 	DATA 	Keypress: down
167.9555 	EXP 	fixation: autoDraw = False
167.9555 	EXP 	grating: autoDraw = False
167.9555 	EXP 	grating: ori = np.float64(0.0)
167.9555 	EXP 	fixation: autoDraw = True
168.1750 	EXP 	Device response: <KeyPress from None: t=167.94088887500402, value=down, duration=0.22840070800157264>
168.9404 	INFO 	Keyboard events cleared
168.9400 	EXP 	grating: autoDraw = True
168.9463 	EXP 	fixation: autoDraw = False
169.2276 	EXP 	grating: autoDraw = False
169.6465 	EXP 	Device response: <KeyPress from None: t=169.64189641601115, value=up, duration=None>
169.6469 	EXP 	New trial (rep=82, index=0): <Trial 82 (0 in rep 82) data={'thisN': 82, 'thisTrialN': 0, 'thisRepN': 82}>
169.6516 	DATA 	Keypress: up
169.6559 	EXP 	fixation: autoDraw = False
169.6559 	EXP 	grating: autoDraw = False
169.6559 	EXP 	grating: ori = np.float64(0.0)
169.6559 	EXP 	fixation: autoDraw = True
169.9078 	EXP 	Device response: <KeyPress from None: t=169.64189641601115, value=up, duration=0.26033787499181926>
170.6468 	INFO 	Keyboard events cleared
170.6466 	EXP 	fixation: autoDraw = False
170.6466 	EXP 	grating: autoDraw = True
170.9400 	EXP 	grating: autoDraw = False
171.5755 	EXP 	Device response: <KeyPress from None: t=171.5637235000031, value=down, duration=None>
171.5763 	EXP 	New trial (rep=83, index=0): <Trial 83 (0 in rep 83) data={'thisN': 83, 'thisTrialN': 0, 'thisRepN': 83}>
171.5815 	DATA 	Keypress: down
171.5856 	EXP 	fixation: autoDraw = False
171.5856 	EXP 	grating: autoDraw = False
171.5856 	EXP 	grating: ori = np.float64(0.0)
171.5856 	EXP 	fixation: autoDraw = True
171.7134 	EXP 	Device response: <KeyPress from None: t=171.5637235000031, value=down, duration=0.14844191599695478>
172.5736 	INFO 	Keyboard events cleared
172.5733 	EXP 	grating: autoDraw = True
172.5797 	EXP 	fixation: autoDraw = False
172.8605 	EXP 	grating: autoDraw = False
173.9575 	EXP 	Device response: <KeyPress from None: t=173.95272687500983, value=up, duration=None>
173.9579 	EXP 	New trial (rep=84, index=0): <Trial 84 (0 in rep 84) data={'thisN': 84, 'thisTrialN': 0, 'thisRepN': 84}>
173.9622 	EXP 	fixation: autoDraw = False
173.9622 	EXP 	grating: autoDraw = False
173.9622 	EXP 	grating: ori = np.float64(1.0)
173.9622 	EXP 	fixation: autoDraw = True
173.9661 	DATA 	Keypress: up
174.1915 	EXP 	Device response: <KeyPress from None: t=173.95272687500983, value=up, duration=0.23638416599715129>
174.9469 	INFO 	Keyboard events cleared
174.9467 	EXP 	grating: autoDraw = True
174.9568 	EXP 	fixation: autoDraw = False
175.2454 	EXP 	grating: autoDraw = False
176.0924 	EXP 	Device response: <KeyPress from None: t=176.08375612500822, value=down, duration=None>
176.0932 	EXP 	New trial (rep=85, index=0): <Trial 85 (0 in rep 85) data={'thisN': 85, 'thisTrialN': 0, 'thisRepN': 85}>
176.0989 	DATA 	Keypress: down
176.1031 	EXP 	fixation: autoDraw = False
176.1031 	EXP 	grating: autoDraw = False
176.1031 	EXP 	grating: ori = np.float64(0.0)
176.1031 	EXP 	fixation: autoDraw = True
176.2465 	EXP 	Device response: <KeyPress from None: t=176.08375612500822, value=down, duration=0.16020591599226464>
177.0904 	INFO 	Keyboard events cleared
177.0900 	EXP 	grating: autoDraw = True
177.0964 	EXP 	fixation: autoDraw = False
177.3778 	EXP 	grating: autoDraw = False
177.6800 	EXP 	Device response: <KeyPress from None: t=177.67456675000722, value=up, duration=None>
177.6805 	EXP 	New trial (rep=86, index=0): <Trial 86 (0 in rep 86) data={'thisN': 86, 'thisTrialN': 0, 'thisRepN': 86}>
177.6851 	DATA 	Keypress: up
177.6895 	EXP 	fixation: autoDraw = False
177.6895 	EXP 	grating: autoDraw = False
177.6895 	EXP 	grating: ori = np.float64(2.0)
177.6895 	EXP 	fixation: autoDraw = True
177.9306 	EXP 	Device response: <KeyPress from None: t=177.67456675000722, value=up, duration=0.2523756250011502>
178.6806 	INFO 	Keyboard events cleared
178.6804 	EXP 	fixation: autoDraw = False
178.6804 	EXP 	grating: autoDraw = True
178.9760 	EXP 	grating: autoDraw = False
179.6418 	EXP 	Device response: <KeyPress from None: t=179.6396715830051, value=up, duration=None>
179.6423 	EXP 	New trial (rep=87, index=0): <Trial 87 (0 in rep 87) data={'thisN': 87, 'thisTrialN': 0, 'thisRepN': 87}>
179.6476 	DATA 	Keypress: up
179.6519 	EXP 	fixation: autoDraw = False
179.6519 	EXP 	grating: autoDraw = False
179.6519 	EXP 	grating: ori = np.float64(2.0)
179.6519 	EXP 	fixation: autoDraw = True
179.8303 	EXP 	Device response: <KeyPress from None: t=179.6396715830051, value=up, duration=0.18418370799918193>
180.6404 	INFO 	Keyboard events cleared
180.6402 	EXP 	grating: autoDraw = True
180.6456 	EXP 	fixation: autoDraw = False
180.9402 	EXP 	grating: autoDraw = False
181.4290 	EXP 	Device response: <KeyPress from None: t=181.42553395801224, value=up, duration=None>
181.4294 	EXP 	New trial (rep=88, index=0): <Trial 88 (0 in rep 88) data={'thisN': 88, 'thisTrialN': 0, 'thisRepN': 88}>
181.4342 	DATA 	Keypress: up
181.4389 	EXP 	fixation: autoDraw = False
181.4389 	EXP 	grating: autoDraw = False
181.4389 	EXP 	grating: ori = np.float64(-2.0)
181.4389 	EXP 	fixation: autoDraw = True
181.5425 	EXP 	Device response: <KeyPress from None: t=181.42553395801224, value=up, duration=0.11229900000034831>
182.4235 	INFO 	Keyboard events cleared
182.4231 	EXP 	grating: autoDraw = True
182.4295 	EXP 	fixation: autoDraw = False
182.7122 	EXP 	grating: autoDraw = False
183.4083 	EXP 	Device response: <KeyPress from None: t=183.40539400000125, value=up, duration=None>
183.4089 	EXP 	New trial (rep=89, index=0): <Trial 89 (0 in rep 89) data={'thisN': 89, 'thisTrialN': 0, 'thisRepN': 89}>
183.4144 	DATA 	Keypress: up
183.4186 	EXP 	fixation: autoDraw = False
183.4186 	EXP 	grating: autoDraw = False
183.4186 	EXP 	grating: ori = np.float64(0.0)
183.4186 	EXP 	fixation: autoDraw = True
183.5252 	EXP 	Device response: <KeyPress from None: t=183.40539400000125, value=up, duration=0.11638362500525545>
184.4073 	INFO 	Keyboard events cleared
184.4070 	EXP 	grating: autoDraw = True
184.4130 	EXP 	fixation: autoDraw = False
184.6948 	EXP 	grating: autoDraw = False
185.0752 	EXP 	Device response: <KeyPress from None: t=185.06262687500566, value=up, duration=None>
185.0757 	EXP 	New trial (rep=90, index=0): <Trial 90 (0 in rep 90) data={'thisN': 90, 'thisTrialN': 0, 'thisRepN': 90}>
185.0808 	DATA 	Keypress: up
185.0852 	EXP 	fixation: autoDraw = False
185.0852 	EXP 	grating: autoDraw = False
185.0852 	EXP 	grating: ori = np.float64(-3.0)
185.0852 	EXP 	fixation: autoDraw = True
185.2250 	EXP 	Device response: <KeyPress from None: t=185.06262687500566, value=up, duration=0.16002204100368544>
186.0739 	INFO 	Keyboard events cleared
186.0737 	EXP 	grating: autoDraw = True
186.0797 	EXP 	fixation: autoDraw = False
186.3620 	EXP 	grating: autoDraw = False
186.9088 	EXP 	Device response: <KeyPress from None: t=186.90532266600349, value=up, duration=None>
186.9094 	EXP 	New trial (rep=91, index=0): <Trial 91 (0 in rep 91) data={'thisN': 91, 'thisTrialN': 0, 'thisRepN': 91}>
186.9145 	DATA 	Keypress: up
186.9189 	EXP 	fixation: autoDraw = False
186.9189 	EXP 	grating: autoDraw = False
186.9189 	EXP 	grating: ori = np.float64(0.0)
186.9189 	EXP 	fixation: autoDraw = True
187.0257 	EXP 	Device response: <KeyPress from None: t=186.90532266600349, value=up, duration=0.11636575000011362>
187.9069 	INFO 	Keyboard events cleared
187.9067 	EXP 	grating: autoDraw = True
187.9121 	EXP 	fixation: autoDraw = False
188.1940 	EXP 	grating: autoDraw = False
188.6417 	EXP 	Device response: <KeyPress from None: t=188.62731316601275, value=up, duration=None>
188.6422 	EXP 	New trial (rep=92, index=0): <Trial 92 (0 in rep 92) data={'thisN': 92, 'thisTrialN': 0, 'thisRepN': 92}>
188.6475 	DATA 	Keypress: up
188.6516 	EXP 	fixation: autoDraw = False
188.6516 	EXP 	grating: autoDraw = False
188.6516 	EXP 	grating: ori = np.float64(0.0)
188.6516 	EXP 	fixation: autoDraw = True
188.8137 	EXP 	Device response: <KeyPress from None: t=188.62731316601275, value=up, duration=0.18439941699034534>
189.6405 	INFO 	Keyboard events cleared
189.6403 	EXP 	grating: autoDraw = True
189.6463 	EXP 	fixation: autoDraw = False
189.9407 	EXP 	grating: autoDraw = False
190.2587 	EXP 	Device response: <KeyPress from None: t=190.25336462500854, value=up, duration=None>
190.2592 	EXP 	New trial (rep=93, index=0): <Trial 93 (0 in rep 93) data={'thisN': 93, 'thisTrialN': 0, 'thisRepN': 93}>
190.2646 	DATA 	Keypress: up
190.2690 	EXP 	fixation: autoDraw = False
190.2690 	EXP 	grating: autoDraw = False
190.2690 	EXP 	grating: ori = np.float64(0.0)
190.2690 	EXP 	fixation: autoDraw = True
190.3920 	EXP 	Device response: <KeyPress from None: t=190.25336462500854, value=up, duration=0.1322767079982441>
191.2569 	INFO 	Keyboard events cleared
191.2565 	EXP 	grating: autoDraw = True
191.2626 	EXP 	fixation: autoDraw = False
191.5446 	EXP 	grating: autoDraw = False
191.7961 	EXP 	Device response: <KeyPress from None: t=191.79235654100194, value=up, duration=None>
191.7965 	EXP 	New trial (rep=94, index=0): <Trial 94 (0 in rep 94) data={'thisN': 94, 'thisTrialN': 0, 'thisRepN': 94}>
191.8011 	DATA 	Keypress: up
191.8061 	EXP 	fixation: autoDraw = False
191.8061 	EXP 	grating: autoDraw = False
191.8061 	EXP 	grating: ori = np.float64(0.0)
191.8061 	EXP 	fixation: autoDraw = True
192.0084 	EXP 	Device response: <KeyPress from None: t=191.79235654100194, value=up, duration=0.20813304200419225>
192.7968 	INFO 	Keyboard events cleared
192.7966 	EXP 	fixation: autoDraw = False
192.7966 	EXP 	grating: autoDraw = True
193.0947 	EXP 	grating: autoDraw = False
195.7585 	EXP 	Device response: <KeyPress from None: t=195.75618641600886, value=up, duration=None>
195.7592 	EXP 	New trial (rep=95, index=0): <Trial 95 (0 in rep 95) data={'thisN': 95, 'thisTrialN': 0, 'thisRepN': 95}>
195.7643 	DATA 	Keypress: up
195.7684 	EXP 	fixation: autoDraw = False
195.7684 	EXP 	grating: autoDraw = False
195.7684 	EXP 	grating: ori = np.float64(0.0)
195.7684 	EXP 	fixation: autoDraw = True
195.9582 	EXP 	Device response: <KeyPress from None: t=195.75618641600886, value=up, duration=0.1922071250010049>
196.7569 	INFO 	Keyboard events cleared
196.7565 	EXP 	grating: autoDraw = True
196.7627 	EXP 	fixation: autoDraw = False
197.0447 	EXP 	grating: autoDraw = False
197.3631 	EXP 	Device response: <KeyPress from None: t=197.36014066600183, value=up, duration=None>
197.3639 	EXP 	New trial (rep=96, index=0): <Trial 96 (0 in rep 96) data={'thisN': 96, 'thisTrialN': 0, 'thisRepN': 96}>
197.3687 	DATA 	Keypress: up
197.3729 	EXP 	fixation: autoDraw = False
197.3729 	EXP 	grating: autoDraw = False
197.3729 	EXP 	grating: ori = np.float64(3.0)
197.3729 	EXP 	fixation: autoDraw = True
197.7090 	EXP 	Device response: <KeyPress from None: t=197.36014066600183, value=up, duration=0.34421883399772923>
198.3626 	INFO 	Keyboard events cleared
198.3624 	EXP 	fixation: autoDraw = False
198.3624 	EXP 	grating: autoDraw = True
198.6565 	EXP 	grating: autoDraw = False
199.2581 	EXP 	Device response: <KeyPress from None: t=199.25305008300347, value=down, duration=None>
199.2586 	EXP 	New trial (rep=97, index=0): <Trial 97 (0 in rep 97) data={'thisN': 97, 'thisTrialN': 0, 'thisRepN': 97}>
199.2644 	DATA 	Keypress: down
199.2685 	EXP 	fixation: autoDraw = False
199.2685 	EXP 	grating: autoDraw = False
199.2685 	EXP 	grating: ori = np.float64(0.0)
199.2685 	EXP 	fixation: autoDraw = True
199.4749 	EXP 	Device response: <KeyPress from None: t=199.25305008300347, value=down, duration=0.22018291700806003>
200.2570 	INFO 	Keyboard events cleared
200.2566 	EXP 	grating: autoDraw = True
200.2626 	EXP 	fixation: autoDraw = False
200.5435 	EXP 	grating: autoDraw = False
201.5115 	EXP 	Device response: <KeyPress from None: t=201.50895587500418, value=up, duration=None>
201.5118 	EXP 	New trial (rep=98, index=0): <Trial 98 (0 in rep 98) data={'thisN': 98, 'thisTrialN': 0, 'thisRepN': 98}>
201.5162 	DATA 	Keypress: up
201.5220 	EXP 	fixation: autoDraw = False
201.5220 	EXP 	grating: autoDraw = False
201.5220 	EXP 	grating: ori = np.float64(0.0)
201.5220 	EXP 	fixation: autoDraw = True
201.7302 	EXP 	Device response: <KeyPress from None: t=201.50895587500418, value=up, duration=0.21717170800548047>
202.5071 	INFO 	Keyboard events cleared
202.5067 	EXP 	grating: autoDraw = True
202.5133 	EXP 	fixation: autoDraw = False
202.7952 	EXP 	grating: autoDraw = False
203.3254 	EXP 	Device response: <KeyPress from None: t=203.31393058301182, value=up, duration=None>
203.3260 	EXP 	New trial (rep=99, index=0): <Trial 99 (0 in rep 99) data={'thisN': 99, 'thisTrialN': 0, 'thisRepN': 99}>
203.3307 	DATA 	Keypress: up
203.3349 	EXP 	fixation: autoDraw = False
203.3349 	EXP 	grating: autoDraw = False
203.3349 	EXP 	grating: ori = np.float64(0.0)
203.3349 	EXP 	fixation: autoDraw = True
203.5134 	EXP 	Device response: <KeyPress from None: t=203.31393058301182, value=up, duration=0.19632633299625013>
204.3235 	INFO 	Keyboard events cleared
204.3233 	EXP 	grating: autoDraw = True
204.3280 	EXP 	fixation: autoDraw = False
204.6124 	EXP 	grating: autoDraw = False
205.0953 	EXP 	Device response: <KeyPress from None: t=205.09391345801123, value=up, duration=None>
205.1070 	EXP 	fixation: autoDraw = False
205.1070 	EXP 	grating: autoDraw = False
205.1072 	EXP 	EXP 3 Orientation Discrimination task | Measures of Signal Detection: status = STOPPED
205.1396 	INFO 	saved data to '/Users/tiaragajjar/Desktop/lab/EXP 3 Orientation Discrimination task | Measures of Signal Detection/data/s1_EXP 3 Orientation Discrimination task | Measures of Signal Detection_2025-09-04_10h15.49.956.csv'
205.1480 	INFO 	saved data to /Users/tiaragajjar/Desktop/lab/EXP 3 Orientation Discrimination task | Measures of Signal Detection/data/s1_EXP 3 Orientation Discrimination task | Measures of Signal Detection_2025-09-04_10h15.49.956.psydat
205.1500 	DATA 	Keypress: up
205.5178 	WARNING 	Stopping key buffers but this could be dangerous ifother keyboards rely on the same.
205.5180 	WARNING 	Stopping key buffers but this could be dangerous ifother keyboards rely on the same.
