31.8758 	WARNING 	Font Manager failed to load file /System/Library/PrivateFrameworks/FontServices.framework/Resources/Reserved/PingFangUI.ttc
32.1187 	WARNING 	Font Manager failed to load file /System/Library/PrivateFrameworks/FontServices.framework/Resources/Reserved/PingFangUI.ttc
41.7177 	INFO 	Loaded monitor calibration from ['2025_08_07 12:17']
41.7636 	WARNING 	User requested fullscreen with size [1024  768], but screen is actually [1440, 900]. Using actual size
42.1244 	INFO 	Using renderer 'Apple M2' for graphics
42.1244 	INFO 	OpenGL version supported by driver is 2..
42.2275 	EXP 	Created window1 = Window(allowGUI=False, allowStencil=False, autoLog=True, backendConf=UNKNOWN, backgroundFit=<method-wrapper '__getattribute__' of attributeSetter object at 0x1560b3430>, backgroundImage=<method-wrapper '__getattribute__' of attributeSetter object at 0x1560b3490>, bitsMode=UNKNOWN, blendMode='avg', bpc=(8, 8, 8), color=array([0, 0, 0]), colorSpace='rgb', depthBits=8, fullscr=True, gamma=None, gammaErrorPolicy='raise', infoMsg=UNKNOWN, lms=UNKNOWN, monitor=<psychopy.monitors.calibTools.Monitor object at 0x15611ea70>, multiSample=False, name='window1', numSamples=2, pos=[np.float64(0.0), np.float64(0.0)], screen=0, size=array([2880, 1800]), stencilBits=0, stereo=False, title='PsychoPy', units='height', useFBO=True, useRetina=True, viewOri=0.0, viewPos=None, viewScale=None, waitBlanking=True, winType='pyglet')
42.2278 	EXP 	window1: backgroundImage = ''
42.2278 	EXP 	window1: backgroundFit = 'none'
42.7877 	EXP 	window1: Attempting to measure frame rate of screen (0) ...
42.7877 	EXP 	window1: recordFrameIntervals = False
43.3931 	EXP 	window1: recordFrameIntervals = True
43.5345 	WARNING 	t of last frame was 41.20ms (=1/24)
44.2684 	WARNING 	Couldn't measure a consistent frame rate!
  - Is your graphics card set to sync to vertical blank?
  - Are you running other processes on your computer?

46.8538 	INFO 	keyboard.Keyboard is using ptb backend.
47.3275 	INFO 	keyboard.Keyboard is using ptb backend.
47.3278 	EXP 	EXP 3 Orientation Discrimination task | Measures of Signal Detection: status = STARTED
47.3498 	EXP 	Created fixation = ShapeStim(__class__=<class 'psychopy.visual.shape.ShapeStim'>, anchor=('center', 'center'), autoDraw=False, autoLog=True, closeShape=True, color=method-wrapper(...), colorSpace='rgb', contrast=None, depth=0.0, draggable=False, fillColor=array([1, 1, 1]), fillColorSpace='rgb', fillRGB=array([1, 1, 1]), interpolate=True, lineColor=array([1., 1., 1.]), lineColorSpace='rgb', lineRGB=array([1, 1, 1]), lineWidth=1.0, name='fixation', opacity=1, ori=0.0, pos=array([0., 0.]), size=array([10., 10.]), units='pix', vertices=ndarray(...), win=Window(...), windingRule=None)
47.3568 	EXP 	Created grating = GratingStim(__class__=<class 'psychopy.visual.grating.GratingStim'>, anchor='center', autoDraw=False, autoLog=True, blendmode='avg', color=array([0.3, 0.3, 0.3]), colorSpace='rgb', contrast=0.3, depth=-1.0, draggable=False, interpolate=True, mask='gauss', maskParams=None, name='grating', opacity=1, ori=1.0, phase=array([0., 0.]), pos=array([0., 0.]), rgbPedestal=array([0., 0., 0.]), sf=array([5., 5.]), size=array([0.2, 0.2]), tex='sin', texRes=128.0, units='height', win=Window(...))
0.0443 	EXP 	New trial (rep=0, index=0): <Trial 0 (0 in rep 0) data={'thisN': 0, 'thisTrialN': 0, 'thisRepN': 0}>
0.0576 	WARNING 	t of last frame was 20.20ms (=1/49)
0.0576 	EXP 	grating: ori = np.float64(0.0)
0.0576 	EXP 	fixation: autoDraw = True
1.0091 	INFO 	Keyboard events cleared
1.0090 	WARNING 	t of last frame was 24.01ms (=1/41)
1.0090 	EXP 	grating: autoDraw = True
1.0090 	EXP 	grating: tex = 'sin'
1.0549 	EXP 	fixation: autoDraw = False
1.3068 	EXP 	grating: autoDraw = False
2.1663 	EXP 	Device response: <KeyPress from None: t=1.6517676240036963, value=up, duration=None>
2.1666 	EXP 	Device response: <KeyPress from None: t=1.6517676240036963, value=up, duration=0.10644124999816995>
2.1669 	EXP 	New trial (rep=1, index=0): <Trial 1 (0 in rep 1) data={'thisN': 1, 'thisTrialN': 0, 'thisRepN': 1}>
2.2907 	DATA 	Keypress: up
2.2969 	WARNING 	t of last frame was 639.43ms (=1/1)
2.2969 	EXP 	fixation: autoDraw = False
2.2969 	EXP 	grating: autoDraw = False
2.2969 	EXP 	grating: ori = np.float64(-3.0)
2.2969 	EXP 	fixation: autoDraw = True
2.4936 	WARNING 	Multiple dropped frames have occurred - I'll stop bothering you about them!
3.1614 	INFO 	Keyboard events cleared
3.1610 	EXP 	grating: autoDraw = True
3.2916 	EXP 	fixation: autoDraw = False
3.4565 	EXP 	grating: autoDraw = False
3.6888 	EXP 	Device response: <KeyPress from None: t=3.6719341660063947, value=down, duration=None>
3.6900 	EXP 	New trial (rep=2, index=0): <Trial 2 (0 in rep 2) data={'thisN': 2, 'thisTrialN': 0, 'thisRepN': 2}>
3.6989 	DATA 	Keypress: down
3.7027 	EXP 	fixation: autoDraw = False
3.7027 	EXP 	grating: autoDraw = False
3.7027 	EXP 	grating: ori = np.float64(0.0)
3.7027 	EXP 	fixation: autoDraw = True
3.8533 	EXP 	Device response: <KeyPress from None: t=3.6719341660063947, value=down, duration=0.17631754200556315>
4.6858 	INFO 	Keyboard events cleared
4.6855 	EXP 	grating: autoDraw = True
4.6913 	EXP 	fixation: autoDraw = False
4.9744 	EXP 	grating: autoDraw = False
5.4042 	EXP 	Device response: <KeyPress from None: t=5.395388333010487, value=up, duration=None>
5.4062 	EXP 	New trial (rep=3, index=0): <Trial 3 (0 in rep 3) data={'thisN': 3, 'thisTrialN': 0, 'thisRepN': 3}>
5.4127 	DATA 	Keypress: up
5.4172 	EXP 	fixation: autoDraw = False
5.4172 	EXP 	grating: autoDraw = False
5.4172 	EXP 	grating: ori = np.float64(1.0)
5.4172 	EXP 	fixation: autoDraw = True
5.5365 	EXP 	Device response: <KeyPress from None: t=5.395388333010487, value=up, duration=0.13172508298885077>
6.4022 	INFO 	Keyboard events cleared
6.4020 	EXP 	grating: autoDraw = True
6.4077 	EXP 	fixation: autoDraw = False
6.6901 	EXP 	grating: autoDraw = False
7.2209 	EXP 	Device response: <KeyPress from None: t=7.208811583011993, value=down, duration=None>
7.2220 	EXP 	New trial (rep=4, index=0): <Trial 4 (0 in rep 4) data={'thisN': 4, 'thisTrialN': 0, 'thisRepN': 4}>
7.2282 	DATA 	Keypress: down
7.2324 	EXP 	fixation: autoDraw = False
7.2324 	EXP 	grating: autoDraw = False
7.2324 	EXP 	grating: ori = np.float64(0.0)
7.2324 	EXP 	fixation: autoDraw = True
7.3251 	EXP 	Device response: <KeyPress from None: t=7.208811583011993, value=down, duration=0.11233945799176581>
8.2188 	INFO 	Keyboard events cleared
8.2184 	EXP 	grating: autoDraw = True
8.2249 	EXP 	fixation: autoDraw = False
8.5066 	EXP 	grating: autoDraw = False
9.0211 	EXP 	Device response: <KeyPress from None: t=9.008845499003655, value=up, duration=None>
9.0219 	EXP 	New trial (rep=5, index=0): <Trial 5 (0 in rep 5) data={'thisN': 5, 'thisTrialN': 0, 'thisRepN': 5}>
9.0279 	DATA 	Keypress: up
9.0319 	EXP 	fixation: autoDraw = False
9.0319 	EXP 	grating: autoDraw = False
9.0319 	EXP 	grating: ori = np.float64(0.0)
9.0319 	EXP 	fixation: autoDraw = True
9.1531 	EXP 	Device response: <KeyPress from None: t=9.008845499003655, value=up, duration=0.13226362499699462>
10.0218 	INFO 	Keyboard events cleared
10.0213 	EXP 	grating: autoDraw = True
10.0359 	EXP 	fixation: autoDraw = False
10.3188 	EXP 	grating: autoDraw = False
10.6549 	EXP 	Device response: <KeyPress from None: t=10.648612832999788, value=up, duration=None>
10.6557 	EXP 	New trial (rep=6, index=0): <Trial 6 (0 in rep 6) data={'thisN': 6, 'thisTrialN': 0, 'thisRepN': 6}>
10.6855 	DATA 	Keypress: up
10.6892 	EXP 	fixation: autoDraw = False
10.6892 	EXP 	grating: autoDraw = False
10.6892 	EXP 	grating: ori = np.float64(3.0)
10.6892 	EXP 	fixation: autoDraw = True
10.8034 	EXP 	Device response: <KeyPress from None: t=10.648612832999788, value=up, duration=0.1483845410111826>
11.6521 	INFO 	Keyboard events cleared
11.6517 	EXP 	grating: autoDraw = True
11.6853 	EXP 	fixation: autoDraw = False
11.9403 	EXP 	grating: autoDraw = False
12.3087 	EXP 	Device response: <KeyPress from None: t=12.306601458010846, value=down, duration=None>
12.3091 	EXP 	New trial (rep=7, index=0): <Trial 7 (0 in rep 7) data={'thisN': 7, 'thisTrialN': 0, 'thisRepN': 7}>
12.3148 	DATA 	Keypress: down
12.3204 	EXP 	fixation: autoDraw = False
12.3204 	EXP 	grating: autoDraw = False
12.3204 	EXP 	grating: ori = np.float64(0.0)
12.3204 	EXP 	fixation: autoDraw = True
12.5086 	EXP 	Device response: <KeyPress from None: t=12.306601458010846, value=down, duration=0.19627066599787213>
13.3103 	INFO 	Keyboard events cleared
13.3100 	EXP 	grating: autoDraw = True
13.3185 	EXP 	fixation: autoDraw = False
13.6068 	EXP 	grating: autoDraw = False
14.0411 	EXP 	Device response: <KeyPress from None: t=14.038567874013097, value=up, duration=None>
14.0419 	EXP 	New trial (rep=8, index=0): <Trial 8 (0 in rep 8) data={'thisN': 8, 'thisTrialN': 0, 'thisRepN': 8}>
14.0475 	DATA 	Keypress: up
14.0516 	EXP 	fixation: autoDraw = False
14.0516 	EXP 	grating: autoDraw = False
14.0516 	EXP 	grating: ori = np.float64(0.0)
14.0516 	EXP 	fixation: autoDraw = True
14.1709 	EXP 	Device response: <KeyPress from None: t=14.038567874013097, value=up, duration=0.12438287498662248>
15.0355 	INFO 	Keyboard events cleared
15.0351 	EXP 	grating: autoDraw = True
15.0412 	EXP 	fixation: autoDraw = False
15.3241 	EXP 	grating: autoDraw = False
15.7040 	EXP 	Device response: <KeyPress from None: t=15.699589583004126, value=up, duration=None>
15.7046 	EXP 	New trial (rep=9, index=0): <Trial 9 (0 in rep 9) data={'thisN': 9, 'thisTrialN': 0, 'thisRepN': 9}>
15.7103 	DATA 	Keypress: up
15.7179 	EXP 	fixation: autoDraw = False
15.7179 	EXP 	grating: autoDraw = False
15.7179 	EXP 	grating: ori = np.float64(0.0)
15.7179 	EXP 	fixation: autoDraw = True
15.8535 	EXP 	Device response: <KeyPress from None: t=15.699589583004126, value=up, duration=0.14826850000827108>
16.7022 	INFO 	Keyboard events cleared
16.7020 	EXP 	grating: autoDraw = True
16.7067 	EXP 	fixation: autoDraw = False
16.9903 	EXP 	grating: autoDraw = False
17.4047 	EXP 	Device response: <KeyPress from None: t=17.395436124003027, value=up, duration=None>
17.4107 	DATA 	Keypress: up
17.4151 	EXP 	fixation: autoDraw = False
17.4151 	EXP 	grating: autoDraw = False
17.4154 	EXP 	EXP 3 Orientation Discrimination task | Measures of Signal Detection: status = STOPPED
17.4264 	INFO 	saved data to '/Users/tiaragajjar/Desktop/data/trial_EXP 3 Orientation Discrimination task | Measures of Signal Detection_2025-09-03_22h06.19.923.csv'
17.4357 	INFO 	saved data to /Users/tiaragajjar/Desktop/data/trial_EXP 3 Orientation Discrimination task | Measures of Signal Detection_2025-09-03_22h06.19.923.psydat
17.7882 	WARNING 	Stopping key buffers but this could be dangerous ifother keyboards rely on the same.
17.7884 	WARNING 	Stopping key buffers but this could be dangerous ifother keyboards rely on the same.
